******************************************************************************
            TI ARM Clang Linker PC v4.0.4                      
******************************************************************************
>> Linked Fri Jul 31 13:25:57 2026

OUTPUT FILE NAME:   <TI_Car_3507_64.out>
ENTRY POINT SYMBOL: "_c_int00_noargs"  address: 00005279


MEMORY CONFIGURATION

         name            origin    length      used     unused   attr    fill
----------------------  --------  ---------  --------  --------  ----  --------
  FLASH                 00000000   00020000  00005810  0001a7f0  R  X
  SRAM                  20200000   00008000  000011a1  00006e5f  RW X
  BCR_CONFIG            41c00000   000000ff  00000000  000000ff  R   
  BSL_CONFIG            41c00100   00000080  00000000  00000080  R   


SEGMENT ALLOCATION MAP

run origin  load origin   length   init length attrs members
----------  ----------- ---------- ----------- ----- -------
00000000    00000000    00005810   00005810    r-x
  00000000    00000000    000000c0   000000c0    r-- .intvecs
  000000c0    000000c0    000053d8   000053d8    r-x .text
  00005498    00005498    000002b0   000002b0    r-- .rodata
  00005748    00005748    000000c8   000000c8    r-- .cinit
20200000    20200000    00000fa1   00000000    rw-
  20200000    20200000    00000dac   00000000    rw- .bss
  20200dac    20200dac    000001f5   00000000    rw- .data
20207e00    20207e00    00000200   00000000    rw-
  20207e00    20207e00    00000200   00000000    rw- .stack


SECTION ALLOCATION MAP

 output                                  attributes/
section   page    origin      length       input sections
--------  ----  ----------  ----------   ----------------
.intvecs   0    00000000    000000c0     
                  00000000    000000c0     startup_mspm0g350x_ticlang.o (.intvecs)

.text      0    000000c0    000053d8     
                  000000c0    00000a98     car_control.o (.text.Car_ControlStep)
                  00000b58    00000618     car_control.o (.text.Car_RightAngleApproachStep)
                  00001170    000004e8     competition_tasks.o (.text.CompetitionTasks_ControlStep)
                  00001658    00000460     board_oled_i2c.o (.text.Board_OLED_I2C_RecoverBus)
                  00001ab8    00000400     oled_ssd1306.o (.text.OLED_DrawLapPanel)
                  00001eb8    0000039c     board_oled_i2c.o (.text.Board_OLED_I2C_Write)
                  00002254    0000037c     oled_ssd1306.o (.text.OLED_DrawRaceTimeAtPage)
                  000025d0    00000324     board_oled_i2c.o (.text.Board_OLED_I2C_WriteByte)
                  000028f4    00000260     board_i2c.o (.text.Board_I2C_ReadRegs)
                  00002b54    000001c4     oled_ssd1306.o (.text.OLED_TryInitialize)
                  00002d18    000001a8     line_tracker.o (.text.LineTracker_Update)
                  00002ec0    00000198     car_control.o (.text.Car_Stop)
                  00003058    00000184     competition_tasks.o (.text.CompetitionTasks_Service)
                  000031dc    00000150     board_i2c.o (.text.Board_I2C_WriteByteStream)
                  0000332c    00000140     odometer.o (.text.Odometer_ControlStep)
                  0000346c    00000134     ti_msp_dl_config.o (.text.SYSCFG_DL_GPIO_init)
                  000035a0    00000130     car_control.o (.text.Car_BrakeHold)
                  000036d0    00000130     competition_tasks.o (.text.CompetitionTasks_Init)
                  00003800    00000110     car_control.o (.text.Car_PidStep)
                  00003910    0000010c     mpu6050.o (.text.MPU6050_Init)
                  00003a1c    00000104     driverlib.a : dl_timer.o (.text.DL_Timer_initFourCCPWMMode)
                  00003b20    00000100     car_control.o (.text.Car_LinePidStep)
                  00003c20    000000fc     driverlib.a : dl_timer.o (.text.DL_Timer_initTimerMode)
                  00003d1c    000000f8     oled_ssd1306.o (.text.OLED_UpdateWindow)
                  00003e14    000000d8     libclang_rt.builtins.a : addsf3.S.obj (.text)
                  00003eec    000000d0     odometer.o (.text.Odometer_Service)
                  00003fbc    000000c0     debug_uart.o (.text.UART1_IRQHandler)
                  0000407c    000000b0     car_control.o (.text.Car_Init)
                  0000412c    000000b0     mpu6050.o (.text.MPU6050_Calibrate)
                  000041dc    000000b0     empty.o (.text.main)
                  0000428c    000000ac     ec11_encoder.o (.text.EC11_Task)
                  00004338    000000a8     oled_ssd1306.o (.text.OLED_DrawContinuousRaceTime)
                  000043e0    000000a4     ec11_encoder.o (.text.EC11_HandleABInterrupt)
                  00004484    000000a2     libclang_rt.builtins.a : udivmoddi4.S.obj (.text)
                  00004526    00000002     startup_mspm0g350x_ticlang.o (.text.Default_Handler)
                  00004528    0000009c     mpu6050.o (.text.MPU6050_Task)
                  000045c4    0000009a     libc.a : memcpy16.S.obj (.text:memcpy)
                  0000465e    00000002     oled_ssd1306.o (.text.OLED_DrawOdometer)
                  00004660    0000008c     car_control.o (.text.Car_RightAngleAssistStop)
                  000046ec    0000008c     ti_msp_dl_config.o (.text.SYSCFG_DL_PWM_0_init)
                  00004778    0000008c     libclang_rt.builtins.a : mulsf3.S.obj (.text.__mulsf3)
                  00004804    00000084     ec11_encoder.o (.text.EC11_Init)
                  00004888    00000082     libclang_rt.builtins.a : divsf3.S.obj (.text.__divsf3)
                  0000490a    00000002                            : aeabi_div0.c.obj (.text.__aeabi_idiv0)
                  0000490c    00000080     car_control.o (.text.GROUP1_IRQHandler)
                  0000498c    0000007c     odometer.o (.text.Odometer_Init)
                  00004a08    0000007c     libc.a : copy_decompress_lzss.c.obj (.text:decompress:lzss)
                  00004a84    00000070     ti_msp_dl_config.o (.text.SYSCFG_DL_UART_DEBUG_init)
                  00004af4    0000006c     car_control.o (.text.Car_RightAngleSetTargets)
                  00004b60    00000062     libclang_rt.builtins.a : aeabi_fcmp.S.obj (.text.__aeabi_fcmp)
                  00004bc2    00000062     libc.a : memset16.S.obj (.text:memset)
                  00004c24    00000060     ti_msp_dl_config.o (.text.SYSCFG_DL_initPower)
                  00004c84    0000005e     driverlib.a : dl_i2c.o (.text.DL_I2C_fillControllerTXFIFO)
                  00004ce2    00000002     libclang_rt.builtins.a : aeabi_div0.c.obj (.text.__aeabi_ldiv0)
                  00004ce4    00000058     oled_ssd1306.o (.text.OLED_Task)
                  00004d3c    00000056     libclang_rt.builtins.a : aeabi_idivmod.S.obj (.text.__aeabi_idivmod)
                  00004d92    00000002     --HOLE-- [fill = 0]
                  00004d94    00000054     ti_msp_dl_config.o (.text.SYSCFG_DL_I2C_MPU_init)
                  00004de8    0000004c     ti_msp_dl_config.o (.text.SYSCFG_DL_QEI_0_init)
                  00004e34    00000048     driverlib.a : dl_uart.o (.text.DL_UART_init)
                  00004e7c    00000044     oled_ssd1306.o (.text.OLED_DrawLapList)
                  00004ec0    00000040     libclang_rt.builtins.a : aeabi_uidivmod.S.obj (.text.__aeabi_uidivmod)
                  00004f00    0000003c     driverlib.a : dl_i2c.o (.text.DL_I2C_flushControllerTXFIFO)
                  00004f3c    0000003c     ti_msp_dl_config.o (.text.SYSCFG_DL_init)
                  00004f78    0000003c     libclang_rt.builtins.a : floatsisf.S.obj (.text.__floatsisf)
                  00004fb4    0000003c                            : comparesf2.S.obj (.text.__gtsf2)
                  00004ff0    0000003c     libc.a : autoinit.c.obj (.text:__TI_auto_init_nobinit_nopinit)
                  0000502c    0000003a     libclang_rt.builtins.a : comparesf2.S.obj (.text.__eqsf2)
                  00005066    00000002     --HOLE-- [fill = 0]
                  00005068    0000003a                            : muldsi3.S.obj (.text.__muldsi3)
                  000050a2    00000002     --HOLE-- [fill = 0]
                  000050a4    00000038     board_i2c.o (.text.Board_I2C_RecoverBus)
                  000050dc    00000038     car_control.o (.text.Car_StartLineFollow)
                  00005114    00000038     oled_ssd1306.o (.text.OLED_Init)
                  0000514c    00000038     ti_msp_dl_config.o (.text.SYSCFG_DL_TIMER_CONTROL_init)
                  00005184    00000038     libclang_rt.builtins.a : fixsfsi.S.obj (.text.__fixsfsi)
                  000051bc    00000034     board_oled_i2c.o (.text.Board_OLED_I2C_Init)
                  000051f0    00000030     driverlib.a : dl_i2c.o (.text.DL_I2C_flushControllerRXFIFO)
                  00005220    00000030     ti_msp_dl_config.o (.text.SYSCFG_DL_SYSCTL_init)
                  00005250    00000028     libclang_rt.builtins.a : floatunsisf.S.obj (.text.__floatunsisf)
                  00005278    00000028     libc.a : boot_cortex_m.c.obj (.text:_c_int00_noargs)
                  000052a0    00000026     driverlib.a : dl_i2c.o (.text.DL_I2C_setClockConfig)
                  000052c6    00000002     --HOLE-- [fill = 0]
                  000052c8    00000024     libclang_rt.builtins.a : muldi3.S.obj (.text.__muldi3)
                  000052ec    00000020     empty.o (.text.TIMG12_IRQHandler)
                  0000530c    0000001e     oled_ssd1306.o (.text.OLED_DrawRaceTime)
                  0000532a    00000002     --HOLE-- [fill = 0]
                  0000532c    0000001e     libclang_rt.builtins.a : ashldi3.S.obj (.text.__ashldi3)
                  0000534a    00000002     --HOLE-- [fill = 0]
                  0000534c    0000001c     driverlib.a : dl_timer.o (.text.DL_Timer_setCaptCompUpdateMethod)
                  00005368    0000001c                 : dl_timer.o (.text.DL_Timer_setClockConfig)
                  00005384    0000001c     ec11_encoder.o (.text.EC11_GetDelta)
                  000053a0    0000001c     odometer.o (.text.Odometer_GetControlProgress)
                  000053bc    00000018     car_control.o (.text.Car_SetLineFollowBaseCounts)
                  000053d4    00000018     driverlib.a : dl_timer.o (.text.DL_Timer_setCaptureCompareOutCtl)
                  000053ec    00000016     board_i2c.o (.text.Board_I2C_WriteReg)
                  00005402    00000002     --HOLE-- [fill = 0]
                  00005404    00000014     libclang_rt.builtins.a : aeabi_uldivmod.S.obj (.text.__aeabi_uldivmod)
                  00005418    00000012     driverlib.a : dl_uart.o (.text.DL_UART_setClockConfig)
                  0000542a    00000012     libc.a : copy_decompress_none.c.obj (.text:decompress:none)
                  0000543c    00000010     driverlib.a : dl_timer.o (.text.DL_Timer_setCaptureCompareValue)
                  0000544c    00000010     libc.a : copy_zero_init.c.obj (.text:decompress:ZI)
                  0000545c    0000000c     libclang_rt.builtins.a : aeabi_memset.S.obj (.text.__aeabi_memclr)
                  00005468    0000000a     driverlib.a : dl_common.o (.text.DL_Common_delayCycles)
                  00005472    00000008     line_tracker.o (.text.LineTracker_Init)
                  0000547a    00000002     --HOLE-- [fill = 0]
                  0000547c    00000008     libclang_rt.builtins.a : aeabi_memcpy.S.obj (.text.__aeabi_memcpy)
                  00005484    00000006     libc.a : exit.c.obj (.text:abort)
                  0000548a    00000004     libsysbm.a : hostexit.c.obj (.text.HOSTexit)
                  0000548e    00000004     startup_mspm0g350x_ticlang.o (.text.Reset_Handler)
                  00005492    00000004     libc.a : pre_init.c.obj (.text._system_pre_init)
                  00005496    00000002     --HOLE-- [fill = 0]

.cinit     0    00005748    000000c8     
                  00005748    0000009f     (.cinit..data.load) [load image, compression = lzss]
                  000057e7    00000001     --HOLE-- [fill = 0]
                  000057e8    0000000c     (__TI_handler_table)
                  000057f4    00000008     (.cinit..bss.load) [load image, compression = zero_init]
                  000057fc    00000010     (__TI_cinit_table)
                  0000580c    00000004     --HOLE-- [fill = 0]

.rodata    0    00005498    000002b0     
                  00005498    00000140     oled_ssd1306.o (.rodata.s_digit16)
                  000055d8    00000100     oled_ssd1306.o (.rodata.s_chinese16)
                  000056d8    0000001c     oled_ssd1306.o (.rodata.s_oled_init_cmds)
                  000056f4    00000014     ti_msp_dl_config.o (.rodata.gTIMER_CONTROLTimerConfig)
                  00005708    00000010     car_control.o (.rodata.cst16)
                  00005718    00000010     ec11_encoder.o (.rodata.cst16)
                  00005728    0000000a     ti_msp_dl_config.o (.rodata.gUART_DEBUGConfig)
                  00005732    00000002     ti_msp_dl_config.o (.rodata.gI2C_MPUClockConfig)
                  00005734    00000008     ti_msp_dl_config.o (.rodata.gPWM_0Config)
                  0000573c    00000003     ti_msp_dl_config.o (.rodata.gPWM_0ClockConfig)
                  0000573f    00000003     ti_msp_dl_config.o (.rodata.gQEI_0ClockConfig)
                  00005742    00000003     ti_msp_dl_config.o (.rodata.gTIMER_CONTROLClockConfig)
                  00005745    00000002     ti_msp_dl_config.o (.rodata.gUART_DEBUGClockConfig)
                  00005747    00000001     --HOLE-- [fill = 0]

.init_array 
*          0    00000000    00000000     UNINITIALIZED

.binit     0    00000000    00000000     

.bss       0    20200000    00000dac     UNINITIALIZED
                  20200000    000007ce     competition_tasks.o (.bss.s_lap_centiseconds)
                  202007ce    00000002     --HOLE--
                  202007d0    00000400     oled_ssd1306.o (.bss.s_buffer)
                  20200bd0    000000bc     (.common:gPWM_0Backup)
                  20200c8c    000000a0     (.common:gQEI_0Backup)
                  20200d2c    00000080     debug_uart.o (.bss.s_rx_buffer)

.data      0    20200dac    000001f5     UNINITIALIZED
                  20200dac    00000110     car_control.o (.data.g_car)
                  20200ebc    0000001c     mpu6050.o (.data.g_mpu6050)
                  20200ed8    00000018     line_tracker.o (.data.g_line)
                  20200ef0    00000010     competition_tasks.o (.data.g_competition_task_status)
                  20200f00    00000010     ec11_encoder.o (.data.g_ec11)
                  20200f10    00000008     oled_ssd1306.o (.data.g_oled)
                  20200f18    00000004     car_control.o (.data.s_approach_fused_distance)
                  20200f1c    00000004     ec11_encoder.o (.data.s_button_debounce_start_tick)
                  20200f20    00000004     ec11_encoder.o (.data.s_button_press_tick)
                  20200f24    00000004     competition_tasks.o (.data.s_continuous_key_debounce_tick)
                  20200f28    00000004     competition_tasks.o (.data.s_continuous_key_press_tick)
                  20200f2c    00000004     odometer.o (.data.s_control_progress)
                  20200f30    00000004     competition_tasks.o (.data.s_finish_seen_tick)
                  20200f34    00000004     competition_tasks.o (.data.s_key_debounce_tick)
                  20200f38    00000004     competition_tasks.o (.data.s_key_press_tick)
                  20200f3c    00000004     competition_tasks.o (.data.s_lap_number)
                  20200f40    00000004     competition_tasks.o (.data.s_last_control_tick)
                  20200f44    00000004     competition_tasks.o (.data.s_last_display_tick)
                  20200f48    00000004     odometer.o (.data.s_last_display_tick)
                  20200f4c    00000004     competition_tasks.o (.data.s_last_lap_ticks)
                  20200f50    00000004     mpu6050.o (.data.s_last_sample_tick)
                  20200f54    00000004     oled_ssd1306.o (.data.s_last_service_tick)
                  20200f58    00000004     odometer.o (.data.s_left_counts)
                  20200f5c    00000004     odometer.o (.data.s_left_zero)
                  20200f60    00000004     car_control.o (.data.s_line_error_filter_q8)
                  20200f64    00000004     competition_tasks.o (.data.s_motion_start_tick)
                  20200f68    00000004     odometer.o (.data.s_right_counts)
                  20200f6c    00000004     car_control.o (.data.s_right_encoder_count)
                  20200f70    00000004     odometer.o (.data.s_right_zero)
                  20200f74    00000002     competition_tasks.o (.data.s_lap_list_offset)
                  20200f76    00000002     competition_tasks.o (.data.s_max_lap_progress)
                  20200f78    00000002     debug_uart.o (.data.s_rx_head)
                  20200f7a    00000002     debug_uart.o (.data.s_rx_tail)
                  20200f7c    00000001     ec11_encoder.o (.data.s_ab_state)
                  20200f7d    00000001     car_control.o (.data.s_approach_invalid_ticks)
                  20200f7e    00000001     car_control.o (.data.s_approach_left_stale_ticks)
                  20200f7f    00000001     car_control.o (.data.s_approach_locked_health)
                  20200f80    00000001     car_control.o (.data.s_approach_mismatch_health)
                  20200f81    00000001     car_control.o (.data.s_approach_mismatch_ticks)
                  20200f82    00000001     car_control.o (.data.s_approach_right_stale_ticks)
                  20200f83    00000001     ec11_encoder.o (.data.s_button_event)
                  20200f84    00000001     ec11_encoder.o (.data.s_button_last_raw)
                  20200f85    00000001     ec11_encoder.o (.data.s_button_long_reported)
                  20200f86    00000001     ec11_encoder.o (.data.s_button_stable)
                  20200f87    00000001     competition_tasks.o (.data.s_continuous_key_armed)
                  20200f88    00000001     competition_tasks.o (.data.s_continuous_key_last_raw)
                  20200f89    00000001     competition_tasks.o (.data.s_continuous_key_press_allowed)
                  20200f8a    00000001     competition_tasks.o (.data.s_continuous_key_press_pending)
                  20200f8b    00000001     competition_tasks.o (.data.s_continuous_key_stable)
                  20200f8c    00000001     competition_tasks.o (.data.s_continuous_layout_dirty)
                  20200f8d    00000001     competition_tasks.o (.data.s_continuous_mode)
                  20200f8e    00000001     competition_tasks.o (.data.s_display_dirty)
                  20200f8f    00000001     odometer.o (.data.s_display_dirty)
                  20200f90    00000001     ec11_encoder.o (.data.s_edge_accumulator)
                  20200f91    00000001     competition_tasks.o (.data.s_finish_confirm_count)
                  20200f92    00000001     odometer.o (.data.s_frozen)
                  20200f93    00000001     competition_tasks.o (.data.s_initialized)
                  20200f94    00000001     odometer.o (.data.s_initialized)
                  20200f95    00000001     competition_tasks.o (.data.s_key_armed)
                  20200f96    00000001     competition_tasks.o (.data.s_key_last_raw)
                  20200f97    00000001     competition_tasks.o (.data.s_key_press_allowed)
                  20200f98    00000001     competition_tasks.o (.data.s_key_press_pending)
                  20200f99    00000001     competition_tasks.o (.data.s_key_stable)
                  20200f9a    00000001     competition_tasks.o (.data.s_lap_list_active)
                  20200f9b    00000001     odometer.o (.data.s_last_state)
                  20200f9c    00000001     competition_tasks.o (.data.s_leave_confirm_count)
                  20200f9d    00000001     car_control.o (.data.s_line_error_filter_valid)
                  20200f9e    00000001     car_control.o (.data.s_line_lost_count)
                  20200f9f    00000001     ec11_encoder.o (.data.s_pending_delta)
                  20200fa0    00000001     car_control.o (.data.s_right_encoder_state)

.stack     0    20207e00    00000200     UNINITIALIZED
                  20207e00    00000004     libc.a : boot_cortex_m.c.obj (.stack)
                  20207e04    000001fc     --HOLE--

__llvm_prf_cnts 
*          0    20200000    00000000     UNINITIALIZED

__llvm_prf_bits 
*          0    20200000    00000000     UNINITIALIZED

MODULE SUMMARY

       Module                         code    ro data   rw data
       ------                         ----    -------   -------
    .\
       car_control.o                  6144    16        293    
       oled_ssd1306.o                 3028    604       1036   
       competition_tasks.o            1948    0         2075   
       board_oled_i2c.o               2900    0         0      
       ti_msp_dl_config.o             980     51        348    
       board_i2c.o                    1022    0         0      
       odometer.o                     680     0         28     
       mpu6050.o                      600     0         32     
       ec11_encoder.o                 496     16        31     
       line_tracker.o                 432     0         24     
       debug_uart.o                   192     0         132    
       empty.o                        208     0         0      
       startup_mspm0g350x_ticlang.o   6       192       0      
    +--+------------------------------+-------+---------+---------+
       Total:                         18636   879       3999   
                                                               
    F:/TI/mspm0_sdk_2_10_00_04/source/ti/driverlib/lib/ticlang/m0p/mspm0g1x0x_g3x0x/driverlib.a
       dl_timer.o                     608     0         0      
       dl_i2c.o                       240     0         0      
       dl_uart.o                      90      0         0      
       dl_common.o                    10      0         0      
    +--+------------------------------+-------+---------+---------+
       Total:                         948     0         0      
                                                               
    F:\TI\ccstheia\ccs\tools\compiler\ti-cgt-armllvm_4.0.4.LTS\lib\armv6m-ti-none-eabi/c/libc.a
       memcpy16.S.obj                 154     0         0      
       copy_decompress_lzss.c.obj     124     0         0      
       memset16.S.obj                 98      0         0      
       autoinit.c.obj                 60      0         0      
       boot_cortex_m.c.obj            40      0         0      
       copy_decompress_none.c.obj     18      0         0      
       copy_zero_init.c.obj           16      0         0      
       exit.c.obj                     6       0         0      
       pre_init.c.obj                 4       0         0      
    +--+------------------------------+-------+---------+---------+
       Total:                         520     0         0      
                                                               
    F:\TI\ccstheia\ccs\tools\compiler\ti-cgt-armllvm_4.0.4.LTS\lib\armv6m-ti-none-eabi/c/libsysbm.a
       hostexit.c.obj                 4       0         0      
    +--+------------------------------+-------+---------+---------+
       Total:                         4       0         0      
                                                               
    F:\TI\ccstheia\ccs\tools\compiler\ti-cgt-armllvm_4.0.4.LTS\lib\armv6m-ti-none-eabi/libclang_rt.builtins.a
       addsf3.S.obj                   216     0         0      
       udivmoddi4.S.obj               162     0         0      
       mulsf3.S.obj                   140     0         0      
       divsf3.S.obj                   130     0         0      
       comparesf2.S.obj               118     0         0      
       aeabi_fcmp.S.obj               98      0         0      
       aeabi_idivmod.S.obj            86      0         0      
       aeabi_uidivmod.S.obj           64      0         0      
       floatsisf.S.obj                60      0         0      
       muldsi3.S.obj                  58      0         0      
       fixsfsi.S.obj                  56      0         0      
       floatunsisf.S.obj              40      0         0      
       muldi3.S.obj                   36      0         0      
       ashldi3.S.obj                  30      0         0      
       aeabi_uldivmod.S.obj           20      0         0      
       aeabi_memset.S.obj             12      0         0      
       aeabi_memcpy.S.obj             8       0         0      
       aeabi_div0.c.obj               4       0         0      
    +--+------------------------------+-------+---------+---------+
       Total:                         1338    0         0      
                                                               
       Stack:                         0       0         512    
       Linker Generated:              0       195       0      
    +--+------------------------------+-------+---------+---------+
       Grand Total:                   21446   1074      4511   


LINKER GENERATED COPY TABLES

__TI_cinit_table @ 000057fc records: 2, size/record: 8, table size: 16
	.data: load addr=00005748, load size=0000009f bytes, run addr=20200dac, run size=000001f5 bytes, compression=lzss
	.bss: load addr=000057f4, load size=00000008 bytes, run addr=20200000, run size=00000dac bytes, compression=zero_init


LINKER GENERATED HANDLER TABLE

__TI_handler_table @ 000057e8 records: 3, size/record: 4, table size: 12
	index: 0, handler: __TI_decompress_lzss
	index: 1, handler: __TI_decompress_none
	index: 2, handler: __TI_zero_init


GLOBAL SYMBOLS: SORTED ALPHABETICALLY BY Name 

address   name                            
-------   ----                            
00004527  ADC0_IRQHandler                 
00004527  ADC1_IRQHandler                 
00004527  AES_IRQHandler                  
000028f5  Board_I2C_ReadRegs              
000053ed  Board_I2C_WriteReg              
000051bd  Board_OLED_I2C_Init             
00001eb9  Board_OLED_I2C_Write            
0000548a  C$$EXIT                         
00004527  CANFD0_IRQHandler               
000035a1  Car_BrakeHold                   
000000c1  Car_ControlStep                 
0000407d  Car_Init                        
000053bd  Car_SetLineFollowBaseCounts     
000050dd  Car_StartLineFollow             
00002ec1  Car_Stop                        
00001171  CompetitionTasks_ControlStep    
000036d1  CompetitionTasks_Init           
00003059  CompetitionTasks_Service        
00004527  DAC0_IRQHandler                 
00005469  DL_Common_delayCycles           
00004c85  DL_I2C_fillControllerTXFIFO     
000051f1  DL_I2C_flushControllerRXFIFO    
00004f01  DL_I2C_flushControllerTXFIFO    
000052a1  DL_I2C_setClockConfig           
00003a1d  DL_Timer_initFourCCPWMMode      
00003c21  DL_Timer_initTimerMode          
0000534d  DL_Timer_setCaptCompUpdateMethod
000053d5  DL_Timer_setCaptureCompareOutCtl
0000543d  DL_Timer_setCaptureCompareValue 
00005369  DL_Timer_setClockConfig         
00004e35  DL_UART_init                    
00005419  DL_UART_setClockConfig          
00004527  DMA_IRQHandler                  
00004527  Default_Handler                 
00005385  EC11_GetDelta                   
000043e1  EC11_HandleABInterrupt          
00004805  EC11_Init                       
0000428d  EC11_Task                       
00004527  GROUP0_IRQHandler               
0000490d  GROUP1_IRQHandler               
0000548b  HOSTexit                        
00004527  HardFault_Handler               
00004527  I2C0_IRQHandler                 
00004527  I2C1_IRQHandler                 
00005473  LineTracker_Init                
00002d19  LineTracker_Update              
0000412d  MPU6050_Calibrate               
00003911  MPU6050_Init                    
00004529  MPU6050_Task                    
00004527  NMI_Handler                     
00004339  OLED_DrawContinuousRaceTime     
00004e7d  OLED_DrawLapList                
0000465f  OLED_DrawOdometer               
0000530d  OLED_DrawRaceTime               
00005115  OLED_Init                       
00004ce5  OLED_Task                       
0000332d  Odometer_ControlStep            
000053a1  Odometer_GetControlProgress     
0000498d  Odometer_Init                   
00003eed  Odometer_Service                
00004527  PendSV_Handler                  
00004527  RTC_IRQHandler                  
0000548f  Reset_Handler                   
00004527  SPI0_IRQHandler                 
00004527  SPI1_IRQHandler                 
00004527  SVC_Handler                     
0000346d  SYSCFG_DL_GPIO_init             
00004d95  SYSCFG_DL_I2C_MPU_init          
000046ed  SYSCFG_DL_PWM_0_init            
00004de9  SYSCFG_DL_QEI_0_init            
00005221  SYSCFG_DL_SYSCTL_init           
0000514d  SYSCFG_DL_TIMER_CONTROL_init    
00004a85  SYSCFG_DL_UART_DEBUG_init       
00004f3d  SYSCFG_DL_init                  
00004c25  SYSCFG_DL_initPower             
00004527  SysTick_Handler                 
00004527  TIMA0_IRQHandler                
00004527  TIMA1_IRQHandler                
00004527  TIMG0_IRQHandler                
000052ed  TIMG12_IRQHandler               
00004527  TIMG6_IRQHandler                
00004527  TIMG7_IRQHandler                
00004527  TIMG8_IRQHandler                
00004527  UART0_IRQHandler                
00003fbd  UART1_IRQHandler                
00004527  UART2_IRQHandler                
00004527  UART3_IRQHandler                
20208000  __STACK_END                     
00000200  __STACK_SIZE                    
00000000  __TI_ATRegion0_region_sz        
00000000  __TI_ATRegion0_src_addr         
00000000  __TI_ATRegion0_trg_addr         
00000000  __TI_ATRegion1_region_sz        
00000000  __TI_ATRegion1_src_addr         
00000000  __TI_ATRegion1_trg_addr         
00000000  __TI_ATRegion2_region_sz        
00000000  __TI_ATRegion2_src_addr         
00000000  __TI_ATRegion2_trg_addr         
000057fc  __TI_CINIT_Base                 
0000580c  __TI_CINIT_Limit                
0000580c  __TI_CINIT_Warm                 
000057e8  __TI_Handler_Table_Base         
000057f4  __TI_Handler_Table_Limit        
00004ff1  __TI_auto_init_nobinit_nopinit  
00004a09  __TI_decompress_lzss            
0000542b  __TI_decompress_none            
ffffffff  __TI_pprof_out_hndl             
ffffffff  __TI_prof_data_size             
ffffffff  __TI_prof_data_start            
00000000  __TI_static_base__              
0000544d  __TI_zero_init                  
00003e1f  __addsf3                        
00005185  __aeabi_f2iz                    
00003e1f  __aeabi_fadd                    
00004b61  __aeabi_fcmpeq                  
00004b9d  __aeabi_fcmpge                  
00004bb1  __aeabi_fcmpgt                  
00004b89  __aeabi_fcmple                  
00004b75  __aeabi_fcmplt                  
00004889  __aeabi_fdiv                    
00004779  __aeabi_fmul                    
00003e15  __aeabi_fsub                    
00004f79  __aeabi_i2f                     
00004d3d  __aeabi_idiv                    
0000490b  __aeabi_idiv0                   
00004d3d  __aeabi_idivmod                 
00004ce3  __aeabi_ldiv0                   
0000532d  __aeabi_llsl                    
000052c9  __aeabi_lmul                    
0000545d  __aeabi_memclr                  
0000545d  __aeabi_memclr4                 
0000545d  __aeabi_memclr8                 
0000547d  __aeabi_memcpy                  
0000547d  __aeabi_memcpy4                 
0000547d  __aeabi_memcpy8                 
00005251  __aeabi_ui2f                    
00004ec1  __aeabi_uidiv                   
00004ec1  __aeabi_uidivmod                
00005405  __aeabi_uldivmod                
0000532d  __ashldi3                       
ffffffff  __binit__                       
0000502d  __cmpsf2                        
00004889  __divsf3                        
0000502d  __eqsf2                         
00005185  __fixsfsi                       
00004f79  __floatsisf                     
00005251  __floatunsisf                   
00004fb5  __gesf2                         
00004fb5  __gtsf2                         
0000502d  __lesf2                         
0000502d  __ltsf2                         
UNDEFED   __mpu_init                      
000052c9  __muldi3                        
00005069  __muldsi3                       
00004779  __mulsf3                        
0000502d  __nesf2                         
20207e00  __stack                         
20200000  __start___llvm_prf_bits         
20200000  __start___llvm_prf_cnts         
20200000  __stop___llvm_prf_bits          
20200000  __stop___llvm_prf_cnts          
00003e15  __subsf3                        
00004485  __udivmoddi4                    
00005279  _c_int00_noargs                 
UNDEFED   _system_post_cinit              
00005493  _system_pre_init                
00005485  abort                           
ffffffff  binit                           
20200bd0  gPWM_0Backup                    
20200c8c  gQEI_0Backup                    
20200dac  g_car                           
20200ef0  g_competition_task_status       
20200f00  g_ec11                          
20200ed8  g_line                          
20200ebc  g_mpu6050                       
20200f10  g_oled                          
00000000  interruptVectors                
000041dd  main                            
000045c5  memcpy                          
00004bc3  memset                          


GLOBAL SYMBOLS: SORTED BY Symbol Address 

address   name                            
-------   ----                            
00000000  __TI_ATRegion0_region_sz        
00000000  __TI_ATRegion0_src_addr         
00000000  __TI_ATRegion0_trg_addr         
00000000  __TI_ATRegion1_region_sz        
00000000  __TI_ATRegion1_src_addr         
00000000  __TI_ATRegion1_trg_addr         
00000000  __TI_ATRegion2_region_sz        
00000000  __TI_ATRegion2_src_addr         
00000000  __TI_ATRegion2_trg_addr         
00000000  __TI_static_base__              
00000000  interruptVectors                
000000c1  Car_ControlStep                 
00000200  __STACK_SIZE                    
00001171  CompetitionTasks_ControlStep    
00001eb9  Board_OLED_I2C_Write            
000028f5  Board_I2C_ReadRegs              
00002d19  LineTracker_Update              
00002ec1  Car_Stop                        
00003059  CompetitionTasks_Service        
0000332d  Odometer_ControlStep            
0000346d  SYSCFG_DL_GPIO_init             
000035a1  Car_BrakeHold                   
000036d1  CompetitionTasks_Init           
00003911  MPU6050_Init                    
00003a1d  DL_Timer_initFourCCPWMMode      
00003c21  DL_Timer_initTimerMode          
00003e15  __aeabi_fsub                    
00003e15  __subsf3                        
00003e1f  __addsf3                        
00003e1f  __aeabi_fadd                    
00003eed  Odometer_Service                
00003fbd  UART1_IRQHandler                
0000407d  Car_Init                        
0000412d  MPU6050_Calibrate               
000041dd  main                            
0000428d  EC11_Task                       
00004339  OLED_DrawContinuousRaceTime     
000043e1  EC11_HandleABInterrupt          
00004485  __udivmoddi4                    
00004527  ADC0_IRQHandler                 
00004527  ADC1_IRQHandler                 
00004527  AES_IRQHandler                  
00004527  CANFD0_IRQHandler               
00004527  DAC0_IRQHandler                 
00004527  DMA_IRQHandler                  
00004527  Default_Handler                 
00004527  GROUP0_IRQHandler               
00004527  HardFault_Handler               
00004527  I2C0_IRQHandler                 
00004527  I2C1_IRQHandler                 
00004527  NMI_Handler                     
00004527  PendSV_Handler                  
00004527  RTC_IRQHandler                  
00004527  SPI0_IRQHandler                 
00004527  SPI1_IRQHandler                 
00004527  SVC_Handler                     
00004527  SysTick_Handler                 
00004527  TIMA0_IRQHandler                
00004527  TIMA1_IRQHandler                
00004527  TIMG0_IRQHandler                
00004527  TIMG6_IRQHandler                
00004527  TIMG7_IRQHandler                
00004527  TIMG8_IRQHandler                
00004527  UART0_IRQHandler                
00004527  UART2_IRQHandler                
00004527  UART3_IRQHandler                
00004529  MPU6050_Task                    
000045c5  memcpy                          
0000465f  OLED_DrawOdometer               
000046ed  SYSCFG_DL_PWM_0_init            
00004779  __aeabi_fmul                    
00004779  __mulsf3                        
00004805  EC11_Init                       
00004889  __aeabi_fdiv                    
00004889  __divsf3                        
0000490b  __aeabi_idiv0                   
0000490d  GROUP1_IRQHandler               
0000498d  Odometer_Init                   
00004a09  __TI_decompress_lzss            
00004a85  SYSCFG_DL_UART_DEBUG_init       
00004b61  __aeabi_fcmpeq                  
00004b75  __aeabi_fcmplt                  
00004b89  __aeabi_fcmple                  
00004b9d  __aeabi_fcmpge                  
00004bb1  __aeabi_fcmpgt                  
00004bc3  memset                          
00004c25  SYSCFG_DL_initPower             
00004c85  DL_I2C_fillControllerTXFIFO     
00004ce3  __aeabi_ldiv0                   
00004ce5  OLED_Task                       
00004d3d  __aeabi_idiv                    
00004d3d  __aeabi_idivmod                 
00004d95  SYSCFG_DL_I2C_MPU_init          
00004de9  SYSCFG_DL_QEI_0_init            
00004e35  DL_UART_init                    
00004e7d  OLED_DrawLapList                
00004ec1  __aeabi_uidiv                   
00004ec1  __aeabi_uidivmod                
00004f01  DL_I2C_flushControllerTXFIFO    
00004f3d  SYSCFG_DL_init                  
00004f79  __aeabi_i2f                     
00004f79  __floatsisf                     
00004fb5  __gesf2                         
00004fb5  __gtsf2                         
00004ff1  __TI_auto_init_nobinit_nopinit  
0000502d  __cmpsf2                        
0000502d  __eqsf2                         
0000502d  __lesf2                         
0000502d  __ltsf2                         
0000502d  __nesf2                         
00005069  __muldsi3                       
000050dd  Car_StartLineFollow             
00005115  OLED_Init                       
0000514d  SYSCFG_DL_TIMER_CONTROL_init    
00005185  __aeabi_f2iz                    
00005185  __fixsfsi                       
000051bd  Board_OLED_I2C_Init             
000051f1  DL_I2C_flushControllerRXFIFO    
00005221  SYSCFG_DL_SYSCTL_init           
00005251  __aeabi_ui2f                    
00005251  __floatunsisf                   
00005279  _c_int00_noargs                 
000052a1  DL_I2C_setClockConfig           
000052c9  __aeabi_lmul                    
000052c9  __muldi3                        
000052ed  TIMG12_IRQHandler               
0000530d  OLED_DrawRaceTime               
0000532d  __aeabi_llsl                    
0000532d  __ashldi3                       
0000534d  DL_Timer_setCaptCompUpdateMethod
00005369  DL_Timer_setClockConfig         
00005385  EC11_GetDelta                   
000053a1  Odometer_GetControlProgress     
000053bd  Car_SetLineFollowBaseCounts     
000053d5  DL_Timer_setCaptureCompareOutCtl
000053ed  Board_I2C_WriteReg              
00005405  __aeabi_uldivmod                
00005419  DL_UART_setClockConfig          
0000542b  __TI_decompress_none            
0000543d  DL_Timer_setCaptureCompareValue 
0000544d  __TI_zero_init                  
0000545d  __aeabi_memclr                  
0000545d  __aeabi_memclr4                 
0000545d  __aeabi_memclr8                 
00005469  DL_Common_delayCycles           
00005473  LineTracker_Init                
0000547d  __aeabi_memcpy                  
0000547d  __aeabi_memcpy4                 
0000547d  __aeabi_memcpy8                 
00005485  abort                           
0000548a  C$$EXIT                         
0000548b  HOSTexit                        
0000548f  Reset_Handler                   
00005493  _system_pre_init                
000057e8  __TI_Handler_Table_Base         
000057f4  __TI_Handler_Table_Limit        
000057fc  __TI_CINIT_Base                 
0000580c  __TI_CINIT_Limit                
0000580c  __TI_CINIT_Warm                 
20200000  __start___llvm_prf_bits         
20200000  __start___llvm_prf_cnts         
20200000  __stop___llvm_prf_bits          
20200000  __stop___llvm_prf_cnts          
20200bd0  gPWM_0Backup                    
20200c8c  gQEI_0Backup                    
20200dac  g_car                           
20200ebc  g_mpu6050                       
20200ed8  g_line                          
20200ef0  g_competition_task_status       
20200f00  g_ec11                          
20200f10  g_oled                          
20207e00  __stack                         
20208000  __STACK_END                     
ffffffff  __TI_pprof_out_hndl             
ffffffff  __TI_prof_data_size             
ffffffff  __TI_prof_data_start            
ffffffff  __binit__                       
ffffffff  binit                           
UNDEFED   __mpu_init                      
UNDEFED   _system_post_cinit              

[180 symbols]
