******************************************************************************
            TI ARM Clang Linker PC v4.0.4                      
******************************************************************************
>> Linked Thu Jul 30 15:35:13 2026

OUTPUT FILE NAME:   <TI_Car_3507_64.out>
ENTRY POINT SYMBOL: "_c_int00_noargs"  address: 00004515


MEMORY CONFIGURATION

         name            origin    length      used     unused   attr    fill
----------------------  --------  ---------  --------  --------  ----  --------
  FLASH                 00000000   00020000  00004950  0001b6b0  R  X
  SRAM                  20200000   00008000  00000984  0000767c  RW X
  BCR_CONFIG            41c00000   000000ff  00000000  000000ff  R   
  BSL_CONFIG            41c00100   00000080  00000000  00000080  R   


SEGMENT ALLOCATION MAP

run origin  load origin   length   init length attrs members
----------  ----------- ---------- ----------- ----- -------
00000000    00000000    00004950   00004950    r-x
  00000000    00000000    000000c0   000000c0    r-- .intvecs
  000000c0    000000c0    000045d0   000045d0    r-x .text
  00004690    00004690    00000200   00000200    r-- .rodata
  00004890    00004890    000000c0   000000c0    r-- .cinit
20200000    20200000    00000784   00000000    rw-
  20200000    20200000    000005dc   00000000    rw- .bss
  202005dc    202005dc    000001a8   00000000    rw- .data
20207e00    20207e00    00000200   00000000    rw-
  20207e00    20207e00    00000200   00000000    rw- .stack


SECTION ALLOCATION MAP

 output                                  attributes/
section   page    origin      length       input sections
--------  ----  ----------  ----------   ----------------
.intvecs   0    00000000    000000c0     
                  00000000    000000c0     startup_mspm0g350x_ticlang.o (.intvecs)

.text      0    000000c0    000045d0     
                  000000c0    000009b4     car_control.o (.text.Car_ControlStep)
                  00000a74    00000608     car_control.o (.text.Car_RightAngleApproachStep)
                  0000107c    00000460     board_oled_i2c.o (.text.Board_OLED_I2C_RecoverBus)
                  000014dc    0000039c     board_oled_i2c.o (.text.Board_OLED_I2C_Write)
                  00001878    00000324     board_oled_i2c.o (.text.Board_OLED_I2C_WriteByte)
                  00001b9c    000002c8     oled_ssd1306.o (.text.OLED_DrawOdometer)
                  00001e64    00000260     board_i2c.o (.text.Board_I2C_ReadRegs)
                  000020c4    000001d4     competition_tasks.o (.text.CompetitionTasks_ControlStep)
                  00002298    000001c4     oled_ssd1306.o (.text.OLED_TryInitialize)
                  0000245c    000001a8     line_tracker.o (.text.LineTracker_Update)
                  00002604    00000180     car_control.o (.text.Car_Stop)
                  00002784    00000150     board_i2c.o (.text.Board_I2C_WriteByteStream)
                  000028d4    0000012c     oled_ssd1306.o (.text.OLED_DrawRaceTime)
                  00002a00    0000011c     ti_msp_dl_config.o (.text.SYSCFG_DL_GPIO_init)
                  00002b1c    00000118     car_control.o (.text.Car_BrakeHold)
                  00002c34    00000110     car_control.o (.text.Car_PidStep)
                  00002d44    0000010c     mpu6050.o (.text.MPU6050_Init)
                  00002e50    00000104     driverlib.a : dl_timer.o (.text.DL_Timer_initFourCCPWMMode)
                  00002f54    00000100     car_control.o (.text.Car_LinePidStep)
                  00003054    000000fc     driverlib.a : dl_timer.o (.text.DL_Timer_initTimerMode)
                  00003150    000000f8     oled_ssd1306.o (.text.OLED_UpdateWindow)
                  00003248    000000d8     libclang_rt.builtins.a : addsf3.S.obj (.text)
                  00003320    000000d0     odometer.o (.text.Odometer_ControlStep)
                  000033f0    000000c0     oled_ssd1306.o (.text.OLED_DrawAscii)
                  000034b0    000000c0     debug_uart.o (.text.UART1_IRQHandler)
                  00003570    000000b0     car_control.o (.text.Car_Init)
                  00003620    000000b0     mpu6050.o (.text.MPU6050_Calibrate)
                  000036d0    000000ac     competition_tasks.o (.text.CompetitionTasks_Init)
                  0000377c    000000a0     empty.o (.text.main)
                  0000381c    0000009c     mpu6050.o (.text.MPU6050_Task)
                  000038b8    0000009a     libc.a : memcpy16.S.obj (.text:memcpy)
                  00003952    00000002     startup_mspm0g350x_ticlang.o (.text.Default_Handler)
                  00003954    0000008c     car_control.o (.text.Car_RightAngleAssistStop)
                  000039e0    0000008c     ti_msp_dl_config.o (.text.SYSCFG_DL_PWM_0_init)
                  00003a6c    0000008c     libclang_rt.builtins.a : mulsf3.S.obj (.text.__mulsf3)
                  00003af8    00000082                            : divsf3.S.obj (.text.__divsf3)
                  00003b7a    00000002                            : aeabi_div0.c.obj (.text.__aeabi_idiv0)
                  00003b7c    0000007c     libc.a : copy_decompress_lzss.c.obj (.text:decompress:lzss)
                  00003bf8    00000074     odometer.o (.text.Odometer_Init)
                  00003c6c    00000070     competition_tasks.o (.text.CompetitionTasks_Service)
                  00003cdc    00000070     ti_msp_dl_config.o (.text.SYSCFG_DL_UART_DEBUG_init)
                  00003d4c    0000006c     car_control.o (.text.Car_RightAngleSetTargets)
                  00003db8    00000068     odometer.o (.text.Odometer_Service)
                  00003e20    00000062     libclang_rt.builtins.a : aeabi_fcmp.S.obj (.text.__aeabi_fcmp)
                  00003e82    00000062     libc.a : memset16.S.obj (.text:memset)
                  00003ee4    00000060     ti_msp_dl_config.o (.text.SYSCFG_DL_initPower)
                  00003f44    0000005e     driverlib.a : dl_i2c.o (.text.DL_I2C_fillControllerTXFIFO)
                  00003fa2    00000002     --HOLE-- [fill = 0]
                  00003fa4    00000058     car_control.o (.text.GROUP1_IRQHandler)
                  00003ffc    00000058     oled_ssd1306.o (.text.OLED_Task)
                  00004054    00000056     libclang_rt.builtins.a : aeabi_idivmod.S.obj (.text.__aeabi_idivmod)
                  000040aa    00000002     --HOLE-- [fill = 0]
                  000040ac    00000054     ti_msp_dl_config.o (.text.SYSCFG_DL_I2C_MPU_init)
                  00004100    0000004c     ti_msp_dl_config.o (.text.SYSCFG_DL_QEI_0_init)
                  0000414c    00000048     driverlib.a : dl_uart.o (.text.DL_UART_init)
                  00004194    00000040     libclang_rt.builtins.a : aeabi_uidivmod.S.obj (.text.__aeabi_uidivmod)
                  000041d4    0000003c     driverlib.a : dl_i2c.o (.text.DL_I2C_flushControllerTXFIFO)
                  00004210    0000003c     ti_msp_dl_config.o (.text.SYSCFG_DL_init)
                  0000424c    0000003c     libclang_rt.builtins.a : floatsisf.S.obj (.text.__floatsisf)
                  00004288    0000003c                            : comparesf2.S.obj (.text.__gtsf2)
                  000042c4    0000003c     libc.a : autoinit.c.obj (.text:__TI_auto_init_nobinit_nopinit)
                  00004300    0000003a     libclang_rt.builtins.a : comparesf2.S.obj (.text.__eqsf2)
                  0000433a    00000002     --HOLE-- [fill = 0]
                  0000433c    0000003a                            : muldsi3.S.obj (.text.__muldsi3)
                  00004376    00000002     --HOLE-- [fill = 0]
                  00004378    00000038     board_i2c.o (.text.Board_I2C_RecoverBus)
                  000043b0    00000038     oled_ssd1306.o (.text.OLED_Init)
                  000043e8    00000038     ti_msp_dl_config.o (.text.SYSCFG_DL_TIMER_CONTROL_init)
                  00004420    00000038     libclang_rt.builtins.a : fixsfsi.S.obj (.text.__fixsfsi)
                  00004458    00000034     board_oled_i2c.o (.text.Board_OLED_I2C_Init)
                  0000448c    00000030     driverlib.a : dl_i2c.o (.text.DL_I2C_flushControllerRXFIFO)
                  000044bc    00000030     ti_msp_dl_config.o (.text.SYSCFG_DL_SYSCTL_init)
                  000044ec    00000028     libclang_rt.builtins.a : floatunsisf.S.obj (.text.__floatunsisf)
                  00004514    00000028     libc.a : boot_cortex_m.c.obj (.text:_c_int00_noargs)
                  0000453c    00000026     driverlib.a : dl_i2c.o (.text.DL_I2C_setClockConfig)
                  00004562    00000002     --HOLE-- [fill = 0]
                  00004564    00000020     car_control.o (.text.Car_StartLineFollow)
                  00004584    00000020     empty.o (.text.TIMG12_IRQHandler)
                  000045a4    0000001c     driverlib.a : dl_timer.o (.text.DL_Timer_setCaptCompUpdateMethod)
                  000045c0    0000001c                 : dl_timer.o (.text.DL_Timer_setClockConfig)
                  000045dc    00000018                 : dl_timer.o (.text.DL_Timer_setCaptureCompareOutCtl)
                  000045f4    00000016     board_i2c.o (.text.Board_I2C_WriteReg)
                  0000460a    00000012     driverlib.a : dl_uart.o (.text.DL_UART_setClockConfig)
                  0000461c    00000012     libc.a : copy_decompress_none.c.obj (.text:decompress:none)
                  0000462e    00000002     --HOLE-- [fill = 0]
                  00004630    00000010     driverlib.a : dl_timer.o (.text.DL_Timer_setCaptureCompareValue)
                  00004640    00000010     libc.a : copy_zero_init.c.obj (.text:decompress:ZI)
                  00004650    0000000c     libclang_rt.builtins.a : aeabi_memset.S.obj (.text.__aeabi_memclr)
                  0000465c    0000000a     driverlib.a : dl_common.o (.text.DL_Common_delayCycles)
                  00004666    00000008     line_tracker.o (.text.LineTracker_Init)
                  0000466e    00000002     --HOLE-- [fill = 0]
                  00004670    00000008     libclang_rt.builtins.a : aeabi_memcpy.S.obj (.text.__aeabi_memcpy)
                  00004678    00000006     libc.a : exit.c.obj (.text:abort)
                  0000467e    00000004     libsysbm.a : hostexit.c.obj (.text.HOSTexit)
                  00004682    00000004     startup_mspm0g350x_ticlang.o (.text.Reset_Handler)
                  00004686    00000004     libc.a : pre_init.c.obj (.text._system_pre_init)
                  0000468a    00000006     --HOLE-- [fill = 0]

.cinit     0    00004890    000000c0     
                  00004890    00000097     (.cinit..data.load) [load image, compression = lzss]
                  00004927    00000001     --HOLE-- [fill = 0]
                  00004928    0000000c     (__TI_handler_table)
                  00004934    00000008     (.cinit..bss.load) [load image, compression = zero_init]
                  0000493c    00000010     (__TI_cinit_table)
                  0000494c    00000004     --HOLE-- [fill = 0]

.rodata    0    00004690    00000200     
                  00004690    00000140     oled_ssd1306.o (.rodata.s_digit16)
                  000047d0    0000005a     oled_ssd1306.o (.rodata.s_font5x7)
                  0000482a    0000001c     oled_ssd1306.o (.rodata.s_oled_init_cmds)
                  00004846    00000002     ti_msp_dl_config.o (.rodata.gI2C_MPUClockConfig)
                  00004848    00000014     ti_msp_dl_config.o (.rodata.gTIMER_CONTROLTimerConfig)
                  0000485c    00000010     car_control.o (.rodata.cst16)
                  0000486c    0000000a     ti_msp_dl_config.o (.rodata.gUART_DEBUGConfig)
                  00004876    00000002     ti_msp_dl_config.o (.rodata.gUART_DEBUGClockConfig)
                  00004878    00000008     ti_msp_dl_config.o (.rodata.gPWM_0Config)
                  00004880    00000003     ti_msp_dl_config.o (.rodata.gPWM_0ClockConfig)
                  00004883    00000003     ti_msp_dl_config.o (.rodata.gQEI_0ClockConfig)
                  00004886    00000003     ti_msp_dl_config.o (.rodata.gTIMER_CONTROLClockConfig)
                  00004889    00000007     --HOLE-- [fill = 0]

.init_array 
*          0    00000000    00000000     UNINITIALIZED

.binit     0    00000000    00000000     

.bss       0    20200000    000005dc     UNINITIALIZED
                  20200000    00000400     oled_ssd1306.o (.bss.s_buffer)
                  20200400    000000bc     (.common:gPWM_0Backup)
                  202004bc    000000a0     (.common:gQEI_0Backup)
                  2020055c    00000080     debug_uart.o (.bss.s_rx_buffer)

.data      0    202005dc    000001a8     UNINITIALIZED
                  202005dc    00000110     car_control.o (.data.g_car)
                  202006ec    0000001c     mpu6050.o (.data.g_mpu6050)
                  20200708    00000018     line_tracker.o (.data.g_line)
                  20200720    00000010     competition_tasks.o (.data.g_competition_task_status)
                  20200730    00000008     oled_ssd1306.o (.data.g_oled)
                  20200738    00000004     car_control.o (.data.s_approach_fused_distance)
                  2020073c    00000004     competition_tasks.o (.data.s_key_debounce_tick)
                  20200740    00000004     competition_tasks.o (.data.s_key_press_tick)
                  20200744    00000004     competition_tasks.o (.data.s_last_control_tick)
                  20200748    00000004     competition_tasks.o (.data.s_last_display_tick)
                  2020074c    00000004     odometer.o (.data.s_last_display_tick)
                  20200750    00000004     mpu6050.o (.data.s_last_sample_tick)
                  20200754    00000004     oled_ssd1306.o (.data.s_last_service_tick)
                  20200758    00000004     odometer.o (.data.s_left_counts)
                  2020075c    00000004     odometer.o (.data.s_left_zero)
                  20200760    00000004     odometer.o (.data.s_right_counts)
                  20200764    00000004     car_control.o (.data.s_right_encoder_count)
                  20200768    00000004     odometer.o (.data.s_right_zero)
                  2020076c    00000002     debug_uart.o (.data.s_rx_head)
                  2020076e    00000002     debug_uart.o (.data.s_rx_tail)
                  20200770    00000001     car_control.o (.data.s_approach_invalid_ticks)
                  20200771    00000001     car_control.o (.data.s_approach_left_stale_ticks)
                  20200772    00000001     car_control.o (.data.s_approach_locked_health)
                  20200773    00000001     car_control.o (.data.s_approach_mismatch_health)
                  20200774    00000001     car_control.o (.data.s_approach_mismatch_ticks)
                  20200775    00000001     car_control.o (.data.s_approach_right_stale_ticks)
                  20200776    00000001     competition_tasks.o (.data.s_display_dirty)
                  20200777    00000001     odometer.o (.data.s_display_dirty)
                  20200778    00000001     competition_tasks.o (.data.s_finish_confirm_count)
                  20200779    00000001     odometer.o (.data.s_frozen)
                  2020077a    00000001     competition_tasks.o (.data.s_initialized)
                  2020077b    00000001     odometer.o (.data.s_initialized)
                  2020077c    00000001     competition_tasks.o (.data.s_key_armed)
                  2020077d    00000001     competition_tasks.o (.data.s_key_last_raw)
                  2020077e    00000001     competition_tasks.o (.data.s_key_press_allowed)
                  2020077f    00000001     competition_tasks.o (.data.s_key_press_pending)
                  20200780    00000001     competition_tasks.o (.data.s_key_stable)
                  20200781    00000001     odometer.o (.data.s_last_state)
                  20200782    00000001     competition_tasks.o (.data.s_leave_confirm_count)
                  20200783    00000001     car_control.o (.data.s_right_encoder_state)

.stack     0    20207e00    00000200     UNINITIALIZED
                  20207e00    00000004     libc.a : boot_cortex_m.c.obj (.stack)
                  20207e04    000001fc     --HOLE--

__llvm_prf_cnts 
*          0    20200000    00000000     UNINITIALIZED

__llvm_prf_bits 
*          0    20200000    00000000     UNINITIALIZED

MODULE SUMMARY

       Module                         code    ro data   rw data
       ------                         ----    -------   -------
    .\
       car_control.o                  5764    16        287    
       oled_ssd1306.o                 2048    438       1036   
       board_oled_i2c.o               2900    0         0      
       ti_msp_dl_config.o             956     51        348    
       board_i2c.o                    1022    0         0      
       competition_tasks.o            752     0         41     
       mpu6050.o                      600     0         32     
       line_tracker.o                 432     0         24     
       odometer.o                     428     0         24     
       debug_uart.o                   192     0         132    
       startup_mspm0g350x_ticlang.o   6       192       0      
       empty.o                        192     0         0      
    +--+------------------------------+-------+---------+---------+
       Total:                         15292   697       1924   
                                                               
    F:/TI/mspm0_sdk_2_10_00_04/source/ti/driverlib/lib/ticlang/m0p/mspm0g1x0x_g3x0x/driverlib.a
       dl_timer.o                     608     0         0      
       dl_i2c.o                       240     0         0      
       dl_uart.o                      90      0         0      
       dl_common.o                    10      0         0      
    +--+------------------------------+-------+---------+---------+
       Total:                         948     0         0      
                                                               
    F:\TI\ccstheia\ccs\tools\compiler\ti-cgt-armllvm_4.0.4.LTS\lib\armv6m-ti-none-eabi/c/libc.a
       memcpy16.S.obj                 154     0         0      
       copy_decompress_lzss.c.obj     124     0         0      
       memset16.S.obj                 98      0         0      
       autoinit.c.obj                 60      0         0      
       boot_cortex_m.c.obj            40      0         0      
       copy_decompress_none.c.obj     18      0         0      
       copy_zero_init.c.obj           16      0         0      
       exit.c.obj                     6       0         0      
       pre_init.c.obj                 4       0         0      
    +--+------------------------------+-------+---------+---------+
       Total:                         520     0         0      
                                                               
    F:\TI\ccstheia\ccs\tools\compiler\ti-cgt-armllvm_4.0.4.LTS\lib\armv6m-ti-none-eabi/c/libsysbm.a
       hostexit.c.obj                 4       0         0      
    +--+------------------------------+-------+---------+---------+
       Total:                         4       0         0      
                                                               
    F:\TI\ccstheia\ccs\tools\compiler\ti-cgt-armllvm_4.0.4.LTS\lib\armv6m-ti-none-eabi/libclang_rt.builtins.a
       addsf3.S.obj                   216     0         0      
       mulsf3.S.obj                   140     0         0      
       divsf3.S.obj                   130     0         0      
       comparesf2.S.obj               118     0         0      
       aeabi_fcmp.S.obj               98      0         0      
       aeabi_idivmod.S.obj            86      0         0      
       aeabi_uidivmod.S.obj           64      0         0      
       floatsisf.S.obj                60      0         0      
       muldsi3.S.obj                  58      0         0      
       fixsfsi.S.obj                  56      0         0      
       floatunsisf.S.obj              40      0         0      
       aeabi_memset.S.obj             12      0         0      
       aeabi_memcpy.S.obj             8       0         0      
       aeabi_div0.c.obj               2       0         0      
    +--+------------------------------+-------+---------+---------+
       Total:                         1088    0         0      
                                                               
       Stack:                         0       0         512    
       Linker Generated:              0       187       0      
    +--+------------------------------+-------+---------+---------+
       Grand Total:                   17852   884       2436   


LINKER GENERATED COPY TABLES

__TI_cinit_table @ 0000493c records: 2, size/record: 8, table size: 16
	.data: load addr=00004890, load size=00000097 bytes, run addr=202005dc, run size=000001a8 bytes, compression=lzss
	.bss: load addr=00004934, load size=00000008 bytes, run addr=20200000, run size=000005dc bytes, compression=zero_init


LINKER GENERATED HANDLER TABLE

__TI_handler_table @ 00004928 records: 3, size/record: 4, table size: 12
	index: 0, handler: __TI_decompress_lzss
	index: 1, handler: __TI_decompress_none
	index: 2, handler: __TI_zero_init


GLOBAL SYMBOLS: SORTED ALPHABETICALLY BY Name 

address   name                            
-------   ----                            
00003953  ADC0_IRQHandler                 
00003953  ADC1_IRQHandler                 
00003953  AES_IRQHandler                  
00001e65  Board_I2C_ReadRegs              
000045f5  Board_I2C_WriteReg              
00004459  Board_OLED_I2C_Init             
000014dd  Board_OLED_I2C_Write            
0000467e  C$$EXIT                         
00003953  CANFD0_IRQHandler               
00002b1d  Car_BrakeHold                   
000000c1  Car_ControlStep                 
00003571  Car_Init                        
00004565  Car_StartLineFollow             
00002605  Car_Stop                        
000020c5  CompetitionTasks_ControlStep    
000036d1  CompetitionTasks_Init           
00003c6d  CompetitionTasks_Service        
00003953  DAC0_IRQHandler                 
0000465d  DL_Common_delayCycles           
00003f45  DL_I2C_fillControllerTXFIFO     
0000448d  DL_I2C_flushControllerRXFIFO    
000041d5  DL_I2C_flushControllerTXFIFO    
0000453d  DL_I2C_setClockConfig           
00002e51  DL_Timer_initFourCCPWMMode      
00003055  DL_Timer_initTimerMode          
000045a5  DL_Timer_setCaptCompUpdateMethod
000045dd  DL_Timer_setCaptureCompareOutCtl
00004631  DL_Timer_setCaptureCompareValue 
000045c1  DL_Timer_setClockConfig         
0000414d  DL_UART_init                    
0000460b  DL_UART_setClockConfig          
00003953  DMA_IRQHandler                  
00003953  Default_Handler                 
00003953  GROUP0_IRQHandler               
00003fa5  GROUP1_IRQHandler               
0000467f  HOSTexit                        
00003953  HardFault_Handler               
00003953  I2C0_IRQHandler                 
00003953  I2C1_IRQHandler                 
00004667  LineTracker_Init                
0000245d  LineTracker_Update              
00003621  MPU6050_Calibrate               
00002d45  MPU6050_Init                    
0000381d  MPU6050_Task                    
00003953  NMI_Handler                     
000033f1  OLED_DrawAscii                  
00001b9d  OLED_DrawOdometer               
000028d5  OLED_DrawRaceTime               
000043b1  OLED_Init                       
00003ffd  OLED_Task                       
00003321  Odometer_ControlStep            
00003bf9  Odometer_Init                   
00003db9  Odometer_Service                
00003953  PendSV_Handler                  
00003953  RTC_IRQHandler                  
00004683  Reset_Handler                   
00003953  SPI0_IRQHandler                 
00003953  SPI1_IRQHandler                 
00003953  SVC_Handler                     
00002a01  SYSCFG_DL_GPIO_init             
000040ad  SYSCFG_DL_I2C_MPU_init          
000039e1  SYSCFG_DL_PWM_0_init            
00004101  SYSCFG_DL_QEI_0_init            
000044bd  SYSCFG_DL_SYSCTL_init           
000043e9  SYSCFG_DL_TIMER_CONTROL_init    
00003cdd  SYSCFG_DL_UART_DEBUG_init       
00004211  SYSCFG_DL_init                  
00003ee5  SYSCFG_DL_initPower             
00003953  SysTick_Handler                 
00003953  TIMA0_IRQHandler                
00003953  TIMA1_IRQHandler                
00003953  TIMG0_IRQHandler                
00004585  TIMG12_IRQHandler               
00003953  TIMG6_IRQHandler                
00003953  TIMG7_IRQHandler                
00003953  TIMG8_IRQHandler                
00003953  UART0_IRQHandler                
000034b1  UART1_IRQHandler                
00003953  UART2_IRQHandler                
00003953  UART3_IRQHandler                
20208000  __STACK_END                     
00000200  __STACK_SIZE                    
00000000  __TI_ATRegion0_region_sz        
00000000  __TI_ATRegion0_src_addr         
00000000  __TI_ATRegion0_trg_addr         
00000000  __TI_ATRegion1_region_sz        
00000000  __TI_ATRegion1_src_addr         
00000000  __TI_ATRegion1_trg_addr         
00000000  __TI_ATRegion2_region_sz        
00000000  __TI_ATRegion2_src_addr         
00000000  __TI_ATRegion2_trg_addr         
0000493c  __TI_CINIT_Base                 
0000494c  __TI_CINIT_Limit                
0000494c  __TI_CINIT_Warm                 
00004928  __TI_Handler_Table_Base         
00004934  __TI_Handler_Table_Limit        
000042c5  __TI_auto_init_nobinit_nopinit  
00003b7d  __TI_decompress_lzss            
0000461d  __TI_decompress_none            
ffffffff  __TI_pprof_out_hndl             
ffffffff  __TI_prof_data_size             
ffffffff  __TI_prof_data_start            
00000000  __TI_static_base__              
00004641  __TI_zero_init                  
00003253  __addsf3                        
00004421  __aeabi_f2iz                    
00003253  __aeabi_fadd                    
00003e21  __aeabi_fcmpeq                  
00003e5d  __aeabi_fcmpge                  
00003e71  __aeabi_fcmpgt                  
00003e49  __aeabi_fcmple                  
00003e35  __aeabi_fcmplt                  
00003af9  __aeabi_fdiv                    
00003a6d  __aeabi_fmul                    
00003249  __aeabi_fsub                    
0000424d  __aeabi_i2f                     
00004055  __aeabi_idiv                    
00003b7b  __aeabi_idiv0                   
00004055  __aeabi_idivmod                 
00004651  __aeabi_memclr                  
00004651  __aeabi_memclr4                 
00004651  __aeabi_memclr8                 
00004671  __aeabi_memcpy                  
00004671  __aeabi_memcpy4                 
00004671  __aeabi_memcpy8                 
000044ed  __aeabi_ui2f                    
00004195  __aeabi_uidiv                   
00004195  __aeabi_uidivmod                
ffffffff  __binit__                       
00004301  __cmpsf2                        
00003af9  __divsf3                        
00004301  __eqsf2                         
00004421  __fixsfsi                       
0000424d  __floatsisf                     
000044ed  __floatunsisf                   
00004289  __gesf2                         
00004289  __gtsf2                         
00004301  __lesf2                         
00004301  __ltsf2                         
UNDEFED   __mpu_init                      
0000433d  __muldsi3                       
00003a6d  __mulsf3                        
00004301  __nesf2                         
20207e00  __stack                         
20200000  __start___llvm_prf_bits         
20200000  __start___llvm_prf_cnts         
20200000  __stop___llvm_prf_bits          
20200000  __stop___llvm_prf_cnts          
00003249  __subsf3                        
00004515  _c_int00_noargs                 
UNDEFED   _system_post_cinit              
00004687  _system_pre_init                
00004679  abort                           
ffffffff  binit                           
20200400  gPWM_0Backup                    
202004bc  gQEI_0Backup                    
202005dc  g_car                           
20200720  g_competition_task_status       
20200708  g_line                          
202006ec  g_mpu6050                       
20200730  g_oled                          
00000000  interruptVectors                
0000377d  main                            
000038b9  memcpy                          
00003e83  memset                          


GLOBAL SYMBOLS: SORTED BY Symbol Address 

address   name                            
-------   ----                            
00000000  __TI_ATRegion0_region_sz        
00000000  __TI_ATRegion0_src_addr         
00000000  __TI_ATRegion0_trg_addr         
00000000  __TI_ATRegion1_region_sz        
00000000  __TI_ATRegion1_src_addr         
00000000  __TI_ATRegion1_trg_addr         
00000000  __TI_ATRegion2_region_sz        
00000000  __TI_ATRegion2_src_addr         
00000000  __TI_ATRegion2_trg_addr         
00000000  __TI_static_base__              
00000000  interruptVectors                
000000c1  Car_ControlStep                 
00000200  __STACK_SIZE                    
000014dd  Board_OLED_I2C_Write            
00001b9d  OLED_DrawOdometer               
00001e65  Board_I2C_ReadRegs              
000020c5  CompetitionTasks_ControlStep    
0000245d  LineTracker_Update              
00002605  Car_Stop                        
000028d5  OLED_DrawRaceTime               
00002a01  SYSCFG_DL_GPIO_init             
00002b1d  Car_BrakeHold                   
00002d45  MPU6050_Init                    
00002e51  DL_Timer_initFourCCPWMMode      
00003055  DL_Timer_initTimerMode          
00003249  __aeabi_fsub                    
00003249  __subsf3                        
00003253  __addsf3                        
00003253  __aeabi_fadd                    
00003321  Odometer_ControlStep            
000033f1  OLED_DrawAscii                  
000034b1  UART1_IRQHandler                
00003571  Car_Init                        
00003621  MPU6050_Calibrate               
000036d1  CompetitionTasks_Init           
0000377d  main                            
0000381d  MPU6050_Task                    
000038b9  memcpy                          
00003953  ADC0_IRQHandler                 
00003953  ADC1_IRQHandler                 
00003953  AES_IRQHandler                  
00003953  CANFD0_IRQHandler               
00003953  DAC0_IRQHandler                 
00003953  DMA_IRQHandler                  
00003953  Default_Handler                 
00003953  GROUP0_IRQHandler               
00003953  HardFault_Handler               
00003953  I2C0_IRQHandler                 
00003953  I2C1_IRQHandler                 
00003953  NMI_Handler                     
00003953  PendSV_Handler                  
00003953  RTC_IRQHandler                  
00003953  SPI0_IRQHandler                 
00003953  SPI1_IRQHandler                 
00003953  SVC_Handler                     
00003953  SysTick_Handler                 
00003953  TIMA0_IRQHandler                
00003953  TIMA1_IRQHandler                
00003953  TIMG0_IRQHandler                
00003953  TIMG6_IRQHandler                
00003953  TIMG7_IRQHandler                
00003953  TIMG8_IRQHandler                
00003953  UART0_IRQHandler                
00003953  UART2_IRQHandler                
00003953  UART3_IRQHandler                
000039e1  SYSCFG_DL_PWM_0_init            
00003a6d  __aeabi_fmul                    
00003a6d  __mulsf3                        
00003af9  __aeabi_fdiv                    
00003af9  __divsf3                        
00003b7b  __aeabi_idiv0                   
00003b7d  __TI_decompress_lzss            
00003bf9  Odometer_Init                   
00003c6d  CompetitionTasks_Service        
00003cdd  SYSCFG_DL_UART_DEBUG_init       
00003db9  Odometer_Service                
00003e21  __aeabi_fcmpeq                  
00003e35  __aeabi_fcmplt                  
00003e49  __aeabi_fcmple                  
00003e5d  __aeabi_fcmpge                  
00003e71  __aeabi_fcmpgt                  
00003e83  memset                          
00003ee5  SYSCFG_DL_initPower             
00003f45  DL_I2C_fillControllerTXFIFO     
00003fa5  GROUP1_IRQHandler               
00003ffd  OLED_Task                       
00004055  __aeabi_idiv                    
00004055  __aeabi_idivmod                 
000040ad  SYSCFG_DL_I2C_MPU_init          
00004101  SYSCFG_DL_QEI_0_init            
0000414d  DL_UART_init                    
00004195  __aeabi_uidiv                   
00004195  __aeabi_uidivmod                
000041d5  DL_I2C_flushControllerTXFIFO    
00004211  SYSCFG_DL_init                  
0000424d  __aeabi_i2f                     
0000424d  __floatsisf                     
00004289  __gesf2                         
00004289  __gtsf2                         
000042c5  __TI_auto_init_nobinit_nopinit  
00004301  __cmpsf2                        
00004301  __eqsf2                         
00004301  __lesf2                         
00004301  __ltsf2                         
00004301  __nesf2                         
0000433d  __muldsi3                       
000043b1  OLED_Init                       
000043e9  SYSCFG_DL_TIMER_CONTROL_init    
00004421  __aeabi_f2iz                    
00004421  __fixsfsi                       
00004459  Board_OLED_I2C_Init             
0000448d  DL_I2C_flushControllerRXFIFO    
000044bd  SYSCFG_DL_SYSCTL_init           
000044ed  __aeabi_ui2f                    
000044ed  __floatunsisf                   
00004515  _c_int00_noargs                 
0000453d  DL_I2C_setClockConfig           
00004565  Car_StartLineFollow             
00004585  TIMG12_IRQHandler               
000045a5  DL_Timer_setCaptCompUpdateMethod
000045c1  DL_Timer_setClockConfig         
000045dd  DL_Timer_setCaptureCompareOutCtl
000045f5  Board_I2C_WriteReg              
0000460b  DL_UART_setClockConfig          
0000461d  __TI_decompress_none            
00004631  DL_Timer_setCaptureCompareValue 
00004641  __TI_zero_init                  
00004651  __aeabi_memclr                  
00004651  __aeabi_memclr4                 
00004651  __aeabi_memclr8                 
0000465d  DL_Common_delayCycles           
00004667  LineTracker_Init                
00004671  __aeabi_memcpy                  
00004671  __aeabi_memcpy4                 
00004671  __aeabi_memcpy8                 
00004679  abort                           
0000467e  C$$EXIT                         
0000467f  HOSTexit                        
00004683  Reset_Handler                   
00004687  _system_pre_init                
00004928  __TI_Handler_Table_Base         
00004934  __TI_Handler_Table_Limit        
0000493c  __TI_CINIT_Base                 
0000494c  __TI_CINIT_Limit                
0000494c  __TI_CINIT_Warm                 
20200000  __start___llvm_prf_bits         
20200000  __start___llvm_prf_cnts         
20200000  __stop___llvm_prf_bits          
20200000  __stop___llvm_prf_cnts          
20200400  gPWM_0Backup                    
202004bc  gQEI_0Backup                    
202005dc  g_car                           
202006ec  g_mpu6050                       
20200708  g_line                          
20200720  g_competition_task_status       
20200730  g_oled                          
20207e00  __stack                         
20208000  __STACK_END                     
ffffffff  __TI_pprof_out_hndl             
ffffffff  __TI_prof_data_size             
ffffffff  __TI_prof_data_start            
ffffffff  __binit__                       
ffffffff  binit                           
UNDEFED   __mpu_init                      
UNDEFED   _system_post_cinit              

[165 symbols]
