******************************************************************************
            TI ARM Clang Linker PC v4.0.4                      
******************************************************************************
>> Linked Thu Jul 30 22:06:06 2026

OUTPUT FILE NAME:   <TI_Car_3507_64.out>
ENTRY POINT SYMBOL: "_c_int00_noargs"  address: 00004819


MEMORY CONFIGURATION

         name            origin    length      used     unused   attr    fill
----------------------  --------  ---------  --------  --------  ----  --------
  FLASH                 00000000   00020000  00004ce8  0001b318  R  X
  SRAM                  20200000   00008000  0000098e  00007672  RW X
  BCR_CONFIG            41c00000   000000ff  00000000  000000ff  R   
  BSL_CONFIG            41c00100   00000080  00000000  00000080  R   


SEGMENT ALLOCATION MAP

run origin  load origin   length   init length attrs members
----------  ----------- ---------- ----------- ----- -------
00000000    00000000    00004ce8   00004ce8    r-x
  00000000    00000000    000000c0   000000c0    r-- .intvecs
  000000c0    000000c0    00004960   00004960    r-x .text
  00004a20    00004a20    00000208   00000208    r-- .rodata
  00004c28    00004c28    000000c0   000000c0    r-- .cinit
20200000    20200000    0000078e   00000000    rw-
  20200000    20200000    000005dc   00000000    rw- .bss
  202005dc    202005dc    000001b2   00000000    rw- .data
20207e00    20207e00    00000200   00000000    rw-
  20207e00    20207e00    00000200   00000000    rw- .stack


SECTION ALLOCATION MAP

 output                                  attributes/
section   page    origin      length       input sections
--------  ----  ----------  ----------   ----------------
.intvecs   0    00000000    000000c0     
                  00000000    000000c0     startup_mspm0g350x_ticlang.o (.intvecs)

.text      0    000000c0    00004960     
                  000000c0    00000aac     car_control.o (.text.Car_ControlStep)
                  00000b6c    00000608     car_control.o (.text.Car_RightAngleApproachStep)
                  00001174    00000460     board_oled_i2c.o (.text.Board_OLED_I2C_RecoverBus)
                  000015d4    0000039c     board_oled_i2c.o (.text.Board_OLED_I2C_Write)
                  00001970    00000324     board_oled_i2c.o (.text.Board_OLED_I2C_WriteByte)
                  00001c94    0000028c     competition_tasks.o (.text.CompetitionTasks_ControlStep)
                  00001f20    00000274     oled_ssd1306.o (.text.OLED_DrawOdometer)
                  00002194    00000260     board_i2c.o (.text.Board_I2C_ReadRegs)
                  000023f4    000001c4     oled_ssd1306.o (.text.OLED_TryInitialize)
                  000025b8    000001a8     line_tracker.o (.text.LineTracker_Update)
                  00002760    00000180     car_control.o (.text.Car_Stop)
                  000028e0    00000150     board_i2c.o (.text.Board_I2C_WriteByteStream)
                  00002a30    00000140     odometer.o (.text.Odometer_ControlStep)
                  00002b70    0000012c     oled_ssd1306.o (.text.OLED_DrawRaceTime)
                  00002c9c    0000011c     ti_msp_dl_config.o (.text.SYSCFG_DL_GPIO_init)
                  00002db8    00000118     car_control.o (.text.Car_BrakeHold)
                  00002ed0    00000110     car_control.o (.text.Car_PidStep)
                  00002fe0    0000010c     mpu6050.o (.text.MPU6050_Init)
                  000030ec    00000104     driverlib.a : dl_timer.o (.text.DL_Timer_initFourCCPWMMode)
                  000031f0    00000100     car_control.o (.text.Car_LinePidStep)
                  000032f0    000000fc     driverlib.a : dl_timer.o (.text.DL_Timer_initTimerMode)
                  000033ec    000000f8     oled_ssd1306.o (.text.OLED_UpdateWindow)
                  000034e4    000000d8     libclang_rt.builtins.a : addsf3.S.obj (.text)
                  000035bc    000000d4     oled_ssd1306.o (.text.OLED_DrawAscii)
                  00003690    000000d0     odometer.o (.text.Odometer_Service)
                  00003760    000000c0     debug_uart.o (.text.UART1_IRQHandler)
                  00003820    000000bc     competition_tasks.o (.text.CompetitionTasks_Init)
                  000038dc    000000b0     car_control.o (.text.Car_Init)
                  0000398c    000000b0     mpu6050.o (.text.MPU6050_Calibrate)
                  00003a3c    000000a2     libclang_rt.builtins.a : udivmoddi4.S.obj (.text)
                  00003ade    00000002     startup_mspm0g350x_ticlang.o (.text.Default_Handler)
                  00003ae0    000000a0     empty.o (.text.main)
                  00003b80    0000009c     mpu6050.o (.text.MPU6050_Task)
                  00003c1c    0000009a     libc.a : memcpy16.S.obj (.text:memcpy)
                  00003cb6    00000002     libclang_rt.builtins.a : aeabi_div0.c.obj (.text.__aeabi_idiv0)
                  00003cb8    0000008c     car_control.o (.text.Car_RightAngleAssistStop)
                  00003d44    0000008c     ti_msp_dl_config.o (.text.SYSCFG_DL_PWM_0_init)
                  00003dd0    0000008c     libclang_rt.builtins.a : mulsf3.S.obj (.text.__mulsf3)
                  00003e5c    00000082                            : divsf3.S.obj (.text.__divsf3)
                  00003ede    00000002                            : aeabi_div0.c.obj (.text.__aeabi_ldiv0)
                  00003ee0    0000007c     odometer.o (.text.Odometer_Init)
                  00003f5c    0000007c     libc.a : copy_decompress_lzss.c.obj (.text:decompress:lzss)
                  00003fd8    00000070     competition_tasks.o (.text.CompetitionTasks_Service)
                  00004048    00000070     ti_msp_dl_config.o (.text.SYSCFG_DL_UART_DEBUG_init)
                  000040b8    0000006c     car_control.o (.text.Car_RightAngleSetTargets)
                  00004124    00000062     libclang_rt.builtins.a : aeabi_fcmp.S.obj (.text.__aeabi_fcmp)
                  00004186    00000062     libc.a : memset16.S.obj (.text:memset)
                  000041e8    00000060     ti_msp_dl_config.o (.text.SYSCFG_DL_initPower)
                  00004248    0000005e     driverlib.a : dl_i2c.o (.text.DL_I2C_fillControllerTXFIFO)
                  000042a6    00000002     --HOLE-- [fill = 0]
                  000042a8    00000058     car_control.o (.text.GROUP1_IRQHandler)
                  00004300    00000058     oled_ssd1306.o (.text.OLED_Task)
                  00004358    00000056     libclang_rt.builtins.a : aeabi_idivmod.S.obj (.text.__aeabi_idivmod)
                  000043ae    00000002     --HOLE-- [fill = 0]
                  000043b0    00000054     ti_msp_dl_config.o (.text.SYSCFG_DL_I2C_MPU_init)
                  00004404    0000004c     ti_msp_dl_config.o (.text.SYSCFG_DL_QEI_0_init)
                  00004450    00000048     driverlib.a : dl_uart.o (.text.DL_UART_init)
                  00004498    00000040     libclang_rt.builtins.a : aeabi_uidivmod.S.obj (.text.__aeabi_uidivmod)
                  000044d8    0000003c     driverlib.a : dl_i2c.o (.text.DL_I2C_flushControllerTXFIFO)
                  00004514    0000003c     ti_msp_dl_config.o (.text.SYSCFG_DL_init)
                  00004550    0000003c     libclang_rt.builtins.a : floatsisf.S.obj (.text.__floatsisf)
                  0000458c    0000003c                            : comparesf2.S.obj (.text.__gtsf2)
                  000045c8    0000003c     libc.a : autoinit.c.obj (.text:__TI_auto_init_nobinit_nopinit)
                  00004604    0000003a     libclang_rt.builtins.a : comparesf2.S.obj (.text.__eqsf2)
                  0000463e    00000002     --HOLE-- [fill = 0]
                  00004640    0000003a                            : muldsi3.S.obj (.text.__muldsi3)
                  0000467a    00000002     --HOLE-- [fill = 0]
                  0000467c    00000038     board_i2c.o (.text.Board_I2C_RecoverBus)
                  000046b4    00000038     oled_ssd1306.o (.text.OLED_Init)
                  000046ec    00000038     ti_msp_dl_config.o (.text.SYSCFG_DL_TIMER_CONTROL_init)
                  00004724    00000038     libclang_rt.builtins.a : fixsfsi.S.obj (.text.__fixsfsi)
                  0000475c    00000034     board_oled_i2c.o (.text.Board_OLED_I2C_Init)
                  00004790    00000030     driverlib.a : dl_i2c.o (.text.DL_I2C_flushControllerRXFIFO)
                  000047c0    00000030     ti_msp_dl_config.o (.text.SYSCFG_DL_SYSCTL_init)
                  000047f0    00000028     libclang_rt.builtins.a : floatunsisf.S.obj (.text.__floatunsisf)
                  00004818    00000028     libc.a : boot_cortex_m.c.obj (.text:_c_int00_noargs)
                  00004840    00000026     driverlib.a : dl_i2c.o (.text.DL_I2C_setClockConfig)
                  00004866    00000002     --HOLE-- [fill = 0]
                  00004868    00000024     libclang_rt.builtins.a : muldi3.S.obj (.text.__muldi3)
                  0000488c    00000020     car_control.o (.text.Car_StartLineFollow)
                  000048ac    00000020     empty.o (.text.TIMG12_IRQHandler)
                  000048cc    0000001e     libclang_rt.builtins.a : ashldi3.S.obj (.text.__ashldi3)
                  000048ea    00000002     --HOLE-- [fill = 0]
                  000048ec    0000001c     driverlib.a : dl_timer.o (.text.DL_Timer_setCaptCompUpdateMethod)
                  00004908    0000001c                 : dl_timer.o (.text.DL_Timer_setClockConfig)
                  00004924    0000001c     odometer.o (.text.Odometer_GetControlProgress)
                  00004940    00000018     car_control.o (.text.Car_SetLineFollowBaseCounts)
                  00004958    00000018     driverlib.a : dl_timer.o (.text.DL_Timer_setCaptureCompareOutCtl)
                  00004970    00000016     board_i2c.o (.text.Board_I2C_WriteReg)
                  00004986    00000002     --HOLE-- [fill = 0]
                  00004988    00000014     libclang_rt.builtins.a : aeabi_uldivmod.S.obj (.text.__aeabi_uldivmod)
                  0000499c    00000012     driverlib.a : dl_uart.o (.text.DL_UART_setClockConfig)
                  000049ae    00000012     libc.a : copy_decompress_none.c.obj (.text:decompress:none)
                  000049c0    00000010     driverlib.a : dl_timer.o (.text.DL_Timer_setCaptureCompareValue)
                  000049d0    00000010     libc.a : copy_zero_init.c.obj (.text:decompress:ZI)
                  000049e0    0000000c     libclang_rt.builtins.a : aeabi_memset.S.obj (.text.__aeabi_memclr)
                  000049ec    0000000a     driverlib.a : dl_common.o (.text.DL_Common_delayCycles)
                  000049f6    00000008     line_tracker.o (.text.LineTracker_Init)
                  000049fe    00000002     --HOLE-- [fill = 0]
                  00004a00    00000008     libclang_rt.builtins.a : aeabi_memcpy.S.obj (.text.__aeabi_memcpy)
                  00004a08    00000006     libc.a : exit.c.obj (.text:abort)
                  00004a0e    00000004     libsysbm.a : hostexit.c.obj (.text.HOSTexit)
                  00004a12    00000004     startup_mspm0g350x_ticlang.o (.text.Reset_Handler)
                  00004a16    00000004     libc.a : pre_init.c.obj (.text._system_pre_init)
                  00004a1a    00000006     --HOLE-- [fill = 0]

.cinit     0    00004c28    000000c0     
                  00004c28    00000097     (.cinit..data.load) [load image, compression = lzss]
                  00004cbf    00000001     --HOLE-- [fill = 0]
                  00004cc0    0000000c     (__TI_handler_table)
                  00004ccc    00000008     (.cinit..bss.load) [load image, compression = zero_init]
                  00004cd4    00000010     (__TI_cinit_table)
                  00004ce4    00000004     --HOLE-- [fill = 0]

.rodata    0    00004a20    00000208     
                  00004a20    00000140     oled_ssd1306.o (.rodata.s_digit16)
                  00004b60    00000069     oled_ssd1306.o (.rodata.s_font5x7)
                  00004bc9    0000001c     oled_ssd1306.o (.rodata.s_oled_init_cmds)
                  00004be5    00000003     ti_msp_dl_config.o (.rodata.gPWM_0ClockConfig)
                  00004be8    00000014     ti_msp_dl_config.o (.rodata.gTIMER_CONTROLTimerConfig)
                  00004bfc    00000010     car_control.o (.rodata.cst16)
                  00004c0c    0000000a     ti_msp_dl_config.o (.rodata.gUART_DEBUGConfig)
                  00004c16    00000002     ti_msp_dl_config.o (.rodata.gI2C_MPUClockConfig)
                  00004c18    00000008     ti_msp_dl_config.o (.rodata.gPWM_0Config)
                  00004c20    00000003     ti_msp_dl_config.o (.rodata.gQEI_0ClockConfig)
                  00004c23    00000003     ti_msp_dl_config.o (.rodata.gTIMER_CONTROLClockConfig)
                  00004c26    00000002     ti_msp_dl_config.o (.rodata.gUART_DEBUGClockConfig)

.init_array 
*          0    00000000    00000000     UNINITIALIZED

.binit     0    00000000    00000000     

.bss       0    20200000    000005dc     UNINITIALIZED
                  20200000    00000400     oled_ssd1306.o (.bss.s_buffer)
                  20200400    000000bc     (.common:gPWM_0Backup)
                  202004bc    000000a0     (.common:gQEI_0Backup)
                  2020055c    00000080     debug_uart.o (.bss.s_rx_buffer)

.data      0    202005dc    000001b2     UNINITIALIZED
                  202005dc    00000110     car_control.o (.data.g_car)
                  202006ec    0000001c     mpu6050.o (.data.g_mpu6050)
                  20200708    00000018     line_tracker.o (.data.g_line)
                  20200720    00000010     competition_tasks.o (.data.g_competition_task_status)
                  20200730    00000008     oled_ssd1306.o (.data.g_oled)
                  20200738    00000004     car_control.o (.data.s_approach_fused_distance)
                  2020073c    00000004     odometer.o (.data.s_control_progress)
                  20200740    00000004     competition_tasks.o (.data.s_key_debounce_tick)
                  20200744    00000004     competition_tasks.o (.data.s_key_press_tick)
                  20200748    00000004     competition_tasks.o (.data.s_last_control_tick)
                  2020074c    00000004     competition_tasks.o (.data.s_last_display_tick)
                  20200750    00000004     odometer.o (.data.s_last_display_tick)
                  20200754    00000004     mpu6050.o (.data.s_last_sample_tick)
                  20200758    00000004     oled_ssd1306.o (.data.s_last_service_tick)
                  2020075c    00000004     odometer.o (.data.s_left_counts)
                  20200760    00000004     odometer.o (.data.s_left_zero)
                  20200764    00000004     competition_tasks.o (.data.s_motion_start_tick)
                  20200768    00000004     odometer.o (.data.s_right_counts)
                  2020076c    00000004     car_control.o (.data.s_right_encoder_count)
                  20200770    00000004     odometer.o (.data.s_right_zero)
                  20200774    00000002     competition_tasks.o (.data.s_max_lap_progress)
                  20200776    00000002     debug_uart.o (.data.s_rx_head)
                  20200778    00000002     debug_uart.o (.data.s_rx_tail)
                  2020077a    00000001     car_control.o (.data.s_approach_invalid_ticks)
                  2020077b    00000001     car_control.o (.data.s_approach_left_stale_ticks)
                  2020077c    00000001     car_control.o (.data.s_approach_locked_health)
                  2020077d    00000001     car_control.o (.data.s_approach_mismatch_health)
                  2020077e    00000001     car_control.o (.data.s_approach_mismatch_ticks)
                  2020077f    00000001     car_control.o (.data.s_approach_right_stale_ticks)
                  20200780    00000001     competition_tasks.o (.data.s_display_dirty)
                  20200781    00000001     odometer.o (.data.s_display_dirty)
                  20200782    00000001     competition_tasks.o (.data.s_finish_confirm_count)
                  20200783    00000001     odometer.o (.data.s_frozen)
                  20200784    00000001     competition_tasks.o (.data.s_initialized)
                  20200785    00000001     odometer.o (.data.s_initialized)
                  20200786    00000001     competition_tasks.o (.data.s_key_armed)
                  20200787    00000001     competition_tasks.o (.data.s_key_last_raw)
                  20200788    00000001     competition_tasks.o (.data.s_key_press_allowed)
                  20200789    00000001     competition_tasks.o (.data.s_key_press_pending)
                  2020078a    00000001     competition_tasks.o (.data.s_key_stable)
                  2020078b    00000001     odometer.o (.data.s_last_state)
                  2020078c    00000001     competition_tasks.o (.data.s_leave_confirm_count)
                  2020078d    00000001     car_control.o (.data.s_right_encoder_state)

.stack     0    20207e00    00000200     UNINITIALIZED
                  20207e00    00000004     libc.a : boot_cortex_m.c.obj (.stack)
                  20207e04    000001fc     --HOLE--

__llvm_prf_cnts 
*          0    20200000    00000000     UNINITIALIZED

__llvm_prf_bits 
*          0    20200000    00000000     UNINITIALIZED

MODULE SUMMARY

       Module                         code    ro data   rw data
       ------                         ----    -------   -------
    .\
       car_control.o                  6036    16        287    
       oled_ssd1306.o                 1984    453       1036   
       board_oled_i2c.o               2900    0         0      
       ti_msp_dl_config.o             956     51        348    
       board_i2c.o                    1022    0         0      
       competition_tasks.o            952     0         47     
       odometer.o                     680     0         28     
       mpu6050.o                      600     0         32     
       line_tracker.o                 432     0         24     
       debug_uart.o                   192     0         132    
       startup_mspm0g350x_ticlang.o   6       192       0      
       empty.o                        192     0         0      
    +--+------------------------------+-------+---------+---------+
       Total:                         15952   712       1934   
                                                               
    F:/TI/mspm0_sdk_2_10_00_04/source/ti/driverlib/lib/ticlang/m0p/mspm0g1x0x_g3x0x/driverlib.a
       dl_timer.o                     608     0         0      
       dl_i2c.o                       240     0         0      
       dl_uart.o                      90      0         0      
       dl_common.o                    10      0         0      
    +--+------------------------------+-------+---------+---------+
       Total:                         948     0         0      
                                                               
    F:\TI\ccstheia\ccs\tools\compiler\ti-cgt-armllvm_4.0.4.LTS\lib\armv6m-ti-none-eabi/c/libc.a
       memcpy16.S.obj                 154     0         0      
       copy_decompress_lzss.c.obj     124     0         0      
       memset16.S.obj                 98      0         0      
       autoinit.c.obj                 60      0         0      
       boot_cortex_m.c.obj            40      0         0      
       copy_decompress_none.c.obj     18      0         0      
       copy_zero_init.c.obj           16      0         0      
       exit.c.obj                     6       0         0      
       pre_init.c.obj                 4       0         0      
    +--+------------------------------+-------+---------+---------+
       Total:                         520     0         0      
                                                               
    F:\TI\ccstheia\ccs\tools\compiler\ti-cgt-armllvm_4.0.4.LTS\lib\armv6m-ti-none-eabi/c/libsysbm.a
       hostexit.c.obj                 4       0         0      
    +--+------------------------------+-------+---------+---------+
       Total:                         4       0         0      
                                                               
    F:\TI\ccstheia\ccs\tools\compiler\ti-cgt-armllvm_4.0.4.LTS\lib\armv6m-ti-none-eabi/libclang_rt.builtins.a
       addsf3.S.obj                   216     0         0      
       udivmoddi4.S.obj               162     0         0      
       mulsf3.S.obj                   140     0         0      
       divsf3.S.obj                   130     0         0      
       comparesf2.S.obj               118     0         0      
       aeabi_fcmp.S.obj               98      0         0      
       aeabi_idivmod.S.obj            86      0         0      
       aeabi_uidivmod.S.obj           64      0         0      
       floatsisf.S.obj                60      0         0      
       muldsi3.S.obj                  58      0         0      
       fixsfsi.S.obj                  56      0         0      
       floatunsisf.S.obj              40      0         0      
       muldi3.S.obj                   36      0         0      
       ashldi3.S.obj                  30      0         0      
       aeabi_uldivmod.S.obj           20      0         0      
       aeabi_memset.S.obj             12      0         0      
       aeabi_memcpy.S.obj             8       0         0      
       aeabi_div0.c.obj               4       0         0      
    +--+------------------------------+-------+---------+---------+
       Total:                         1338    0         0      
                                                               
       Stack:                         0       0         512    
       Linker Generated:              0       187       0      
    +--+------------------------------+-------+---------+---------+
       Grand Total:                   18762   899       2446   


LINKER GENERATED COPY TABLES

__TI_cinit_table @ 00004cd4 records: 2, size/record: 8, table size: 16
	.data: load addr=00004c28, load size=00000097 bytes, run addr=202005dc, run size=000001b2 bytes, compression=lzss
	.bss: load addr=00004ccc, load size=00000008 bytes, run addr=20200000, run size=000005dc bytes, compression=zero_init


LINKER GENERATED HANDLER TABLE

__TI_handler_table @ 00004cc0 records: 3, size/record: 4, table size: 12
	index: 0, handler: __TI_decompress_lzss
	index: 1, handler: __TI_decompress_none
	index: 2, handler: __TI_zero_init


GLOBAL SYMBOLS: SORTED ALPHABETICALLY BY Name 

address   name                            
-------   ----                            
00003adf  ADC0_IRQHandler                 
00003adf  ADC1_IRQHandler                 
00003adf  AES_IRQHandler                  
00002195  Board_I2C_ReadRegs              
00004971  Board_I2C_WriteReg              
0000475d  Board_OLED_I2C_Init             
000015d5  Board_OLED_I2C_Write            
00004a0e  C$$EXIT                         
00003adf  CANFD0_IRQHandler               
00002db9  Car_BrakeHold                   
000000c1  Car_ControlStep                 
000038dd  Car_Init                        
00004941  Car_SetLineFollowBaseCounts     
0000488d  Car_StartLineFollow             
00002761  Car_Stop                        
00001c95  CompetitionTasks_ControlStep    
00003821  CompetitionTasks_Init           
00003fd9  CompetitionTasks_Service        
00003adf  DAC0_IRQHandler                 
000049ed  DL_Common_delayCycles           
00004249  DL_I2C_fillControllerTXFIFO     
00004791  DL_I2C_flushControllerRXFIFO    
000044d9  DL_I2C_flushControllerTXFIFO    
00004841  DL_I2C_setClockConfig           
000030ed  DL_Timer_initFourCCPWMMode      
000032f1  DL_Timer_initTimerMode          
000048ed  DL_Timer_setCaptCompUpdateMethod
00004959  DL_Timer_setCaptureCompareOutCtl
000049c1  DL_Timer_setCaptureCompareValue 
00004909  DL_Timer_setClockConfig         
00004451  DL_UART_init                    
0000499d  DL_UART_setClockConfig          
00003adf  DMA_IRQHandler                  
00003adf  Default_Handler                 
00003adf  GROUP0_IRQHandler               
000042a9  GROUP1_IRQHandler               
00004a0f  HOSTexit                        
00003adf  HardFault_Handler               
00003adf  I2C0_IRQHandler                 
00003adf  I2C1_IRQHandler                 
000049f7  LineTracker_Init                
000025b9  LineTracker_Update              
0000398d  MPU6050_Calibrate               
00002fe1  MPU6050_Init                    
00003b81  MPU6050_Task                    
00003adf  NMI_Handler                     
000035bd  OLED_DrawAscii                  
00001f21  OLED_DrawOdometer               
00002b71  OLED_DrawRaceTime               
000046b5  OLED_Init                       
00004301  OLED_Task                       
00002a31  Odometer_ControlStep            
00004925  Odometer_GetControlProgress     
00003ee1  Odometer_Init                   
00003691  Odometer_Service                
00003adf  PendSV_Handler                  
00003adf  RTC_IRQHandler                  
00004a13  Reset_Handler                   
00003adf  SPI0_IRQHandler                 
00003adf  SPI1_IRQHandler                 
00003adf  SVC_Handler                     
00002c9d  SYSCFG_DL_GPIO_init             
000043b1  SYSCFG_DL_I2C_MPU_init          
00003d45  SYSCFG_DL_PWM_0_init            
00004405  SYSCFG_DL_QEI_0_init            
000047c1  SYSCFG_DL_SYSCTL_init           
000046ed  SYSCFG_DL_TIMER_CONTROL_init    
00004049  SYSCFG_DL_UART_DEBUG_init       
00004515  SYSCFG_DL_init                  
000041e9  SYSCFG_DL_initPower             
00003adf  SysTick_Handler                 
00003adf  TIMA0_IRQHandler                
00003adf  TIMA1_IRQHandler                
00003adf  TIMG0_IRQHandler                
000048ad  TIMG12_IRQHandler               
00003adf  TIMG6_IRQHandler                
00003adf  TIMG7_IRQHandler                
00003adf  TIMG8_IRQHandler                
00003adf  UART0_IRQHandler                
00003761  UART1_IRQHandler                
00003adf  UART2_IRQHandler                
00003adf  UART3_IRQHandler                
20208000  __STACK_END                     
00000200  __STACK_SIZE                    
00000000  __TI_ATRegion0_region_sz        
00000000  __TI_ATRegion0_src_addr         
00000000  __TI_ATRegion0_trg_addr         
00000000  __TI_ATRegion1_region_sz        
00000000  __TI_ATRegion1_src_addr         
00000000  __TI_ATRegion1_trg_addr         
00000000  __TI_ATRegion2_region_sz        
00000000  __TI_ATRegion2_src_addr         
00000000  __TI_ATRegion2_trg_addr         
00004cd4  __TI_CINIT_Base                 
00004ce4  __TI_CINIT_Limit                
00004ce4  __TI_CINIT_Warm                 
00004cc0  __TI_Handler_Table_Base         
00004ccc  __TI_Handler_Table_Limit        
000045c9  __TI_auto_init_nobinit_nopinit  
00003f5d  __TI_decompress_lzss            
000049af  __TI_decompress_none            
ffffffff  __TI_pprof_out_hndl             
ffffffff  __TI_prof_data_size             
ffffffff  __TI_prof_data_start            
00000000  __TI_static_base__              
000049d1  __TI_zero_init                  
000034ef  __addsf3                        
00004725  __aeabi_f2iz                    
000034ef  __aeabi_fadd                    
00004125  __aeabi_fcmpeq                  
00004161  __aeabi_fcmpge                  
00004175  __aeabi_fcmpgt                  
0000414d  __aeabi_fcmple                  
00004139  __aeabi_fcmplt                  
00003e5d  __aeabi_fdiv                    
00003dd1  __aeabi_fmul                    
000034e5  __aeabi_fsub                    
00004551  __aeabi_i2f                     
00004359  __aeabi_idiv                    
00003cb7  __aeabi_idiv0                   
00004359  __aeabi_idivmod                 
00003edf  __aeabi_ldiv0                   
000048cd  __aeabi_llsl                    
00004869  __aeabi_lmul                    
000049e1  __aeabi_memclr                  
000049e1  __aeabi_memclr4                 
000049e1  __aeabi_memclr8                 
00004a01  __aeabi_memcpy                  
00004a01  __aeabi_memcpy4                 
00004a01  __aeabi_memcpy8                 
000047f1  __aeabi_ui2f                    
00004499  __aeabi_uidiv                   
00004499  __aeabi_uidivmod                
00004989  __aeabi_uldivmod                
000048cd  __ashldi3                       
ffffffff  __binit__                       
00004605  __cmpsf2                        
00003e5d  __divsf3                        
00004605  __eqsf2                         
00004725  __fixsfsi                       
00004551  __floatsisf                     
000047f1  __floatunsisf                   
0000458d  __gesf2                         
0000458d  __gtsf2                         
00004605  __lesf2                         
00004605  __ltsf2                         
UNDEFED   __mpu_init                      
00004869  __muldi3                        
00004641  __muldsi3                       
00003dd1  __mulsf3                        
00004605  __nesf2                         
20207e00  __stack                         
20200000  __start___llvm_prf_bits         
20200000  __start___llvm_prf_cnts         
20200000  __stop___llvm_prf_bits          
20200000  __stop___llvm_prf_cnts          
000034e5  __subsf3                        
00003a3d  __udivmoddi4                    
00004819  _c_int00_noargs                 
UNDEFED   _system_post_cinit              
00004a17  _system_pre_init                
00004a09  abort                           
ffffffff  binit                           
20200400  gPWM_0Backup                    
202004bc  gQEI_0Backup                    
202005dc  g_car                           
20200720  g_competition_task_status       
20200708  g_line                          
202006ec  g_mpu6050                       
20200730  g_oled                          
00000000  interruptVectors                
00003ae1  main                            
00003c1d  memcpy                          
00004187  memset                          


GLOBAL SYMBOLS: SORTED BY Symbol Address 

address   name                            
-------   ----                            
00000000  __TI_ATRegion0_region_sz        
00000000  __TI_ATRegion0_src_addr         
00000000  __TI_ATRegion0_trg_addr         
00000000  __TI_ATRegion1_region_sz        
00000000  __TI_ATRegion1_src_addr         
00000000  __TI_ATRegion1_trg_addr         
00000000  __TI_ATRegion2_region_sz        
00000000  __TI_ATRegion2_src_addr         
00000000  __TI_ATRegion2_trg_addr         
00000000  __TI_static_base__              
00000000  interruptVectors                
000000c1  Car_ControlStep                 
00000200  __STACK_SIZE                    
000015d5  Board_OLED_I2C_Write            
00001c95  CompetitionTasks_ControlStep    
00001f21  OLED_DrawOdometer               
00002195  Board_I2C_ReadRegs              
000025b9  LineTracker_Update              
00002761  Car_Stop                        
00002a31  Odometer_ControlStep            
00002b71  OLED_DrawRaceTime               
00002c9d  SYSCFG_DL_GPIO_init             
00002db9  Car_BrakeHold                   
00002fe1  MPU6050_Init                    
000030ed  DL_Timer_initFourCCPWMMode      
000032f1  DL_Timer_initTimerMode          
000034e5  __aeabi_fsub                    
000034e5  __subsf3                        
000034ef  __addsf3                        
000034ef  __aeabi_fadd                    
000035bd  OLED_DrawAscii                  
00003691  Odometer_Service                
00003761  UART1_IRQHandler                
00003821  CompetitionTasks_Init           
000038dd  Car_Init                        
0000398d  MPU6050_Calibrate               
00003a3d  __udivmoddi4                    
00003adf  ADC0_IRQHandler                 
00003adf  ADC1_IRQHandler                 
00003adf  AES_IRQHandler                  
00003adf  CANFD0_IRQHandler               
00003adf  DAC0_IRQHandler                 
00003adf  DMA_IRQHandler                  
00003adf  Default_Handler                 
00003adf  GROUP0_IRQHandler               
00003adf  HardFault_Handler               
00003adf  I2C0_IRQHandler                 
00003adf  I2C1_IRQHandler                 
00003adf  NMI_Handler                     
00003adf  PendSV_Handler                  
00003adf  RTC_IRQHandler                  
00003adf  SPI0_IRQHandler                 
00003adf  SPI1_IRQHandler                 
00003adf  SVC_Handler                     
00003adf  SysTick_Handler                 
00003adf  TIMA0_IRQHandler                
00003adf  TIMA1_IRQHandler                
00003adf  TIMG0_IRQHandler                
00003adf  TIMG6_IRQHandler                
00003adf  TIMG7_IRQHandler                
00003adf  TIMG8_IRQHandler                
00003adf  UART0_IRQHandler                
00003adf  UART2_IRQHandler                
00003adf  UART3_IRQHandler                
00003ae1  main                            
00003b81  MPU6050_Task                    
00003c1d  memcpy                          
00003cb7  __aeabi_idiv0                   
00003d45  SYSCFG_DL_PWM_0_init            
00003dd1  __aeabi_fmul                    
00003dd1  __mulsf3                        
00003e5d  __aeabi_fdiv                    
00003e5d  __divsf3                        
00003edf  __aeabi_ldiv0                   
00003ee1  Odometer_Init                   
00003f5d  __TI_decompress_lzss            
00003fd9  CompetitionTasks_Service        
00004049  SYSCFG_DL_UART_DEBUG_init       
00004125  __aeabi_fcmpeq                  
00004139  __aeabi_fcmplt                  
0000414d  __aeabi_fcmple                  
00004161  __aeabi_fcmpge                  
00004175  __aeabi_fcmpgt                  
00004187  memset                          
000041e9  SYSCFG_DL_initPower             
00004249  DL_I2C_fillControllerTXFIFO     
000042a9  GROUP1_IRQHandler               
00004301  OLED_Task                       
00004359  __aeabi_idiv                    
00004359  __aeabi_idivmod                 
000043b1  SYSCFG_DL_I2C_MPU_init          
00004405  SYSCFG_DL_QEI_0_init            
00004451  DL_UART_init                    
00004499  __aeabi_uidiv                   
00004499  __aeabi_uidivmod                
000044d9  DL_I2C_flushControllerTXFIFO    
00004515  SYSCFG_DL_init                  
00004551  __aeabi_i2f                     
00004551  __floatsisf                     
0000458d  __gesf2                         
0000458d  __gtsf2                         
000045c9  __TI_auto_init_nobinit_nopinit  
00004605  __cmpsf2                        
00004605  __eqsf2                         
00004605  __lesf2                         
00004605  __ltsf2                         
00004605  __nesf2                         
00004641  __muldsi3                       
000046b5  OLED_Init                       
000046ed  SYSCFG_DL_TIMER_CONTROL_init    
00004725  __aeabi_f2iz                    
00004725  __fixsfsi                       
0000475d  Board_OLED_I2C_Init             
00004791  DL_I2C_flushControllerRXFIFO    
000047c1  SYSCFG_DL_SYSCTL_init           
000047f1  __aeabi_ui2f                    
000047f1  __floatunsisf                   
00004819  _c_int00_noargs                 
00004841  DL_I2C_setClockConfig           
00004869  __aeabi_lmul                    
00004869  __muldi3                        
0000488d  Car_StartLineFollow             
000048ad  TIMG12_IRQHandler               
000048cd  __aeabi_llsl                    
000048cd  __ashldi3                       
000048ed  DL_Timer_setCaptCompUpdateMethod
00004909  DL_Timer_setClockConfig         
00004925  Odometer_GetControlProgress     
00004941  Car_SetLineFollowBaseCounts     
00004959  DL_Timer_setCaptureCompareOutCtl
00004971  Board_I2C_WriteReg              
00004989  __aeabi_uldivmod                
0000499d  DL_UART_setClockConfig          
000049af  __TI_decompress_none            
000049c1  DL_Timer_setCaptureCompareValue 
000049d1  __TI_zero_init                  
000049e1  __aeabi_memclr                  
000049e1  __aeabi_memclr4                 
000049e1  __aeabi_memclr8                 
000049ed  DL_Common_delayCycles           
000049f7  LineTracker_Init                
00004a01  __aeabi_memcpy                  
00004a01  __aeabi_memcpy4                 
00004a01  __aeabi_memcpy8                 
00004a09  abort                           
00004a0e  C$$EXIT                         
00004a0f  HOSTexit                        
00004a13  Reset_Handler                   
00004a17  _system_pre_init                
00004cc0  __TI_Handler_Table_Base         
00004ccc  __TI_Handler_Table_Limit        
00004cd4  __TI_CINIT_Base                 
00004ce4  __TI_CINIT_Limit                
00004ce4  __TI_CINIT_Warm                 
20200000  __start___llvm_prf_bits         
20200000  __start___llvm_prf_cnts         
20200000  __stop___llvm_prf_bits          
20200000  __stop___llvm_prf_cnts          
20200400  gPWM_0Backup                    
202004bc  gQEI_0Backup                    
202005dc  g_car                           
202006ec  g_mpu6050                       
20200708  g_line                          
20200720  g_competition_task_status       
20200730  g_oled                          
20207e00  __stack                         
20208000  __STACK_END                     
ffffffff  __TI_pprof_out_hndl             
ffffffff  __TI_prof_data_size             
ffffffff  __TI_prof_data_start            
ffffffff  __binit__                       
ffffffff  binit                           
UNDEFED   __mpu_init                      
UNDEFED   _system_post_cinit              

[174 symbols]
