******************************************************************************
            TI ARM Clang Linker PC v4.0.4                      
******************************************************************************
>> Linked Mon Jul 27 15:26:25 2026

OUTPUT FILE NAME:   <TI_Car_3507_64.out>
ENTRY POINT SYMBOL: "_c_int00_noargs"  address: 000089a9


MEMORY CONFIGURATION

         name            origin    length      used     unused   attr    fill
----------------------  --------  ---------  --------  --------  ----  --------
  FLASH                 00000000   00020000  000090d0  00016f30  R  X
  SRAM                  20200000   00008000  000009d4  0000762c  RW X
  BCR_CONFIG            41c00000   000000ff  00000000  000000ff  R   
  BSL_CONFIG            41c00100   00000080  00000000  00000080  R   


SEGMENT ALLOCATION MAP

run origin  load origin   length   init length attrs members
----------  ----------- ---------- ----------- ----- -------
00000000    00000000    000090d0   000090d0    r-x
  00000000    00000000    000000c0   000000c0    r-- .intvecs
  000000c0    000000c0    00008b30   00008b30    r-x .text
  00008bf0    00008bf0    00000420   00000420    r-- .rodata
  00009010    00009010    000000c0   000000c0    r-- .cinit
20200000    20200000    000007d4   00000000    rw-
  20200000    20200000    0000063c   00000000    rw- .bss
  2020063c    2020063c    00000198   00000000    rw- .data
20207e00    20207e00    00000200   00000000    rw-
  20207e00    20207e00    00000200   00000000    rw- .stack


SECTION ALLOCATION MAP

 output                                  attributes/
section   page    origin      length       input sections
--------  ----  ----------  ----------   ----------------
.intvecs   0    00000000    000000c0     
                  00000000    000000c0     startup_mspm0g350x_ticlang.o (.intvecs)

.text      0    000000c0    00008b30     
                  000000c0    00001814     debug_uart.o (.text.Debug_UART_SendStatus)
                  000018d4    000016ac     debug_uart.o (.text.Debug_UART_ProcessRx)
                  00002f80    00000984     car_control.o (.text.Car_ControlStep)
                  00003904    000006e0     car_control.o (.text.Car_RightAngleApproachStep)
                  00003fe4    00000650     oled_ssd1306.o (.text.OLED_DrawProblemSelect)
                  00004634    00000460     board_oled_i2c.o (.text.Board_OLED_I2C_RecoverBus)
                  00004a94    0000039c     board_oled_i2c.o (.text.Board_OLED_I2C_Write)
                  00004e30    00000324     board_oled_i2c.o (.text.Board_OLED_I2C_WriteByte)
                  00005154    00000264     debug_uart.o (.text.Debug_UART_AppendFloat)
                  000053b8    00000260     board_i2c.o (.text.Board_I2C_ReadRegs)
                  00005618    00000248     debug_uart.o (.text.Debug_UART_ParseFloatList)
                  00005860    00000234     debug_uart.o (.text.Debug_UART_SendOkInt)
                  00005a94    00000228     oled_ssd1306.o (.text.OLED_Update)
                  00005cbc    000001d4     debug_uart.o (.text.Debug_UART_ParseFloat)
                  00005e90    000001c0     debug_uart.o (.text.vofa_speed_send)
                  00006050    000001bc     oled_ssd1306.o (.text.OLED_TryInitialize)
                  0000620c    000001bc     debug_uart.o (.text.vofa_line_send)
                  000063c8    000001ac     debug_uart.o (.text.vofa_gyro_send)
                  00006574    000001a8     line_tracker.o (.text.LineTracker_Update)
                  0000671c    00000188     oled_ssd1306.o (.text.OLED_DrawProblemSelected)
                  000068a4    00000174     car_control.o (.text.Car_Init)
                  00006a18    0000016c     debug_uart.o (.text.vofa_test_send)
                  00006b84    00000150     board_i2c.o (.text.Board_I2C_WriteByteStream)
                  00006cd4    00000128     ti_msp_dl_config.o (.text.SYSCFG_DL_GPIO_init)
                  00006dfc    00000120     debug_uart.o (.text.Debug_UART_SendOkFloat)
                  00006f1c    00000110     car_control.o (.text.Car_PidStep)
                  0000702c    0000010c     mpu6050.o (.text.MPU6050_Init)
                  00007138    00000104     driverlib.a : dl_timer.o (.text.DL_Timer_initFourCCPWMMode)
                  0000723c    00000100     car_control.o (.text.Car_LinePidStep)
                  0000733c    000000fc     driverlib.a : dl_timer.o (.text.DL_Timer_initTimerMode)
                  00007438    000000f4     car_control.o (.text.Car_Stop)
                  0000752c    000000e0     problem_menu.o (.text.ProblemMenu_Task)
                  0000760c    000000d8     libclang_rt.builtins.a : addsf3.S.obj (.text)
                  000076e4    000000c0     debug_uart.o (.text.UART1_IRQHandler)
                  000077a4    000000b8     empty.o (.text.main)
                  0000785c    000000b0     mpu6050.o (.text.MPU6050_Calibrate)
                  0000790c    000000ac     ec11_encoder.o (.text.EC11_Task)
                  000079b8    000000a4     debug_uart.o (.text.Debug_UART_CommandEquals)
                  00007a5c    000000a4     ec11_encoder.o (.text.EC11_HandleABInterrupt)
                  00007b00    000000a0     debug_uart.o (.text.Debug_UART_Init)
                  00007ba0    0000009c     mpu6050.o (.text.MPU6050_Task)
                  00007c3c    0000009a     libc.a : memcpy16.S.obj (.text:memcpy)
                  00007cd6    00000002     startup_mspm0g350x_ticlang.o (.text.Default_Handler)
                  00007cd8    00000098     debug_uart.o (.text.Debug_UART_GetArg)
                  00007d70    0000008c     car_control.o (.text.Car_RightAngleAssistStop)
                  00007dfc    0000008c     ti_msp_dl_config.o (.text.SYSCFG_DL_PWM_0_init)
                  00007e88    0000008c     libclang_rt.builtins.a : mulsf3.S.obj (.text.__mulsf3)
                  00007f14    00000084     ec11_encoder.o (.text.EC11_Init)
                  00007f98    00000082     libclang_rt.builtins.a : divsf3.S.obj (.text.__divsf3)
                  0000801a    00000002     competition_tasks.o (.text.Problem1_Exit)
                  0000801c    00000080     car_control.o (.text.GROUP1_IRQHandler)
                  0000809c    0000007c     libc.a : copy_decompress_lzss.c.obj (.text:decompress:lzss)
                  00008118    00000070     ti_msp_dl_config.o (.text.SYSCFG_DL_UART_DEBUG_init)
                  00008188    0000006c     car_control.o (.text.Car_RightAngleSetTargets)
                  000081f4    00000062     libclang_rt.builtins.a : aeabi_fcmp.S.obj (.text.__aeabi_fcmp)
                  00008256    00000062     libc.a : memset16.S.obj (.text:memset)
                  000082b8    00000060     ti_msp_dl_config.o (.text.SYSCFG_DL_initPower)
                  00008318    0000005e     driverlib.a : dl_i2c.o (.text.DL_I2C_fillControllerTXFIFO)
                  00008376    00000002     competition_tasks.o (.text.Problem1_Task)
                  00008378    0000005c     problem_menu.o (.text.ProblemMenu_Init)
                  000083d4    00000058     debug_uart.o (.text.Debug_UART_Task)
                  0000842c    00000058     oled_ssd1306.o (.text.OLED_Task)
                  00008484    00000056     libclang_rt.builtins.a : aeabi_idivmod.S.obj (.text.__aeabi_idivmod)
                  000084da    00000002     competition_tasks.o (.text.Problem2_Exit)
                  000084dc    00000054     ti_msp_dl_config.o (.text.SYSCFG_DL_I2C_MPU_init)
                  00008530    0000004c     ti_msp_dl_config.o (.text.SYSCFG_DL_QEI_0_init)
                  0000857c    00000048     driverlib.a : dl_uart.o (.text.DL_UART_init)
                  000085c4    00000040     libclang_rt.builtins.a : aeabi_uidivmod.S.obj (.text.__aeabi_uidivmod)
                  00008604    0000003c     driverlib.a : dl_i2c.o (.text.DL_I2C_flushControllerTXFIFO)
                  00008640    0000003c     ti_msp_dl_config.o (.text.SYSCFG_DL_init)
                  0000867c    0000003c     libclang_rt.builtins.a : floatsisf.S.obj (.text.__floatsisf)
                  000086b8    0000003c                            : comparesf2.S.obj (.text.__gtsf2)
                  000086f4    0000003c     libc.a : autoinit.c.obj (.text:__TI_auto_init_nobinit_nopinit)
                  00008730    0000003a     libclang_rt.builtins.a : comparesf2.S.obj (.text.__eqsf2)
                  0000876a    00000002     competition_tasks.o (.text.Problem2_Task)
                  0000876c    0000003a     libclang_rt.builtins.a : muldsi3.S.obj (.text.__muldsi3)
                  000087a6    00000002     competition_tasks.o (.text.Problem3_Exit)
                  000087a8    00000038     board_i2c.o (.text.Board_I2C_RecoverBus)
                  000087e0    00000038     oled_ssd1306.o (.text.OLED_Init)
                  00008818    00000038     ti_msp_dl_config.o (.text.SYSCFG_DL_TIMER_CONTROL_init)
                  00008850    00000038     libclang_rt.builtins.a : fixsfsi.S.obj (.text.__fixsfsi)
                  00008888    00000034     board_oled_i2c.o (.text.Board_OLED_I2C_Init)
                  000088bc    00000032     libclang_rt.builtins.a : fixunssfsi.S.obj (.text.__fixunssfsi)
                  000088ee    00000002     competition_tasks.o (.text.Problem3_Task)
                  000088f0    00000030     driverlib.a : dl_i2c.o (.text.DL_I2C_flushControllerRXFIFO)
                  00008920    00000030                 : dl_uart.o (.text.DL_UART_transmitDataBlocking)
                  00008950    00000030     ti_msp_dl_config.o (.text.SYSCFG_DL_SYSCTL_init)
                  00008980    00000028     libclang_rt.builtins.a : floatunsisf.S.obj (.text.__floatunsisf)
                  000089a8    00000028     libc.a : boot_cortex_m.c.obj (.text:_c_int00_noargs)
                  000089d0    00000026     driverlib.a : dl_i2c.o (.text.DL_I2C_setClockConfig)
                  000089f6    00000002     competition_tasks.o (.text.Problem4_Exit)
                  000089f8    00000024     competition_tasks.o (.text.CompetitionTasks_Exit)
                  00008a1c    00000020     car_control.o (.text.Car_StartLineFollow)
                  00008a3c    00000020     competition_tasks.o (.text.CompetitionTasks_Enter)
                  00008a5c    00000020     competition_tasks.o (.text.CompetitionTasks_Task)
                  00008a7c    0000001c     driverlib.a : dl_timer.o (.text.DL_Timer_setCaptCompUpdateMethod)
                  00008a98    0000001c                 : dl_timer.o (.text.DL_Timer_setClockConfig)
                  00008ab4    0000001c     ec11_encoder.o (.text.EC11_GetButtonEvent)
                  00008ad0    0000001c     ec11_encoder.o (.text.EC11_GetDelta)
                  00008aec    00000018     driverlib.a : dl_timer.o (.text.DL_Timer_setCaptureCompareOutCtl)
                  00008b04    00000018     empty.o (.text.TIMG12_IRQHandler)
                  00008b1c    00000016     board_i2c.o (.text.Board_I2C_WriteReg)
                  00008b32    00000012     driverlib.a : dl_uart.o (.text.DL_UART_setClockConfig)
                  00008b44    00000012     libc.a : copy_decompress_none.c.obj (.text:decompress:none)
                  00008b56    00000002     competition_tasks.o (.text.Problem4_Task)
                  00008b58    00000010     driverlib.a : dl_timer.o (.text.DL_Timer_setCaptureCompareValue)
                  00008b68    00000010     libc.a : copy_zero_init.c.obj (.text:decompress:ZI)
                  00008b78    0000000e     libclang_rt.builtins.a : aeabi_memset.S.obj (.text.__aeabi_memset)
                  00008b86    00000002     competition_tasks.o (.text.Problem5_Exit)
                  00008b88    0000000c     libclang_rt.builtins.a : aeabi_memset.S.obj (.text.__aeabi_memclr)
                  00008b94    0000000a     driverlib.a : dl_common.o (.text.DL_Common_delayCycles)
                  00008b9e    00000008     line_tracker.o (.text.LineTracker_Init)
                  00008ba6    00000008     competition_tasks.o (.text.Problem1_Enter)
                  00008bae    00000008     competition_tasks.o (.text.Problem2_Enter)
                  00008bb6    00000008     competition_tasks.o (.text.Problem3_Enter)
                  00008bbe    00000008     competition_tasks.o (.text.Problem4_Enter)
                  00008bc6    00000008     competition_tasks.o (.text.Problem5_Enter)
                  00008bce    00000002     competition_tasks.o (.text.Problem5_Task)
                  00008bd0    00000008     libclang_rt.builtins.a : aeabi_memcpy.S.obj (.text.__aeabi_memcpy)
                  00008bd8    00000006     libc.a : exit.c.obj (.text:abort)
                  00008bde    00000004     libsysbm.a : hostexit.c.obj (.text.HOSTexit)
                  00008be2    00000004     startup_mspm0g350x_ticlang.o (.text.Reset_Handler)
                  00008be6    00000004     libc.a : pre_init.c.obj (.text._system_pre_init)
                  00008bea    00000002     libclang_rt.builtins.a : aeabi_div0.c.obj (.text.__aeabi_idiv0)
                  00008bec    00000004     --HOLE-- [fill = 0]

.cinit     0    00009010    000000c0     
                  00009010    00000099     (.cinit..data.load) [load image, compression = lzss]
                  000090a9    00000003     --HOLE-- [fill = 0]
                  000090ac    0000000c     (__TI_handler_table)
                  000090b8    00000008     (.cinit..bss.load) [load image, compression = zero_init]
                  000090c0    00000010     (__TI_cinit_table)

.rodata    0    00008bf0    00000420     
                  00008bf0    00000140     oled_ssd1306.o (.rodata.s_digit16)
                  00008d30    000000c0     oled_ssd1306.o (.rodata.s_chinese16)
                  00008df0    00000078     oled_ssd1306.o (.rodata.s_menu_digit12)
                  00008e68    00000030     oled_ssd1306.o (.rodata.s_menu_chinese12)
                  00008e98    0000001c     oled_ssd1306.o (.rodata.s_oled_init_cmds)
                  00008eb4    00000014     ti_msp_dl_config.o (.rodata.gTIMER_CONTROLTimerConfig)
                  00008ec8    00000014     competition_tasks.o (.rodata.s_enter_table)
                  00008edc    00000014     competition_tasks.o (.rodata.s_exit_table)
                  00008ef0    00000014     competition_tasks.o (.rodata.s_task_table)
                  00008f04    00000011     debug_uart.o (.rodata.str1.6458327664208245438.1)
                  00008f15    00000010     car_control.o (.rodata.cst16)
                  00008f25    00000010     ec11_encoder.o (.rodata.cst16)
                  00008f35    00000001     --HOLE-- [fill = 0]
                  00008f36    0000000a     ti_msp_dl_config.o (.rodata.gUART_DEBUGConfig)
                  00008f40    00000009     debug_uart.o (.rodata.str1.12858735334856686681.1)
                  00008f49    00000009     debug_uart.o (.rodata.str1.402800920536087235.1)
                  00008f52    00000009     debug_uart.o (.rodata.str1.9871886773154595279.1)
                  00008f5b    00000001     --HOLE-- [fill = 0]
                  00008f5c    00000008     ti_msp_dl_config.o (.rodata.gPWM_0Config)
                  00008f64    00000008     debug_uart.o (.rodata.str1.11216194194454753251.1)
                  00008f6c    00000008     debug_uart.o (.rodata.str1.12497135275599074458.1)
                  00008f74    00000008     debug_uart.o (.rodata.str1.13116950401002096570.1)
                  00008f7c    00000008     debug_uart.o (.rodata.str1.15537960897562168936.1)
                  00008f84    00000008     debug_uart.o (.rodata.str1.2550248884874358827.1)
                  00008f8c    00000008     debug_uart.o (.rodata.str1.6115349477757457877.1)
                  00008f94    00000007     debug_uart.o (.rodata.str1.11127159389407494402.1)
                  00008f9b    00000007     debug_uart.o (.rodata.str1.15989200115357581723.1)
                  00008fa2    00000007     debug_uart.o (.rodata.str1.17276799732225785065.1)
                  00008fa9    00000007     debug_uart.o (.rodata.str1.7094908962268454530.1)
                  00008fb0    00000006     debug_uart.o (.rodata.str1.13276830473278608211.1)
                  00008fb6    00000006     debug_uart.o (.rodata.str1.13316212644771607044.1)
                  00008fbc    00000006     debug_uart.o (.rodata.str1.1432448451819883127.1)
                  00008fc2    00000006     debug_uart.o (.rodata.str1.3746068638744227419.1)
                  00008fc8    00000005     debug_uart.o (.rodata.str1.13450742778052438634.1)
                  00008fcd    00000005     debug_uart.o (.rodata.str1.16381963267101565806.1)
                  00008fd2    00000005     debug_uart.o (.rodata.str1.4842307917106963007.1)
                  00008fd7    00000005     debug_uart.o (.rodata.str1.740724646930964178.1)
                  00008fdc    00000005     debug_uart.o (.rodata.str1.8522134641051796514.1)
                  00008fe1    00000005     debug_uart.o (.rodata.str1.9056856435488061599.1)
                  00008fe6    00000003     ti_msp_dl_config.o (.rodata.gPWM_0ClockConfig)
                  00008fe9    00000003     ti_msp_dl_config.o (.rodata.gQEI_0ClockConfig)
                  00008fec    00000003     ti_msp_dl_config.o (.rodata.gTIMER_CONTROLClockConfig)
                  00008fef    00000003     debug_uart.o (.rodata.str1.12874694364276345362.1)
                  00008ff2    00000003     debug_uart.o (.rodata.str1.3299855054303412028.1)
                  00008ff5    00000003     debug_uart.o (.rodata.str1.5678097850300819098.1)
                  00008ff8    00000003     debug_uart.o (.rodata.str1.5752133939041076255.1)
                  00008ffb    00000003     debug_uart.o (.rodata.str1.6094391537229473979.1)
                  00008ffe    00000003     debug_uart.o (.rodata.str1.8346066712588484577.1)
                  00009001    00000002     ti_msp_dl_config.o (.rodata.gI2C_MPUClockConfig)
                  00009003    00000002     ti_msp_dl_config.o (.rodata.gUART_DEBUGClockConfig)
                  00009005    00000002     debug_uart.o (.rodata.str1.13678368368045285259.1)
                  00009007    00000002     debug_uart.o (.rodata.str1.15445407551556458809.1)
                  00009009    00000002     debug_uart.o (.rodata.str1.5710605537803565424.1)
                  0000900b    00000002     debug_uart.o (.rodata.str1.5817733747436598827.1)
                  0000900d    00000003     --HOLE-- [fill = 0]

.init_array 
*          0    00000000    00000000     UNINITIALIZED

.binit     0    00000000    00000000     

.bss       0    20200000    0000063c     UNINITIALIZED
                  20200000    00000400     oled_ssd1306.o (.bss.s_buffer)
                  20200400    000000bc     (.common:gPWM_0Backup)
                  202004bc    000000a0     (.common:gQEI_0Backup)
                  2020055c    00000080     debug_uart.o (.bss.s_rx_buffer)
                  202005dc    00000060     debug_uart.o (.bss.s_line_buffer)

.data      0    2020063c    00000198     UNINITIALIZED
                  2020063c    00000110     car_control.o (.data.g_car)
                  2020074c    0000001c     mpu6050.o (.data.g_mpu6050)
                  20200768    00000018     line_tracker.o (.data.g_line)
                  20200780    00000010     ec11_encoder.o (.data.g_ec11)
                  20200790    00000008     oled_ssd1306.o (.data.g_oled)
                  20200798    00000004     car_control.o (.data.s_approach_fused_distance)
                  2020079c    00000004     ec11_encoder.o (.data.s_button_debounce_start_tick)
                  202007a0    00000004     ec11_encoder.o (.data.s_button_press_tick)
                  202007a4    00000004     mpu6050.o (.data.s_last_sample_tick)
                  202007a8    00000004     oled_ssd1306.o (.data.s_last_service_tick)
                  202007ac    00000004     debug_uart.o (.data.s_last_vofa_tick)
                  202007b0    00000004     car_control.o (.data.s_right_encoder_count)
                  202007b4    00000004     debug_uart.o (.data.vofa_test_send.x)
                  202007b8    00000003     problem_menu.o (.data.g_problem_menu)
                  202007bb    00000001     ec11_encoder.o (.data.s_ab_state)
                  202007bc    00000002     debug_uart.o (.data.s_line_length)
                  202007be    00000002     debug_uart.o (.data.s_rx_head)
                  202007c0    00000002     debug_uart.o (.data.s_rx_tail)
                  202007c2    00000001     car_control.o (.data.s_approach_invalid_ticks)
                  202007c3    00000001     car_control.o (.data.s_approach_left_stale_ticks)
                  202007c4    00000001     car_control.o (.data.s_approach_locked_health)
                  202007c5    00000001     car_control.o (.data.s_approach_mismatch_health)
                  202007c6    00000001     car_control.o (.data.s_approach_mismatch_ticks)
                  202007c7    00000001     car_control.o (.data.s_approach_right_stale_ticks)
                  202007c8    00000001     ec11_encoder.o (.data.s_button_event)
                  202007c9    00000001     ec11_encoder.o (.data.s_button_last_raw)
                  202007ca    00000001     ec11_encoder.o (.data.s_button_long_reported)
                  202007cb    00000001     ec11_encoder.o (.data.s_button_stable)
                  202007cc    00000001     ec11_encoder.o (.data.s_edge_accumulator)
                  202007cd    00000001     problem_menu.o (.data.s_last_drawn_problem)
                  202007ce    00000001     problem_menu.o (.data.s_last_drawn_state)
                  202007cf    00000001     debug_uart.o (.data.s_line_overflow)
                  202007d0    00000001     ec11_encoder.o (.data.s_pending_delta)
                  202007d1    00000001     car_control.o (.data.s_right_encoder_state)
                  202007d2    00000001     debug_uart.o (.data.s_vofa_mode)
                  202007d3    00000001     debug_uart.o (.data.s_vofa_stream_enabled)

.stack     0    20207e00    00000200     UNINITIALIZED
                  20207e00    00000004     libc.a : boot_cortex_m.c.obj (.stack)
                  20207e04    000001fc     --HOLE--

__llvm_prf_cnts 
*          0    20200000    00000000     UNINITIALIZED

__llvm_prf_bits 
*          0    20200000    00000000     UNINITIALIZED

MODULE SUMMARY

       Module                         code    ro data   rw data
       ------                         ----    -------   -------
    .\
       debug_uart.o                   16924   200       241    
       car_control.o                  5748    16        287    
       oled_ssd1306.o                 3148    708       1036   
       board_oled_i2c.o               2900    0         0      
       ti_msp_dl_config.o             968     51        348    
       board_i2c.o                    1022    0         0      
       mpu6050.o                      600     0         32     
       ec11_encoder.o                 524     16        31     
       line_tracker.o                 432     0         24     
       problem_menu.o                 316     0         5      
       competition_tasks.o            160     60        0      
       empty.o                        208     0         0      
       startup_mspm0g350x_ticlang.o   6       192       0      
    +--+------------------------------+-------+---------+---------+
       Total:                         32956   1243      2004   
                                                               
    F:/TI/mspm0_sdk_2_10_00_04/source/ti/driverlib/lib/ticlang/m0p/mspm0g1x0x_g3x0x/driverlib.a
       dl_timer.o                     608     0         0      
       dl_i2c.o                       240     0         0      
       dl_uart.o                      138     0         0      
       dl_common.o                    10      0         0      
    +--+------------------------------+-------+---------+---------+
       Total:                         996     0         0      
                                                               
    F:\TI\ccstheia\ccs\tools\compiler\ti-cgt-armllvm_4.0.4.LTS\lib\armv6m-ti-none-eabi/c/libc.a
       memcpy16.S.obj                 154     0         0      
       copy_decompress_lzss.c.obj     124     0         0      
       memset16.S.obj                 98      0         0      
       autoinit.c.obj                 60      0         0      
       boot_cortex_m.c.obj            40      0         0      
       copy_decompress_none.c.obj     18      0         0      
       copy_zero_init.c.obj           16      0         0      
       exit.c.obj                     6       0         0      
       pre_init.c.obj                 4       0         0      
    +--+------------------------------+-------+---------+---------+
       Total:                         520     0         0      
                                                               
    F:\TI\ccstheia\ccs\tools\compiler\ti-cgt-armllvm_4.0.4.LTS\lib\armv6m-ti-none-eabi/c/libsysbm.a
       hostexit.c.obj                 4       0         0      
    +--+------------------------------+-------+---------+---------+
       Total:                         4       0         0      
                                                               
    F:\TI\ccstheia\ccs\tools\compiler\ti-cgt-armllvm_4.0.4.LTS\lib\armv6m-ti-none-eabi/libclang_rt.builtins.a
       addsf3.S.obj                   216     0         0      
       mulsf3.S.obj                   140     0         0      
       divsf3.S.obj                   130     0         0      
       comparesf2.S.obj               118     0         0      
       aeabi_fcmp.S.obj               98      0         0      
       aeabi_idivmod.S.obj            86      0         0      
       aeabi_uidivmod.S.obj           64      0         0      
       floatsisf.S.obj                60      0         0      
       muldsi3.S.obj                  58      0         0      
       fixsfsi.S.obj                  56      0         0      
       fixunssfsi.S.obj               50      0         0      
       floatunsisf.S.obj              40      0         0      
       aeabi_memset.S.obj             26      0         0      
       aeabi_memcpy.S.obj             8       0         0      
       aeabi_div0.c.obj               2       0         0      
    +--+------------------------------+-------+---------+---------+
       Total:                         1152    0         0      
                                                               
       Stack:                         0       0         512    
       Linker Generated:              0       189       0      
    +--+------------------------------+-------+---------+---------+
       Grand Total:                   35628   1432      2516   


LINKER GENERATED COPY TABLES

__TI_cinit_table @ 000090c0 records: 2, size/record: 8, table size: 16
	.data: load addr=00009010, load size=00000099 bytes, run addr=2020063c, run size=00000198 bytes, compression=lzss
	.bss: load addr=000090b8, load size=00000008 bytes, run addr=20200000, run size=0000063c bytes, compression=zero_init


LINKER GENERATED HANDLER TABLE

__TI_handler_table @ 000090ac records: 3, size/record: 4, table size: 12
	index: 0, handler: __TI_decompress_lzss
	index: 1, handler: __TI_decompress_none
	index: 2, handler: __TI_zero_init


GLOBAL SYMBOLS: SORTED ALPHABETICALLY BY Name 

address   name                            
-------   ----                            
00007cd7  ADC0_IRQHandler                 
00007cd7  ADC1_IRQHandler                 
00007cd7  AES_IRQHandler                  
000053b9  Board_I2C_ReadRegs              
00008b1d  Board_I2C_WriteReg              
00008889  Board_OLED_I2C_Init             
00004a95  Board_OLED_I2C_Write            
00008bde  C$$EXIT                         
00007cd7  CANFD0_IRQHandler               
00002f81  Car_ControlStep                 
000068a5  Car_Init                        
00008a1d  Car_StartLineFollow             
00007439  Car_Stop                        
00008a3d  CompetitionTasks_Enter          
000089f9  CompetitionTasks_Exit           
00008a5d  CompetitionTasks_Task           
00007cd7  DAC0_IRQHandler                 
00008b95  DL_Common_delayCycles           
00008319  DL_I2C_fillControllerTXFIFO     
000088f1  DL_I2C_flushControllerRXFIFO    
00008605  DL_I2C_flushControllerTXFIFO    
000089d1  DL_I2C_setClockConfig           
00007139  DL_Timer_initFourCCPWMMode      
0000733d  DL_Timer_initTimerMode          
00008a7d  DL_Timer_setCaptCompUpdateMethod
00008aed  DL_Timer_setCaptureCompareOutCtl
00008b59  DL_Timer_setCaptureCompareValue 
00008a99  DL_Timer_setClockConfig         
0000857d  DL_UART_init                    
00008b33  DL_UART_setClockConfig          
00008921  DL_UART_transmitDataBlocking    
00007cd7  DMA_IRQHandler                  
00007b01  Debug_UART_Init                 
000018d5  Debug_UART_ProcessRx            
000083d5  Debug_UART_Task                 
00007cd7  Default_Handler                 
00008ab5  EC11_GetButtonEvent             
00008ad1  EC11_GetDelta                   
00007a5d  EC11_HandleABInterrupt          
00007f15  EC11_Init                       
0000790d  EC11_Task                       
00007cd7  GROUP0_IRQHandler               
0000801d  GROUP1_IRQHandler               
00008bdf  HOSTexit                        
00007cd7  HardFault_Handler               
00007cd7  I2C0_IRQHandler                 
00007cd7  I2C1_IRQHandler                 
00008b9f  LineTracker_Init                
00006575  LineTracker_Update              
0000785d  MPU6050_Calibrate               
0000702d  MPU6050_Init                    
00007ba1  MPU6050_Task                    
00007cd7  NMI_Handler                     
00003fe5  OLED_DrawProblemSelect          
0000671d  OLED_DrawProblemSelected        
000087e1  OLED_Init                       
0000842d  OLED_Task                       
00005a95  OLED_Update                     
00007cd7  PendSV_Handler                  
00008379  ProblemMenu_Init                
0000752d  ProblemMenu_Task                
00007cd7  RTC_IRQHandler                  
00008be3  Reset_Handler                   
00007cd7  SPI0_IRQHandler                 
00007cd7  SPI1_IRQHandler                 
00007cd7  SVC_Handler                     
00006cd5  SYSCFG_DL_GPIO_init             
000084dd  SYSCFG_DL_I2C_MPU_init          
00007dfd  SYSCFG_DL_PWM_0_init            
00008531  SYSCFG_DL_QEI_0_init            
00008951  SYSCFG_DL_SYSCTL_init           
00008819  SYSCFG_DL_TIMER_CONTROL_init    
00008119  SYSCFG_DL_UART_DEBUG_init       
00008641  SYSCFG_DL_init                  
000082b9  SYSCFG_DL_initPower             
00007cd7  SysTick_Handler                 
00007cd7  TIMA0_IRQHandler                
00007cd7  TIMA1_IRQHandler                
00007cd7  TIMG0_IRQHandler                
00008b05  TIMG12_IRQHandler               
00007cd7  TIMG6_IRQHandler                
00007cd7  TIMG7_IRQHandler                
00007cd7  TIMG8_IRQHandler                
00007cd7  UART0_IRQHandler                
000076e5  UART1_IRQHandler                
00007cd7  UART2_IRQHandler                
00007cd7  UART3_IRQHandler                
20208000  __STACK_END                     
00000200  __STACK_SIZE                    
00000000  __TI_ATRegion0_region_sz        
00000000  __TI_ATRegion0_src_addr         
00000000  __TI_ATRegion0_trg_addr         
00000000  __TI_ATRegion1_region_sz        
00000000  __TI_ATRegion1_src_addr         
00000000  __TI_ATRegion1_trg_addr         
00000000  __TI_ATRegion2_region_sz        
00000000  __TI_ATRegion2_src_addr         
00000000  __TI_ATRegion2_trg_addr         
000090c0  __TI_CINIT_Base                 
000090d0  __TI_CINIT_Limit                
000090d0  __TI_CINIT_Warm                 
000090ac  __TI_Handler_Table_Base         
000090b8  __TI_Handler_Table_Limit        
000086f5  __TI_auto_init_nobinit_nopinit  
0000809d  __TI_decompress_lzss            
00008b45  __TI_decompress_none            
ffffffff  __TI_pprof_out_hndl             
ffffffff  __TI_prof_data_size             
ffffffff  __TI_prof_data_start            
00000000  __TI_static_base__              
00008b69  __TI_zero_init                  
00007617  __addsf3                        
00008851  __aeabi_f2iz                    
000088bd  __aeabi_f2uiz                   
00007617  __aeabi_fadd                    
000081f5  __aeabi_fcmpeq                  
00008231  __aeabi_fcmpge                  
00008245  __aeabi_fcmpgt                  
0000821d  __aeabi_fcmple                  
00008209  __aeabi_fcmplt                  
00007f99  __aeabi_fdiv                    
00007e89  __aeabi_fmul                    
0000760d  __aeabi_fsub                    
0000867d  __aeabi_i2f                     
00008485  __aeabi_idiv                    
00008beb  __aeabi_idiv0                   
00008485  __aeabi_idivmod                 
00008b89  __aeabi_memclr                  
00008b89  __aeabi_memclr4                 
00008b89  __aeabi_memclr8                 
00008bd1  __aeabi_memcpy                  
00008bd1  __aeabi_memcpy4                 
00008bd1  __aeabi_memcpy8                 
00008b79  __aeabi_memset                  
00008b79  __aeabi_memset4                 
00008b79  __aeabi_memset8                 
00008981  __aeabi_ui2f                    
000085c5  __aeabi_uidiv                   
000085c5  __aeabi_uidivmod                
ffffffff  __binit__                       
00008731  __cmpsf2                        
00007f99  __divsf3                        
00008731  __eqsf2                         
00008851  __fixsfsi                       
000088bd  __fixunssfsi                    
0000867d  __floatsisf                     
00008981  __floatunsisf                   
000086b9  __gesf2                         
000086b9  __gtsf2                         
00008731  __lesf2                         
00008731  __ltsf2                         
UNDEFED   __mpu_init                      
0000876d  __muldsi3                       
00007e89  __mulsf3                        
00008731  __nesf2                         
20207e00  __stack                         
20200000  __start___llvm_prf_bits         
20200000  __start___llvm_prf_cnts         
20200000  __stop___llvm_prf_bits          
20200000  __stop___llvm_prf_cnts          
0000760d  __subsf3                        
000089a9  _c_int00_noargs                 
UNDEFED   _system_post_cinit              
00008be7  _system_pre_init                
00008bd9  abort                           
ffffffff  binit                           
20200400  gPWM_0Backup                    
202004bc  gQEI_0Backup                    
2020063c  g_car                           
20200780  g_ec11                          
20200768  g_line                          
2020074c  g_mpu6050                       
20200790  g_oled                          
202007b8  g_problem_menu                  
00000000  interruptVectors                
000077a5  main                            
00007c3d  memcpy                          
00008257  memset                          
000063c9  vofa_gyro_send                  
0000620d  vofa_line_send                  
00005e91  vofa_speed_send                 
00006a19  vofa_test_send                  


GLOBAL SYMBOLS: SORTED BY Symbol Address 

address   name                            
-------   ----                            
00000000  __TI_ATRegion0_region_sz        
00000000  __TI_ATRegion0_src_addr         
00000000  __TI_ATRegion0_trg_addr         
00000000  __TI_ATRegion1_region_sz        
00000000  __TI_ATRegion1_src_addr         
00000000  __TI_ATRegion1_trg_addr         
00000000  __TI_ATRegion2_region_sz        
00000000  __TI_ATRegion2_src_addr         
00000000  __TI_ATRegion2_trg_addr         
00000000  __TI_static_base__              
00000000  interruptVectors                
00000200  __STACK_SIZE                    
000018d5  Debug_UART_ProcessRx            
00002f81  Car_ControlStep                 
00003fe5  OLED_DrawProblemSelect          
00004a95  Board_OLED_I2C_Write            
000053b9  Board_I2C_ReadRegs              
00005a95  OLED_Update                     
00005e91  vofa_speed_send                 
0000620d  vofa_line_send                  
000063c9  vofa_gyro_send                  
00006575  LineTracker_Update              
0000671d  OLED_DrawProblemSelected        
000068a5  Car_Init                        
00006a19  vofa_test_send                  
00006cd5  SYSCFG_DL_GPIO_init             
0000702d  MPU6050_Init                    
00007139  DL_Timer_initFourCCPWMMode      
0000733d  DL_Timer_initTimerMode          
00007439  Car_Stop                        
0000752d  ProblemMenu_Task                
0000760d  __aeabi_fsub                    
0000760d  __subsf3                        
00007617  __addsf3                        
00007617  __aeabi_fadd                    
000076e5  UART1_IRQHandler                
000077a5  main                            
0000785d  MPU6050_Calibrate               
0000790d  EC11_Task                       
00007a5d  EC11_HandleABInterrupt          
00007b01  Debug_UART_Init                 
00007ba1  MPU6050_Task                    
00007c3d  memcpy                          
00007cd7  ADC0_IRQHandler                 
00007cd7  ADC1_IRQHandler                 
00007cd7  AES_IRQHandler                  
00007cd7  CANFD0_IRQHandler               
00007cd7  DAC0_IRQHandler                 
00007cd7  DMA_IRQHandler                  
00007cd7  Default_Handler                 
00007cd7  GROUP0_IRQHandler               
00007cd7  HardFault_Handler               
00007cd7  I2C0_IRQHandler                 
00007cd7  I2C1_IRQHandler                 
00007cd7  NMI_Handler                     
00007cd7  PendSV_Handler                  
00007cd7  RTC_IRQHandler                  
00007cd7  SPI0_IRQHandler                 
00007cd7  SPI1_IRQHandler                 
00007cd7  SVC_Handler                     
00007cd7  SysTick_Handler                 
00007cd7  TIMA0_IRQHandler                
00007cd7  TIMA1_IRQHandler                
00007cd7  TIMG0_IRQHandler                
00007cd7  TIMG6_IRQHandler                
00007cd7  TIMG7_IRQHandler                
00007cd7  TIMG8_IRQHandler                
00007cd7  UART0_IRQHandler                
00007cd7  UART2_IRQHandler                
00007cd7  UART3_IRQHandler                
00007dfd  SYSCFG_DL_PWM_0_init            
00007e89  __aeabi_fmul                    
00007e89  __mulsf3                        
00007f15  EC11_Init                       
00007f99  __aeabi_fdiv                    
00007f99  __divsf3                        
0000801d  GROUP1_IRQHandler               
0000809d  __TI_decompress_lzss            
00008119  SYSCFG_DL_UART_DEBUG_init       
000081f5  __aeabi_fcmpeq                  
00008209  __aeabi_fcmplt                  
0000821d  __aeabi_fcmple                  
00008231  __aeabi_fcmpge                  
00008245  __aeabi_fcmpgt                  
00008257  memset                          
000082b9  SYSCFG_DL_initPower             
00008319  DL_I2C_fillControllerTXFIFO     
00008379  ProblemMenu_Init                
000083d5  Debug_UART_Task                 
0000842d  OLED_Task                       
00008485  __aeabi_idiv                    
00008485  __aeabi_idivmod                 
000084dd  SYSCFG_DL_I2C_MPU_init          
00008531  SYSCFG_DL_QEI_0_init            
0000857d  DL_UART_init                    
000085c5  __aeabi_uidiv                   
000085c5  __aeabi_uidivmod                
00008605  DL_I2C_flushControllerTXFIFO    
00008641  SYSCFG_DL_init                  
0000867d  __aeabi_i2f                     
0000867d  __floatsisf                     
000086b9  __gesf2                         
000086b9  __gtsf2                         
000086f5  __TI_auto_init_nobinit_nopinit  
00008731  __cmpsf2                        
00008731  __eqsf2                         
00008731  __lesf2                         
00008731  __ltsf2                         
00008731  __nesf2                         
0000876d  __muldsi3                       
000087e1  OLED_Init                       
00008819  SYSCFG_DL_TIMER_CONTROL_init    
00008851  __aeabi_f2iz                    
00008851  __fixsfsi                       
00008889  Board_OLED_I2C_Init             
000088bd  __aeabi_f2uiz                   
000088bd  __fixunssfsi                    
000088f1  DL_I2C_flushControllerRXFIFO    
00008921  DL_UART_transmitDataBlocking    
00008951  SYSCFG_DL_SYSCTL_init           
00008981  __aeabi_ui2f                    
00008981  __floatunsisf                   
000089a9  _c_int00_noargs                 
000089d1  DL_I2C_setClockConfig           
000089f9  CompetitionTasks_Exit           
00008a1d  Car_StartLineFollow             
00008a3d  CompetitionTasks_Enter          
00008a5d  CompetitionTasks_Task           
00008a7d  DL_Timer_setCaptCompUpdateMethod
00008a99  DL_Timer_setClockConfig         
00008ab5  EC11_GetButtonEvent             
00008ad1  EC11_GetDelta                   
00008aed  DL_Timer_setCaptureCompareOutCtl
00008b05  TIMG12_IRQHandler               
00008b1d  Board_I2C_WriteReg              
00008b33  DL_UART_setClockConfig          
00008b45  __TI_decompress_none            
00008b59  DL_Timer_setCaptureCompareValue 
00008b69  __TI_zero_init                  
00008b79  __aeabi_memset                  
00008b79  __aeabi_memset4                 
00008b79  __aeabi_memset8                 
00008b89  __aeabi_memclr                  
00008b89  __aeabi_memclr4                 
00008b89  __aeabi_memclr8                 
00008b95  DL_Common_delayCycles           
00008b9f  LineTracker_Init                
00008bd1  __aeabi_memcpy                  
00008bd1  __aeabi_memcpy4                 
00008bd1  __aeabi_memcpy8                 
00008bd9  abort                           
00008bde  C$$EXIT                         
00008bdf  HOSTexit                        
00008be3  Reset_Handler                   
00008be7  _system_pre_init                
00008beb  __aeabi_idiv0                   
000090ac  __TI_Handler_Table_Base         
000090b8  __TI_Handler_Table_Limit        
000090c0  __TI_CINIT_Base                 
000090d0  __TI_CINIT_Limit                
000090d0  __TI_CINIT_Warm                 
20200000  __start___llvm_prf_bits         
20200000  __start___llvm_prf_cnts         
20200000  __stop___llvm_prf_bits          
20200000  __stop___llvm_prf_cnts          
20200400  gPWM_0Backup                    
202004bc  gQEI_0Backup                    
2020063c  g_car                           
2020074c  g_mpu6050                       
20200768  g_line                          
20200780  g_ec11                          
20200790  g_oled                          
202007b8  g_problem_menu                  
20207e00  __stack                         
20208000  __STACK_END                     
ffffffff  __TI_pprof_out_hndl             
ffffffff  __TI_prof_data_size             
ffffffff  __TI_prof_data_start            
ffffffff  __binit__                       
ffffffff  binit                           
UNDEFED   __mpu_init                      
UNDEFED   _system_post_cinit              

[182 symbols]
