******************************************************************************
            TI ARM Clang Linker PC v4.0.4                      
******************************************************************************
>> Linked Mon Jul 27 20:57:49 2026

OUTPUT FILE NAME:   <TI_Car_3507_64.out>
ENTRY POINT SYMBOL: "_c_int00_noargs"  address: 00004561


MEMORY CONFIGURATION

         name            origin    length      used     unused   attr    fill
----------------------  --------  ---------  --------  --------  ----  --------
  FLASH                 00000000   00020000  000049e0  0001b620  R  X
  SRAM                  20200000   00008000  00001198  00006e68  RW X
  BCR_CONFIG            41c00000   000000ff  00000000  000000ff  R   
  BSL_CONFIG            41c00100   00000080  00000000  00000080  R   


SEGMENT ALLOCATION MAP

run origin  load origin   length   init length attrs members
----------  ----------- ---------- ----------- ----- -------
00000000    00000000    000049e0   000049e0    r-x
  00000000    00000000    000000c0   000000c0    r-- .intvecs
  000000c0    000000c0    00004608   00004608    r-x .text
  000046c8    000046c8    00000260   00000260    r-- .rodata
  00004928    00004928    000000b8   000000b8    r-- .cinit
20200000    20200000    00000f9a   00000000    rw-
  20200000    20200000    00000e0e   00000000    rw- .bss
  20200e10    20200e10    0000018a   00000000    rw- .data
20207e00    20207e00    00000200   00000000    rw-
  20207e00    20207e00    00000200   00000000    rw- .stack


SECTION ALLOCATION MAP

 output                                  attributes/
section   page    origin      length       input sections
--------  ----  ----------  ----------   ----------------
.intvecs   0    00000000    000000c0     
                  00000000    000000c0     startup_mspm0g350x_ticlang.o (.intvecs)

.text      0    000000c0    00004608     
                  000000c0    00000984     car_control.o (.text.Car_ControlStep)
                  00000a44    000006e0     car_control.o (.text.Car_RightAngleApproachStep)
                  00001124    00000460     board_oled_i2c.o (.text.Board_OLED_I2C_RecoverBus)
                  00001584    000003c0     debug_uart.o (.text.Debug_UART_ProcessRx)
                  00001944    0000039c     board_oled_i2c.o (.text.Board_OLED_I2C_Write)
                  00001ce0    00000324     board_oled_i2c.o (.text.Board_OLED_I2C_WriteByte)
                  00002004    00000294     oled_ssd1306.o (.text.OLED_DrawBluetoothRx)
                  00002298    00000260     board_i2c.o (.text.Board_I2C_ReadRegs)
                  000024f8    00000228     oled_ssd1306.o (.text.OLED_Update)
                  00002720    000001bc     oled_ssd1306.o (.text.OLED_TryInitialize)
                  000028dc    000001a8     line_tracker.o (.text.LineTracker_Update)
                  00002a84    00000174     car_control.o (.text.Car_Init)
                  00002bf8    00000150     board_i2c.o (.text.Board_I2C_WriteByteStream)
                  00002d48    0000013c     debug_uart.o (.text.Debug_UART_Init)
                  00002e84    00000128     ti_msp_dl_config.o (.text.SYSCFG_DL_GPIO_init)
                  00002fac    00000110     car_control.o (.text.Car_PidStep)
                  000030bc    0000010c     mpu6050.o (.text.MPU6050_Init)
                  000031c8    00000104     driverlib.a : dl_timer.o (.text.DL_Timer_initFourCCPWMMode)
                  000032cc    00000100     car_control.o (.text.Car_LinePidStep)
                  000033cc    000000fc     driverlib.a : dl_timer.o (.text.DL_Timer_initTimerMode)
                  000034c8    000000d8     libclang_rt.builtins.a : addsf3.S.obj (.text)
                  000035a0    000000c0     debug_uart.o (.text.UART1_IRQHandler)
                  00003660    000000b0     mpu6050.o (.text.MPU6050_Calibrate)
                  00003710    000000ac     ec11_encoder.o (.text.EC11_Task)
                  000037bc    000000a8     empty.o (.text.main)
                  00003864    000000a4     ec11_encoder.o (.text.EC11_HandleABInterrupt)
                  00003908    0000009c     mpu6050.o (.text.MPU6050_Task)
                  000039a4    0000009a     libc.a : memcpy16.S.obj (.text:memcpy)
                  00003a3e    00000002     startup_mspm0g350x_ticlang.o (.text.Default_Handler)
                  00003a40    0000008c     car_control.o (.text.Car_RightAngleAssistStop)
                  00003acc    0000008c     ti_msp_dl_config.o (.text.SYSCFG_DL_PWM_0_init)
                  00003b58    0000008c     libclang_rt.builtins.a : mulsf3.S.obj (.text.__mulsf3)
                  00003be4    00000084     ec11_encoder.o (.text.EC11_Init)
                  00003c68    00000082     libclang_rt.builtins.a : divsf3.S.obj (.text.__divsf3)
                  00003cea    00000002                            : aeabi_div0.c.obj (.text.__aeabi_idiv0)
                  00003cec    00000080     car_control.o (.text.GROUP1_IRQHandler)
                  00003d6c    0000007c     libc.a : copy_decompress_lzss.c.obj (.text:decompress:lzss)
                  00003de8    00000070     ti_msp_dl_config.o (.text.SYSCFG_DL_UART_DEBUG_init)
                  00003e58    0000006c     car_control.o (.text.Car_RightAngleSetTargets)
                  00003ec4    00000062     libclang_rt.builtins.a : aeabi_fcmp.S.obj (.text.__aeabi_fcmp)
                  00003f26    00000062     libc.a : memset16.S.obj (.text:memset)
                  00003f88    00000060     ti_msp_dl_config.o (.text.SYSCFG_DL_initPower)
                  00003fe8    0000005e     driverlib.a : dl_i2c.o (.text.DL_I2C_fillControllerTXFIFO)
                  00004046    00000002     --HOLE-- [fill = 0]
                  00004048    00000058     oled_ssd1306.o (.text.OLED_Task)
                  000040a0    00000056     libclang_rt.builtins.a : aeabi_idivmod.S.obj (.text.__aeabi_idivmod)
                  000040f6    00000002     --HOLE-- [fill = 0]
                  000040f8    00000054     ti_msp_dl_config.o (.text.SYSCFG_DL_I2C_MPU_init)
                  0000414c    0000004c     ti_msp_dl_config.o (.text.SYSCFG_DL_QEI_0_init)
                  00004198    00000048     driverlib.a : dl_uart.o (.text.DL_UART_init)
                  000041e0    00000040     libclang_rt.builtins.a : aeabi_uidivmod.S.obj (.text.__aeabi_uidivmod)
                  00004220    0000003c     driverlib.a : dl_i2c.o (.text.DL_I2C_flushControllerTXFIFO)
                  0000425c    0000003c     ti_msp_dl_config.o (.text.SYSCFG_DL_init)
                  00004298    0000003c     libclang_rt.builtins.a : floatsisf.S.obj (.text.__floatsisf)
                  000042d4    0000003c                            : comparesf2.S.obj (.text.__gtsf2)
                  00004310    0000003c     libc.a : autoinit.c.obj (.text:__TI_auto_init_nobinit_nopinit)
                  0000434c    0000003a     libclang_rt.builtins.a : comparesf2.S.obj (.text.__eqsf2)
                  00004386    00000002     --HOLE-- [fill = 0]
                  00004388    0000003a                            : muldsi3.S.obj (.text.__muldsi3)
                  000043c2    00000002     --HOLE-- [fill = 0]
                  000043c4    00000038     board_i2c.o (.text.Board_I2C_RecoverBus)
                  000043fc    00000038     oled_ssd1306.o (.text.OLED_Init)
                  00004434    00000038     ti_msp_dl_config.o (.text.SYSCFG_DL_TIMER_CONTROL_init)
                  0000446c    00000038     libclang_rt.builtins.a : fixsfsi.S.obj (.text.__fixsfsi)
                  000044a4    00000034     board_oled_i2c.o (.text.Board_OLED_I2C_Init)
                  000044d8    00000030     driverlib.a : dl_i2c.o (.text.DL_I2C_flushControllerRXFIFO)
                  00004508    00000030     ti_msp_dl_config.o (.text.SYSCFG_DL_SYSCTL_init)
                  00004538    00000028     libclang_rt.builtins.a : floatunsisf.S.obj (.text.__floatunsisf)
                  00004560    00000028     libc.a : boot_cortex_m.c.obj (.text:_c_int00_noargs)
                  00004588    00000026     driverlib.a : dl_i2c.o (.text.DL_I2C_setClockConfig)
                  000045ae    00000002     --HOLE-- [fill = 0]
                  000045b0    0000001c                 : dl_timer.o (.text.DL_Timer_setCaptCompUpdateMethod)
                  000045cc    0000001c                 : dl_timer.o (.text.DL_Timer_setClockConfig)
                  000045e8    00000018                 : dl_timer.o (.text.DL_Timer_setCaptureCompareOutCtl)
                  00004600    00000018     empty.o (.text.TIMG12_IRQHandler)
                  00004618    00000016     board_i2c.o (.text.Board_I2C_WriteReg)
                  0000462e    00000012     driverlib.a : dl_uart.o (.text.DL_UART_setClockConfig)
                  00004640    00000012     libc.a : copy_decompress_none.c.obj (.text:decompress:none)
                  00004652    00000002     --HOLE-- [fill = 0]
                  00004654    00000010     driverlib.a : dl_timer.o (.text.DL_Timer_setCaptureCompareValue)
                  00004664    00000010     libc.a : copy_zero_init.c.obj (.text:decompress:ZI)
                  00004674    0000000e     libclang_rt.builtins.a : aeabi_memset.S.obj (.text.__aeabi_memset)
                  00004682    00000002     --HOLE-- [fill = 0]
                  00004684    0000000c                            : aeabi_memset.S.obj (.text.__aeabi_memclr)
                  00004690    0000000a     driverlib.a : dl_common.o (.text.DL_Common_delayCycles)
                  0000469a    00000008     debug_uart.o (.text.Debug_UART_Task)
                  000046a2    00000008     line_tracker.o (.text.LineTracker_Init)
                  000046aa    00000002     --HOLE-- [fill = 0]
                  000046ac    00000008     libclang_rt.builtins.a : aeabi_memcpy.S.obj (.text.__aeabi_memcpy)
                  000046b4    00000006     libc.a : exit.c.obj (.text:abort)
                  000046ba    00000004     libsysbm.a : hostexit.c.obj (.text.HOSTexit)
                  000046be    00000004     startup_mspm0g350x_ticlang.o (.text.Reset_Handler)
                  000046c2    00000004     libc.a : pre_init.c.obj (.text._system_pre_init)
                  000046c6    00000002     --HOLE-- [fill = 0]

.cinit     0    00004928    000000b8     
                  00004928    00000093     (.cinit..data.load) [load image, compression = lzss]
                  000049bb    00000001     --HOLE-- [fill = 0]
                  000049bc    0000000c     (__TI_handler_table)
                  000049c8    00000008     (.cinit..bss.load) [load image, compression = zero_init]
                  000049d0    00000010     (__TI_cinit_table)

.rodata    0    000046c8    00000260     
                  000046c8    000001db     oled_ssd1306.o (.rodata.s_font5x7)
                  000048a3    0000001c     oled_ssd1306.o (.rodata.s_oled_init_cmds)
                  000048bf    00000001     --HOLE-- [fill = 0]
                  000048c0    00000014     ti_msp_dl_config.o (.rodata.gTIMER_CONTROLTimerConfig)
                  000048d4    00000011     oled_ssd1306.o (.rodata.str1.17912449882519859512.1)
                  000048e5    00000010     car_control.o (.rodata.cst16)
                  000048f5    00000010     ec11_encoder.o (.rodata.cst16)
                  00004905    00000001     --HOLE-- [fill = 0]
                  00004906    0000000a     ti_msp_dl_config.o (.rodata.gUART_DEBUGConfig)
                  00004910    00000008     ti_msp_dl_config.o (.rodata.gPWM_0Config)
                  00004918    00000003     ti_msp_dl_config.o (.rodata.gPWM_0ClockConfig)
                  0000491b    00000003     ti_msp_dl_config.o (.rodata.gQEI_0ClockConfig)
                  0000491e    00000003     ti_msp_dl_config.o (.rodata.gTIMER_CONTROLClockConfig)
                  00004921    00000002     ti_msp_dl_config.o (.rodata.gI2C_MPUClockConfig)
                  00004923    00000002     ti_msp_dl_config.o (.rodata.gUART_DEBUGClockConfig)
                  00004925    00000003     --HOLE-- [fill = 0]

.init_array 
*          0    00000000    00000000     UNINITIALIZED

.binit     0    00000000    00000000     

.bss       0    20200000    00000e0e     UNINITIALIZED
                  20200000    00000800     debug_uart.o (.bss.s_rx_buffer)
                  20200800    00000400     oled_ssd1306.o (.bss.s_buffer)
                  20200c00    000000bc     (.common:gPWM_0Backup)
                  20200cbc    000000a0     (.common:gQEI_0Backup)
                  20200d5c    0000009a     debug_uart.o (.bss.s_terminal_rows)
                  20200df6    00000002     --HOLE--
                  20200df8    00000016     debug_uart.o (.bss.s_terminal_line)

.data      0    20200e10    0000018a     UNINITIALIZED
                  20200e10    00000110     car_control.o (.data.g_car)
                  20200f20    0000001c     mpu6050.o (.data.g_mpu6050)
                  20200f3c    00000018     line_tracker.o (.data.g_line)
                  20200f54    00000010     ec11_encoder.o (.data.g_ec11)
                  20200f64    00000008     oled_ssd1306.o (.data.g_oled)
                  20200f6c    00000004     car_control.o (.data.s_approach_fused_distance)
                  20200f70    00000004     ec11_encoder.o (.data.s_button_debounce_start_tick)
                  20200f74    00000004     ec11_encoder.o (.data.s_button_press_tick)
                  20200f78    00000004     mpu6050.o (.data.s_last_sample_tick)
                  20200f7c    00000004     oled_ssd1306.o (.data.s_last_service_tick)
                  20200f80    00000004     car_control.o (.data.s_right_encoder_count)
                  20200f84    00000002     debug_uart.o (.data.s_rx_head)
                  20200f86    00000002     debug_uart.o (.data.s_rx_tail)
                  20200f88    00000001     ec11_encoder.o (.data.s_ab_state)
                  20200f89    00000001     car_control.o (.data.s_approach_invalid_ticks)
                  20200f8a    00000001     car_control.o (.data.s_approach_left_stale_ticks)
                  20200f8b    00000001     car_control.o (.data.s_approach_locked_health)
                  20200f8c    00000001     car_control.o (.data.s_approach_mismatch_health)
                  20200f8d    00000001     car_control.o (.data.s_approach_mismatch_ticks)
                  20200f8e    00000001     car_control.o (.data.s_approach_right_stale_ticks)
                  20200f8f    00000001     ec11_encoder.o (.data.s_button_event)
                  20200f90    00000001     ec11_encoder.o (.data.s_button_last_raw)
                  20200f91    00000001     ec11_encoder.o (.data.s_button_long_reported)
                  20200f92    00000001     ec11_encoder.o (.data.s_button_stable)
                  20200f93    00000001     ec11_encoder.o (.data.s_edge_accumulator)
                  20200f94    00000001     ec11_encoder.o (.data.s_pending_delta)
                  20200f95    00000001     car_control.o (.data.s_right_encoder_state)
                  20200f96    00000001     debug_uart.o (.data.s_rx_overflow)
                  20200f97    00000001     debug_uart.o (.data.s_terminal_dirty)
                  20200f98    00000001     debug_uart.o (.data.s_terminal_last_was_cr)
                  20200f99    00000001     debug_uart.o (.data.s_terminal_line_length)

.stack     0    20207e00    00000200     UNINITIALIZED
                  20207e00    00000004     libc.a : boot_cortex_m.c.obj (.stack)
                  20207e04    000001fc     --HOLE--

__llvm_prf_cnts 
*          0    20200000    00000000     UNINITIALIZED

__llvm_prf_bits 
*          0    20200000    00000000     UNINITIALIZED

MODULE SUMMARY

       Module                         code    ro data   rw data
       ------                         ----    -------   -------
    .\
       car_control.o                  5472    16        287    
       debug_uart.o                   1476    0         2232   
       oled_ssd1306.o                 1800    520       1036   
       board_oled_i2c.o               2900    0         0      
       ti_msp_dl_config.o             968     51        348    
       board_i2c.o                    1022    0         0      
       mpu6050.o                      600     0         32     
       ec11_encoder.o                 468     16        31     
       line_tracker.o                 432     0         24     
       startup_mspm0g350x_ticlang.o   6       192       0      
       empty.o                        192     0         0      
    +--+------------------------------+-------+---------+---------+
       Total:                         15336   795       3990   
                                                               
    F:/TI/mspm0_sdk_2_10_00_04/source/ti/driverlib/lib/ticlang/m0p/mspm0g1x0x_g3x0x/driverlib.a
       dl_timer.o                     608     0         0      
       dl_i2c.o                       240     0         0      
       dl_uart.o                      90      0         0      
       dl_common.o                    10      0         0      
    +--+------------------------------+-------+---------+---------+
       Total:                         948     0         0      
                                                               
    F:\TI\ccstheia\ccs\tools\compiler\ti-cgt-armllvm_4.0.4.LTS\lib\armv6m-ti-none-eabi/c/libc.a
       memcpy16.S.obj                 154     0         0      
       copy_decompress_lzss.c.obj     124     0         0      
       memset16.S.obj                 98      0         0      
       autoinit.c.obj                 60      0         0      
       boot_cortex_m.c.obj            40      0         0      
       copy_decompress_none.c.obj     18      0         0      
       copy_zero_init.c.obj           16      0         0      
       exit.c.obj                     6       0         0      
       pre_init.c.obj                 4       0         0      
    +--+------------------------------+-------+---------+---------+
       Total:                         520     0         0      
                                                               
    F:\TI\ccstheia\ccs\tools\compiler\ti-cgt-armllvm_4.0.4.LTS\lib\armv6m-ti-none-eabi/c/libsysbm.a
       hostexit.c.obj                 4       0         0      
    +--+------------------------------+-------+---------+---------+
       Total:                         4       0         0      
                                                               
    F:\TI\ccstheia\ccs\tools\compiler\ti-cgt-armllvm_4.0.4.LTS\lib\armv6m-ti-none-eabi/libclang_rt.builtins.a
       addsf3.S.obj                   216     0         0      
       mulsf3.S.obj                   140     0         0      
       divsf3.S.obj                   130     0         0      
       comparesf2.S.obj               118     0         0      
       aeabi_fcmp.S.obj               98      0         0      
       aeabi_idivmod.S.obj            86      0         0      
       aeabi_uidivmod.S.obj           64      0         0      
       floatsisf.S.obj                60      0         0      
       muldsi3.S.obj                  58      0         0      
       fixsfsi.S.obj                  56      0         0      
       floatunsisf.S.obj              40      0         0      
       aeabi_memset.S.obj             26      0         0      
       aeabi_memcpy.S.obj             8       0         0      
       aeabi_div0.c.obj               2       0         0      
    +--+------------------------------+-------+---------+---------+
       Total:                         1102    0         0      
                                                               
       Stack:                         0       0         512    
       Linker Generated:              0       183       0      
    +--+------------------------------+-------+---------+---------+
       Grand Total:                   17910   978       4502   


LINKER GENERATED COPY TABLES

__TI_cinit_table @ 000049d0 records: 2, size/record: 8, table size: 16
	.data: load addr=00004928, load size=00000093 bytes, run addr=20200e10, run size=0000018a bytes, compression=lzss
	.bss: load addr=000049c8, load size=00000008 bytes, run addr=20200000, run size=00000e0e bytes, compression=zero_init


LINKER GENERATED HANDLER TABLE

__TI_handler_table @ 000049bc records: 3, size/record: 4, table size: 12
	index: 0, handler: __TI_decompress_lzss
	index: 1, handler: __TI_decompress_none
	index: 2, handler: __TI_zero_init


GLOBAL SYMBOLS: SORTED ALPHABETICALLY BY Name 

address   name                            
-------   ----                            
00003a3f  ADC0_IRQHandler                 
00003a3f  ADC1_IRQHandler                 
00003a3f  AES_IRQHandler                  
00002299  Board_I2C_ReadRegs              
00004619  Board_I2C_WriteReg              
000044a5  Board_OLED_I2C_Init             
00001945  Board_OLED_I2C_Write            
000046ba  C$$EXIT                         
00003a3f  CANFD0_IRQHandler               
000000c1  Car_ControlStep                 
00002a85  Car_Init                        
00003a3f  DAC0_IRQHandler                 
00004691  DL_Common_delayCycles           
00003fe9  DL_I2C_fillControllerTXFIFO     
000044d9  DL_I2C_flushControllerRXFIFO    
00004221  DL_I2C_flushControllerTXFIFO    
00004589  DL_I2C_setClockConfig           
000031c9  DL_Timer_initFourCCPWMMode      
000033cd  DL_Timer_initTimerMode          
000045b1  DL_Timer_setCaptCompUpdateMethod
000045e9  DL_Timer_setCaptureCompareOutCtl
00004655  DL_Timer_setCaptureCompareValue 
000045cd  DL_Timer_setClockConfig         
00004199  DL_UART_init                    
0000462f  DL_UART_setClockConfig          
00003a3f  DMA_IRQHandler                  
00002d49  Debug_UART_Init                 
00001585  Debug_UART_ProcessRx            
0000469b  Debug_UART_Task                 
00003a3f  Default_Handler                 
00003865  EC11_HandleABInterrupt          
00003be5  EC11_Init                       
00003711  EC11_Task                       
00003a3f  GROUP0_IRQHandler               
00003ced  GROUP1_IRQHandler               
000046bb  HOSTexit                        
00003a3f  HardFault_Handler               
00003a3f  I2C0_IRQHandler                 
00003a3f  I2C1_IRQHandler                 
000046a3  LineTracker_Init                
000028dd  LineTracker_Update              
00003661  MPU6050_Calibrate               
000030bd  MPU6050_Init                    
00003909  MPU6050_Task                    
00003a3f  NMI_Handler                     
00002005  OLED_DrawBluetoothRx            
000043fd  OLED_Init                       
00004049  OLED_Task                       
000024f9  OLED_Update                     
00003a3f  PendSV_Handler                  
00003a3f  RTC_IRQHandler                  
000046bf  Reset_Handler                   
00003a3f  SPI0_IRQHandler                 
00003a3f  SPI1_IRQHandler                 
00003a3f  SVC_Handler                     
00002e85  SYSCFG_DL_GPIO_init             
000040f9  SYSCFG_DL_I2C_MPU_init          
00003acd  SYSCFG_DL_PWM_0_init            
0000414d  SYSCFG_DL_QEI_0_init            
00004509  SYSCFG_DL_SYSCTL_init           
00004435  SYSCFG_DL_TIMER_CONTROL_init    
00003de9  SYSCFG_DL_UART_DEBUG_init       
0000425d  SYSCFG_DL_init                  
00003f89  SYSCFG_DL_initPower             
00003a3f  SysTick_Handler                 
00003a3f  TIMA0_IRQHandler                
00003a3f  TIMA1_IRQHandler                
00003a3f  TIMG0_IRQHandler                
00004601  TIMG12_IRQHandler               
00003a3f  TIMG6_IRQHandler                
00003a3f  TIMG7_IRQHandler                
00003a3f  TIMG8_IRQHandler                
00003a3f  UART0_IRQHandler                
000035a1  UART1_IRQHandler                
00003a3f  UART2_IRQHandler                
00003a3f  UART3_IRQHandler                
20208000  __STACK_END                     
00000200  __STACK_SIZE                    
00000000  __TI_ATRegion0_region_sz        
00000000  __TI_ATRegion0_src_addr         
00000000  __TI_ATRegion0_trg_addr         
00000000  __TI_ATRegion1_region_sz        
00000000  __TI_ATRegion1_src_addr         
00000000  __TI_ATRegion1_trg_addr         
00000000  __TI_ATRegion2_region_sz        
00000000  __TI_ATRegion2_src_addr         
00000000  __TI_ATRegion2_trg_addr         
000049d0  __TI_CINIT_Base                 
000049e0  __TI_CINIT_Limit                
000049e0  __TI_CINIT_Warm                 
000049bc  __TI_Handler_Table_Base         
000049c8  __TI_Handler_Table_Limit        
00004311  __TI_auto_init_nobinit_nopinit  
00003d6d  __TI_decompress_lzss            
00004641  __TI_decompress_none            
ffffffff  __TI_pprof_out_hndl             
ffffffff  __TI_prof_data_size             
ffffffff  __TI_prof_data_start            
00000000  __TI_static_base__              
00004665  __TI_zero_init                  
000034d3  __addsf3                        
0000446d  __aeabi_f2iz                    
000034d3  __aeabi_fadd                    
00003ec5  __aeabi_fcmpeq                  
00003f01  __aeabi_fcmpge                  
00003f15  __aeabi_fcmpgt                  
00003eed  __aeabi_fcmple                  
00003ed9  __aeabi_fcmplt                  
00003c69  __aeabi_fdiv                    
00003b59  __aeabi_fmul                    
000034c9  __aeabi_fsub                    
00004299  __aeabi_i2f                     
000040a1  __aeabi_idiv                    
00003ceb  __aeabi_idiv0                   
000040a1  __aeabi_idivmod                 
00004685  __aeabi_memclr                  
00004685  __aeabi_memclr4                 
00004685  __aeabi_memclr8                 
000046ad  __aeabi_memcpy                  
000046ad  __aeabi_memcpy4                 
000046ad  __aeabi_memcpy8                 
00004675  __aeabi_memset                  
00004675  __aeabi_memset4                 
00004675  __aeabi_memset8                 
00004539  __aeabi_ui2f                    
000041e1  __aeabi_uidiv                   
000041e1  __aeabi_uidivmod                
ffffffff  __binit__                       
0000434d  __cmpsf2                        
00003c69  __divsf3                        
0000434d  __eqsf2                         
0000446d  __fixsfsi                       
00004299  __floatsisf                     
00004539  __floatunsisf                   
000042d5  __gesf2                         
000042d5  __gtsf2                         
0000434d  __lesf2                         
0000434d  __ltsf2                         
UNDEFED   __mpu_init                      
00004389  __muldsi3                       
00003b59  __mulsf3                        
0000434d  __nesf2                         
20207e00  __stack                         
20200000  __start___llvm_prf_bits         
20200000  __start___llvm_prf_cnts         
20200000  __stop___llvm_prf_bits          
20200000  __stop___llvm_prf_cnts          
000034c9  __subsf3                        
00004561  _c_int00_noargs                 
UNDEFED   _system_post_cinit              
000046c3  _system_pre_init                
000046b5  abort                           
ffffffff  binit                           
20200c00  gPWM_0Backup                    
20200cbc  gQEI_0Backup                    
20200e10  g_car                           
20200f54  g_ec11                          
20200f3c  g_line                          
20200f20  g_mpu6050                       
20200f64  g_oled                          
00000000  interruptVectors                
000037bd  main                            
000039a5  memcpy                          
00003f27  memset                          


GLOBAL SYMBOLS: SORTED BY Symbol Address 

address   name                            
-------   ----                            
00000000  __TI_ATRegion0_region_sz        
00000000  __TI_ATRegion0_src_addr         
00000000  __TI_ATRegion0_trg_addr         
00000000  __TI_ATRegion1_region_sz        
00000000  __TI_ATRegion1_src_addr         
00000000  __TI_ATRegion1_trg_addr         
00000000  __TI_ATRegion2_region_sz        
00000000  __TI_ATRegion2_src_addr         
00000000  __TI_ATRegion2_trg_addr         
00000000  __TI_static_base__              
00000000  interruptVectors                
000000c1  Car_ControlStep                 
00000200  __STACK_SIZE                    
00001585  Debug_UART_ProcessRx            
00001945  Board_OLED_I2C_Write            
00002005  OLED_DrawBluetoothRx            
00002299  Board_I2C_ReadRegs              
000024f9  OLED_Update                     
000028dd  LineTracker_Update              
00002a85  Car_Init                        
00002d49  Debug_UART_Init                 
00002e85  SYSCFG_DL_GPIO_init             
000030bd  MPU6050_Init                    
000031c9  DL_Timer_initFourCCPWMMode      
000033cd  DL_Timer_initTimerMode          
000034c9  __aeabi_fsub                    
000034c9  __subsf3                        
000034d3  __addsf3                        
000034d3  __aeabi_fadd                    
000035a1  UART1_IRQHandler                
00003661  MPU6050_Calibrate               
00003711  EC11_Task                       
000037bd  main                            
00003865  EC11_HandleABInterrupt          
00003909  MPU6050_Task                    
000039a5  memcpy                          
00003a3f  ADC0_IRQHandler                 
00003a3f  ADC1_IRQHandler                 
00003a3f  AES_IRQHandler                  
00003a3f  CANFD0_IRQHandler               
00003a3f  DAC0_IRQHandler                 
00003a3f  DMA_IRQHandler                  
00003a3f  Default_Handler                 
00003a3f  GROUP0_IRQHandler               
00003a3f  HardFault_Handler               
00003a3f  I2C0_IRQHandler                 
00003a3f  I2C1_IRQHandler                 
00003a3f  NMI_Handler                     
00003a3f  PendSV_Handler                  
00003a3f  RTC_IRQHandler                  
00003a3f  SPI0_IRQHandler                 
00003a3f  SPI1_IRQHandler                 
00003a3f  SVC_Handler                     
00003a3f  SysTick_Handler                 
00003a3f  TIMA0_IRQHandler                
00003a3f  TIMA1_IRQHandler                
00003a3f  TIMG0_IRQHandler                
00003a3f  TIMG6_IRQHandler                
00003a3f  TIMG7_IRQHandler                
00003a3f  TIMG8_IRQHandler                
00003a3f  UART0_IRQHandler                
00003a3f  UART2_IRQHandler                
00003a3f  UART3_IRQHandler                
00003acd  SYSCFG_DL_PWM_0_init            
00003b59  __aeabi_fmul                    
00003b59  __mulsf3                        
00003be5  EC11_Init                       
00003c69  __aeabi_fdiv                    
00003c69  __divsf3                        
00003ceb  __aeabi_idiv0                   
00003ced  GROUP1_IRQHandler               
00003d6d  __TI_decompress_lzss            
00003de9  SYSCFG_DL_UART_DEBUG_init       
00003ec5  __aeabi_fcmpeq                  
00003ed9  __aeabi_fcmplt                  
00003eed  __aeabi_fcmple                  
00003f01  __aeabi_fcmpge                  
00003f15  __aeabi_fcmpgt                  
00003f27  memset                          
00003f89  SYSCFG_DL_initPower             
00003fe9  DL_I2C_fillControllerTXFIFO     
00004049  OLED_Task                       
000040a1  __aeabi_idiv                    
000040a1  __aeabi_idivmod                 
000040f9  SYSCFG_DL_I2C_MPU_init          
0000414d  SYSCFG_DL_QEI_0_init            
00004199  DL_UART_init                    
000041e1  __aeabi_uidiv                   
000041e1  __aeabi_uidivmod                
00004221  DL_I2C_flushControllerTXFIFO    
0000425d  SYSCFG_DL_init                  
00004299  __aeabi_i2f                     
00004299  __floatsisf                     
000042d5  __gesf2                         
000042d5  __gtsf2                         
00004311  __TI_auto_init_nobinit_nopinit  
0000434d  __cmpsf2                        
0000434d  __eqsf2                         
0000434d  __lesf2                         
0000434d  __ltsf2                         
0000434d  __nesf2                         
00004389  __muldsi3                       
000043fd  OLED_Init                       
00004435  SYSCFG_DL_TIMER_CONTROL_init    
0000446d  __aeabi_f2iz                    
0000446d  __fixsfsi                       
000044a5  Board_OLED_I2C_Init             
000044d9  DL_I2C_flushControllerRXFIFO    
00004509  SYSCFG_DL_SYSCTL_init           
00004539  __aeabi_ui2f                    
00004539  __floatunsisf                   
00004561  _c_int00_noargs                 
00004589  DL_I2C_setClockConfig           
000045b1  DL_Timer_setCaptCompUpdateMethod
000045cd  DL_Timer_setClockConfig         
000045e9  DL_Timer_setCaptureCompareOutCtl
00004601  TIMG12_IRQHandler               
00004619  Board_I2C_WriteReg              
0000462f  DL_UART_setClockConfig          
00004641  __TI_decompress_none            
00004655  DL_Timer_setCaptureCompareValue 
00004665  __TI_zero_init                  
00004675  __aeabi_memset                  
00004675  __aeabi_memset4                 
00004675  __aeabi_memset8                 
00004685  __aeabi_memclr                  
00004685  __aeabi_memclr4                 
00004685  __aeabi_memclr8                 
00004691  DL_Common_delayCycles           
0000469b  Debug_UART_Task                 
000046a3  LineTracker_Init                
000046ad  __aeabi_memcpy                  
000046ad  __aeabi_memcpy4                 
000046ad  __aeabi_memcpy8                 
000046b5  abort                           
000046ba  C$$EXIT                         
000046bb  HOSTexit                        
000046bf  Reset_Handler                   
000046c3  _system_pre_init                
000049bc  __TI_Handler_Table_Base         
000049c8  __TI_Handler_Table_Limit        
000049d0  __TI_CINIT_Base                 
000049e0  __TI_CINIT_Limit                
000049e0  __TI_CINIT_Warm                 
20200000  __start___llvm_prf_bits         
20200000  __start___llvm_prf_cnts         
20200000  __stop___llvm_prf_bits          
20200000  __stop___llvm_prf_cnts          
20200c00  gPWM_0Backup                    
20200cbc  gQEI_0Backup                    
20200e10  g_car                           
20200f20  g_mpu6050                       
20200f3c  g_line                          
20200f54  g_ec11                          
20200f64  g_oled                          
20207e00  __stack                         
20208000  __STACK_END                     
ffffffff  __TI_pprof_out_hndl             
ffffffff  __TI_prof_data_size             
ffffffff  __TI_prof_data_start            
ffffffff  __binit__                       
ffffffff  binit                           
UNDEFED   __mpu_init                      
UNDEFED   _system_post_cinit              

[164 symbols]
