******************************************************************************
            TI ARM Clang Linker PC v4.0.4                      
******************************************************************************
>> Linked Fri Jul 31 08:04:25 2026

OUTPUT FILE NAME:   <TI_Car_3507_64.out>
ENTRY POINT SYMBOL: "_c_int00_noargs"  address: 0000444d


MEMORY CONFIGURATION

         name            origin    length      used     unused   attr    fill
----------------------  --------  ---------  --------  --------  ----  --------
  FLASH                 00000000   00020000  000048b0  0001b750  R  X
  SRAM                  20200000   00008000  0000098e  00007672  RW X
  BCR_CONFIG            41c00000   000000ff  00000000  000000ff  R   
  BSL_CONFIG            41c00100   00000080  00000000  00000080  R   


SEGMENT ALLOCATION MAP

run origin  load origin   length   init length attrs members
----------  ----------- ---------- ----------- ----- -------
00000000    00000000    000048b0   000048b0    r-x
  00000000    00000000    000000c0   000000c0    r-- .intvecs
  000000c0    000000c0    00004590   00004590    r-x .text
  00004650    00004650    000001a0   000001a0    r-- .rodata
  000047f0    000047f0    000000c0   000000c0    r-- .cinit
20200000    20200000    0000078e   00000000    rw-
  20200000    20200000    000005dc   00000000    rw- .bss
  202005dc    202005dc    000001b2   00000000    rw- .data
20207e00    20207e00    00000200   00000000    rw-
  20207e00    20207e00    00000200   00000000    rw- .stack


SECTION ALLOCATION MAP

 output                                  attributes/
section   page    origin      length       input sections
--------  ----  ----------  ----------   ----------------
.intvecs   0    00000000    000000c0     
                  00000000    000000c0     startup_mspm0g350x_ticlang.o (.intvecs)

.text      0    000000c0    00004590     
                  000000c0    00000a24     car_control.o (.text.Car_ControlStep)
                  00000ae4    00000608     car_control.o (.text.Car_RightAngleApproachStep)
                  000010ec    00000460     board_oled_i2c.o (.text.Board_OLED_I2C_RecoverBus)
                  0000154c    0000039c     board_oled_i2c.o (.text.Board_OLED_I2C_Write)
                  000018e8    00000324     board_oled_i2c.o (.text.Board_OLED_I2C_WriteByte)
                  00001c0c    0000028c     competition_tasks.o (.text.CompetitionTasks_ControlStep)
                  00001e98    00000260     board_i2c.o (.text.Board_I2C_ReadRegs)
                  000020f8    000001c4     oled_ssd1306.o (.text.OLED_TryInitialize)
                  000022bc    000001a8     line_tracker.o (.text.LineTracker_Update)
                  00002464    00000180     car_control.o (.text.Car_Stop)
                  000025e4    00000150     board_i2c.o (.text.Board_I2C_WriteByteStream)
                  00002734    00000140     odometer.o (.text.Odometer_ControlStep)
                  00002874    00000130     oled_ssd1306.o (.text.OLED_DrawRaceTime)
                  000029a4    0000011c     ti_msp_dl_config.o (.text.SYSCFG_DL_GPIO_init)
                  00002ac0    00000118     car_control.o (.text.Car_BrakeHold)
                  00002bd8    00000110     car_control.o (.text.Car_PidStep)
                  00002ce8    0000010c     mpu6050.o (.text.MPU6050_Init)
                  00002df4    00000104     driverlib.a : dl_timer.o (.text.DL_Timer_initFourCCPWMMode)
                  00002ef8    00000100     car_control.o (.text.Car_LinePidStep)
                  00002ff8    000000fc     driverlib.a : dl_timer.o (.text.DL_Timer_initTimerMode)
                  000030f4    000000f8     oled_ssd1306.o (.text.OLED_UpdateWindow)
                  000031ec    000000d8     libclang_rt.builtins.a : addsf3.S.obj (.text)
                  000032c4    000000d0     odometer.o (.text.Odometer_Service)
                  00003394    000000c0     debug_uart.o (.text.UART1_IRQHandler)
                  00003454    000000bc     competition_tasks.o (.text.CompetitionTasks_Init)
                  00003510    000000b0     car_control.o (.text.Car_Init)
                  000035c0    000000b0     mpu6050.o (.text.MPU6050_Calibrate)
                  00003670    000000a2     libclang_rt.builtins.a : udivmoddi4.S.obj (.text)
                  00003712    00000002     startup_mspm0g350x_ticlang.o (.text.Default_Handler)
                  00003714    000000a0     empty.o (.text.main)
                  000037b4    0000009c     mpu6050.o (.text.MPU6050_Task)
                  00003850    0000009a     libc.a : memcpy16.S.obj (.text:memcpy)
                  000038ea    00000002     oled_ssd1306.o (.text.OLED_DrawOdometer)
                  000038ec    0000008c     car_control.o (.text.Car_RightAngleAssistStop)
                  00003978    0000008c     ti_msp_dl_config.o (.text.SYSCFG_DL_PWM_0_init)
                  00003a04    0000008c     libclang_rt.builtins.a : mulsf3.S.obj (.text.__mulsf3)
                  00003a90    00000082                            : divsf3.S.obj (.text.__divsf3)
                  00003b12    00000002                            : aeabi_div0.c.obj (.text.__aeabi_idiv0)
                  00003b14    0000007c     odometer.o (.text.Odometer_Init)
                  00003b90    0000007c     libc.a : copy_decompress_lzss.c.obj (.text:decompress:lzss)
                  00003c0c    00000070     competition_tasks.o (.text.CompetitionTasks_Service)
                  00003c7c    00000070     ti_msp_dl_config.o (.text.SYSCFG_DL_UART_DEBUG_init)
                  00003cec    0000006c     car_control.o (.text.Car_RightAngleSetTargets)
                  00003d58    00000062     libclang_rt.builtins.a : aeabi_fcmp.S.obj (.text.__aeabi_fcmp)
                  00003dba    00000062     libc.a : memset16.S.obj (.text:memset)
                  00003e1c    00000060     ti_msp_dl_config.o (.text.SYSCFG_DL_initPower)
                  00003e7c    0000005e     driverlib.a : dl_i2c.o (.text.DL_I2C_fillControllerTXFIFO)
                  00003eda    00000002     libclang_rt.builtins.a : aeabi_div0.c.obj (.text.__aeabi_ldiv0)
                  00003edc    00000058     car_control.o (.text.GROUP1_IRQHandler)
                  00003f34    00000058     oled_ssd1306.o (.text.OLED_Task)
                  00003f8c    00000056     libclang_rt.builtins.a : aeabi_idivmod.S.obj (.text.__aeabi_idivmod)
                  00003fe2    00000002     --HOLE-- [fill = 0]
                  00003fe4    00000054     ti_msp_dl_config.o (.text.SYSCFG_DL_I2C_MPU_init)
                  00004038    0000004c     ti_msp_dl_config.o (.text.SYSCFG_DL_QEI_0_init)
                  00004084    00000048     driverlib.a : dl_uart.o (.text.DL_UART_init)
                  000040cc    00000040     libclang_rt.builtins.a : aeabi_uidivmod.S.obj (.text.__aeabi_uidivmod)
                  0000410c    0000003c     driverlib.a : dl_i2c.o (.text.DL_I2C_flushControllerTXFIFO)
                  00004148    0000003c     ti_msp_dl_config.o (.text.SYSCFG_DL_init)
                  00004184    0000003c     libclang_rt.builtins.a : floatsisf.S.obj (.text.__floatsisf)
                  000041c0    0000003c                            : comparesf2.S.obj (.text.__gtsf2)
                  000041fc    0000003c     libc.a : autoinit.c.obj (.text:__TI_auto_init_nobinit_nopinit)
                  00004238    0000003a     libclang_rt.builtins.a : comparesf2.S.obj (.text.__eqsf2)
                  00004272    00000002     --HOLE-- [fill = 0]
                  00004274    0000003a                            : muldsi3.S.obj (.text.__muldsi3)
                  000042ae    00000002     --HOLE-- [fill = 0]
                  000042b0    00000038     board_i2c.o (.text.Board_I2C_RecoverBus)
                  000042e8    00000038     oled_ssd1306.o (.text.OLED_Init)
                  00004320    00000038     ti_msp_dl_config.o (.text.SYSCFG_DL_TIMER_CONTROL_init)
                  00004358    00000038     libclang_rt.builtins.a : fixsfsi.S.obj (.text.__fixsfsi)
                  00004390    00000034     board_oled_i2c.o (.text.Board_OLED_I2C_Init)
                  000043c4    00000030     driverlib.a : dl_i2c.o (.text.DL_I2C_flushControllerRXFIFO)
                  000043f4    00000030     ti_msp_dl_config.o (.text.SYSCFG_DL_SYSCTL_init)
                  00004424    00000028     libclang_rt.builtins.a : floatunsisf.S.obj (.text.__floatunsisf)
                  0000444c    00000028     libc.a : boot_cortex_m.c.obj (.text:_c_int00_noargs)
                  00004474    00000026     driverlib.a : dl_i2c.o (.text.DL_I2C_setClockConfig)
                  0000449a    00000002     --HOLE-- [fill = 0]
                  0000449c    00000024     libclang_rt.builtins.a : muldi3.S.obj (.text.__muldi3)
                  000044c0    00000020     car_control.o (.text.Car_StartLineFollow)
                  000044e0    00000020     empty.o (.text.TIMG12_IRQHandler)
                  00004500    0000001e     libclang_rt.builtins.a : ashldi3.S.obj (.text.__ashldi3)
                  0000451e    00000002     --HOLE-- [fill = 0]
                  00004520    0000001c     driverlib.a : dl_timer.o (.text.DL_Timer_setCaptCompUpdateMethod)
                  0000453c    0000001c                 : dl_timer.o (.text.DL_Timer_setClockConfig)
                  00004558    0000001c     odometer.o (.text.Odometer_GetControlProgress)
                  00004574    00000018     car_control.o (.text.Car_SetLineFollowBaseCounts)
                  0000458c    00000018     driverlib.a : dl_timer.o (.text.DL_Timer_setCaptureCompareOutCtl)
                  000045a4    00000016     board_i2c.o (.text.Board_I2C_WriteReg)
                  000045ba    00000002     --HOLE-- [fill = 0]
                  000045bc    00000014     libclang_rt.builtins.a : aeabi_uldivmod.S.obj (.text.__aeabi_uldivmod)
                  000045d0    00000012     driverlib.a : dl_uart.o (.text.DL_UART_setClockConfig)
                  000045e2    00000012     libc.a : copy_decompress_none.c.obj (.text:decompress:none)
                  000045f4    00000010     driverlib.a : dl_timer.o (.text.DL_Timer_setCaptureCompareValue)
                  00004604    00000010     libc.a : copy_zero_init.c.obj (.text:decompress:ZI)
                  00004614    0000000c     libclang_rt.builtins.a : aeabi_memset.S.obj (.text.__aeabi_memclr)
                  00004620    0000000a     driverlib.a : dl_common.o (.text.DL_Common_delayCycles)
                  0000462a    00000008     line_tracker.o (.text.LineTracker_Init)
                  00004632    00000002     --HOLE-- [fill = 0]
                  00004634    00000008     libclang_rt.builtins.a : aeabi_memcpy.S.obj (.text.__aeabi_memcpy)
                  0000463c    00000006     libc.a : exit.c.obj (.text:abort)
                  00004642    00000004     libsysbm.a : hostexit.c.obj (.text.HOSTexit)
                  00004646    00000004     startup_mspm0g350x_ticlang.o (.text.Reset_Handler)
                  0000464a    00000004     libc.a : pre_init.c.obj (.text._system_pre_init)
                  0000464e    00000002     --HOLE-- [fill = 0]

.cinit     0    000047f0    000000c0     
                  000047f0    00000097     (.cinit..data.load) [load image, compression = lzss]
                  00004887    00000001     --HOLE-- [fill = 0]
                  00004888    0000000c     (__TI_handler_table)
                  00004894    00000008     (.cinit..bss.load) [load image, compression = zero_init]
                  0000489c    00000010     (__TI_cinit_table)
                  000048ac    00000004     --HOLE-- [fill = 0]

.rodata    0    00004650    000001a0     
                  00004650    00000140     oled_ssd1306.o (.rodata.s_digit16)
                  00004790    0000001c     oled_ssd1306.o (.rodata.s_oled_init_cmds)
                  000047ac    00000014     ti_msp_dl_config.o (.rodata.gTIMER_CONTROLTimerConfig)
                  000047c0    00000010     car_control.o (.rodata.cst16)
                  000047d0    0000000a     ti_msp_dl_config.o (.rodata.gUART_DEBUGConfig)
                  000047da    00000002     ti_msp_dl_config.o (.rodata.gI2C_MPUClockConfig)
                  000047dc    00000008     ti_msp_dl_config.o (.rodata.gPWM_0Config)
                  000047e4    00000003     ti_msp_dl_config.o (.rodata.gPWM_0ClockConfig)
                  000047e7    00000003     ti_msp_dl_config.o (.rodata.gQEI_0ClockConfig)
                  000047ea    00000003     ti_msp_dl_config.o (.rodata.gTIMER_CONTROLClockConfig)
                  000047ed    00000002     ti_msp_dl_config.o (.rodata.gUART_DEBUGClockConfig)
                  000047ef    00000001     --HOLE-- [fill = 0]

.init_array 
*          0    00000000    00000000     UNINITIALIZED

.binit     0    00000000    00000000     

.bss       0    20200000    000005dc     UNINITIALIZED
                  20200000    00000400     oled_ssd1306.o (.bss.s_buffer)
                  20200400    000000bc     (.common:gPWM_0Backup)
                  202004bc    000000a0     (.common:gQEI_0Backup)
                  2020055c    00000080     debug_uart.o (.bss.s_rx_buffer)

.data      0    202005dc    000001b2     UNINITIALIZED
                  202005dc    00000110     car_control.o (.data.g_car)
                  202006ec    0000001c     mpu6050.o (.data.g_mpu6050)
                  20200708    00000018     line_tracker.o (.data.g_line)
                  20200720    00000010     competition_tasks.o (.data.g_competition_task_status)
                  20200730    00000008     oled_ssd1306.o (.data.g_oled)
                  20200738    00000004     car_control.o (.data.s_approach_fused_distance)
                  2020073c    00000004     odometer.o (.data.s_control_progress)
                  20200740    00000004     competition_tasks.o (.data.s_key_debounce_tick)
                  20200744    00000004     competition_tasks.o (.data.s_key_press_tick)
                  20200748    00000004     competition_tasks.o (.data.s_last_control_tick)
                  2020074c    00000004     competition_tasks.o (.data.s_last_display_tick)
                  20200750    00000004     odometer.o (.data.s_last_display_tick)
                  20200754    00000004     mpu6050.o (.data.s_last_sample_tick)
                  20200758    00000004     oled_ssd1306.o (.data.s_last_service_tick)
                  2020075c    00000004     odometer.o (.data.s_left_counts)
                  20200760    00000004     odometer.o (.data.s_left_zero)
                  20200764    00000004     competition_tasks.o (.data.s_motion_start_tick)
                  20200768    00000004     odometer.o (.data.s_right_counts)
                  2020076c    00000004     car_control.o (.data.s_right_encoder_count)
                  20200770    00000004     odometer.o (.data.s_right_zero)
                  20200774    00000002     competition_tasks.o (.data.s_max_lap_progress)
                  20200776    00000002     debug_uart.o (.data.s_rx_head)
                  20200778    00000002     debug_uart.o (.data.s_rx_tail)
                  2020077a    00000001     car_control.o (.data.s_approach_invalid_ticks)
                  2020077b    00000001     car_control.o (.data.s_approach_left_stale_ticks)
                  2020077c    00000001     car_control.o (.data.s_approach_locked_health)
                  2020077d    00000001     car_control.o (.data.s_approach_mismatch_health)
                  2020077e    00000001     car_control.o (.data.s_approach_mismatch_ticks)
                  2020077f    00000001     car_control.o (.data.s_approach_right_stale_ticks)
                  20200780    00000001     competition_tasks.o (.data.s_display_dirty)
                  20200781    00000001     odometer.o (.data.s_display_dirty)
                  20200782    00000001     competition_tasks.o (.data.s_finish_confirm_count)
                  20200783    00000001     odometer.o (.data.s_frozen)
                  20200784    00000001     competition_tasks.o (.data.s_initialized)
                  20200785    00000001     odometer.o (.data.s_initialized)
                  20200786    00000001     competition_tasks.o (.data.s_key_armed)
                  20200787    00000001     competition_tasks.o (.data.s_key_last_raw)
                  20200788    00000001     competition_tasks.o (.data.s_key_press_allowed)
                  20200789    00000001     competition_tasks.o (.data.s_key_press_pending)
                  2020078a    00000001     competition_tasks.o (.data.s_key_stable)
                  2020078b    00000001     odometer.o (.data.s_last_state)
                  2020078c    00000001     competition_tasks.o (.data.s_leave_confirm_count)
                  2020078d    00000001     car_control.o (.data.s_right_encoder_state)

.stack     0    20207e00    00000200     UNINITIALIZED
                  20207e00    00000004     libc.a : boot_cortex_m.c.obj (.stack)
                  20207e04    000001fc     --HOLE--

__llvm_prf_cnts 
*          0    20200000    00000000     UNINITIALIZED

__llvm_prf_bits 
*          0    20200000    00000000     UNINITIALIZED

MODULE SUMMARY

       Module                         code    ro data   rw data
       ------                         ----    -------   -------
    .\
       car_control.o                  5900    16        287    
       board_oled_i2c.o               2900    0         0      
       oled_ssd1306.o                 1150    348       1036   
       ti_msp_dl_config.o             956     51        348    
       board_i2c.o                    1022    0         0      
       competition_tasks.o            952     0         47     
       odometer.o                     680     0         28     
       mpu6050.o                      600     0         32     
       line_tracker.o                 432     0         24     
       debug_uart.o                   192     0         132    
       startup_mspm0g350x_ticlang.o   6       192       0      
       empty.o                        192     0         0      
    +--+------------------------------+-------+---------+---------+
       Total:                         14982   607       1934   
                                                               
    F:/TI/mspm0_sdk_2_10_00_04/source/ti/driverlib/lib/ticlang/m0p/mspm0g1x0x_g3x0x/driverlib.a
       dl_timer.o                     608     0         0      
       dl_i2c.o                       240     0         0      
       dl_uart.o                      90      0         0      
       dl_common.o                    10      0         0      
    +--+------------------------------+-------+---------+---------+
       Total:                         948     0         0      
                                                               
    F:\TI\ccstheia\ccs\tools\compiler\ti-cgt-armllvm_4.0.4.LTS\lib\armv6m-ti-none-eabi/c/libc.a
       memcpy16.S.obj                 154     0         0      
       copy_decompress_lzss.c.obj     124     0         0      
       memset16.S.obj                 98      0         0      
       autoinit.c.obj                 60      0         0      
       boot_cortex_m.c.obj            40      0         0      
       copy_decompress_none.c.obj     18      0         0      
       copy_zero_init.c.obj           16      0         0      
       exit.c.obj                     6       0         0      
       pre_init.c.obj                 4       0         0      
    +--+------------------------------+-------+---------+---------+
       Total:                         520     0         0      
                                                               
    F:\TI\ccstheia\ccs\tools\compiler\ti-cgt-armllvm_4.0.4.LTS\lib\armv6m-ti-none-eabi/c/libsysbm.a
       hostexit.c.obj                 4       0         0      
    +--+------------------------------+-------+---------+---------+
       Total:                         4       0         0      
                                                               
    F:\TI\ccstheia\ccs\tools\compiler\ti-cgt-armllvm_4.0.4.LTS\lib\armv6m-ti-none-eabi/libclang_rt.builtins.a
       addsf3.S.obj                   216     0         0      
       udivmoddi4.S.obj               162     0         0      
       mulsf3.S.obj                   140     0         0      
       divsf3.S.obj                   130     0         0      
       comparesf2.S.obj               118     0         0      
       aeabi_fcmp.S.obj               98      0         0      
       aeabi_idivmod.S.obj            86      0         0      
       aeabi_uidivmod.S.obj           64      0         0      
       floatsisf.S.obj                60      0         0      
       muldsi3.S.obj                  58      0         0      
       fixsfsi.S.obj                  56      0         0      
       floatunsisf.S.obj              40      0         0      
       muldi3.S.obj                   36      0         0      
       ashldi3.S.obj                  30      0         0      
       aeabi_uldivmod.S.obj           20      0         0      
       aeabi_memset.S.obj             12      0         0      
       aeabi_memcpy.S.obj             8       0         0      
       aeabi_div0.c.obj               4       0         0      
    +--+------------------------------+-------+---------+---------+
       Total:                         1338    0         0      
                                                               
       Stack:                         0       0         512    
       Linker Generated:              0       187       0      
    +--+------------------------------+-------+---------+---------+
       Grand Total:                   17792   794       2446   


LINKER GENERATED COPY TABLES

__TI_cinit_table @ 0000489c records: 2, size/record: 8, table size: 16
	.data: load addr=000047f0, load size=00000097 bytes, run addr=202005dc, run size=000001b2 bytes, compression=lzss
	.bss: load addr=00004894, load size=00000008 bytes, run addr=20200000, run size=000005dc bytes, compression=zero_init


LINKER GENERATED HANDLER TABLE

__TI_handler_table @ 00004888 records: 3, size/record: 4, table size: 12
	index: 0, handler: __TI_decompress_lzss
	index: 1, handler: __TI_decompress_none
	index: 2, handler: __TI_zero_init


GLOBAL SYMBOLS: SORTED ALPHABETICALLY BY Name 

address   name                            
-------   ----                            
00003713  ADC0_IRQHandler                 
00003713  ADC1_IRQHandler                 
00003713  AES_IRQHandler                  
00001e99  Board_I2C_ReadRegs              
000045a5  Board_I2C_WriteReg              
00004391  Board_OLED_I2C_Init             
0000154d  Board_OLED_I2C_Write            
00004642  C$$EXIT                         
00003713  CANFD0_IRQHandler               
00002ac1  Car_BrakeHold                   
000000c1  Car_ControlStep                 
00003511  Car_Init                        
00004575  Car_SetLineFollowBaseCounts     
000044c1  Car_StartLineFollow             
00002465  Car_Stop                        
00001c0d  CompetitionTasks_ControlStep    
00003455  CompetitionTasks_Init           
00003c0d  CompetitionTasks_Service        
00003713  DAC0_IRQHandler                 
00004621  DL_Common_delayCycles           
00003e7d  DL_I2C_fillControllerTXFIFO     
000043c5  DL_I2C_flushControllerRXFIFO    
0000410d  DL_I2C_flushControllerTXFIFO    
00004475  DL_I2C_setClockConfig           
00002df5  DL_Timer_initFourCCPWMMode      
00002ff9  DL_Timer_initTimerMode          
00004521  DL_Timer_setCaptCompUpdateMethod
0000458d  DL_Timer_setCaptureCompareOutCtl
000045f5  DL_Timer_setCaptureCompareValue 
0000453d  DL_Timer_setClockConfig         
00004085  DL_UART_init                    
000045d1  DL_UART_setClockConfig          
00003713  DMA_IRQHandler                  
00003713  Default_Handler                 
00003713  GROUP0_IRQHandler               
00003edd  GROUP1_IRQHandler               
00004643  HOSTexit                        
00003713  HardFault_Handler               
00003713  I2C0_IRQHandler                 
00003713  I2C1_IRQHandler                 
0000462b  LineTracker_Init                
000022bd  LineTracker_Update              
000035c1  MPU6050_Calibrate               
00002ce9  MPU6050_Init                    
000037b5  MPU6050_Task                    
00003713  NMI_Handler                     
000038eb  OLED_DrawOdometer               
00002875  OLED_DrawRaceTime               
000042e9  OLED_Init                       
00003f35  OLED_Task                       
00002735  Odometer_ControlStep            
00004559  Odometer_GetControlProgress     
00003b15  Odometer_Init                   
000032c5  Odometer_Service                
00003713  PendSV_Handler                  
00003713  RTC_IRQHandler                  
00004647  Reset_Handler                   
00003713  SPI0_IRQHandler                 
00003713  SPI1_IRQHandler                 
00003713  SVC_Handler                     
000029a5  SYSCFG_DL_GPIO_init             
00003fe5  SYSCFG_DL_I2C_MPU_init          
00003979  SYSCFG_DL_PWM_0_init            
00004039  SYSCFG_DL_QEI_0_init            
000043f5  SYSCFG_DL_SYSCTL_init           
00004321  SYSCFG_DL_TIMER_CONTROL_init    
00003c7d  SYSCFG_DL_UART_DEBUG_init       
00004149  SYSCFG_DL_init                  
00003e1d  SYSCFG_DL_initPower             
00003713  SysTick_Handler                 
00003713  TIMA0_IRQHandler                
00003713  TIMA1_IRQHandler                
00003713  TIMG0_IRQHandler                
000044e1  TIMG12_IRQHandler               
00003713  TIMG6_IRQHandler                
00003713  TIMG7_IRQHandler                
00003713  TIMG8_IRQHandler                
00003713  UART0_IRQHandler                
00003395  UART1_IRQHandler                
00003713  UART2_IRQHandler                
00003713  UART3_IRQHandler                
20208000  __STACK_END                     
00000200  __STACK_SIZE                    
00000000  __TI_ATRegion0_region_sz        
00000000  __TI_ATRegion0_src_addr         
00000000  __TI_ATRegion0_trg_addr         
00000000  __TI_ATRegion1_region_sz        
00000000  __TI_ATRegion1_src_addr         
00000000  __TI_ATRegion1_trg_addr         
00000000  __TI_ATRegion2_region_sz        
00000000  __TI_ATRegion2_src_addr         
00000000  __TI_ATRegion2_trg_addr         
0000489c  __TI_CINIT_Base                 
000048ac  __TI_CINIT_Limit                
000048ac  __TI_CINIT_Warm                 
00004888  __TI_Handler_Table_Base         
00004894  __TI_Handler_Table_Limit        
000041fd  __TI_auto_init_nobinit_nopinit  
00003b91  __TI_decompress_lzss            
000045e3  __TI_decompress_none            
ffffffff  __TI_pprof_out_hndl             
ffffffff  __TI_prof_data_size             
ffffffff  __TI_prof_data_start            
00000000  __TI_static_base__              
00004605  __TI_zero_init                  
000031f7  __addsf3                        
00004359  __aeabi_f2iz                    
000031f7  __aeabi_fadd                    
00003d59  __aeabi_fcmpeq                  
00003d95  __aeabi_fcmpge                  
00003da9  __aeabi_fcmpgt                  
00003d81  __aeabi_fcmple                  
00003d6d  __aeabi_fcmplt                  
00003a91  __aeabi_fdiv                    
00003a05  __aeabi_fmul                    
000031ed  __aeabi_fsub                    
00004185  __aeabi_i2f                     
00003f8d  __aeabi_idiv                    
00003b13  __aeabi_idiv0                   
00003f8d  __aeabi_idivmod                 
00003edb  __aeabi_ldiv0                   
00004501  __aeabi_llsl                    
0000449d  __aeabi_lmul                    
00004615  __aeabi_memclr                  
00004615  __aeabi_memclr4                 
00004615  __aeabi_memclr8                 
00004635  __aeabi_memcpy                  
00004635  __aeabi_memcpy4                 
00004635  __aeabi_memcpy8                 
00004425  __aeabi_ui2f                    
000040cd  __aeabi_uidiv                   
000040cd  __aeabi_uidivmod                
000045bd  __aeabi_uldivmod                
00004501  __ashldi3                       
ffffffff  __binit__                       
00004239  __cmpsf2                        
00003a91  __divsf3                        
00004239  __eqsf2                         
00004359  __fixsfsi                       
00004185  __floatsisf                     
00004425  __floatunsisf                   
000041c1  __gesf2                         
000041c1  __gtsf2                         
00004239  __lesf2                         
00004239  __ltsf2                         
UNDEFED   __mpu_init                      
0000449d  __muldi3                        
00004275  __muldsi3                       
00003a05  __mulsf3                        
00004239  __nesf2                         
20207e00  __stack                         
20200000  __start___llvm_prf_bits         
20200000  __start___llvm_prf_cnts         
20200000  __stop___llvm_prf_bits          
20200000  __stop___llvm_prf_cnts          
000031ed  __subsf3                        
00003671  __udivmoddi4                    
0000444d  _c_int00_noargs                 
UNDEFED   _system_post_cinit              
0000464b  _system_pre_init                
0000463d  abort                           
ffffffff  binit                           
20200400  gPWM_0Backup                    
202004bc  gQEI_0Backup                    
202005dc  g_car                           
20200720  g_competition_task_status       
20200708  g_line                          
202006ec  g_mpu6050                       
20200730  g_oled                          
00000000  interruptVectors                
00003715  main                            
00003851  memcpy                          
00003dbb  memset                          


GLOBAL SYMBOLS: SORTED BY Symbol Address 

address   name                            
-------   ----                            
00000000  __TI_ATRegion0_region_sz        
00000000  __TI_ATRegion0_src_addr         
00000000  __TI_ATRegion0_trg_addr         
00000000  __TI_ATRegion1_region_sz        
00000000  __TI_ATRegion1_src_addr         
00000000  __TI_ATRegion1_trg_addr         
00000000  __TI_ATRegion2_region_sz        
00000000  __TI_ATRegion2_src_addr         
00000000  __TI_ATRegion2_trg_addr         
00000000  __TI_static_base__              
00000000  interruptVectors                
000000c1  Car_ControlStep                 
00000200  __STACK_SIZE                    
0000154d  Board_OLED_I2C_Write            
00001c0d  CompetitionTasks_ControlStep    
00001e99  Board_I2C_ReadRegs              
000022bd  LineTracker_Update              
00002465  Car_Stop                        
00002735  Odometer_ControlStep            
00002875  OLED_DrawRaceTime               
000029a5  SYSCFG_DL_GPIO_init             
00002ac1  Car_BrakeHold                   
00002ce9  MPU6050_Init                    
00002df5  DL_Timer_initFourCCPWMMode      
00002ff9  DL_Timer_initTimerMode          
000031ed  __aeabi_fsub                    
000031ed  __subsf3                        
000031f7  __addsf3                        
000031f7  __aeabi_fadd                    
000032c5  Odometer_Service                
00003395  UART1_IRQHandler                
00003455  CompetitionTasks_Init           
00003511  Car_Init                        
000035c1  MPU6050_Calibrate               
00003671  __udivmoddi4                    
00003713  ADC0_IRQHandler                 
00003713  ADC1_IRQHandler                 
00003713  AES_IRQHandler                  
00003713  CANFD0_IRQHandler               
00003713  DAC0_IRQHandler                 
00003713  DMA_IRQHandler                  
00003713  Default_Handler                 
00003713  GROUP0_IRQHandler               
00003713  HardFault_Handler               
00003713  I2C0_IRQHandler                 
00003713  I2C1_IRQHandler                 
00003713  NMI_Handler                     
00003713  PendSV_Handler                  
00003713  RTC_IRQHandler                  
00003713  SPI0_IRQHandler                 
00003713  SPI1_IRQHandler                 
00003713  SVC_Handler                     
00003713  SysTick_Handler                 
00003713  TIMA0_IRQHandler                
00003713  TIMA1_IRQHandler                
00003713  TIMG0_IRQHandler                
00003713  TIMG6_IRQHandler                
00003713  TIMG7_IRQHandler                
00003713  TIMG8_IRQHandler                
00003713  UART0_IRQHandler                
00003713  UART2_IRQHandler                
00003713  UART3_IRQHandler                
00003715  main                            
000037b5  MPU6050_Task                    
00003851  memcpy                          
000038eb  OLED_DrawOdometer               
00003979  SYSCFG_DL_PWM_0_init            
00003a05  __aeabi_fmul                    
00003a05  __mulsf3                        
00003a91  __aeabi_fdiv                    
00003a91  __divsf3                        
00003b13  __aeabi_idiv0                   
00003b15  Odometer_Init                   
00003b91  __TI_decompress_lzss            
00003c0d  CompetitionTasks_Service        
00003c7d  SYSCFG_DL_UART_DEBUG_init       
00003d59  __aeabi_fcmpeq                  
00003d6d  __aeabi_fcmplt                  
00003d81  __aeabi_fcmple                  
00003d95  __aeabi_fcmpge                  
00003da9  __aeabi_fcmpgt                  
00003dbb  memset                          
00003e1d  SYSCFG_DL_initPower             
00003e7d  DL_I2C_fillControllerTXFIFO     
00003edb  __aeabi_ldiv0                   
00003edd  GROUP1_IRQHandler               
00003f35  OLED_Task                       
00003f8d  __aeabi_idiv                    
00003f8d  __aeabi_idivmod                 
00003fe5  SYSCFG_DL_I2C_MPU_init          
00004039  SYSCFG_DL_QEI_0_init            
00004085  DL_UART_init                    
000040cd  __aeabi_uidiv                   
000040cd  __aeabi_uidivmod                
0000410d  DL_I2C_flushControllerTXFIFO    
00004149  SYSCFG_DL_init                  
00004185  __aeabi_i2f                     
00004185  __floatsisf                     
000041c1  __gesf2                         
000041c1  __gtsf2                         
000041fd  __TI_auto_init_nobinit_nopinit  
00004239  __cmpsf2                        
00004239  __eqsf2                         
00004239  __lesf2                         
00004239  __ltsf2                         
00004239  __nesf2                         
00004275  __muldsi3                       
000042e9  OLED_Init                       
00004321  SYSCFG_DL_TIMER_CONTROL_init    
00004359  __aeabi_f2iz                    
00004359  __fixsfsi                       
00004391  Board_OLED_I2C_Init             
000043c5  DL_I2C_flushControllerRXFIFO    
000043f5  SYSCFG_DL_SYSCTL_init           
00004425  __aeabi_ui2f                    
00004425  __floatunsisf                   
0000444d  _c_int00_noargs                 
00004475  DL_I2C_setClockConfig           
0000449d  __aeabi_lmul                    
0000449d  __muldi3                        
000044c1  Car_StartLineFollow             
000044e1  TIMG12_IRQHandler               
00004501  __aeabi_llsl                    
00004501  __ashldi3                       
00004521  DL_Timer_setCaptCompUpdateMethod
0000453d  DL_Timer_setClockConfig         
00004559  Odometer_GetControlProgress     
00004575  Car_SetLineFollowBaseCounts     
0000458d  DL_Timer_setCaptureCompareOutCtl
000045a5  Board_I2C_WriteReg              
000045bd  __aeabi_uldivmod                
000045d1  DL_UART_setClockConfig          
000045e3  __TI_decompress_none            
000045f5  DL_Timer_setCaptureCompareValue 
00004605  __TI_zero_init                  
00004615  __aeabi_memclr                  
00004615  __aeabi_memclr4                 
00004615  __aeabi_memclr8                 
00004621  DL_Common_delayCycles           
0000462b  LineTracker_Init                
00004635  __aeabi_memcpy                  
00004635  __aeabi_memcpy4                 
00004635  __aeabi_memcpy8                 
0000463d  abort                           
00004642  C$$EXIT                         
00004643  HOSTexit                        
00004647  Reset_Handler                   
0000464b  _system_pre_init                
00004888  __TI_Handler_Table_Base         
00004894  __TI_Handler_Table_Limit        
0000489c  __TI_CINIT_Base                 
000048ac  __TI_CINIT_Limit                
000048ac  __TI_CINIT_Warm                 
20200000  __start___llvm_prf_bits         
20200000  __start___llvm_prf_cnts         
20200000  __stop___llvm_prf_bits          
20200000  __stop___llvm_prf_cnts          
20200400  gPWM_0Backup                    
202004bc  gQEI_0Backup                    
202005dc  g_car                           
202006ec  g_mpu6050                       
20200708  g_line                          
20200720  g_competition_task_status       
20200730  g_oled                          
20207e00  __stack                         
20208000  __STACK_END                     
ffffffff  __TI_pprof_out_hndl             
ffffffff  __TI_prof_data_size             
ffffffff  __TI_prof_data_start            
ffffffff  __binit__                       
ffffffff  binit                           
UNDEFED   __mpu_init                      
UNDEFED   _system_post_cinit              

[173 symbols]
