<?xml version="1.0" encoding="ISO-8859-1" ?>
<link_info>
   <banner>TI ARM Clang Linker PC v4.0.4.LTS</banner>
   <copyright>Copyright (c) 1996-2018 Texas Instruments Incorporated</copyright>
   <command_line>F:\TI\ccstheia\ccs\tools\compiler\ti-cgt-armllvm_4.0.4.LTS\bin\tiarmlnk -IF:\TI\ccstheia\ccs\tools\compiler\ti-cgt-armllvm_4.0.4.LTS\lib -o TI_Car_3507_64.out -mTI_Car_3507_64.map -iF:/TI/mspm0_sdk_2_10_00_04/source -iC:/Users/Thorn/workspace_ccstheia/TI_Car_3507_64 -iC:/Users/Thorn/workspace_ccstheia/TI_Car_3507_64/Debug/syscfg -iF:/TI/ccstheia/ccs/tools/compiler/ti-cgt-armllvm_4.0.4.LTS/lib --diag_wrap=off --display_error_number --warn_sections --xml_link_info=TI_Car_3507_64_linkInfo.xml --rom_model ./board_i2c.o ./board_oled_i2c.o ./car_control.o ./competition_tasks.o ./debug_uart.o ./ec11_encoder.o ./empty.o ./ti_msp_dl_config.o ./startup_mspm0g350x_ticlang.o ./line_tracker.o ./mpu6050.o ./oled_ssd1306.o ./problem_menu.o -l./device_linker.cmd -ldevice.cmd.genlibs -llibc.a --start-group -llibc++.a -llibc++abi.a -llibc.a -llibsys.a -llibsysbm.a -llibclang_rt.builtins.a -llibclang_rt.profile.a --end-group --cg_opt_level=2</command_line>
   <link_time>0x6a66a730</link_time>
   <link_errors>0x0</link_errors>
   <output_file>C:\Users\Thorn\workspace_ccstheia\TI_Car_3507_64\Debug\TI_Car_3507_64.out</output_file>
   <entry_point>
      <name>_c_int00_noargs</name>
      <address>0x8c75</address>
   </entry_point>
   <input_file_list>
      <input_file id="fl-1">
         <path>C:\Users\Thorn\workspace_ccstheia\TI_Car_3507_64\Debug\.\</path>
         <kind>object</kind>
         <file>board_i2c.o</file>
         <name>board_i2c.o</name>
      </input_file>
      <input_file id="fl-2">
         <path>C:\Users\Thorn\workspace_ccstheia\TI_Car_3507_64\Debug\.\</path>
         <kind>object</kind>
         <file>board_oled_i2c.o</file>
         <name>board_oled_i2c.o</name>
      </input_file>
      <input_file id="fl-3">
         <path>C:\Users\Thorn\workspace_ccstheia\TI_Car_3507_64\Debug\.\</path>
         <kind>object</kind>
         <file>car_control.o</file>
         <name>car_control.o</name>
      </input_file>
      <input_file id="fl-4">
         <path>C:\Users\Thorn\workspace_ccstheia\TI_Car_3507_64\Debug\.\</path>
         <kind>object</kind>
         <file>competition_tasks.o</file>
         <name>competition_tasks.o</name>
      </input_file>
      <input_file id="fl-5">
         <path>C:\Users\Thorn\workspace_ccstheia\TI_Car_3507_64\Debug\.\</path>
         <kind>object</kind>
         <file>debug_uart.o</file>
         <name>debug_uart.o</name>
      </input_file>
      <input_file id="fl-6">
         <path>C:\Users\Thorn\workspace_ccstheia\TI_Car_3507_64\Debug\.\</path>
         <kind>object</kind>
         <file>ec11_encoder.o</file>
         <name>ec11_encoder.o</name>
      </input_file>
      <input_file id="fl-7">
         <path>C:\Users\Thorn\workspace_ccstheia\TI_Car_3507_64\Debug\.\</path>
         <kind>object</kind>
         <file>empty.o</file>
         <name>empty.o</name>
      </input_file>
      <input_file id="fl-8">
         <path>C:\Users\Thorn\workspace_ccstheia\TI_Car_3507_64\Debug\.\</path>
         <kind>object</kind>
         <file>ti_msp_dl_config.o</file>
         <name>ti_msp_dl_config.o</name>
      </input_file>
      <input_file id="fl-9">
         <path>C:\Users\Thorn\workspace_ccstheia\TI_Car_3507_64\Debug\.\</path>
         <kind>object</kind>
         <file>startup_mspm0g350x_ticlang.o</file>
         <name>startup_mspm0g350x_ticlang.o</name>
      </input_file>
      <input_file id="fl-a">
         <path>C:\Users\Thorn\workspace_ccstheia\TI_Car_3507_64\Debug\.\</path>
         <kind>object</kind>
         <file>line_tracker.o</file>
         <name>line_tracker.o</name>
      </input_file>
      <input_file id="fl-b">
         <path>C:\Users\Thorn\workspace_ccstheia\TI_Car_3507_64\Debug\.\</path>
         <kind>object</kind>
         <file>mpu6050.o</file>
         <name>mpu6050.o</name>
      </input_file>
      <input_file id="fl-c">
         <path>C:\Users\Thorn\workspace_ccstheia\TI_Car_3507_64\Debug\.\</path>
         <kind>object</kind>
         <file>oled_ssd1306.o</file>
         <name>oled_ssd1306.o</name>
      </input_file>
      <input_file id="fl-d">
         <path>C:\Users\Thorn\workspace_ccstheia\TI_Car_3507_64\Debug\.\</path>
         <kind>object</kind>
         <file>problem_menu.o</file>
         <name>problem_menu.o</name>
      </input_file>
      <input_file id="fl-1a">
         <path>C:\Users\Thorn\workspace_ccstheia\TI_Car_3507_64\Debug\</path>
         <kind>object</kind>
         <file>&lt;internal&gt;</file>
         <name>&lt;internal&gt;</name>
      </input_file>
      <input_file id="fl-1b">
         <path>F:\TI\mspm0_sdk_2_10_00_04\source\ti\driverlib\lib\ticlang\m0p\mspm0g1x0x_g3x0x\</path>
         <kind>archive</kind>
         <file>driverlib.a</file>
         <name>dl_common.o</name>
      </input_file>
      <input_file id="fl-1c">
         <path>F:\TI\mspm0_sdk_2_10_00_04\source\ti\driverlib\lib\ticlang\m0p\mspm0g1x0x_g3x0x\</path>
         <kind>archive</kind>
         <file>driverlib.a</file>
         <name>dl_i2c.o</name>
      </input_file>
      <input_file id="fl-1d">
         <path>F:\TI\mspm0_sdk_2_10_00_04\source\ti\driverlib\lib\ticlang\m0p\mspm0g1x0x_g3x0x\</path>
         <kind>archive</kind>
         <file>driverlib.a</file>
         <name>dl_timer.o</name>
      </input_file>
      <input_file id="fl-1e">
         <path>F:\TI\mspm0_sdk_2_10_00_04\source\ti\driverlib\lib\ticlang\m0p\mspm0g1x0x_g3x0x\</path>
         <kind>archive</kind>
         <file>driverlib.a</file>
         <name>dl_uart.o</name>
      </input_file>
      <input_file id="fl-35">
         <path>F:\TI\ccstheia\ccs\tools\compiler\ti-cgt-armllvm_4.0.4.LTS\lib\armv6m-ti-none-eabi\c\</path>
         <kind>archive</kind>
         <file>libc.a</file>
         <name>boot_cortex_m.c.obj</name>
      </input_file>
      <input_file id="fl-36">
         <path>F:\TI\ccstheia\ccs\tools\compiler\ti-cgt-armllvm_4.0.4.LTS\lib\armv6m-ti-none-eabi\c\</path>
         <kind>archive</kind>
         <file>libc.a</file>
         <name>mathacl_init.c.obj</name>
      </input_file>
      <input_file id="fl-37">
         <path>F:\TI\ccstheia\ccs\tools\compiler\ti-cgt-armllvm_4.0.4.LTS\lib\armv6m-ti-none-eabi\c\</path>
         <kind>archive</kind>
         <file>libc.a</file>
         <name>autoinit.c.obj</name>
      </input_file>
      <input_file id="fl-38">
         <path>F:\TI\ccstheia\ccs\tools\compiler\ti-cgt-armllvm_4.0.4.LTS\lib\armv6m-ti-none-eabi\c\</path>
         <kind>archive</kind>
         <file>libc.a</file>
         <name>pre_init.c.obj</name>
      </input_file>
      <input_file id="fl-39">
         <path>F:\TI\ccstheia\ccs\tools\compiler\ti-cgt-armllvm_4.0.4.LTS\lib\armv6m-ti-none-eabi\c\</path>
         <kind>archive</kind>
         <file>libc.a</file>
         <name>cpy_tbl.c.obj</name>
      </input_file>
      <input_file id="fl-3a">
         <path>F:\TI\ccstheia\ccs\tools\compiler\ti-cgt-armllvm_4.0.4.LTS\lib\armv6m-ti-none-eabi\c\</path>
         <kind>archive</kind>
         <file>libc.a</file>
         <name>copy_zero_init.c.obj</name>
      </input_file>
      <input_file id="fl-3b">
         <path>F:\TI\ccstheia\ccs\tools\compiler\ti-cgt-armllvm_4.0.4.LTS\lib\armv6m-ti-none-eabi\c\</path>
         <kind>archive</kind>
         <file>libc.a</file>
         <name>copy_decompress_none.c.obj</name>
      </input_file>
      <input_file id="fl-3c">
         <path>F:\TI\ccstheia\ccs\tools\compiler\ti-cgt-armllvm_4.0.4.LTS\lib\armv6m-ti-none-eabi\c\</path>
         <kind>archive</kind>
         <file>libc.a</file>
         <name>copy_decompress_lzss.c.obj</name>
      </input_file>
      <input_file id="fl-3d">
         <path>F:\TI\ccstheia\ccs\tools\compiler\ti-cgt-armllvm_4.0.4.LTS\lib\armv6m-ti-none-eabi\c\</path>
         <kind>archive</kind>
         <file>libc.a</file>
         <name>exit.c.obj</name>
      </input_file>
      <input_file id="fl-3e">
         <path>F:\TI\ccstheia\ccs\tools\compiler\ti-cgt-armllvm_4.0.4.LTS\lib\armv6m-ti-none-eabi\c\</path>
         <kind>archive</kind>
         <file>libc.a</file>
         <name>_lock.c.obj</name>
      </input_file>
      <input_file id="fl-3f">
         <path>F:\TI\ccstheia\ccs\tools\compiler\ti-cgt-armllvm_4.0.4.LTS\lib\armv6m-ti-none-eabi\c\</path>
         <kind>archive</kind>
         <file>libc.a</file>
         <name>args_main.c.obj</name>
      </input_file>
      <input_file id="fl-df">
         <path>F:\TI\ccstheia\ccs\tools\compiler\ti-cgt-armllvm_4.0.4.LTS\lib\armv6m-ti-none-eabi\c\</path>
         <kind>archive</kind>
         <file>libsysbm.a</file>
         <name>hostexit.c.obj</name>
      </input_file>
      <input_file id="fl-e0">
         <path>F:\TI\ccstheia\ccs\tools\compiler\ti-cgt-armllvm_4.0.4.LTS\lib\armv6m-ti-none-eabi\</path>
         <kind>archive</kind>
         <file>libclang_rt.builtins.a</file>
         <name>addsf3.S.obj</name>
      </input_file>
      <input_file id="fl-e1">
         <path>F:\TI\ccstheia\ccs\tools\compiler\ti-cgt-armllvm_4.0.4.LTS\lib\armv6m-ti-none-eabi\</path>
         <kind>archive</kind>
         <file>libclang_rt.builtins.a</file>
         <name>mulsf3.S.obj</name>
      </input_file>
      <input_file id="fl-e2">
         <path>F:\TI\ccstheia\ccs\tools\compiler\ti-cgt-armllvm_4.0.4.LTS\lib\armv6m-ti-none-eabi\</path>
         <kind>archive</kind>
         <file>libclang_rt.builtins.a</file>
         <name>divsf3.S.obj</name>
      </input_file>
      <input_file id="fl-e3">
         <path>F:\TI\ccstheia\ccs\tools\compiler\ti-cgt-armllvm_4.0.4.LTS\lib\armv6m-ti-none-eabi\</path>
         <kind>archive</kind>
         <file>libclang_rt.builtins.a</file>
         <name>fixsfsi.S.obj</name>
      </input_file>
      <input_file id="fl-e4">
         <path>F:\TI\ccstheia\ccs\tools\compiler\ti-cgt-armllvm_4.0.4.LTS\lib\armv6m-ti-none-eabi\</path>
         <kind>archive</kind>
         <file>libclang_rt.builtins.a</file>
         <name>fixunssfsi.S.obj</name>
      </input_file>
      <input_file id="fl-e5">
         <path>F:\TI\ccstheia\ccs\tools\compiler\ti-cgt-armllvm_4.0.4.LTS\lib\armv6m-ti-none-eabi\</path>
         <kind>archive</kind>
         <file>libclang_rt.builtins.a</file>
         <name>floatsisf.S.obj</name>
      </input_file>
      <input_file id="fl-e6">
         <path>F:\TI\ccstheia\ccs\tools\compiler\ti-cgt-armllvm_4.0.4.LTS\lib\armv6m-ti-none-eabi\</path>
         <kind>archive</kind>
         <file>libclang_rt.builtins.a</file>
         <name>floatunsisf.S.obj</name>
      </input_file>
      <input_file id="fl-e7">
         <path>F:\TI\ccstheia\ccs\tools\compiler\ti-cgt-armllvm_4.0.4.LTS\lib\armv6m-ti-none-eabi\</path>
         <kind>archive</kind>
         <file>libclang_rt.builtins.a</file>
         <name>aeabi_fcmp.S.obj</name>
      </input_file>
      <input_file id="fl-e8">
         <path>F:\TI\ccstheia\ccs\tools\compiler\ti-cgt-armllvm_4.0.4.LTS\lib\armv6m-ti-none-eabi\</path>
         <kind>archive</kind>
         <file>libclang_rt.builtins.a</file>
         <name>aeabi_idivmod.S.obj</name>
      </input_file>
      <input_file id="fl-e9">
         <path>F:\TI\ccstheia\ccs\tools\compiler\ti-cgt-armllvm_4.0.4.LTS\lib\armv6m-ti-none-eabi\</path>
         <kind>archive</kind>
         <file>libclang_rt.builtins.a</file>
         <name>aeabi_memcpy.S.obj</name>
      </input_file>
      <input_file id="fl-ea">
         <path>F:\TI\ccstheia\ccs\tools\compiler\ti-cgt-armllvm_4.0.4.LTS\lib\armv6m-ti-none-eabi\</path>
         <kind>archive</kind>
         <file>libclang_rt.builtins.a</file>
         <name>aeabi_memset.S.obj</name>
      </input_file>
      <input_file id="fl-eb">
         <path>F:\TI\ccstheia\ccs\tools\compiler\ti-cgt-armllvm_4.0.4.LTS\lib\armv6m-ti-none-eabi\</path>
         <kind>archive</kind>
         <file>libclang_rt.builtins.a</file>
         <name>aeabi_uidivmod.S.obj</name>
      </input_file>
      <input_file id="fl-ec">
         <path>F:\TI\ccstheia\ccs\tools\compiler\ti-cgt-armllvm_4.0.4.LTS\lib\armv6m-ti-none-eabi\</path>
         <kind>archive</kind>
         <file>libclang_rt.builtins.a</file>
         <name>comparesf2.S.obj</name>
      </input_file>
      <input_file id="fl-ed">
         <path>F:\TI\ccstheia\ccs\tools\compiler\ti-cgt-armllvm_4.0.4.LTS\lib\armv6m-ti-none-eabi\</path>
         <kind>archive</kind>
         <file>libclang_rt.builtins.a</file>
         <name>muldsi3.S.obj</name>
      </input_file>
      <input_file id="fl-ee">
         <path>F:\TI\ccstheia\ccs\tools\compiler\ti-cgt-armllvm_4.0.4.LTS\lib\armv6m-ti-none-eabi\</path>
         <kind>archive</kind>
         <file>libclang_rt.builtins.a</file>
         <name>aeabi_div0.c.obj</name>
      </input_file>
      <input_file id="fl-ef">
         <path>F:\TI\ccstheia\ccs\tools\compiler\ti-cgt-armllvm_4.0.4.LTS\lib\armv6m-ti-none-eabi\c\</path>
         <kind>archive</kind>
         <file>libc.a</file>
         <name>memcpy16.S.obj</name>
      </input_file>
      <input_file id="fl-f0">
         <path>F:\TI\ccstheia\ccs\tools\compiler\ti-cgt-armllvm_4.0.4.LTS\lib\armv6m-ti-none-eabi\c\</path>
         <kind>archive</kind>
         <file>libc.a</file>
         <name>memset16.S.obj</name>
      </input_file>
   </input_file_list>
   <object_component_list>
      <object_component id="oc-18">
         <name>.intvecs</name>
         <load_address>0x0</load_address>
         <readonly>true</readonly>
         <run_address>0x0</run_address>
         <size>0xc0</size>
         <alignment>0x4</alignment>
         <input_file_ref idref="fl-9"/>
      </object_component>
      <object_component id="oc-1ef">
         <name>.text.Debug_UART_SendStatus</name>
         <load_address>0xc0</load_address>
         <readonly>true</readonly>
         <executable>true</executable>
         <run_address>0xc0</run_address>
         <size>0x1820</size>
         <alignment>0x4</alignment>
         <input_file_ref idref="fl-5"/>
      </object_component>
      <object_component id="oc-176">
         <name>.text.Debug_UART_ProcessRx</name>
         <load_address>0x18e0</load_address>
         <readonly>true</readonly>
         <executable>true</executable>
         <run_address>0x18e0</run_address>
         <size>0x16ac</size>
         <alignment>0x4</alignment>
         <input_file_ref idref="fl-5"/>
      </object_component>
      <object_component id="oc-77">
         <name>.text.Car_ControlStep</name>
         <load_address>0x2f8c</load_address>
         <readonly>true</readonly>
         <executable>true</executable>
         <run_address>0x2f8c</run_address>
         <size>0x764</size>
         <alignment>0x4</alignment>
         <input_file_ref idref="fl-3"/>
      </object_component>
      <object_component id="oc-a8">
         <name>.text.Car_RightAngleApproachStep</name>
         <load_address>0x36f0</load_address>
         <readonly>true</readonly>
         <executable>true</executable>
         <run_address>0x36f0</run_address>
         <size>0x674</size>
         <alignment>0x4</alignment>
         <input_file_ref idref="fl-3"/>
      </object_component>
      <object_component id="oc-15b">
         <name>.text.OLED_DrawProblemSelect</name>
         <load_address>0x3d64</load_address>
         <readonly>true</readonly>
         <executable>true</executable>
         <run_address>0x3d64</run_address>
         <size>0x650</size>
         <alignment>0x4</alignment>
         <input_file_ref idref="fl-c"/>
      </object_component>
      <object_component id="oc-1b7">
         <name>.text.Board_OLED_I2C_RecoverBus</name>
         <load_address>0x43b4</load_address>
         <readonly>true</readonly>
         <executable>true</executable>
         <run_address>0x43b4</run_address>
         <size>0x460</size>
         <alignment>0x4</alignment>
         <input_file_ref idref="fl-2"/>
      </object_component>
      <object_component id="oc-16a">
         <name>.text.Board_OLED_I2C_Write</name>
         <load_address>0x4814</load_address>
         <readonly>true</readonly>
         <executable>true</executable>
         <run_address>0x4814</run_address>
         <size>0x39c</size>
         <alignment>0x4</alignment>
         <input_file_ref idref="fl-2"/>
      </object_component>
      <object_component id="oc-1cb">
         <name>.text.Board_OLED_I2C_WriteByte</name>
         <load_address>0x4bb0</load_address>
         <readonly>true</readonly>
         <executable>true</executable>
         <run_address>0x4bb0</run_address>
         <size>0x324</size>
         <alignment>0x4</alignment>
         <input_file_ref idref="fl-2"/>
      </object_component>
      <object_component id="oc-ab">
         <name>.text.Car_RightAngleConsumeGyroSample</name>
         <load_address>0x4ed4</load_address>
         <readonly>true</readonly>
         <executable>true</executable>
         <run_address>0x4ed4</run_address>
         <size>0x288</size>
         <alignment>0x4</alignment>
         <input_file_ref idref="fl-3"/>
      </object_component>
      <object_component id="oc-21f">
         <name>.text.Debug_UART_AppendFloat</name>
         <load_address>0x515c</load_address>
         <readonly>true</readonly>
         <executable>true</executable>
         <run_address>0x515c</run_address>
         <size>0x264</size>
         <alignment>0x4</alignment>
         <input_file_ref idref="fl-5"/>
      </object_component>
      <object_component id="oc-151">
         <name>.text.Board_I2C_ReadRegs</name>
         <load_address>0x53c0</load_address>
         <readonly>true</readonly>
         <executable>true</executable>
         <run_address>0x53c0</run_address>
         <size>0x260</size>
         <alignment>0x4</alignment>
         <input_file_ref idref="fl-1"/>
      </object_component>
      <object_component id="oc-1e0">
         <name>.text.Debug_UART_ParseFloatList</name>
         <load_address>0x5620</load_address>
         <readonly>true</readonly>
         <executable>true</executable>
         <run_address>0x5620</run_address>
         <size>0x248</size>
         <alignment>0x4</alignment>
         <input_file_ref idref="fl-5"/>
      </object_component>
      <object_component id="oc-1df">
         <name>.text.Debug_UART_SendOkInt</name>
         <load_address>0x5868</load_address>
         <readonly>true</readonly>
         <executable>true</executable>
         <run_address>0x5868</run_address>
         <size>0x234</size>
         <alignment>0x4</alignment>
         <input_file_ref idref="fl-5"/>
      </object_component>
      <object_component id="oc-1bd">
         <name>.text.OLED_Update</name>
         <load_address>0x5a9c</load_address>
         <readonly>true</readonly>
         <executable>true</executable>
         <run_address>0x5a9c</run_address>
         <size>0x228</size>
         <alignment>0x4</alignment>
         <input_file_ref idref="fl-c"/>
      </object_component>
      <object_component id="oc-1d4">
         <name>.text.Debug_UART_ParseFloat</name>
         <load_address>0x5cc4</load_address>
         <readonly>true</readonly>
         <executable>true</executable>
         <run_address>0x5cc4</run_address>
         <size>0x1d4</size>
         <alignment>0x4</alignment>
         <input_file_ref idref="fl-5"/>
      </object_component>
      <object_component id="oc-177">
         <name>.text.vofa_speed_send</name>
         <load_address>0x5e98</load_address>
         <readonly>true</readonly>
         <executable>true</executable>
         <run_address>0x5e98</run_address>
         <size>0x1c0</size>
         <alignment>0x4</alignment>
         <input_file_ref idref="fl-5"/>
      </object_component>
      <object_component id="oc-14b">
         <name>.text.OLED_TryInitialize</name>
         <load_address>0x6058</load_address>
         <readonly>true</readonly>
         <executable>true</executable>
         <run_address>0x6058</run_address>
         <size>0x1bc</size>
         <alignment>0x4</alignment>
         <input_file_ref idref="fl-c"/>
      </object_component>
      <object_component id="oc-179">
         <name>.text.vofa_line_send</name>
         <load_address>0x6214</load_address>
         <readonly>true</readonly>
         <executable>true</executable>
         <run_address>0x6214</run_address>
         <size>0x1bc</size>
         <alignment>0x4</alignment>
         <input_file_ref idref="fl-5"/>
      </object_component>
      <object_component id="oc-178">
         <name>.text.vofa_gyro_send</name>
         <load_address>0x63d0</load_address>
         <readonly>true</readonly>
         <executable>true</executable>
         <run_address>0x63d0</run_address>
         <size>0x1ac</size>
         <alignment>0x4</alignment>
         <input_file_ref idref="fl-5"/>
      </object_component>
      <object_component id="oc-99">
         <name>.text.LineTracker_Update</name>
         <load_address>0x657c</load_address>
         <readonly>true</readonly>
         <executable>true</executable>
         <run_address>0x657c</run_address>
         <size>0x1a8</size>
         <alignment>0x4</alignment>
         <input_file_ref idref="fl-a"/>
      </object_component>
      <object_component id="oc-a7">
         <name>.text.Car_RightAngleRecoveryStep</name>
         <load_address>0x6724</load_address>
         <readonly>true</readonly>
         <executable>true</executable>
         <run_address>0x6724</run_address>
         <size>0x198</size>
         <alignment>0x4</alignment>
         <input_file_ref idref="fl-3"/>
      </object_component>
      <object_component id="oc-15a">
         <name>.text.OLED_DrawProblemSelected</name>
         <load_address>0x68bc</load_address>
         <readonly>true</readonly>
         <executable>true</executable>
         <run_address>0x68bc</run_address>
         <size>0x188</size>
         <alignment>0x4</alignment>
         <input_file_ref idref="fl-c"/>
      </object_component>
      <object_component id="oc-17a">
         <name>.text.vofa_test_send</name>
         <load_address>0x6a44</load_address>
         <readonly>true</readonly>
         <executable>true</executable>
         <run_address>0x6a44</run_address>
         <size>0x16c</size>
         <alignment>0x4</alignment>
         <input_file_ref idref="fl-5"/>
      </object_component>
      <object_component id="oc-1c5">
         <name>.text.Board_I2C_WriteByteStream</name>
         <load_address>0x6bb0</load_address>
         <readonly>true</readonly>
         <executable>true</executable>
         <run_address>0x6bb0</run_address>
         <size>0x150</size>
         <alignment>0x4</alignment>
         <input_file_ref idref="fl-1"/>
      </object_component>
      <object_component id="oc-130">
         <name>.text.SYSCFG_DL_GPIO_init</name>
         <load_address>0x6d00</load_address>
         <readonly>true</readonly>
         <executable>true</executable>
         <run_address>0x6d00</run_address>
         <size>0x128</size>
         <alignment>0x4</alignment>
         <input_file_ref idref="fl-8"/>
      </object_component>
      <object_component id="oc-1d5">
         <name>.text.Debug_UART_SendOkFloat</name>
         <load_address>0x6e28</load_address>
         <readonly>true</readonly>
         <executable>true</executable>
         <run_address>0x6e28</run_address>
         <size>0x120</size>
         <alignment>0x4</alignment>
         <input_file_ref idref="fl-5"/>
      </object_component>
      <object_component id="oc-9f">
         <name>.text.Car_PidStep</name>
         <load_address>0x6f48</load_address>
         <readonly>true</readonly>
         <executable>true</executable>
         <run_address>0x6f48</run_address>
         <size>0x110</size>
         <alignment>0x4</alignment>
         <input_file_ref idref="fl-3"/>
      </object_component>
      <object_component id="oc-d6">
         <name>.text.MPU6050_Init</name>
         <load_address>0x7058</load_address>
         <readonly>true</readonly>
         <executable>true</executable>
         <run_address>0x7058</run_address>
         <size>0x110</size>
         <alignment>0x4</alignment>
         <input_file_ref idref="fl-b"/>
      </object_component>
      <object_component id="oc-a0">
         <name>.text.Car_Stop</name>
         <load_address>0x7168</load_address>
         <readonly>true</readonly>
         <executable>true</executable>
         <run_address>0x7168</run_address>
         <size>0x104</size>
         <alignment>0x4</alignment>
         <input_file_ref idref="fl-3"/>
      </object_component>
      <object_component id="oc-19e">
         <name>.text.DL_Timer_initFourCCPWMMode</name>
         <load_address>0x726c</load_address>
         <readonly>true</readonly>
         <executable>true</executable>
         <run_address>0x726c</run_address>
         <size>0x104</size>
         <alignment>0x4</alignment>
         <input_file_ref idref="fl-1d"/>
      </object_component>
      <object_component id="oc-a9">
         <name>.text.Car_LinePidStep</name>
         <load_address>0x7370</load_address>
         <readonly>true</readonly>
         <executable>true</executable>
         <run_address>0x7370</run_address>
         <size>0x100</size>
         <alignment>0x4</alignment>
         <input_file_ref idref="fl-3"/>
      </object_component>
      <object_component id="oc-1a4">
         <name>.text.DL_Timer_initTimerMode</name>
         <load_address>0x7470</load_address>
         <readonly>true</readonly>
         <executable>true</executable>
         <run_address>0x7470</run_address>
         <size>0xfc</size>
         <alignment>0x4</alignment>
         <input_file_ref idref="fl-1d"/>
      </object_component>
      <object_component id="oc-e4">
         <name>.text.ProblemMenu_Task</name>
         <load_address>0x756c</load_address>
         <readonly>true</readonly>
         <executable>true</executable>
         <run_address>0x756c</run_address>
         <size>0xe0</size>
         <alignment>0x4</alignment>
         <input_file_ref idref="fl-d"/>
      </object_component>
      <object_component id="oc-109">
         <name>.text</name>
         <load_address>0x764c</load_address>
         <readonly>true</readonly>
         <executable>true</executable>
         <run_address>0x764c</run_address>
         <size>0xd8</size>
         <alignment>0x4</alignment>
         <input_file_ref idref="fl-e0"/>
      </object_component>
      <object_component id="oc-bc">
         <name>.text.Car_RightAngleSpeedTarget</name>
         <load_address>0x7724</load_address>
         <readonly>true</readonly>
         <executable>true</executable>
         <run_address>0x7724</run_address>
         <size>0xd0</size>
         <alignment>0x4</alignment>
         <input_file_ref idref="fl-3"/>
      </object_component>
      <object_component id="oc-3a">
         <name>.text.UART1_IRQHandler</name>
         <load_address>0x77f4</load_address>
         <readonly>true</readonly>
         <executable>true</executable>
         <run_address>0x77f4</run_address>
         <size>0xc0</size>
         <alignment>0x4</alignment>
         <input_file_ref idref="fl-5"/>
      </object_component>
      <object_component id="oc-158">
         <name>.text.MPU6050_Calibrate</name>
         <load_address>0x78b4</load_address>
         <readonly>true</readonly>
         <executable>true</executable>
         <run_address>0x78b4</run_address>
         <size>0xbc</size>
         <alignment>0x4</alignment>
         <input_file_ref idref="fl-b"/>
      </object_component>
      <object_component id="oc-87">
         <name>.text.main</name>
         <load_address>0x7970</load_address>
         <readonly>true</readonly>
         <executable>true</executable>
         <run_address>0x7970</run_address>
         <size>0xb8</size>
         <alignment>0x4</alignment>
         <input_file_ref idref="fl-7"/>
      </object_component>
      <object_component id="oc-bd">
         <name>.text.Car_RightAngleSetPivotTarget</name>
         <load_address>0x7a28</load_address>
         <readonly>true</readonly>
         <executable>true</executable>
         <run_address>0x7a28</run_address>
         <size>0xb0</size>
         <alignment>0x4</alignment>
         <input_file_ref idref="fl-3"/>
      </object_component>
      <object_component id="oc-e3">
         <name>.text.EC11_Task</name>
         <load_address>0x7ad8</load_address>
         <readonly>true</readonly>
         <executable>true</executable>
         <run_address>0x7ad8</run_address>
         <size>0xac</size>
         <alignment>0x4</alignment>
         <input_file_ref idref="fl-6"/>
      </object_component>
      <object_component id="oc-e1">
         <name>.text.MPU6050_Task</name>
         <load_address>0x7b84</load_address>
         <readonly>true</readonly>
         <executable>true</executable>
         <run_address>0x7b84</run_address>
         <size>0xa8</size>
         <alignment>0x4</alignment>
         <input_file_ref idref="fl-b"/>
      </object_component>
      <object_component id="oc-1ee">
         <name>.text.Car_StartLineFollow</name>
         <load_address>0x7c2c</load_address>
         <readonly>true</readonly>
         <executable>true</executable>
         <run_address>0x7c2c</run_address>
         <size>0xa4</size>
         <alignment>0x4</alignment>
         <input_file_ref idref="fl-3"/>
      </object_component>
      <object_component id="oc-1e7">
         <name>.text.Debug_UART_CommandEquals</name>
         <load_address>0x7cd0</load_address>
         <readonly>true</readonly>
         <executable>true</executable>
         <run_address>0x7cd0</run_address>
         <size>0xa4</size>
         <alignment>0x4</alignment>
         <input_file_ref idref="fl-5"/>
      </object_component>
      <object_component id="oc-67">
         <name>.text.EC11_HandleABInterrupt</name>
         <load_address>0x7d74</load_address>
         <readonly>true</readonly>
         <executable>true</executable>
         <run_address>0x7d74</run_address>
         <size>0xa4</size>
         <alignment>0x4</alignment>
         <input_file_ref idref="fl-6"/>
      </object_component>
      <object_component id="oc-e0">
         <name>.text.Debug_UART_Init</name>
         <load_address>0x7e18</load_address>
         <readonly>true</readonly>
         <executable>true</executable>
         <run_address>0x7e18</run_address>
         <size>0xa0</size>
         <alignment>0x4</alignment>
         <input_file_ref idref="fl-5"/>
      </object_component>
      <object_component id="oc-cf">
         <name>.text.Car_Init</name>
         <load_address>0x7eb8</load_address>
         <readonly>true</readonly>
         <executable>true</executable>
         <run_address>0x7eb8</run_address>
         <size>0x9c</size>
         <alignment>0x4</alignment>
         <input_file_ref idref="fl-3"/>
      </object_component>
      <object_component id="oc-c3">
         <name>.text:memcpy</name>
         <load_address>0x7f54</load_address>
         <readonly>true</readonly>
         <executable>true</executable>
         <run_address>0x7f54</run_address>
         <size>0x9a</size>
         <alignment>0x1</alignment>
         <input_file_ref idref="fl-ef"/>
      </object_component>
      <object_component id="oc-33">
         <name>.text.Default_Handler</name>
         <load_address>0x7fee</load_address>
         <readonly>true</readonly>
         <executable>true</executable>
         <run_address>0x7fee</run_address>
         <size>0x2</size>
         <alignment>0x2</alignment>
         <input_file_ref idref="fl-9"/>
      </object_component>
      <object_component id="oc-1d3">
         <name>.text.Debug_UART_GetArg</name>
         <load_address>0x7ff0</load_address>
         <readonly>true</readonly>
         <executable>true</executable>
         <run_address>0x7ff0</run_address>
         <size>0x98</size>
         <alignment>0x4</alignment>
         <input_file_ref idref="fl-5"/>
      </object_component>
      <object_component id="oc-bb">
         <name>.text.Car_RightAngleApproachStart</name>
         <load_address>0x8088</load_address>
         <readonly>true</readonly>
         <executable>true</executable>
         <run_address>0x8088</run_address>
         <size>0x90</size>
         <alignment>0x4</alignment>
         <input_file_ref idref="fl-3"/>
      </object_component>
      <object_component id="oc-133">
         <name>.text.SYSCFG_DL_PWM_0_init</name>
         <load_address>0x8118</load_address>
         <readonly>true</readonly>
         <executable>true</executable>
         <run_address>0x8118</run_address>
         <size>0x8c</size>
         <alignment>0x4</alignment>
         <input_file_ref idref="fl-8"/>
      </object_component>
      <object_component id="oc-10d">
         <name>.text.__mulsf3</name>
         <load_address>0x81a4</load_address>
         <readonly>true</readonly>
         <executable>true</executable>
         <run_address>0x81a4</run_address>
         <size>0x8c</size>
         <alignment>0x4</alignment>
         <input_file_ref idref="fl-e1"/>
      </object_component>
      <object_component id="oc-ce">
         <name>.text.EC11_Init</name>
         <load_address>0x8230</load_address>
         <readonly>true</readonly>
         <executable>true</executable>
         <run_address>0x8230</run_address>
         <size>0x84</size>
         <alignment>0x4</alignment>
         <input_file_ref idref="fl-6"/>
      </object_component>
      <object_component id="oc-166">
         <name>.text.__divsf3</name>
         <load_address>0x82b4</load_address>
         <readonly>true</readonly>
         <executable>true</executable>
         <run_address>0x82b4</run_address>
         <size>0x82</size>
         <alignment>0x4</alignment>
         <input_file_ref idref="fl-e2"/>
      </object_component>
      <object_component id="oc-210">
         <name>.text.Problem1_Exit</name>
         <load_address>0x8336</load_address>
         <readonly>true</readonly>
         <executable>true</executable>
         <run_address>0x8336</run_address>
         <size>0x2</size>
         <alignment>0x2</alignment>
         <input_file_ref idref="fl-4"/>
      </object_component>
      <object_component id="oc-34">
         <name>.text.GROUP1_IRQHandler</name>
         <load_address>0x8338</load_address>
         <readonly>true</readonly>
         <executable>true</executable>
         <run_address>0x8338</run_address>
         <size>0x80</size>
         <alignment>0x4</alignment>
         <input_file_ref idref="fl-3"/>
      </object_component>
      <object_component id="oc-1c">
         <name>.text:decompress:lzss</name>
         <load_address>0x83b8</load_address>
         <readonly>true</readonly>
         <executable>true</executable>
         <run_address>0x83b8</run_address>
         <size>0x7c</size>
         <alignment>0x4</alignment>
         <input_file_ref idref="fl-3c"/>
      </object_component>
      <object_component id="oc-137">
         <name>.text.SYSCFG_DL_UART_DEBUG_init</name>
         <load_address>0x8434</load_address>
         <readonly>true</readonly>
         <executable>true</executable>
         <run_address>0x8434</run_address>
         <size>0x70</size>
         <alignment>0x4</alignment>
         <input_file_ref idref="fl-8"/>
      </object_component>
      <object_component id="oc-b7">
         <name>.text.__aeabi_fcmp</name>
         <load_address>0x84a4</load_address>
         <readonly>true</readonly>
         <executable>true</executable>
         <run_address>0x84a4</run_address>
         <size>0x62</size>
         <alignment>0x4</alignment>
         <input_file_ref idref="fl-e7"/>
      </object_component>
      <object_component id="oc-12e">
         <name>.text:memset</name>
         <load_address>0x8506</load_address>
         <readonly>true</readonly>
         <executable>true</executable>
         <run_address>0x8506</run_address>
         <size>0x62</size>
         <alignment>0x1</alignment>
         <input_file_ref idref="fl-f0"/>
      </object_component>
      <object_component id="oc-12f">
         <name>.text.SYSCFG_DL_initPower</name>
         <load_address>0x8568</load_address>
         <readonly>true</readonly>
         <executable>true</executable>
         <run_address>0x8568</run_address>
         <size>0x60</size>
         <alignment>0x4</alignment>
         <input_file_ref idref="fl-8"/>
      </object_component>
      <object_component id="oc-1c1">
         <name>.text.DL_I2C_fillControllerTXFIFO</name>
         <load_address>0x85c8</load_address>
         <readonly>true</readonly>
         <executable>true</executable>
         <run_address>0x85c8</run_address>
         <size>0x5e</size>
         <alignment>0x2</alignment>
         <input_file_ref idref="fl-1c"/>
      </object_component>
      <object_component id="oc-215">
         <name>.text.Problem1_Task</name>
         <load_address>0x8626</load_address>
         <readonly>true</readonly>
         <executable>true</executable>
         <run_address>0x8626</run_address>
         <size>0x2</size>
         <alignment>0x2</alignment>
         <input_file_ref idref="fl-4"/>
      </object_component>
      <object_component id="oc-db">
         <name>.text.ProblemMenu_Init</name>
         <load_address>0x8628</load_address>
         <readonly>true</readonly>
         <executable>true</executable>
         <run_address>0x8628</run_address>
         <size>0x5c</size>
         <alignment>0x4</alignment>
         <input_file_ref idref="fl-d"/>
      </object_component>
      <object_component id="oc-e5">
         <name>.text.Debug_UART_Task</name>
         <load_address>0x8684</load_address>
         <readonly>true</readonly>
         <executable>true</executable>
         <run_address>0x8684</run_address>
         <size>0x58</size>
         <alignment>0x4</alignment>
         <input_file_ref idref="fl-5"/>
      </object_component>
      <object_component id="oc-e2">
         <name>.text.OLED_Task</name>
         <load_address>0x86dc</load_address>
         <readonly>true</readonly>
         <executable>true</executable>
         <run_address>0x86dc</run_address>
         <size>0x58</size>
         <alignment>0x4</alignment>
         <input_file_ref idref="fl-c"/>
      </object_component>
      <object_component id="oc-ff">
         <name>.text.__aeabi_idivmod</name>
         <load_address>0x8734</load_address>
         <readonly>true</readonly>
         <executable>true</executable>
         <run_address>0x8734</run_address>
         <size>0x56</size>
         <alignment>0x4</alignment>
         <input_file_ref idref="fl-e8"/>
      </object_component>
      <object_component id="oc-211">
         <name>.text.Problem2_Exit</name>
         <load_address>0x878a</load_address>
         <readonly>true</readonly>
         <executable>true</executable>
         <run_address>0x878a</run_address>
         <size>0x2</size>
         <alignment>0x2</alignment>
         <input_file_ref idref="fl-4"/>
      </object_component>
      <object_component id="oc-136">
         <name>.text.SYSCFG_DL_I2C_MPU_init</name>
         <load_address>0x878c</load_address>
         <readonly>true</readonly>
         <executable>true</executable>
         <run_address>0x878c</run_address>
         <size>0x54</size>
         <alignment>0x4</alignment>
         <input_file_ref idref="fl-8"/>
      </object_component>
      <object_component id="oc-ac">
         <name>.text.Car_RightAngleFaultStop</name>
         <load_address>0x87e0</load_address>
         <readonly>true</readonly>
         <executable>true</executable>
         <run_address>0x87e0</run_address>
         <size>0x50</size>
         <alignment>0x4</alignment>
         <input_file_ref idref="fl-3"/>
      </object_component>
      <object_component id="oc-134">
         <name>.text.SYSCFG_DL_QEI_0_init</name>
         <load_address>0x8830</load_address>
         <readonly>true</readonly>
         <executable>true</executable>
         <run_address>0x8830</run_address>
         <size>0x4c</size>
         <alignment>0x4</alignment>
         <input_file_ref idref="fl-8"/>
      </object_component>
      <object_component id="oc-1b4">
         <name>.text.DL_UART_init</name>
         <load_address>0x887c</load_address>
         <readonly>true</readonly>
         <executable>true</executable>
         <run_address>0x887c</run_address>
         <size>0x48</size>
         <alignment>0x4</alignment>
         <input_file_ref idref="fl-1e"/>
      </object_component>
      <object_component id="oc-117">
         <name>.text.__aeabi_uidivmod</name>
         <load_address>0x88c4</load_address>
         <readonly>true</readonly>
         <executable>true</executable>
         <run_address>0x88c4</run_address>
         <size>0x40</size>
         <alignment>0x4</alignment>
         <input_file_ref idref="fl-eb"/>
      </object_component>
      <object_component id="oc-1bf">
         <name>.text.DL_I2C_flushControllerTXFIFO</name>
         <load_address>0x8904</load_address>
         <readonly>true</readonly>
         <executable>true</executable>
         <run_address>0x8904</run_address>
         <size>0x3c</size>
         <alignment>0x4</alignment>
         <input_file_ref idref="fl-1c"/>
      </object_component>
      <object_component id="oc-c8">
         <name>.text.SYSCFG_DL_init</name>
         <load_address>0x8940</load_address>
         <readonly>true</readonly>
         <executable>true</executable>
         <run_address>0x8940</run_address>
         <size>0x3c</size>
         <alignment>0x4</alignment>
         <input_file_ref idref="fl-8"/>
      </object_component>
      <object_component id="oc-105">
         <name>.text.__floatsisf</name>
         <load_address>0x897c</load_address>
         <readonly>true</readonly>
         <executable>true</executable>
         <run_address>0x897c</run_address>
         <size>0x3c</size>
         <alignment>0x4</alignment>
         <input_file_ref idref="fl-e5"/>
      </object_component>
      <object_component id="oc-126">
         <name>.text.__gtsf2</name>
         <load_address>0x89b8</load_address>
         <readonly>true</readonly>
         <executable>true</executable>
         <run_address>0x89b8</run_address>
         <size>0x3c</size>
         <alignment>0x4</alignment>
         <input_file_ref idref="fl-ec"/>
      </object_component>
      <object_component id="oc-ed">
         <name>.text:__TI_auto_init_nobinit_nopinit</name>
         <load_address>0x89f4</load_address>
         <readonly>true</readonly>
         <executable>true</executable>
         <run_address>0x89f4</run_address>
         <size>0x3c</size>
         <alignment>0x4</alignment>
         <input_file_ref idref="fl-37"/>
      </object_component>
      <object_component id="oc-121">
         <name>.text.__eqsf2</name>
         <load_address>0x8a30</load_address>
         <readonly>true</readonly>
         <executable>true</executable>
         <run_address>0x8a30</run_address>
         <size>0x3a</size>
         <alignment>0x4</alignment>
         <input_file_ref idref="fl-ec"/>
      </object_component>
      <object_component id="oc-216">
         <name>.text.Problem2_Task</name>
         <load_address>0x8a6a</load_address>
         <readonly>true</readonly>
         <executable>true</executable>
         <run_address>0x8a6a</run_address>
         <size>0x2</size>
         <alignment>0x2</alignment>
         <input_file_ref idref="fl-4"/>
      </object_component>
      <object_component id="oc-193">
         <name>.text.__muldsi3</name>
         <load_address>0x8a6c</load_address>
         <readonly>true</readonly>
         <executable>true</executable>
         <run_address>0x8a6c</run_address>
         <size>0x3a</size>
         <alignment>0x4</alignment>
         <input_file_ref idref="fl-ed"/>
      </object_component>
      <object_component id="oc-212">
         <name>.text.Problem3_Exit</name>
         <load_address>0x8aa6</load_address>
         <readonly>true</readonly>
         <executable>true</executable>
         <run_address>0x8aa6</run_address>
         <size>0x2</size>
         <alignment>0x2</alignment>
         <input_file_ref idref="fl-4"/>
      </object_component>
      <object_component id="oc-1c2">
         <name>.text.Board_I2C_RecoverBus</name>
         <load_address>0x8aa8</load_address>
         <readonly>true</readonly>
         <executable>true</executable>
         <run_address>0x8aa8</run_address>
         <size>0x38</size>
         <alignment>0x4</alignment>
         <input_file_ref idref="fl-1"/>
      </object_component>
      <object_component id="oc-d0">
         <name>.text.OLED_Init</name>
         <load_address>0x8ae0</load_address>
         <readonly>true</readonly>
         <executable>true</executable>
         <run_address>0x8ae0</run_address>
         <size>0x38</size>
         <alignment>0x4</alignment>
         <input_file_ref idref="fl-c"/>
      </object_component>
      <object_component id="oc-135">
         <name>.text.SYSCFG_DL_TIMER_CONTROL_init</name>
         <load_address>0x8b18</load_address>
         <readonly>true</readonly>
         <executable>true</executable>
         <run_address>0x8b18</run_address>
         <size>0x38</size>
         <alignment>0x4</alignment>
         <input_file_ref idref="fl-8"/>
      </object_component>
      <object_component id="oc-111">
         <name>.text.__fixsfsi</name>
         <load_address>0x8b50</load_address>
         <readonly>true</readonly>
         <executable>true</executable>
         <run_address>0x8b50</run_address>
         <size>0x38</size>
         <alignment>0x4</alignment>
         <input_file_ref idref="fl-e3"/>
      </object_component>
      <object_component id="oc-221">
         <name>.text.__fixunssfsi</name>
         <load_address>0x8b88</load_address>
         <readonly>true</readonly>
         <executable>true</executable>
         <run_address>0x8b88</run_address>
         <size>0x32</size>
         <alignment>0x4</alignment>
         <input_file_ref idref="fl-e4"/>
      </object_component>
      <object_component id="oc-217">
         <name>.text.Problem3_Task</name>
         <load_address>0x8bba</load_address>
         <readonly>true</readonly>
         <executable>true</executable>
         <run_address>0x8bba</run_address>
         <size>0x2</size>
         <alignment>0x2</alignment>
         <input_file_ref idref="fl-4"/>
      </object_component>
      <object_component id="oc-1c0">
         <name>.text.DL_I2C_flushControllerRXFIFO</name>
         <load_address>0x8bbc</load_address>
         <readonly>true</readonly>
         <executable>true</executable>
         <run_address>0x8bbc</run_address>
         <size>0x30</size>
         <alignment>0x4</alignment>
         <input_file_ref idref="fl-1c"/>
      </object_component>
      <object_component id="oc-1d1">
         <name>.text.DL_UART_transmitDataBlocking</name>
         <load_address>0x8bec</load_address>
         <readonly>true</readonly>
         <executable>true</executable>
         <run_address>0x8bec</run_address>
         <size>0x30</size>
         <alignment>0x4</alignment>
         <input_file_ref idref="fl-1e"/>
      </object_component>
      <object_component id="oc-131">
         <name>.text.SYSCFG_DL_SYSCTL_init</name>
         <load_address>0x8c1c</load_address>
         <readonly>true</readonly>
         <executable>true</executable>
         <run_address>0x8c1c</run_address>
         <size>0x30</size>
         <alignment>0x4</alignment>
         <input_file_ref idref="fl-8"/>
      </object_component>
      <object_component id="oc-11b">
         <name>.text.__floatunsisf</name>
         <load_address>0x8c4c</load_address>
         <readonly>true</readonly>
         <executable>true</executable>
         <run_address>0x8c4c</run_address>
         <size>0x28</size>
         <alignment>0x4</alignment>
         <input_file_ref idref="fl-e6"/>
      </object_component>
      <object_component id="oc-60">
         <name>.text:_c_int00_noargs</name>
         <load_address>0x8c74</load_address>
         <readonly>true</readonly>
         <executable>true</executable>
         <run_address>0x8c74</run_address>
         <size>0x28</size>
         <alignment>0x4</alignment>
         <input_file_ref idref="fl-35"/>
      </object_component>
      <object_component id="oc-1a7">
         <name>.text.DL_I2C_setClockConfig</name>
         <load_address>0x8c9c</load_address>
         <readonly>true</readonly>
         <executable>true</executable>
         <run_address>0x8c9c</run_address>
         <size>0x26</size>
         <alignment>0x2</alignment>
         <input_file_ref idref="fl-1c"/>
      </object_component>
      <object_component id="oc-213">
         <name>.text.Problem4_Exit</name>
         <load_address>0x8cc2</load_address>
         <readonly>true</readonly>
         <executable>true</executable>
         <run_address>0x8cc2</run_address>
         <size>0x2</size>
         <alignment>0x2</alignment>
         <input_file_ref idref="fl-4"/>
      </object_component>
      <object_component id="oc-16e">
         <name>.text.CompetitionTasks_Exit</name>
         <load_address>0x8cc4</load_address>
         <readonly>true</readonly>
         <executable>true</executable>
         <run_address>0x8cc4</run_address>
         <size>0x24</size>
         <alignment>0x4</alignment>
         <input_file_ref idref="fl-4"/>
      </object_component>
      <object_component id="oc-175">
         <name>.text.CompetitionTasks_Enter</name>
         <load_address>0x8ce8</load_address>
         <readonly>true</readonly>
         <executable>true</executable>
         <run_address>0x8ce8</run_address>
         <size>0x20</size>
         <alignment>0x4</alignment>
         <input_file_ref idref="fl-4"/>
      </object_component>
      <object_component id="oc-174">
         <name>.text.CompetitionTasks_Task</name>
         <load_address>0x8d08</load_address>
         <readonly>true</readonly>
         <executable>true</executable>
         <run_address>0x8d08</run_address>
         <size>0x20</size>
         <alignment>0x4</alignment>
         <input_file_ref idref="fl-4"/>
      </object_component>
      <object_component id="oc-142">
         <name>.text.Board_OLED_I2C_Init</name>
         <load_address>0x8d28</load_address>
         <readonly>true</readonly>
         <executable>true</executable>
         <run_address>0x8d28</run_address>
         <size>0x1c</size>
         <alignment>0x4</alignment>
         <input_file_ref idref="fl-2"/>
      </object_component>
      <object_component id="oc-1a0">
         <name>.text.DL_Timer_setCaptCompUpdateMethod</name>
         <load_address>0x8d44</load_address>
         <readonly>true</readonly>
         <executable>true</executable>
         <run_address>0x8d44</run_address>
         <size>0x1c</size>
         <alignment>0x4</alignment>
         <input_file_ref idref="fl-1d"/>
      </object_component>
      <object_component id="oc-19d">
         <name>.text.DL_Timer_setClockConfig</name>
         <load_address>0x8d60</load_address>
         <readonly>true</readonly>
         <executable>true</executable>
         <run_address>0x8d60</run_address>
         <size>0x1c</size>
         <alignment>0x4</alignment>
         <input_file_ref idref="fl-1d"/>
      </object_component>
      <object_component id="oc-16d">
         <name>.text.EC11_GetButtonEvent</name>
         <load_address>0x8d7c</load_address>
         <readonly>true</readonly>
         <executable>true</executable>
         <run_address>0x8d7c</run_address>
         <size>0x1c</size>
         <alignment>0x4</alignment>
         <input_file_ref idref="fl-6"/>
      </object_component>
      <object_component id="oc-16c">
         <name>.text.EC11_GetDelta</name>
         <load_address>0x8d98</load_address>
         <readonly>true</readonly>
         <executable>true</executable>
         <run_address>0x8d98</run_address>
         <size>0x1c</size>
         <alignment>0x4</alignment>
         <input_file_ref idref="fl-6"/>
      </object_component>
      <object_component id="oc-19f">
         <name>.text.DL_Timer_setCaptureCompareOutCtl</name>
         <load_address>0x8db4</load_address>
         <readonly>true</readonly>
         <executable>true</executable>
         <run_address>0x8db4</run_address>
         <size>0x18</size>
         <alignment>0x4</alignment>
         <input_file_ref idref="fl-1d"/>
      </object_component>
      <object_component id="oc-40">
         <name>.text.TIMG12_IRQHandler</name>
         <load_address>0x8dcc</load_address>
         <readonly>true</readonly>
         <executable>true</executable>
         <run_address>0x8dcc</run_address>
         <size>0x18</size>
         <alignment>0x4</alignment>
         <input_file_ref idref="fl-7"/>
      </object_component>
      <object_component id="oc-157">
         <name>.text.Board_I2C_WriteReg</name>
         <load_address>0x8de4</load_address>
         <readonly>true</readonly>
         <executable>true</executable>
         <run_address>0x8de4</run_address>
         <size>0x16</size>
         <alignment>0x2</alignment>
         <input_file_ref idref="fl-1"/>
      </object_component>
      <object_component id="oc-1ae">
         <name>.text.DL_UART_setClockConfig</name>
         <load_address>0x8dfa</load_address>
         <readonly>true</readonly>
         <executable>true</executable>
         <run_address>0x8dfa</run_address>
         <size>0x12</size>
         <alignment>0x2</alignment>
         <input_file_ref idref="fl-1e"/>
      </object_component>
      <object_component id="oc-20">
         <name>.text:decompress:none</name>
         <load_address>0x8e0c</load_address>
         <readonly>true</readonly>
         <executable>true</executable>
         <run_address>0x8e0c</run_address>
         <size>0x12</size>
         <alignment>0x2</alignment>
         <input_file_ref idref="fl-3b"/>
      </object_component>
      <object_component id="oc-218">
         <name>.text.Problem4_Task</name>
         <load_address>0x8e1e</load_address>
         <readonly>true</readonly>
         <executable>true</executable>
         <run_address>0x8e1e</run_address>
         <size>0x2</size>
         <alignment>0x2</alignment>
         <input_file_ref idref="fl-4"/>
      </object_component>
      <object_component id="oc-a1">
         <name>.text.DL_Timer_setCaptureCompareValue</name>
         <load_address>0x8e20</load_address>
         <readonly>true</readonly>
         <executable>true</executable>
         <run_address>0x8e20</run_address>
         <size>0x10</size>
         <alignment>0x4</alignment>
         <input_file_ref idref="fl-1d"/>
      </object_component>
      <object_component id="oc-5d">
         <name>.text:decompress:ZI</name>
         <load_address>0x8e30</load_address>
         <readonly>true</readonly>
         <executable>true</executable>
         <run_address>0x8e30</run_address>
         <size>0x10</size>
         <alignment>0x2</alignment>
         <input_file_ref idref="fl-3a"/>
      </object_component>
      <object_component id="oc-225">
         <name>.text.__aeabi_memset</name>
         <load_address>0x8e40</load_address>
         <readonly>true</readonly>
         <executable>true</executable>
         <run_address>0x8e40</run_address>
         <size>0xe</size>
         <alignment>0x4</alignment>
         <input_file_ref idref="fl-ea"/>
      </object_component>
      <object_component id="oc-214">
         <name>.text.Problem5_Exit</name>
         <load_address>0x8e4e</load_address>
         <readonly>true</readonly>
         <executable>true</executable>
         <run_address>0x8e4e</run_address>
         <size>0x2</size>
         <alignment>0x2</alignment>
         <input_file_ref idref="fl-4"/>
      </object_component>
      <object_component id="oc-7e">
         <name>.text.__aeabi_memclr</name>
         <load_address>0x8e50</load_address>
         <readonly>true</readonly>
         <executable>true</executable>
         <run_address>0x8e50</run_address>
         <size>0xc</size>
         <alignment>0x4</alignment>
         <input_file_ref idref="fl-ea"/>
      </object_component>
      <object_component id="oc-147">
         <name>.text.DL_Common_delayCycles</name>
         <load_address>0x8e5c</load_address>
         <readonly>true</readonly>
         <executable>true</executable>
         <run_address>0x8e5c</run_address>
         <size>0xa</size>
         <alignment>0x2</alignment>
         <input_file_ref idref="fl-1b"/>
      </object_component>
      <object_component id="oc-cd">
         <name>.text.LineTracker_Init</name>
         <load_address>0x8e66</load_address>
         <readonly>true</readonly>
         <executable>true</executable>
         <run_address>0x8e66</run_address>
         <size>0x8</size>
         <alignment>0x2</alignment>
         <input_file_ref idref="fl-a"/>
      </object_component>
      <object_component id="oc-21a">
         <name>.text.Problem1_Enter</name>
         <load_address>0x8e6e</load_address>
         <readonly>true</readonly>
         <executable>true</executable>
         <run_address>0x8e6e</run_address>
         <size>0x8</size>
         <alignment>0x2</alignment>
         <input_file_ref idref="fl-4"/>
      </object_component>
      <object_component id="oc-21b">
         <name>.text.Problem2_Enter</name>
         <load_address>0x8e76</load_address>
         <readonly>true</readonly>
         <executable>true</executable>
         <run_address>0x8e76</run_address>
         <size>0x8</size>
         <alignment>0x2</alignment>
         <input_file_ref idref="fl-4"/>
      </object_component>
      <object_component id="oc-21c">
         <name>.text.Problem3_Enter</name>
         <load_address>0x8e7e</load_address>
         <readonly>true</readonly>
         <executable>true</executable>
         <run_address>0x8e7e</run_address>
         <size>0x8</size>
         <alignment>0x2</alignment>
         <input_file_ref idref="fl-4"/>
      </object_component>
      <object_component id="oc-21d">
         <name>.text.Problem4_Enter</name>
         <load_address>0x8e86</load_address>
         <readonly>true</readonly>
         <executable>true</executable>
         <run_address>0x8e86</run_address>
         <size>0x8</size>
         <alignment>0x2</alignment>
         <input_file_ref idref="fl-4"/>
      </object_component>
      <object_component id="oc-21e">
         <name>.text.Problem5_Enter</name>
         <load_address>0x8e8e</load_address>
         <readonly>true</readonly>
         <executable>true</executable>
         <run_address>0x8e8e</run_address>
         <size>0x8</size>
         <alignment>0x2</alignment>
         <input_file_ref idref="fl-4"/>
      </object_component>
      <object_component id="oc-219">
         <name>.text.Problem5_Task</name>
         <load_address>0x8e96</load_address>
         <readonly>true</readonly>
         <executable>true</executable>
         <run_address>0x8e96</run_address>
         <size>0x2</size>
         <alignment>0x2</alignment>
         <input_file_ref idref="fl-4"/>
      </object_component>
      <object_component id="oc-50">
         <name>.text.__aeabi_memcpy</name>
         <load_address>0x8e98</load_address>
         <readonly>true</readonly>
         <executable>true</executable>
         <run_address>0x8e98</run_address>
         <size>0x8</size>
         <alignment>0x4</alignment>
         <input_file_ref idref="fl-e9"/>
      </object_component>
      <object_component id="oc-e6">
         <name>.text:abort</name>
         <load_address>0x8ea0</load_address>
         <readonly>true</readonly>
         <executable>true</executable>
         <run_address>0x8ea0</run_address>
         <size>0x6</size>
         <alignment>0x2</alignment>
         <input_file_ref idref="fl-3d"/>
      </object_component>
      <object_component id="oc-17b">
         <name>.text.HOSTexit</name>
         <load_address>0x8ea6</load_address>
         <readonly>true</readonly>
         <executable>true</executable>
         <run_address>0x8ea6</run_address>
         <size>0x4</size>
         <alignment>0x2</alignment>
         <input_file_ref idref="fl-df"/>
      </object_component>
      <object_component id="oc-2f">
         <name>.text.Reset_Handler</name>
         <load_address>0x8eaa</load_address>
         <readonly>true</readonly>
         <executable>true</executable>
         <run_address>0x8eaa</run_address>
         <size>0x4</size>
         <alignment>0x2</alignment>
         <input_file_ref idref="fl-9"/>
      </object_component>
      <object_component id="oc-83">
         <name>.text._system_pre_init</name>
         <load_address>0x8eae</load_address>
         <readonly>true</readonly>
         <executable>true</executable>
         <run_address>0x8eae</run_address>
         <size>0x4</size>
         <alignment>0x2</alignment>
         <input_file_ref idref="fl-38"/>
      </object_component>
      <object_component id="oc-18b">
         <name>.text.__aeabi_idiv0</name>
         <load_address>0x8eb2</load_address>
         <readonly>true</readonly>
         <executable>true</executable>
         <run_address>0x8eb2</run_address>
         <size>0x2</size>
         <alignment>0x2</alignment>
         <input_file_ref idref="fl-ee"/>
      </object_component>
      <object_component id="oc-268">
         <name>.cinit..data.load</name>
         <load_address>0x92d8</load_address>
         <readonly>true</readonly>
         <run_address>0x92d8</run_address>
         <size>0x9d</size>
         <alignment>0x1</alignment>
      </object_component>
      <object_component id="oc-266">
         <name>__TI_handler_table</name>
         <load_address>0x9378</load_address>
         <readonly>true</readonly>
         <run_address>0x9378</run_address>
         <size>0xc</size>
         <alignment>0x4</alignment>
      </object_component>
      <object_component id="oc-269">
         <name>.cinit..bss.load</name>
         <load_address>0x9384</load_address>
         <readonly>true</readonly>
         <run_address>0x9384</run_address>
         <size>0x8</size>
         <alignment>0x4</alignment>
      </object_component>
      <object_component id="oc-267">
         <name>__TI_cinit_table</name>
         <load_address>0x938c</load_address>
         <readonly>true</readonly>
         <run_address>0x938c</run_address>
         <size>0x10</size>
         <alignment>0x4</alignment>
      </object_component>
      <object_component id="oc-1c7">
         <name>.rodata.s_digit16</name>
         <load_address>0x8eb8</load_address>
         <readonly>true</readonly>
         <run_address>0x8eb8</run_address>
         <size>0x140</size>
         <alignment>0x1</alignment>
         <input_file_ref idref="fl-c"/>
      </object_component>
      <object_component id="oc-1c6">
         <name>.rodata.s_chinese16</name>
         <load_address>0x8ff8</load_address>
         <readonly>true</readonly>
         <run_address>0x8ff8</run_address>
         <size>0xc0</size>
         <alignment>0x4</alignment>
         <input_file_ref idref="fl-c"/>
      </object_component>
      <object_component id="oc-1c9">
         <name>.rodata.s_menu_digit12</name>
         <load_address>0x90b8</load_address>
         <readonly>true</readonly>
         <run_address>0x90b8</run_address>
         <size>0x78</size>
         <alignment>0x2</alignment>
         <input_file_ref idref="fl-c"/>
      </object_component>
      <object_component id="oc-1c8">
         <name>.rodata.s_menu_chinese12</name>
         <load_address>0x9130</load_address>
         <readonly>true</readonly>
         <run_address>0x9130</run_address>
         <size>0x30</size>
         <alignment>0x2</alignment>
         <input_file_ref idref="fl-c"/>
      </object_component>
      <object_component id="oc-1be">
         <name>.rodata.s_oled_init_cmds</name>
         <load_address>0x9160</load_address>
         <readonly>true</readonly>
         <run_address>0x9160</run_address>
         <size>0x1c</size>
         <alignment>0x1</alignment>
         <input_file_ref idref="fl-c"/>
      </object_component>
      <object_component id="oc-1a6">
         <name>.rodata.gTIMER_CONTROLTimerConfig</name>
         <load_address>0x917c</load_address>
         <readonly>true</readonly>
         <run_address>0x917c</run_address>
         <size>0x14</size>
         <alignment>0x4</alignment>
         <input_file_ref idref="fl-8"/>
      </object_component>
      <object_component id="oc-1d0">
         <name>.rodata.s_enter_table</name>
         <load_address>0x9190</load_address>
         <readonly>true</readonly>
         <run_address>0x9190</run_address>
         <size>0x14</size>
         <alignment>0x4</alignment>
         <input_file_ref idref="fl-4"/>
      </object_component>
      <object_component id="oc-1cc">
         <name>.rodata.s_exit_table</name>
         <load_address>0x91a4</load_address>
         <readonly>true</readonly>
         <run_address>0x91a4</run_address>
         <size>0x14</size>
         <alignment>0x4</alignment>
         <input_file_ref idref="fl-4"/>
      </object_component>
      <object_component id="oc-1cf">
         <name>.rodata.s_task_table</name>
         <load_address>0x91b8</load_address>
         <readonly>true</readonly>
         <run_address>0x91b8</run_address>
         <size>0x14</size>
         <alignment>0x4</alignment>
         <input_file_ref idref="fl-4"/>
      </object_component>
      <object_component id="oc-220">
         <name>.rodata.str1.6458327664208245438.1</name>
         <load_address>0x91cc</load_address>
         <readonly>true</readonly>
         <run_address>0x91cc</run_address>
         <size>0x11</size>
         <alignment>0x1</alignment>
         <input_file_ref idref="fl-5"/>
      </object_component>
      <object_component id="oc-6e">
         <name>.rodata.cst16</name>
         <load_address>0x91dd</load_address>
         <readonly>true</readonly>
         <run_address>0x91dd</run_address>
         <size>0x10</size>
         <alignment>0x1</alignment>
         <input_file_ref idref="fl-3"/>
      </object_component>
      <object_component id="oc-94">
         <name>.rodata.cst16</name>
         <load_address>0x91ed</load_address>
         <readonly>true</readonly>
         <run_address>0x91ed</run_address>
         <size>0x10</size>
         <alignment>0x1</alignment>
         <input_file_ref idref="fl-6"/>
      </object_component>
      <object_component id="oc-1b6">
         <name>.rodata.gUART_DEBUGConfig</name>
         <load_address>0x91fe</load_address>
         <readonly>true</readonly>
         <run_address>0x91fe</run_address>
         <size>0xa</size>
         <alignment>0x2</alignment>
         <input_file_ref idref="fl-8"/>
      </object_component>
      <object_component id="oc-1e6">
         <name>.rodata.str1.12858735334856686681.1</name>
         <load_address>0x9208</load_address>
         <readonly>true</readonly>
         <run_address>0x9208</run_address>
         <size>0x9</size>
         <alignment>0x1</alignment>
         <input_file_ref idref="fl-5"/>
      </object_component>
      <object_component id="oc-1f6">
         <name>.rodata.str1.402800920536087235.1</name>
         <load_address>0x9211</load_address>
         <readonly>true</readonly>
         <run_address>0x9211</run_address>
         <size>0x9</size>
         <alignment>0x1</alignment>
         <input_file_ref idref="fl-5"/>
      </object_component>
      <object_component id="oc-1f3">
         <name>.rodata.str1.9871886773154595279.1</name>
         <load_address>0x921a</load_address>
         <readonly>true</readonly>
         <run_address>0x921a</run_address>
         <size>0x9</size>
         <alignment>0x1</alignment>
         <input_file_ref idref="fl-5"/>
      </object_component>
      <object_component id="oc-1a2">
         <name>.rodata.gPWM_0Config</name>
         <load_address>0x9224</load_address>
         <readonly>true</readonly>
         <run_address>0x9224</run_address>
         <size>0x8</size>
         <alignment>0x4</alignment>
         <input_file_ref idref="fl-8"/>
      </object_component>
      <object_component id="oc-1e9">
         <name>.rodata.str1.11216194194454753251.1</name>
         <load_address>0x922c</load_address>
         <readonly>true</readonly>
         <run_address>0x922c</run_address>
         <size>0x8</size>
         <alignment>0x1</alignment>
         <input_file_ref idref="fl-5"/>
      </object_component>
      <object_component id="oc-1f7">
         <name>.rodata.str1.12497135275599074458.1</name>
         <load_address>0x9234</load_address>
         <readonly>true</readonly>
         <run_address>0x9234</run_address>
         <size>0x8</size>
         <alignment>0x1</alignment>
         <input_file_ref idref="fl-5"/>
      </object_component>
      <object_component id="oc-1fb">
         <name>.rodata.str1.13116950401002096570.1</name>
         <load_address>0x923c</load_address>
         <readonly>true</readonly>
         <run_address>0x923c</run_address>
         <size>0x8</size>
         <alignment>0x1</alignment>
         <input_file_ref idref="fl-5"/>
      </object_component>
      <object_component id="oc-1f5">
         <name>.rodata.str1.15537960897562168936.1</name>
         <load_address>0x9244</load_address>
         <readonly>true</readonly>
         <run_address>0x9244</run_address>
         <size>0x8</size>
         <alignment>0x1</alignment>
         <input_file_ref idref="fl-5"/>
      </object_component>
      <object_component id="oc-1f9">
         <name>.rodata.str1.2550248884874358827.1</name>
         <load_address>0x924c</load_address>
         <readonly>true</readonly>
         <run_address>0x924c</run_address>
         <size>0x8</size>
         <alignment>0x1</alignment>
         <input_file_ref idref="fl-5"/>
      </object_component>
      <object_component id="oc-1f4">
         <name>.rodata.str1.6115349477757457877.1</name>
         <load_address>0x9254</load_address>
         <readonly>true</readonly>
         <run_address>0x9254</run_address>
         <size>0x8</size>
         <alignment>0x1</alignment>
         <input_file_ref idref="fl-5"/>
      </object_component>
      <object_component id="oc-1fa">
         <name>.rodata.str1.11127159389407494402.1</name>
         <load_address>0x925c</load_address>
         <readonly>true</readonly>
         <run_address>0x925c</run_address>
         <size>0x7</size>
         <alignment>0x1</alignment>
         <input_file_ref idref="fl-5"/>
      </object_component>
      <object_component id="oc-1f8">
         <name>.rodata.str1.15989200115357581723.1</name>
         <load_address>0x9263</load_address>
         <readonly>true</readonly>
         <run_address>0x9263</run_address>
         <size>0x7</size>
         <alignment>0x1</alignment>
         <input_file_ref idref="fl-5"/>
      </object_component>
      <object_component id="oc-1ea">
         <name>.rodata.str1.17276799732225785065.1</name>
         <load_address>0x926a</load_address>
         <readonly>true</readonly>
         <run_address>0x926a</run_address>
         <size>0x7</size>
         <alignment>0x1</alignment>
         <input_file_ref idref="fl-5"/>
      </object_component>
      <object_component id="oc-1e4">
         <name>.rodata.str1.7094908962268454530.1</name>
         <load_address>0x9271</load_address>
         <readonly>true</readonly>
         <run_address>0x9271</run_address>
         <size>0x7</size>
         <alignment>0x1</alignment>
         <input_file_ref idref="fl-5"/>
      </object_component>
      <object_component id="oc-1f1">
         <name>.rodata.str1.13276830473278608211.1</name>
         <load_address>0x9278</load_address>
         <readonly>true</readonly>
         <run_address>0x9278</run_address>
         <size>0x6</size>
         <alignment>0x1</alignment>
         <input_file_ref idref="fl-5"/>
      </object_component>
      <object_component id="oc-1ed">
         <name>.rodata.str1.13316212644771607044.1</name>
         <load_address>0x927e</load_address>
         <readonly>true</readonly>
         <run_address>0x927e</run_address>
         <size>0x6</size>
         <alignment>0x1</alignment>
         <input_file_ref idref="fl-5"/>
      </object_component>
      <object_component id="oc-1ec">
         <name>.rodata.str1.1432448451819883127.1</name>
         <load_address>0x9284</load_address>
         <readonly>true</readonly>
         <run_address>0x9284</run_address>
         <size>0x6</size>
         <alignment>0x1</alignment>
         <input_file_ref idref="fl-5"/>
      </object_component>
      <object_component id="oc-1eb">
         <name>.rodata.str1.3746068638744227419.1</name>
         <load_address>0x928a</load_address>
         <readonly>true</readonly>
         <run_address>0x928a</run_address>
         <size>0x6</size>
         <alignment>0x1</alignment>
         <input_file_ref idref="fl-5"/>
      </object_component>
      <object_component id="oc-1e3">
         <name>.rodata.str1.13450742778052438634.1</name>
         <load_address>0x9290</load_address>
         <readonly>true</readonly>
         <run_address>0x9290</run_address>
         <size>0x5</size>
         <alignment>0x1</alignment>
         <input_file_ref idref="fl-5"/>
      </object_component>
      <object_component id="oc-1f0">
         <name>.rodata.str1.16381963267101565806.1</name>
         <load_address>0x9295</load_address>
         <readonly>true</readonly>
         <run_address>0x9295</run_address>
         <size>0x5</size>
         <alignment>0x1</alignment>
         <input_file_ref idref="fl-5"/>
      </object_component>
      <object_component id="oc-1e8">
         <name>.rodata.str1.4842307917106963007.1</name>
         <load_address>0x929a</load_address>
         <readonly>true</readonly>
         <run_address>0x929a</run_address>
         <size>0x5</size>
         <alignment>0x1</alignment>
         <input_file_ref idref="fl-5"/>
      </object_component>
      <object_component id="oc-1f2">
         <name>.rodata.str1.740724646930964178.1</name>
         <load_address>0x929f</load_address>
         <readonly>true</readonly>
         <run_address>0x929f</run_address>
         <size>0x5</size>
         <alignment>0x1</alignment>
         <input_file_ref idref="fl-5"/>
      </object_component>
      <object_component id="oc-1e5">
         <name>.rodata.str1.8522134641051796514.1</name>
         <load_address>0x92a4</load_address>
         <readonly>true</readonly>
         <run_address>0x92a4</run_address>
         <size>0x5</size>
         <alignment>0x1</alignment>
         <input_file_ref idref="fl-5"/>
      </object_component>
      <object_component id="oc-1e2">
         <name>.rodata.str1.9056856435488061599.1</name>
         <load_address>0x92a9</load_address>
         <readonly>true</readonly>
         <run_address>0x92a9</run_address>
         <size>0x5</size>
         <alignment>0x1</alignment>
         <input_file_ref idref="fl-5"/>
      </object_component>
      <object_component id="oc-1a1">
         <name>.rodata.gPWM_0ClockConfig</name>
         <load_address>0x92ae</load_address>
         <readonly>true</readonly>
         <run_address>0x92ae</run_address>
         <size>0x3</size>
         <alignment>0x1</alignment>
         <input_file_ref idref="fl-8"/>
      </object_component>
      <object_component id="oc-1a3">
         <name>.rodata.gQEI_0ClockConfig</name>
         <load_address>0x92b1</load_address>
         <readonly>true</readonly>
         <run_address>0x92b1</run_address>
         <size>0x3</size>
         <alignment>0x1</alignment>
         <input_file_ref idref="fl-8"/>
      </object_component>
      <object_component id="oc-1a5">
         <name>.rodata.gTIMER_CONTROLClockConfig</name>
         <load_address>0x92b4</load_address>
         <readonly>true</readonly>
         <run_address>0x92b4</run_address>
         <size>0x3</size>
         <alignment>0x1</alignment>
         <input_file_ref idref="fl-8"/>
      </object_component>
      <object_component id="oc-1dd">
         <name>.rodata.str1.12874694364276345362.1</name>
         <load_address>0x92b7</load_address>
         <readonly>true</readonly>
         <run_address>0x92b7</run_address>
         <size>0x3</size>
         <alignment>0x1</alignment>
         <input_file_ref idref="fl-5"/>
      </object_component>
      <object_component id="oc-1e1">
         <name>.rodata.str1.3299855054303412028.1</name>
         <load_address>0x92ba</load_address>
         <readonly>true</readonly>
         <run_address>0x92ba</run_address>
         <size>0x3</size>
         <alignment>0x1</alignment>
         <input_file_ref idref="fl-5"/>
      </object_component>
      <object_component id="oc-1dc">
         <name>.rodata.str1.5678097850300819098.1</name>
         <load_address>0x92bd</load_address>
         <readonly>true</readonly>
         <run_address>0x92bd</run_address>
         <size>0x3</size>
         <alignment>0x1</alignment>
         <input_file_ref idref="fl-5"/>
      </object_component>
      <object_component id="oc-1da">
         <name>.rodata.str1.5752133939041076255.1</name>
         <load_address>0x92c0</load_address>
         <readonly>true</readonly>
         <run_address>0x92c0</run_address>
         <size>0x3</size>
         <alignment>0x1</alignment>
         <input_file_ref idref="fl-5"/>
      </object_component>
      <object_component id="oc-1de">
         <name>.rodata.str1.6094391537229473979.1</name>
         <load_address>0x92c3</load_address>
         <readonly>true</readonly>
         <run_address>0x92c3</run_address>
         <size>0x3</size>
         <alignment>0x1</alignment>
         <input_file_ref idref="fl-5"/>
      </object_component>
      <object_component id="oc-1d6">
         <name>.rodata.str1.8346066712588484577.1</name>
         <load_address>0x92c6</load_address>
         <readonly>true</readonly>
         <run_address>0x92c6</run_address>
         <size>0x3</size>
         <alignment>0x1</alignment>
         <input_file_ref idref="fl-5"/>
      </object_component>
      <object_component id="oc-1ad">
         <name>.rodata.gI2C_MPUClockConfig</name>
         <load_address>0x92c9</load_address>
         <readonly>true</readonly>
         <run_address>0x92c9</run_address>
         <size>0x2</size>
         <alignment>0x1</alignment>
         <input_file_ref idref="fl-8"/>
      </object_component>
      <object_component id="oc-1b5">
         <name>.rodata.gUART_DEBUGClockConfig</name>
         <load_address>0x92cb</load_address>
         <readonly>true</readonly>
         <run_address>0x92cb</run_address>
         <size>0x2</size>
         <alignment>0x1</alignment>
         <input_file_ref idref="fl-8"/>
      </object_component>
      <object_component id="oc-1db">
         <name>.rodata.str1.13678368368045285259.1</name>
         <load_address>0x92cd</load_address>
         <readonly>true</readonly>
         <run_address>0x92cd</run_address>
         <size>0x2</size>
         <alignment>0x1</alignment>
         <input_file_ref idref="fl-5"/>
      </object_component>
      <object_component id="oc-1d8">
         <name>.rodata.str1.15445407551556458809.1</name>
         <load_address>0x92cf</load_address>
         <readonly>true</readonly>
         <run_address>0x92cf</run_address>
         <size>0x2</size>
         <alignment>0x1</alignment>
         <input_file_ref idref="fl-5"/>
      </object_component>
      <object_component id="oc-1d9">
         <name>.rodata.str1.5710605537803565424.1</name>
         <load_address>0x92d1</load_address>
         <readonly>true</readonly>
[...]
      <symbol id="sm-222">
         <name>SYSCFG_DL_UART_DEBUG_init</name>
         <value>0x8435</value>
         <object_component_ref idref="oc-137"/>
      </symbol>
      <symbol id="sm-223">
         <name>gPWM_0Backup</name>
         <value>0x20200400</value>
      </symbol>
      <symbol id="sm-224">
         <name>gQEI_0Backup</name>
         <value>0x202004bc</value>
      </symbol>
      <symbol id="sm-22f">
         <name>Default_Handler</name>
         <value>0x7fef</value>
         <object_component_ref idref="oc-33"/>
      </symbol>
      <symbol id="sm-230">
         <name>Reset_Handler</name>
         <value>0x8eab</value>
         <object_component_ref idref="oc-2f"/>
      </symbol>
      <symbol id="sm-231">
         <name>interruptVectors</name>
         <value>0x0</value>
         <object_component_ref idref="oc-18"/>
      </symbol>
      <symbol id="sm-232">
         <name>NMI_Handler</name>
         <value>0x7fef</value>
         <object_component_ref idref="oc-33"/>
      </symbol>
      <symbol id="sm-233">
         <name>HardFault_Handler</name>
         <value>0x7fef</value>
         <object_component_ref idref="oc-33"/>
      </symbol>
      <symbol id="sm-234">
         <name>SVC_Handler</name>
         <value>0x7fef</value>
         <object_component_ref idref="oc-33"/>
      </symbol>
      <symbol id="sm-235">
         <name>PendSV_Handler</name>
         <value>0x7fef</value>
         <object_component_ref idref="oc-33"/>
      </symbol>
      <symbol id="sm-236">
         <name>SysTick_Handler</name>
         <value>0x7fef</value>
         <object_component_ref idref="oc-33"/>
      </symbol>
      <symbol id="sm-237">
         <name>GROUP0_IRQHandler</name>
         <value>0x7fef</value>
         <object_component_ref idref="oc-33"/>
      </symbol>
      <symbol id="sm-238">
         <name>TIMG8_IRQHandler</name>
         <value>0x7fef</value>
         <object_component_ref idref="oc-33"/>
      </symbol>
      <symbol id="sm-239">
         <name>UART3_IRQHandler</name>
         <value>0x7fef</value>
         <object_component_ref idref="oc-33"/>
      </symbol>
      <symbol id="sm-23a">
         <name>ADC0_IRQHandler</name>
         <value>0x7fef</value>
         <object_component_ref idref="oc-33"/>
      </symbol>
      <symbol id="sm-23b">
         <name>ADC1_IRQHandler</name>
         <value>0x7fef</value>
         <object_component_ref idref="oc-33"/>
      </symbol>
      <symbol id="sm-23c">
         <name>CANFD0_IRQHandler</name>
         <value>0x7fef</value>
         <object_component_ref idref="oc-33"/>
      </symbol>
      <symbol id="sm-23d">
         <name>DAC0_IRQHandler</name>
         <value>0x7fef</value>
         <object_component_ref idref="oc-33"/>
      </symbol>
      <symbol id="sm-23e">
         <name>SPI0_IRQHandler</name>
         <value>0x7fef</value>
         <object_component_ref idref="oc-33"/>
      </symbol>
      <symbol id="sm-23f">
         <name>SPI1_IRQHandler</name>
         <value>0x7fef</value>
         <object_component_ref idref="oc-33"/>
      </symbol>
      <symbol id="sm-240">
         <name>UART2_IRQHandler</name>
         <value>0x7fef</value>
         <object_component_ref idref="oc-33"/>
      </symbol>
      <symbol id="sm-241">
         <name>UART0_IRQHandler</name>
         <value>0x7fef</value>
         <object_component_ref idref="oc-33"/>
      </symbol>
      <symbol id="sm-242">
         <name>TIMG0_IRQHandler</name>
         <value>0x7fef</value>
         <object_component_ref idref="oc-33"/>
      </symbol>
      <symbol id="sm-243">
         <name>TIMG6_IRQHandler</name>
         <value>0x7fef</value>
         <object_component_ref idref="oc-33"/>
      </symbol>
      <symbol id="sm-244">
         <name>TIMA0_IRQHandler</name>
         <value>0x7fef</value>
         <object_component_ref idref="oc-33"/>
      </symbol>
      <symbol id="sm-245">
         <name>TIMA1_IRQHandler</name>
         <value>0x7fef</value>
         <object_component_ref idref="oc-33"/>
      </symbol>
      <symbol id="sm-246">
         <name>TIMG7_IRQHandler</name>
         <value>0x7fef</value>
         <object_component_ref idref="oc-33"/>
      </symbol>
      <symbol id="sm-247">
         <name>I2C0_IRQHandler</name>
         <value>0x7fef</value>
         <object_component_ref idref="oc-33"/>
      </symbol>
      <symbol id="sm-248">
         <name>I2C1_IRQHandler</name>
         <value>0x7fef</value>
         <object_component_ref idref="oc-33"/>
      </symbol>
      <symbol id="sm-249">
         <name>AES_IRQHandler</name>
         <value>0x7fef</value>
         <object_component_ref idref="oc-33"/>
      </symbol>
      <symbol id="sm-24a">
         <name>RTC_IRQHandler</name>
         <value>0x7fef</value>
         <object_component_ref idref="oc-33"/>
      </symbol>
      <symbol id="sm-24b">
         <name>DMA_IRQHandler</name>
         <value>0x7fef</value>
         <object_component_ref idref="oc-33"/>
      </symbol>
      <symbol id="sm-258">
         <name>LineTracker_Init</name>
         <value>0x8e67</value>
         <object_component_ref idref="oc-cd"/>
      </symbol>
      <symbol id="sm-259">
         <name>LineTracker_Update</name>
         <value>0x657d</value>
         <object_component_ref idref="oc-99"/>
      </symbol>
      <symbol id="sm-25a">
         <name>g_line</name>
         <value>0x20200780</value>
         <object_component_ref idref="oc-ad"/>
      </symbol>
      <symbol id="sm-26d">
         <name>MPU6050_Init</name>
         <value>0x7059</value>
         <object_component_ref idref="oc-d6"/>
      </symbol>
      <symbol id="sm-26e">
         <name>MPU6050_Calibrate</name>
         <value>0x78b5</value>
         <object_component_ref idref="oc-158"/>
      </symbol>
      <symbol id="sm-26f">
         <name>g_mpu6050</name>
         <value>0x20200760</value>
         <object_component_ref idref="oc-b5"/>
      </symbol>
      <symbol id="sm-270">
         <name>MPU6050_Task</name>
         <value>0x7b85</value>
         <object_component_ref idref="oc-e1"/>
      </symbol>
      <symbol id="sm-29d">
         <name>OLED_Init</name>
         <value>0x8ae1</value>
         <object_component_ref idref="oc-d0"/>
      </symbol>
      <symbol id="sm-29e">
         <name>g_oled</name>
         <value>0x202007a8</value>
         <object_component_ref idref="oc-14c"/>
      </symbol>
      <symbol id="sm-29f">
         <name>OLED_Update</name>
         <value>0x5a9d</value>
         <object_component_ref idref="oc-1bd"/>
      </symbol>
      <symbol id="sm-2a0">
         <name>OLED_Task</name>
         <value>0x86dd</value>
         <object_component_ref idref="oc-e2"/>
      </symbol>
      <symbol id="sm-2a1">
         <name>OLED_DrawProblemSelect</name>
         <value>0x3d65</value>
         <object_component_ref idref="oc-15b"/>
      </symbol>
      <symbol id="sm-2a2">
         <name>OLED_DrawProblemSelected</name>
         <value>0x68bd</value>
         <object_component_ref idref="oc-15a"/>
      </symbol>
      <symbol id="sm-2b3">
         <name>ProblemMenu_Init</name>
         <value>0x8629</value>
         <object_component_ref idref="oc-db"/>
      </symbol>
      <symbol id="sm-2b4">
         <name>g_problem_menu</name>
         <value>0x202007d0</value>
         <object_component_ref idref="oc-15c"/>
      </symbol>
      <symbol id="sm-2b5">
         <name>ProblemMenu_Task</name>
         <value>0x756d</value>
         <object_component_ref idref="oc-e4"/>
      </symbol>
      <symbol id="sm-2b6">
         <name>__TI_ATRegion0_src_addr</name>
         <value>0x0</value>
      </symbol>
      <symbol id="sm-2b7">
         <name>__TI_ATRegion0_trg_addr</name>
         <value>0x0</value>
      </symbol>
      <symbol id="sm-2b8">
         <name>__TI_ATRegion0_region_sz</name>
         <value>0x0</value>
      </symbol>
      <symbol id="sm-2b9">
         <name>__TI_ATRegion1_src_addr</name>
         <value>0x0</value>
      </symbol>
      <symbol id="sm-2ba">
         <name>__TI_ATRegion1_trg_addr</name>
         <value>0x0</value>
      </symbol>
      <symbol id="sm-2bb">
         <name>__TI_ATRegion1_region_sz</name>
         <value>0x0</value>
      </symbol>
      <symbol id="sm-2bc">
         <name>__TI_ATRegion2_src_addr</name>
         <value>0x0</value>
      </symbol>
      <symbol id="sm-2bd">
         <name>__TI_ATRegion2_trg_addr</name>
         <value>0x0</value>
      </symbol>
      <symbol id="sm-2be">
         <name>__TI_ATRegion2_region_sz</name>
         <value>0x0</value>
      </symbol>
      <symbol id="sm-2c7">
         <name>DL_Common_delayCycles</name>
         <value>0x8e5d</value>
         <object_component_ref idref="oc-147"/>
      </symbol>
      <symbol id="sm-2d9">
         <name>DL_I2C_setClockConfig</name>
         <value>0x8c9d</value>
         <object_component_ref idref="oc-1a7"/>
      </symbol>
      <symbol id="sm-2da">
         <name>DL_I2C_fillControllerTXFIFO</name>
         <value>0x85c9</value>
         <object_component_ref idref="oc-1c1"/>
      </symbol>
      <symbol id="sm-2db">
         <name>DL_I2C_flushControllerTXFIFO</name>
         <value>0x8905</value>
         <object_component_ref idref="oc-1bf"/>
      </symbol>
      <symbol id="sm-2dc">
         <name>DL_I2C_flushControllerRXFIFO</name>
         <value>0x8bbd</value>
         <object_component_ref idref="oc-1c0"/>
      </symbol>
      <symbol id="sm-2f8">
         <name>DL_Timer_setClockConfig</name>
         <value>0x8d61</value>
         <object_component_ref idref="oc-19d"/>
      </symbol>
      <symbol id="sm-2f9">
         <name>DL_Timer_initTimerMode</name>
         <value>0x7471</value>
         <object_component_ref idref="oc-1a4"/>
      </symbol>
      <symbol id="sm-2fa">
         <name>DL_Timer_setCaptureCompareValue</name>
         <value>0x8e21</value>
         <object_component_ref idref="oc-a1"/>
      </symbol>
      <symbol id="sm-2fb">
         <name>DL_Timer_setCaptCompUpdateMethod</name>
         <value>0x8d45</value>
         <object_component_ref idref="oc-1a0"/>
      </symbol>
      <symbol id="sm-2fc">
         <name>DL_Timer_setCaptureCompareOutCtl</name>
         <value>0x8db5</value>
         <object_component_ref idref="oc-19f"/>
      </symbol>
      <symbol id="sm-2fd">
         <name>DL_Timer_initFourCCPWMMode</name>
         <value>0x726d</value>
         <object_component_ref idref="oc-19e"/>
      </symbol>
      <symbol id="sm-30d">
         <name>DL_UART_init</name>
         <value>0x887d</value>
         <object_component_ref idref="oc-1b4"/>
      </symbol>
      <symbol id="sm-30e">
         <name>DL_UART_setClockConfig</name>
         <value>0x8dfb</value>
         <object_component_ref idref="oc-1ae"/>
      </symbol>
      <symbol id="sm-30f">
         <name>DL_UART_transmitDataBlocking</name>
         <value>0x8bed</value>
         <object_component_ref idref="oc-1d1"/>
      </symbol>
      <symbol id="sm-31a">
         <name>_c_int00_noargs</name>
         <value>0x8c75</value>
         <object_component_ref idref="oc-60"/>
      </symbol>
      <symbol id="sm-31b">
         <name>__stack</name>
         <value>0x20207e00</value>
         <object_component_ref idref="oc-1a"/>
      </symbol>
      <symbol id="sm-327">
         <name>__TI_auto_init_nobinit_nopinit</name>
         <value>0x89f5</value>
         <object_component_ref idref="oc-ed"/>
      </symbol>
      <symbol id="sm-32f">
         <name>_system_pre_init</name>
         <value>0x8eaf</value>
         <object_component_ref idref="oc-83"/>
      </symbol>
      <symbol id="sm-33a">
         <name>__TI_zero_init</name>
         <value>0x8e31</value>
         <object_component_ref idref="oc-5d"/>
      </symbol>
      <symbol id="sm-343">
         <name>__TI_decompress_none</name>
         <value>0x8e0d</value>
         <object_component_ref idref="oc-20"/>
      </symbol>
      <symbol id="sm-34e">
         <name>__TI_decompress_lzss</name>
         <value>0x83b9</value>
         <object_component_ref idref="oc-1c"/>
      </symbol>
      <symbol id="sm-358">
         <name>abort</name>
         <value>0x8ea1</value>
         <object_component_ref idref="oc-e6"/>
      </symbol>
      <symbol id="sm-362">
         <name>HOSTexit</name>
         <value>0x8ea7</value>
         <object_component_ref idref="oc-17b"/>
      </symbol>
      <symbol id="sm-363">
         <name>C$$EXIT</name>
         <value>0x8ea6</value>
         <object_component_ref idref="oc-17b"/>
      </symbol>
      <symbol id="sm-369">
         <name>__aeabi_fadd</name>
         <value>0x7657</value>
         <object_component_ref idref="oc-109"/>
      </symbol>
      <symbol id="sm-36a">
         <name>__addsf3</name>
         <value>0x7657</value>
         <object_component_ref idref="oc-109"/>
      </symbol>
      <symbol id="sm-36b">
         <name>__aeabi_fsub</name>
         <value>0x764d</value>
         <object_component_ref idref="oc-109"/>
      </symbol>
      <symbol id="sm-36c">
         <name>__subsf3</name>
         <value>0x764d</value>
         <object_component_ref idref="oc-109"/>
      </symbol>
      <symbol id="sm-372">
         <name>__aeabi_fmul</name>
         <value>0x81a5</value>
         <object_component_ref idref="oc-10d"/>
      </symbol>
      <symbol id="sm-373">
         <name>__mulsf3</name>
         <value>0x81a5</value>
         <object_component_ref idref="oc-10d"/>
      </symbol>
      <symbol id="sm-379">
         <name>__aeabi_fdiv</name>
         <value>0x82b5</value>
         <object_component_ref idref="oc-166"/>
      </symbol>
      <symbol id="sm-37a">
         <name>__divsf3</name>
         <value>0x82b5</value>
         <object_component_ref idref="oc-166"/>
      </symbol>
      <symbol id="sm-380">
         <name>__aeabi_f2iz</name>
         <value>0x8b51</value>
         <object_component_ref idref="oc-111"/>
      </symbol>
      <symbol id="sm-381">
         <name>__fixsfsi</name>
         <value>0x8b51</value>
         <object_component_ref idref="oc-111"/>
      </symbol>
      <symbol id="sm-387">
         <name>__aeabi_f2uiz</name>
         <value>0x8b89</value>
         <object_component_ref idref="oc-221"/>
      </symbol>
      <symbol id="sm-388">
         <name>__fixunssfsi</name>
         <value>0x8b89</value>
         <object_component_ref idref="oc-221"/>
      </symbol>
      <symbol id="sm-38e">
         <name>__aeabi_i2f</name>
         <value>0x897d</value>
         <object_component_ref idref="oc-105"/>
      </symbol>
      <symbol id="sm-38f">
         <name>__floatsisf</name>
         <value>0x897d</value>
         <object_component_ref idref="oc-105"/>
      </symbol>
      <symbol id="sm-395">
         <name>__aeabi_ui2f</name>
         <value>0x8c4d</value>
         <object_component_ref idref="oc-11b"/>
      </symbol>
      <symbol id="sm-396">
         <name>__floatunsisf</name>
         <value>0x8c4d</value>
         <object_component_ref idref="oc-11b"/>
      </symbol>
      <symbol id="sm-39c">
         <name>__aeabi_fcmpeq</name>
         <value>0x84a5</value>
         <object_component_ref idref="oc-b7"/>
      </symbol>
      <symbol id="sm-39d">
         <name>__aeabi_fcmplt</name>
         <value>0x84b9</value>
         <object_component_ref idref="oc-b7"/>
      </symbol>
      <symbol id="sm-39e">
         <name>__aeabi_fcmple</name>
         <value>0x84cd</value>
         <object_component_ref idref="oc-b7"/>
      </symbol>
      <symbol id="sm-39f">
         <name>__aeabi_fcmpge</name>
         <value>0x84e1</value>
         <object_component_ref idref="oc-b7"/>
      </symbol>
      <symbol id="sm-3a0">
         <name>__aeabi_fcmpgt</name>
         <value>0x84f5</value>
         <object_component_ref idref="oc-b7"/>
      </symbol>
      <symbol id="sm-3a6">
         <name>__aeabi_idiv</name>
         <value>0x8735</value>
         <object_component_ref idref="oc-ff"/>
      </symbol>
      <symbol id="sm-3a7">
         <name>__aeabi_idivmod</name>
         <value>0x8735</value>
         <object_component_ref idref="oc-ff"/>
      </symbol>
      <symbol id="sm-3ad">
         <name>__aeabi_memcpy</name>
         <value>0x8e99</value>
         <object_component_ref idref="oc-50"/>
      </symbol>
      <symbol id="sm-3ae">
         <name>__aeabi_memcpy4</name>
         <value>0x8e99</value>
         <object_component_ref idref="oc-50"/>
      </symbol>
      <symbol id="sm-3af">
         <name>__aeabi_memcpy8</name>
         <value>0x8e99</value>
         <object_component_ref idref="oc-50"/>
      </symbol>
      <symbol id="sm-3b8">
         <name>__aeabi_memset</name>
         <value>0x8e41</value>
         <object_component_ref idref="oc-225"/>
      </symbol>
      <symbol id="sm-3b9">
         <name>__aeabi_memset4</name>
         <value>0x8e41</value>
         <object_component_ref idref="oc-225"/>
      </symbol>
      <symbol id="sm-3ba">
         <name>__aeabi_memset8</name>
         <value>0x8e41</value>
         <object_component_ref idref="oc-225"/>
      </symbol>
      <symbol id="sm-3bb">
         <name>__aeabi_memclr</name>
         <value>0x8e51</value>
         <object_component_ref idref="oc-7e"/>
      </symbol>
      <symbol id="sm-3bc">
         <name>__aeabi_memclr4</name>
         <value>0x8e51</value>
         <object_component_ref idref="oc-7e"/>
      </symbol>
      <symbol id="sm-3bd">
         <name>__aeabi_memclr8</name>
         <value>0x8e51</value>
         <object_component_ref idref="oc-7e"/>
      </symbol>
      <symbol id="sm-3c3">
         <name>__aeabi_uidiv</name>
         <value>0x88c5</value>
         <object_component_ref idref="oc-117"/>
      </symbol>
      <symbol id="sm-3c4">
         <name>__aeabi_uidivmod</name>
         <value>0x88c5</value>
         <object_component_ref idref="oc-117"/>
      </symbol>
      <symbol id="sm-3cd">
         <name>__eqsf2</name>
         <value>0x8a31</value>
         <object_component_ref idref="oc-121"/>
      </symbol>
      <symbol id="sm-3ce">
         <name>__lesf2</name>
         <value>0x8a31</value>
         <object_component_ref idref="oc-121"/>
      </symbol>
      <symbol id="sm-3cf">
         <name>__ltsf2</name>
         <value>0x8a31</value>
         <object_component_ref idref="oc-121"/>
      </symbol>
      <symbol id="sm-3d0">
         <name>__nesf2</name>
         <value>0x8a31</value>
         <object_component_ref idref="oc-121"/>
      </symbol>
      <symbol id="sm-3d1">
         <name>__cmpsf2</name>
         <value>0x8a31</value>
         <object_component_ref idref="oc-121"/>
      </symbol>
      <symbol id="sm-3d2">
         <name>__gtsf2</name>
         <value>0x89b9</value>
         <object_component_ref idref="oc-126"/>
      </symbol>
      <symbol id="sm-3d3">
         <name>__gesf2</name>
         <value>0x89b9</value>
         <object_component_ref idref="oc-126"/>
      </symbol>
      <symbol id="sm-3d9">
         <name>__muldsi3</name>
         <value>0x8a6d</value>
         <object_component_ref idref="oc-193"/>
      </symbol>
      <symbol id="sm-3e3">
         <name>__aeabi_idiv0</name>
         <value>0x8eb3</value>
         <object_component_ref idref="oc-18b"/>
      </symbol>
      <symbol id="sm-3fc">
         <name>memcpy</name>
         <value>0x7f55</value>
         <object_component_ref idref="oc-c3"/>
      </symbol>
      <symbol id="sm-40b">
         <name>memset</name>
         <value>0x8507</value>
         <object_component_ref idref="oc-12e"/>
      </symbol>
      <symbol id="sm-40c">
         <name>__TI_static_base__</name>
         <value>0x0</value>
      </symbol>
      <symbol id="sm-40f">
         <name>__mpu_init</name>
         <value>0x0</value>
      </symbol>
      <symbol id="sm-410">
         <name>_system_post_cinit</name>
         <value>0x0</value>
      </symbol>
   </symbol_table>
   <title>Link successful</title>
</link_info>
