******************************************************************************
            TI ARM Clang Linker PC v4.0.4                      
******************************************************************************
>> Linked Fri Jul 31 10:00:52 2026

OUTPUT FILE NAME:   <TI_Car_3507_64.out>
ENTRY POINT SYMBOL: "_c_int00_noargs"  address: 00005765


MEMORY CONFIGURATION

         name            origin    length      used     unused   attr    fill
----------------------  --------  ---------  --------  --------  ----  --------
  FLASH                 00000000   00020000  00005c78  0001a388  R  X
  SRAM                  20200000   00008000  0000119b  00006e65  RW X
  BCR_CONFIG            41c00000   000000ff  00000000  000000ff  R   
  BSL_CONFIG            41c00100   00000080  00000000  00000080  R   


SEGMENT ALLOCATION MAP

run origin  load origin   length   init length attrs members
----------  ----------- ---------- ----------- ----- -------
00000000    00000000    00005c78   00005c78    r-x
  00000000    00000000    000000c0   000000c0    r-- .intvecs
  000000c0    000000c0    000058c8   000058c8    r-x .text
  00005988    00005988    00000228   00000228    r-- .rodata
  00005bb0    00005bb0    000000c8   000000c8    r-- .cinit
20200000    20200000    00000f9b   00000000    rw-
  20200000    20200000    00000dac   00000000    rw- .bss
  20200dac    20200dac    000001ef   00000000    rw- .data
20207e00    20207e00    00000200   00000000    rw-
  20207e00    20207e00    00000200   00000000    rw- .stack


SECTION ALLOCATION MAP

 output                                  attributes/
section   page    origin      length       input sections
--------  ----  ----------  ----------   ----------------
.intvecs   0    00000000    000000c0     
                  00000000    000000c0     startup_mspm0g350x_ticlang.o (.intvecs)

.text      0    000000c0    000058c8     
                  000000c0    00000a24     car_control.o (.text.Car_ControlStep)
                  00000ae4    000006e0     oled_ssd1306.o (.text.OLED_DrawContinuousRaceTime)
                  000011c4    00000608     car_control.o (.text.Car_RightAngleApproachStep)
                  000017cc    00000548     oled_ssd1306.o (.text.OLED_DrawLapList)
                  00001d14    000004e8     competition_tasks.o (.text.CompetitionTasks_ControlStep)
                  000021fc    00000460     board_oled_i2c.o (.text.Board_OLED_I2C_RecoverBus)
                  0000265c    0000039c     board_oled_i2c.o (.text.Board_OLED_I2C_Write)
                  000029f8    00000324     board_oled_i2c.o (.text.Board_OLED_I2C_WriteByte)
                  00002d1c    00000260     board_i2c.o (.text.Board_I2C_ReadRegs)
                  00002f7c    000001c4     oled_ssd1306.o (.text.OLED_TryInitialize)
                  00003140    000001a8     line_tracker.o (.text.LineTracker_Update)
                  000032e8    0000018c     competition_tasks.o (.text.CompetitionTasks_Service)
                  00003474    00000180     car_control.o (.text.Car_Stop)
                  000035f4    00000150     board_i2c.o (.text.Board_I2C_WriteByteStream)
                  00003744    00000140     odometer.o (.text.Odometer_ControlStep)
                  00003884    0000013c     oled_ssd1306.o (.text.OLED_DrawRaceTime)
                  000039c0    00000134     ti_msp_dl_config.o (.text.SYSCFG_DL_GPIO_init)
                  00003af4    00000130     competition_tasks.o (.text.CompetitionTasks_Init)
                  00003c24    00000118     car_control.o (.text.Car_BrakeHold)
                  00003d3c    00000110     car_control.o (.text.Car_PidStep)
                  00003e4c    0000010c     mpu6050.o (.text.MPU6050_Init)
                  00003f58    00000104     driverlib.a : dl_timer.o (.text.DL_Timer_initFourCCPWMMode)
                  0000405c    00000100     car_control.o (.text.Car_LinePidStep)
                  0000415c    000000fc     driverlib.a : dl_timer.o (.text.DL_Timer_initTimerMode)
                  00004258    000000f8     oled_ssd1306.o (.text.OLED_UpdateWindow)
                  00004350    000000d8     libclang_rt.builtins.a : addsf3.S.obj (.text)
                  00004428    000000d4     oled_ssd1306.o (.text.OLED_DrawAscii)
                  000044fc    000000d0     odometer.o (.text.Odometer_Service)
                  000045cc    000000c0     debug_uart.o (.text.UART1_IRQHandler)
                  0000468c    000000b0     car_control.o (.text.Car_Init)
                  0000473c    000000b0     mpu6050.o (.text.MPU6050_Calibrate)
                  000047ec    000000b0     empty.o (.text.main)
                  0000489c    000000ac     ec11_encoder.o (.text.EC11_Task)
                  00004948    000000a4     ec11_encoder.o (.text.EC11_HandleABInterrupt)
                  000049ec    000000a2     libclang_rt.builtins.a : udivmoddi4.S.obj (.text)
                  00004a8e    00000002     startup_mspm0g350x_ticlang.o (.text.Default_Handler)
                  00004a90    0000009c     mpu6050.o (.text.MPU6050_Task)
                  00004b2c    0000009a     libc.a : memcpy16.S.obj (.text:memcpy)
                  00004bc6    00000002     oled_ssd1306.o (.text.OLED_DrawOdometer)
                  00004bc8    0000008c     car_control.o (.text.Car_RightAngleAssistStop)
                  00004c54    0000008c     ti_msp_dl_config.o (.text.SYSCFG_DL_PWM_0_init)
                  00004ce0    0000008c     libclang_rt.builtins.a : mulsf3.S.obj (.text.__mulsf3)
                  00004d6c    00000084     ec11_encoder.o (.text.EC11_Init)
                  00004df0    00000082     libclang_rt.builtins.a : divsf3.S.obj (.text.__divsf3)
                  00004e72    00000002                            : aeabi_div0.c.obj (.text.__aeabi_idiv0)
                  00004e74    00000080     car_control.o (.text.GROUP1_IRQHandler)
                  00004ef4    0000007c     odometer.o (.text.Odometer_Init)
                  00004f70    0000007c     libc.a : copy_decompress_lzss.c.obj (.text:decompress:lzss)
                  00004fec    00000070     ti_msp_dl_config.o (.text.SYSCFG_DL_UART_DEBUG_init)
                  0000505c    0000006c     car_control.o (.text.Car_RightAngleSetTargets)
                  000050c8    00000062     libclang_rt.builtins.a : aeabi_fcmp.S.obj (.text.__aeabi_fcmp)
                  0000512a    00000062     libc.a : memset16.S.obj (.text:memset)
                  0000518c    00000060     ti_msp_dl_config.o (.text.SYSCFG_DL_initPower)
                  000051ec    0000005e     driverlib.a : dl_i2c.o (.text.DL_I2C_fillControllerTXFIFO)
                  0000524a    00000002     libclang_rt.builtins.a : aeabi_div0.c.obj (.text.__aeabi_ldiv0)
                  0000524c    00000058     oled_ssd1306.o (.text.OLED_Task)
                  000052a4    00000056     libclang_rt.builtins.a : aeabi_idivmod.S.obj (.text.__aeabi_idivmod)
                  000052fa    00000002     --HOLE-- [fill = 0]
                  000052fc    00000054     ti_msp_dl_config.o (.text.SYSCFG_DL_I2C_MPU_init)
                  00005350    0000004c     ti_msp_dl_config.o (.text.SYSCFG_DL_QEI_0_init)
                  0000539c    00000048     driverlib.a : dl_uart.o (.text.DL_UART_init)
                  000053e4    00000040     libclang_rt.builtins.a : aeabi_uidivmod.S.obj (.text.__aeabi_uidivmod)
                  00005424    0000003c     driverlib.a : dl_i2c.o (.text.DL_I2C_flushControllerTXFIFO)
                  00005460    0000003c     ti_msp_dl_config.o (.text.SYSCFG_DL_init)
                  0000549c    0000003c     libclang_rt.builtins.a : floatsisf.S.obj (.text.__floatsisf)
                  000054d8    0000003c                            : comparesf2.S.obj (.text.__gtsf2)
                  00005514    0000003c     libc.a : autoinit.c.obj (.text:__TI_auto_init_nobinit_nopinit)
                  00005550    0000003a     libclang_rt.builtins.a : comparesf2.S.obj (.text.__eqsf2)
                  0000558a    00000002     --HOLE-- [fill = 0]
                  0000558c    0000003a                            : muldsi3.S.obj (.text.__muldsi3)
                  000055c6    00000002     --HOLE-- [fill = 0]
                  000055c8    00000038     board_i2c.o (.text.Board_I2C_RecoverBus)
                  00005600    00000038     oled_ssd1306.o (.text.OLED_Init)
                  00005638    00000038     ti_msp_dl_config.o (.text.SYSCFG_DL_TIMER_CONTROL_init)
                  00005670    00000038     libclang_rt.builtins.a : fixsfsi.S.obj (.text.__fixsfsi)
                  000056a8    00000034     board_oled_i2c.o (.text.Board_OLED_I2C_Init)
                  000056dc    00000030     driverlib.a : dl_i2c.o (.text.DL_I2C_flushControllerRXFIFO)
                  0000570c    00000030     ti_msp_dl_config.o (.text.SYSCFG_DL_SYSCTL_init)
                  0000573c    00000028     libclang_rt.builtins.a : floatunsisf.S.obj (.text.__floatunsisf)
                  00005764    00000028     libc.a : boot_cortex_m.c.obj (.text:_c_int00_noargs)
                  0000578c    00000026     driverlib.a : dl_i2c.o (.text.DL_I2C_setClockConfig)
                  000057b2    00000002     --HOLE-- [fill = 0]
                  000057b4    00000024     libclang_rt.builtins.a : muldi3.S.obj (.text.__muldi3)
                  000057d8    00000020     car_control.o (.text.Car_StartLineFollow)
                  000057f8    00000020     empty.o (.text.TIMG12_IRQHandler)
                  00005818    0000001e     libclang_rt.builtins.a : ashldi3.S.obj (.text.__ashldi3)
                  00005836    00000002     --HOLE-- [fill = 0]
                  00005838    0000001c     driverlib.a : dl_timer.o (.text.DL_Timer_setCaptCompUpdateMethod)
                  00005854    0000001c                 : dl_timer.o (.text.DL_Timer_setClockConfig)
                  00005870    0000001c     ec11_encoder.o (.text.EC11_GetDelta)
                  0000588c    0000001c     odometer.o (.text.Odometer_GetControlProgress)
                  000058a8    00000018     car_control.o (.text.Car_SetLineFollowBaseCounts)
                  000058c0    00000018     driverlib.a : dl_timer.o (.text.DL_Timer_setCaptureCompareOutCtl)
                  000058d8    00000016     board_i2c.o (.text.Board_I2C_WriteReg)
                  000058ee    00000002     --HOLE-- [fill = 0]
                  000058f0    00000014     libclang_rt.builtins.a : aeabi_uldivmod.S.obj (.text.__aeabi_uldivmod)
                  00005904    00000012     driverlib.a : dl_uart.o (.text.DL_UART_setClockConfig)
                  00005916    00000012     libc.a : copy_decompress_none.c.obj (.text:decompress:none)
                  00005928    00000010     driverlib.a : dl_timer.o (.text.DL_Timer_setCaptureCompareValue)
                  00005938    00000010     libc.a : copy_zero_init.c.obj (.text:decompress:ZI)
                  00005948    0000000c     libclang_rt.builtins.a : aeabi_memset.S.obj (.text.__aeabi_memclr)
                  00005954    0000000a     driverlib.a : dl_common.o (.text.DL_Common_delayCycles)
                  0000595e    00000008     line_tracker.o (.text.LineTracker_Init)
                  00005966    00000002     --HOLE-- [fill = 0]
                  00005968    00000008     libclang_rt.builtins.a : aeabi_memcpy.S.obj (.text.__aeabi_memcpy)
                  00005970    00000006     libc.a : exit.c.obj (.text:abort)
                  00005976    00000004     libsysbm.a : hostexit.c.obj (.text.HOSTexit)
                  0000597a    00000004     startup_mspm0g350x_ticlang.o (.text.Reset_Handler)
                  0000597e    00000004     libc.a : pre_init.c.obj (.text._system_pre_init)
                  00005982    00000006     --HOLE-- [fill = 0]

.cinit     0    00005bb0    000000c8     
                  00005bb0    0000009f     (.cinit..data.load) [load image, compression = lzss]
                  00005c4f    00000001     --HOLE-- [fill = 0]
                  00005c50    0000000c     (__TI_handler_table)
                  00005c5c    00000008     (.cinit..bss.load) [load image, compression = zero_init]
                  00005c64    00000010     (__TI_cinit_table)
                  00005c74    00000004     --HOLE-- [fill = 0]

.rodata    0    00005988    00000228     
                  00005988    00000140     oled_ssd1306.o (.rodata.s_digit16)
                  00005ac8    00000069     oled_ssd1306.o (.rodata.s_font5x7)
                  00005b31    0000001c     oled_ssd1306.o (.rodata.s_oled_init_cmds)
                  00005b4d    00000003     ti_msp_dl_config.o (.rodata.gPWM_0ClockConfig)
                  00005b50    00000014     ti_msp_dl_config.o (.rodata.gTIMER_CONTROLTimerConfig)
                  00005b64    00000010     car_control.o (.rodata.cst16)
                  00005b74    00000010     ec11_encoder.o (.rodata.cst16)
                  00005b84    0000000b     oled_ssd1306.o (.rodata.str1.4552292588570905864.1)
                  00005b8f    00000001     --HOLE-- [fill = 0]
                  00005b90    0000000a     ti_msp_dl_config.o (.rodata.gUART_DEBUGConfig)
                  00005b9a    00000002     ti_msp_dl_config.o (.rodata.gI2C_MPUClockConfig)
                  00005b9c    00000008     ti_msp_dl_config.o (.rodata.gPWM_0Config)
                  00005ba4    00000003     ti_msp_dl_config.o (.rodata.gQEI_0ClockConfig)
                  00005ba7    00000003     ti_msp_dl_config.o (.rodata.gTIMER_CONTROLClockConfig)
                  00005baa    00000002     ti_msp_dl_config.o (.rodata.gUART_DEBUGClockConfig)
                  00005bac    00000002     oled_ssd1306.o (.rodata.str1.17912449882519859512.1)
                  00005bae    00000002     --HOLE-- [fill = 0]

.init_array 
*          0    00000000    00000000     UNINITIALIZED

.binit     0    00000000    00000000     

.bss       0    20200000    00000dac     UNINITIALIZED
                  20200000    000007ce     competition_tasks.o (.bss.s_lap_centiseconds)
                  202007ce    00000002     --HOLE--
                  202007d0    00000400     oled_ssd1306.o (.bss.s_buffer)
                  20200bd0    000000bc     (.common:gPWM_0Backup)
                  20200c8c    000000a0     (.common:gQEI_0Backup)
                  20200d2c    00000080     debug_uart.o (.bss.s_rx_buffer)

.data      0    20200dac    000001ef     UNINITIALIZED
                  20200dac    00000110     car_control.o (.data.g_car)
                  20200ebc    0000001c     mpu6050.o (.data.g_mpu6050)
                  20200ed8    00000018     line_tracker.o (.data.g_line)
                  20200ef0    00000010     competition_tasks.o (.data.g_competition_task_status)
                  20200f00    00000010     ec11_encoder.o (.data.g_ec11)
                  20200f10    00000008     oled_ssd1306.o (.data.g_oled)
                  20200f18    00000004     car_control.o (.data.s_approach_fused_distance)
                  20200f1c    00000004     ec11_encoder.o (.data.s_button_debounce_start_tick)
                  20200f20    00000004     ec11_encoder.o (.data.s_button_press_tick)
                  20200f24    00000004     competition_tasks.o (.data.s_continuous_key_debounce_tick)
                  20200f28    00000004     competition_tasks.o (.data.s_continuous_key_press_tick)
                  20200f2c    00000004     odometer.o (.data.s_control_progress)
                  20200f30    00000004     competition_tasks.o (.data.s_finish_seen_tick)
                  20200f34    00000004     competition_tasks.o (.data.s_key_debounce_tick)
                  20200f38    00000004     competition_tasks.o (.data.s_key_press_tick)
                  20200f3c    00000004     competition_tasks.o (.data.s_lap_number)
                  20200f40    00000004     competition_tasks.o (.data.s_last_control_tick)
                  20200f44    00000004     competition_tasks.o (.data.s_last_display_tick)
                  20200f48    00000004     odometer.o (.data.s_last_display_tick)
                  20200f4c    00000004     competition_tasks.o (.data.s_last_lap_ticks)
                  20200f50    00000004     mpu6050.o (.data.s_last_sample_tick)
                  20200f54    00000004     oled_ssd1306.o (.data.s_last_service_tick)
                  20200f58    00000004     odometer.o (.data.s_left_counts)
                  20200f5c    00000004     odometer.o (.data.s_left_zero)
                  20200f60    00000004     competition_tasks.o (.data.s_motion_start_tick)
                  20200f64    00000004     odometer.o (.data.s_right_counts)
                  20200f68    00000004     car_control.o (.data.s_right_encoder_count)
                  20200f6c    00000004     odometer.o (.data.s_right_zero)
                  20200f70    00000002     competition_tasks.o (.data.s_lap_list_offset)
                  20200f72    00000002     competition_tasks.o (.data.s_max_lap_progress)
                  20200f74    00000002     debug_uart.o (.data.s_rx_head)
                  20200f76    00000002     debug_uart.o (.data.s_rx_tail)
                  20200f78    00000001     ec11_encoder.o (.data.s_ab_state)
                  20200f79    00000001     car_control.o (.data.s_approach_invalid_ticks)
                  20200f7a    00000001     car_control.o (.data.s_approach_left_stale_ticks)
                  20200f7b    00000001     car_control.o (.data.s_approach_locked_health)
                  20200f7c    00000001     car_control.o (.data.s_approach_mismatch_health)
                  20200f7d    00000001     car_control.o (.data.s_approach_mismatch_ticks)
                  20200f7e    00000001     car_control.o (.data.s_approach_right_stale_ticks)
                  20200f7f    00000001     ec11_encoder.o (.data.s_button_event)
                  20200f80    00000001     ec11_encoder.o (.data.s_button_last_raw)
                  20200f81    00000001     ec11_encoder.o (.data.s_button_long_reported)
                  20200f82    00000001     ec11_encoder.o (.data.s_button_stable)
                  20200f83    00000001     competition_tasks.o (.data.s_continuous_key_armed)
                  20200f84    00000001     competition_tasks.o (.data.s_continuous_key_last_raw)
                  20200f85    00000001     competition_tasks.o (.data.s_continuous_key_press_allowed)
                  20200f86    00000001     competition_tasks.o (.data.s_continuous_key_press_pending)
                  20200f87    00000001     competition_tasks.o (.data.s_continuous_key_stable)
                  20200f88    00000001     competition_tasks.o (.data.s_continuous_layout_dirty)
                  20200f89    00000001     competition_tasks.o (.data.s_continuous_mode)
                  20200f8a    00000001     competition_tasks.o (.data.s_display_dirty)
                  20200f8b    00000001     odometer.o (.data.s_display_dirty)
                  20200f8c    00000001     ec11_encoder.o (.data.s_edge_accumulator)
                  20200f8d    00000001     competition_tasks.o (.data.s_finish_confirm_count)
                  20200f8e    00000001     odometer.o (.data.s_frozen)
                  20200f8f    00000001     competition_tasks.o (.data.s_initialized)
                  20200f90    00000001     odometer.o (.data.s_initialized)
                  20200f91    00000001     competition_tasks.o (.data.s_key_armed)
                  20200f92    00000001     competition_tasks.o (.data.s_key_last_raw)
                  20200f93    00000001     competition_tasks.o (.data.s_key_press_allowed)
                  20200f94    00000001     competition_tasks.o (.data.s_key_press_pending)
                  20200f95    00000001     competition_tasks.o (.data.s_key_stable)
                  20200f96    00000001     competition_tasks.o (.data.s_lap_list_active)
                  20200f97    00000001     odometer.o (.data.s_last_state)
                  20200f98    00000001     competition_tasks.o (.data.s_leave_confirm_count)
                  20200f99    00000001     ec11_encoder.o (.data.s_pending_delta)
                  20200f9a    00000001     car_control.o (.data.s_right_encoder_state)

.stack     0    20207e00    00000200     UNINITIALIZED
                  20207e00    00000004     libc.a : boot_cortex_m.c.obj (.stack)
                  20207e04    000001fc     --HOLE--

__llvm_prf_cnts 
*          0    20200000    00000000     UNINITIALIZED

__llvm_prf_bits 
*          0    20200000    00000000     UNINITIALIZED

MODULE SUMMARY

       Module                         code    ro data   rw data
       ------                         ----    -------   -------
    .\
       car_control.o                  5940    16        287    
       oled_ssd1306.o                 4486    466       1036   
       competition_tasks.o            1956    0         2075   
       board_oled_i2c.o               2900    0         0      
       ti_msp_dl_config.o             980     51        348    
       board_i2c.o                    1022    0         0      
       odometer.o                     680     0         28     
       mpu6050.o                      600     0         32     
       ec11_encoder.o                 496     16        31     
       line_tracker.o                 432     0         24     
       debug_uart.o                   192     0         132    
       empty.o                        208     0         0      
       startup_mspm0g350x_ticlang.o   6       192       0      
    +--+------------------------------+-------+---------+---------+
       Total:                         19898   741       3993   
                                                               
    F:/TI/mspm0_sdk_2_10_00_04/source/ti/driverlib/lib/ticlang/m0p/mspm0g1x0x_g3x0x/driverlib.a
       dl_timer.o                     608     0         0      
       dl_i2c.o                       240     0         0      
       dl_uart.o                      90      0         0      
       dl_common.o                    10      0         0      
    +--+------------------------------+-------+---------+---------+
       Total:                         948     0         0      
                                                               
    F:\TI\ccstheia\ccs\tools\compiler\ti-cgt-armllvm_4.0.4.LTS\lib\armv6m-ti-none-eabi/c/libc.a
       memcpy16.S.obj                 154     0         0      
       copy_decompress_lzss.c.obj     124     0         0      
       memset16.S.obj                 98      0         0      
       autoinit.c.obj                 60      0         0      
       boot_cortex_m.c.obj            40      0         0      
       copy_decompress_none.c.obj     18      0         0      
       copy_zero_init.c.obj           16      0         0      
       exit.c.obj                     6       0         0      
       pre_init.c.obj                 4       0         0      
    +--+------------------------------+-------+---------+---------+
       Total:                         520     0         0      
                                                               
    F:\TI\ccstheia\ccs\tools\compiler\ti-cgt-armllvm_4.0.4.LTS\lib\armv6m-ti-none-eabi/c/libsysbm.a
       hostexit.c.obj                 4       0         0      
    +--+------------------------------+-------+---------+---------+
       Total:                         4       0         0      
                                                               
    F:\TI\ccstheia\ccs\tools\compiler\ti-cgt-armllvm_4.0.4.LTS\lib\armv6m-ti-none-eabi/libclang_rt.builtins.a
       addsf3.S.obj                   216     0         0      
       udivmoddi4.S.obj               162     0         0      
       mulsf3.S.obj                   140     0         0      
       divsf3.S.obj                   130     0         0      
       comparesf2.S.obj               118     0         0      
       aeabi_fcmp.S.obj               98      0         0      
       aeabi_idivmod.S.obj            86      0         0      
       aeabi_uidivmod.S.obj           64      0         0      
       floatsisf.S.obj                60      0         0      
       muldsi3.S.obj                  58      0         0      
       fixsfsi.S.obj                  56      0         0      
       floatunsisf.S.obj              40      0         0      
       muldi3.S.obj                   36      0         0      
       ashldi3.S.obj                  30      0         0      
       aeabi_uldivmod.S.obj           20      0         0      
       aeabi_memset.S.obj             12      0         0      
       aeabi_memcpy.S.obj             8       0         0      
       aeabi_div0.c.obj               4       0         0      
    +--+------------------------------+-------+---------+---------+
       Total:                         1338    0         0      
                                                               
       Stack:                         0       0         512    
       Linker Generated:              0       195       0      
    +--+------------------------------+-------+---------+---------+
       Grand Total:                   22708   936       4505   


LINKER GENERATED COPY TABLES

__TI_cinit_table @ 00005c64 records: 2, size/record: 8, table size: 16
	.data: load addr=00005bb0, load size=0000009f bytes, run addr=20200dac, run size=000001ef bytes, compression=lzss
	.bss: load addr=00005c5c, load size=00000008 bytes, run addr=20200000, run size=00000dac bytes, compression=zero_init


LINKER GENERATED HANDLER TABLE

__TI_handler_table @ 00005c50 records: 3, size/record: 4, table size: 12
	index: 0, handler: __TI_decompress_lzss
	index: 1, handler: __TI_decompress_none
	index: 2, handler: __TI_zero_init


GLOBAL SYMBOLS: SORTED ALPHABETICALLY BY Name 

address   name                            
-------   ----                            
00004a8f  ADC0_IRQHandler                 
00004a8f  ADC1_IRQHandler                 
00004a8f  AES_IRQHandler                  
00002d1d  Board_I2C_ReadRegs              
000058d9  Board_I2C_WriteReg              
000056a9  Board_OLED_I2C_Init             
0000265d  Board_OLED_I2C_Write            
00005976  C$$EXIT                         
00004a8f  CANFD0_IRQHandler               
00003c25  Car_BrakeHold                   
000000c1  Car_ControlStep                 
0000468d  Car_Init                        
000058a9  Car_SetLineFollowBaseCounts     
000057d9  Car_StartLineFollow             
00003475  Car_Stop                        
00001d15  CompetitionTasks_ControlStep    
00003af5  CompetitionTasks_Init           
000032e9  CompetitionTasks_Service        
00004a8f  DAC0_IRQHandler                 
00005955  DL_Common_delayCycles           
000051ed  DL_I2C_fillControllerTXFIFO     
000056dd  DL_I2C_flushControllerRXFIFO    
00005425  DL_I2C_flushControllerTXFIFO    
0000578d  DL_I2C_setClockConfig           
00003f59  DL_Timer_initFourCCPWMMode      
0000415d  DL_Timer_initTimerMode          
00005839  DL_Timer_setCaptCompUpdateMethod
000058c1  DL_Timer_setCaptureCompareOutCtl
00005929  DL_Timer_setCaptureCompareValue 
00005855  DL_Timer_setClockConfig         
0000539d  DL_UART_init                    
00005905  DL_UART_setClockConfig          
00004a8f  DMA_IRQHandler                  
00004a8f  Default_Handler                 
00005871  EC11_GetDelta                   
00004949  EC11_HandleABInterrupt          
00004d6d  EC11_Init                       
0000489d  EC11_Task                       
00004a8f  GROUP0_IRQHandler               
00004e75  GROUP1_IRQHandler               
00005977  HOSTexit                        
00004a8f  HardFault_Handler               
00004a8f  I2C0_IRQHandler                 
00004a8f  I2C1_IRQHandler                 
0000595f  LineTracker_Init                
00003141  LineTracker_Update              
0000473d  MPU6050_Calibrate               
00003e4d  MPU6050_Init                    
00004a91  MPU6050_Task                    
00004a8f  NMI_Handler                     
00004429  OLED_DrawAscii                  
00000ae5  OLED_DrawContinuousRaceTime     
000017cd  OLED_DrawLapList                
00004bc7  OLED_DrawOdometer               
00003885  OLED_DrawRaceTime               
00005601  OLED_Init                       
0000524d  OLED_Task                       
00003745  Odometer_ControlStep            
0000588d  Odometer_GetControlProgress     
00004ef5  Odometer_Init                   
000044fd  Odometer_Service                
00004a8f  PendSV_Handler                  
00004a8f  RTC_IRQHandler                  
0000597b  Reset_Handler                   
00004a8f  SPI0_IRQHandler                 
00004a8f  SPI1_IRQHandler                 
00004a8f  SVC_Handler                     
000039c1  SYSCFG_DL_GPIO_init             
000052fd  SYSCFG_DL_I2C_MPU_init          
00004c55  SYSCFG_DL_PWM_0_init            
00005351  SYSCFG_DL_QEI_0_init            
0000570d  SYSCFG_DL_SYSCTL_init           
00005639  SYSCFG_DL_TIMER_CONTROL_init    
00004fed  SYSCFG_DL_UART_DEBUG_init       
00005461  SYSCFG_DL_init                  
0000518d  SYSCFG_DL_initPower             
00004a8f  SysTick_Handler                 
00004a8f  TIMA0_IRQHandler                
00004a8f  TIMA1_IRQHandler                
00004a8f  TIMG0_IRQHandler                
000057f9  TIMG12_IRQHandler               
00004a8f  TIMG6_IRQHandler                
00004a8f  TIMG7_IRQHandler                
00004a8f  TIMG8_IRQHandler                
00004a8f  UART0_IRQHandler                
000045cd  UART1_IRQHandler                
00004a8f  UART2_IRQHandler                
00004a8f  UART3_IRQHandler                
20208000  __STACK_END                     
00000200  __STACK_SIZE                    
00000000  __TI_ATRegion0_region_sz        
00000000  __TI_ATRegion0_src_addr         
00000000  __TI_ATRegion0_trg_addr         
00000000  __TI_ATRegion1_region_sz        
00000000  __TI_ATRegion1_src_addr         
00000000  __TI_ATRegion1_trg_addr         
00000000  __TI_ATRegion2_region_sz        
00000000  __TI_ATRegion2_src_addr         
00000000  __TI_ATRegion2_trg_addr         
00005c64  __TI_CINIT_Base                 
00005c74  __TI_CINIT_Limit                
00005c74  __TI_CINIT_Warm                 
00005c50  __TI_Handler_Table_Base         
00005c5c  __TI_Handler_Table_Limit        
00005515  __TI_auto_init_nobinit_nopinit  
00004f71  __TI_decompress_lzss            
00005917  __TI_decompress_none            
ffffffff  __TI_pprof_out_hndl             
ffffffff  __TI_prof_data_size             
ffffffff  __TI_prof_data_start            
00000000  __TI_static_base__              
00005939  __TI_zero_init                  
0000435b  __addsf3                        
00005671  __aeabi_f2iz                    
0000435b  __aeabi_fadd                    
000050c9  __aeabi_fcmpeq                  
00005105  __aeabi_fcmpge                  
00005119  __aeabi_fcmpgt                  
000050f1  __aeabi_fcmple                  
000050dd  __aeabi_fcmplt                  
00004df1  __aeabi_fdiv                    
00004ce1  __aeabi_fmul                    
00004351  __aeabi_fsub                    
0000549d  __aeabi_i2f                     
000052a5  __aeabi_idiv                    
00004e73  __aeabi_idiv0                   
000052a5  __aeabi_idivmod                 
0000524b  __aeabi_ldiv0                   
00005819  __aeabi_llsl                    
000057b5  __aeabi_lmul                    
00005949  __aeabi_memclr                  
00005949  __aeabi_memclr4                 
00005949  __aeabi_memclr8                 
00005969  __aeabi_memcpy                  
00005969  __aeabi_memcpy4                 
00005969  __aeabi_memcpy8                 
0000573d  __aeabi_ui2f                    
000053e5  __aeabi_uidiv                   
000053e5  __aeabi_uidivmod                
000058f1  __aeabi_uldivmod                
00005819  __ashldi3                       
ffffffff  __binit__                       
00005551  __cmpsf2                        
00004df1  __divsf3                        
00005551  __eqsf2                         
00005671  __fixsfsi                       
0000549d  __floatsisf                     
0000573d  __floatunsisf                   
000054d9  __gesf2                         
000054d9  __gtsf2                         
00005551  __lesf2                         
00005551  __ltsf2                         
UNDEFED   __mpu_init                      
000057b5  __muldi3                        
0000558d  __muldsi3                       
00004ce1  __mulsf3                        
00005551  __nesf2                         
20207e00  __stack                         
20200000  __start___llvm_prf_bits         
20200000  __start___llvm_prf_cnts         
20200000  __stop___llvm_prf_bits          
20200000  __stop___llvm_prf_cnts          
00004351  __subsf3                        
000049ed  __udivmoddi4                    
00005765  _c_int00_noargs                 
UNDEFED   _system_post_cinit              
0000597f  _system_pre_init                
00005971  abort                           
ffffffff  binit                           
20200bd0  gPWM_0Backup                    
20200c8c  gQEI_0Backup                    
20200dac  g_car                           
20200ef0  g_competition_task_status       
20200f00  g_ec11                          
20200ed8  g_line                          
20200ebc  g_mpu6050                       
20200f10  g_oled                          
00000000  interruptVectors                
000047ed  main                            
00004b2d  memcpy                          
0000512b  memset                          


GLOBAL SYMBOLS: SORTED BY Symbol Address 

address   name                            
-------   ----                            
00000000  __TI_ATRegion0_region_sz        
00000000  __TI_ATRegion0_src_addr         
00000000  __TI_ATRegion0_trg_addr         
00000000  __TI_ATRegion1_region_sz        
00000000  __TI_ATRegion1_src_addr         
00000000  __TI_ATRegion1_trg_addr         
00000000  __TI_ATRegion2_region_sz        
00000000  __TI_ATRegion2_src_addr         
00000000  __TI_ATRegion2_trg_addr         
00000000  __TI_static_base__              
00000000  interruptVectors                
000000c1  Car_ControlStep                 
00000200  __STACK_SIZE                    
00000ae5  OLED_DrawContinuousRaceTime     
000017cd  OLED_DrawLapList                
00001d15  CompetitionTasks_ControlStep    
0000265d  Board_OLED_I2C_Write            
00002d1d  Board_I2C_ReadRegs              
00003141  LineTracker_Update              
000032e9  CompetitionTasks_Service        
00003475  Car_Stop                        
00003745  Odometer_ControlStep            
00003885  OLED_DrawRaceTime               
000039c1  SYSCFG_DL_GPIO_init             
00003af5  CompetitionTasks_Init           
00003c25  Car_BrakeHold                   
00003e4d  MPU6050_Init                    
00003f59  DL_Timer_initFourCCPWMMode      
0000415d  DL_Timer_initTimerMode          
00004351  __aeabi_fsub                    
00004351  __subsf3                        
0000435b  __addsf3                        
0000435b  __aeabi_fadd                    
00004429  OLED_DrawAscii                  
000044fd  Odometer_Service                
000045cd  UART1_IRQHandler                
0000468d  Car_Init                        
0000473d  MPU6050_Calibrate               
000047ed  main                            
0000489d  EC11_Task                       
00004949  EC11_HandleABInterrupt          
000049ed  __udivmoddi4                    
00004a8f  ADC0_IRQHandler                 
00004a8f  ADC1_IRQHandler                 
00004a8f  AES_IRQHandler                  
00004a8f  CANFD0_IRQHandler               
00004a8f  DAC0_IRQHandler                 
00004a8f  DMA_IRQHandler                  
00004a8f  Default_Handler                 
00004a8f  GROUP0_IRQHandler               
00004a8f  HardFault_Handler               
00004a8f  I2C0_IRQHandler                 
00004a8f  I2C1_IRQHandler                 
00004a8f  NMI_Handler                     
00004a8f  PendSV_Handler                  
00004a8f  RTC_IRQHandler                  
00004a8f  SPI0_IRQHandler                 
00004a8f  SPI1_IRQHandler                 
00004a8f  SVC_Handler                     
00004a8f  SysTick_Handler                 
00004a8f  TIMA0_IRQHandler                
00004a8f  TIMA1_IRQHandler                
00004a8f  TIMG0_IRQHandler                
00004a8f  TIMG6_IRQHandler                
00004a8f  TIMG7_IRQHandler                
00004a8f  TIMG8_IRQHandler                
00004a8f  UART0_IRQHandler                
00004a8f  UART2_IRQHandler                
00004a8f  UART3_IRQHandler                
00004a91  MPU6050_Task                    
00004b2d  memcpy                          
00004bc7  OLED_DrawOdometer               
00004c55  SYSCFG_DL_PWM_0_init            
00004ce1  __aeabi_fmul                    
00004ce1  __mulsf3                        
00004d6d  EC11_Init                       
00004df1  __aeabi_fdiv                    
00004df1  __divsf3                        
00004e73  __aeabi_idiv0                   
00004e75  GROUP1_IRQHandler               
00004ef5  Odometer_Init                   
00004f71  __TI_decompress_lzss            
00004fed  SYSCFG_DL_UART_DEBUG_init       
000050c9  __aeabi_fcmpeq                  
000050dd  __aeabi_fcmplt                  
000050f1  __aeabi_fcmple                  
00005105  __aeabi_fcmpge                  
00005119  __aeabi_fcmpgt                  
0000512b  memset                          
0000518d  SYSCFG_DL_initPower             
000051ed  DL_I2C_fillControllerTXFIFO     
0000524b  __aeabi_ldiv0                   
0000524d  OLED_Task                       
000052a5  __aeabi_idiv                    
000052a5  __aeabi_idivmod                 
000052fd  SYSCFG_DL_I2C_MPU_init          
00005351  SYSCFG_DL_QEI_0_init            
0000539d  DL_UART_init                    
000053e5  __aeabi_uidiv                   
000053e5  __aeabi_uidivmod                
00005425  DL_I2C_flushControllerTXFIFO    
00005461  SYSCFG_DL_init                  
0000549d  __aeabi_i2f                     
0000549d  __floatsisf                     
000054d9  __gesf2                         
000054d9  __gtsf2                         
00005515  __TI_auto_init_nobinit_nopinit  
00005551  __cmpsf2                        
00005551  __eqsf2                         
00005551  __lesf2                         
00005551  __ltsf2                         
00005551  __nesf2                         
0000558d  __muldsi3                       
00005601  OLED_Init                       
00005639  SYSCFG_DL_TIMER_CONTROL_init    
00005671  __aeabi_f2iz                    
00005671  __fixsfsi                       
000056a9  Board_OLED_I2C_Init             
000056dd  DL_I2C_flushControllerRXFIFO    
0000570d  SYSCFG_DL_SYSCTL_init           
0000573d  __aeabi_ui2f                    
0000573d  __floatunsisf                   
00005765  _c_int00_noargs                 
0000578d  DL_I2C_setClockConfig           
000057b5  __aeabi_lmul                    
000057b5  __muldi3                        
000057d9  Car_StartLineFollow             
000057f9  TIMG12_IRQHandler               
00005819  __aeabi_llsl                    
00005819  __ashldi3                       
00005839  DL_Timer_setCaptCompUpdateMethod
00005855  DL_Timer_setClockConfig         
00005871  EC11_GetDelta                   
0000588d  Odometer_GetControlProgress     
000058a9  Car_SetLineFollowBaseCounts     
000058c1  DL_Timer_setCaptureCompareOutCtl
000058d9  Board_I2C_WriteReg              
000058f1  __aeabi_uldivmod                
00005905  DL_UART_setClockConfig          
00005917  __TI_decompress_none            
00005929  DL_Timer_setCaptureCompareValue 
00005939  __TI_zero_init                  
00005949  __aeabi_memclr                  
00005949  __aeabi_memclr4                 
00005949  __aeabi_memclr8                 
00005955  DL_Common_delayCycles           
0000595f  LineTracker_Init                
00005969  __aeabi_memcpy                  
00005969  __aeabi_memcpy4                 
00005969  __aeabi_memcpy8                 
00005971  abort                           
00005976  C$$EXIT                         
00005977  HOSTexit                        
0000597b  Reset_Handler                   
0000597f  _system_pre_init                
00005c50  __TI_Handler_Table_Base         
00005c5c  __TI_Handler_Table_Limit        
00005c64  __TI_CINIT_Base                 
00005c74  __TI_CINIT_Limit                
00005c74  __TI_CINIT_Warm                 
20200000  __start___llvm_prf_bits         
20200000  __start___llvm_prf_cnts         
20200000  __stop___llvm_prf_bits          
20200000  __stop___llvm_prf_cnts          
20200bd0  gPWM_0Backup                    
20200c8c  gQEI_0Backup                    
20200dac  g_car                           
20200ebc  g_mpu6050                       
20200ed8  g_line                          
20200ef0  g_competition_task_status       
20200f00  g_ec11                          
20200f10  g_oled                          
20207e00  __stack                         
20208000  __STACK_END                     
ffffffff  __TI_pprof_out_hndl             
ffffffff  __TI_prof_data_size             
ffffffff  __TI_prof_data_start            
ffffffff  __binit__                       
ffffffff  binit                           
UNDEFED   __mpu_init                      
UNDEFED   _system_post_cinit              

[181 symbols]
