******************************************************************************
            TI ARM Clang Linker PC v4.0.4                      
******************************************************************************
>> Linked Fri Jul 31 10:14:25 2026

OUTPUT FILE NAME:   <TI_Car_3507_64.out>
ENTRY POINT SYMBOL: "_c_int00_noargs"  address: 0000518d


MEMORY CONFIGURATION

         name            origin    length      used     unused   attr    fill
----------------------  --------  ---------  --------  --------  ----  --------
  FLASH                 00000000   00020000  00005748  0001a8b8  R  X
  SRAM                  20200000   00008000  0000119b  00006e65  RW X
  BCR_CONFIG            41c00000   000000ff  00000000  000000ff  R   
  BSL_CONFIG            41c00100   00000080  00000000  00000080  R   


SEGMENT ALLOCATION MAP

run origin  load origin   length   init length attrs members
----------  ----------- ---------- ----------- ----- -------
00000000    00000000    00005748   00005748    r-x
  00000000    00000000    000000c0   000000c0    r-- .intvecs
  000000c0    000000c0    00005310   00005310    r-x .text
  000053d0    000053d0    000002b0   000002b0    r-- .rodata
  00005680    00005680    000000c8   000000c8    r-- .cinit
20200000    20200000    00000f9b   00000000    rw-
  20200000    20200000    00000dac   00000000    rw- .bss
  20200dac    20200dac    000001ef   00000000    rw- .data
20207e00    20207e00    00000200   00000000    rw-
  20207e00    20207e00    00000200   00000000    rw- .stack


SECTION ALLOCATION MAP

 output                                  attributes/
section   page    origin      length       input sections
--------  ----  ----------  ----------   ----------------
.intvecs   0    00000000    000000c0     
                  00000000    000000c0     startup_mspm0g350x_ticlang.o (.intvecs)

.text      0    000000c0    00005310     
                  000000c0    00000a24     car_control.o (.text.Car_ControlStep)
                  00000ae4    00000608     car_control.o (.text.Car_RightAngleApproachStep)
                  000010ec    000004e8     competition_tasks.o (.text.CompetitionTasks_ControlStep)
                  000015d4    00000460     board_oled_i2c.o (.text.Board_OLED_I2C_RecoverBus)
                  00001a34    00000400     oled_ssd1306.o (.text.OLED_DrawLapPanel)
                  00001e34    0000039c     board_oled_i2c.o (.text.Board_OLED_I2C_Write)
                  000021d0    0000037c     oled_ssd1306.o (.text.OLED_DrawRaceTimeAtPage)
                  0000254c    00000324     board_oled_i2c.o (.text.Board_OLED_I2C_WriteByte)
                  00002870    00000260     board_i2c.o (.text.Board_I2C_ReadRegs)
                  00002ad0    000001c4     oled_ssd1306.o (.text.OLED_TryInitialize)
                  00002c94    000001a8     line_tracker.o (.text.LineTracker_Update)
                  00002e3c    00000184     competition_tasks.o (.text.CompetitionTasks_Service)
                  00002fc0    00000180     car_control.o (.text.Car_Stop)
                  00003140    00000150     board_i2c.o (.text.Board_I2C_WriteByteStream)
                  00003290    00000140     odometer.o (.text.Odometer_ControlStep)
                  000033d0    00000134     ti_msp_dl_config.o (.text.SYSCFG_DL_GPIO_init)
                  00003504    00000130     competition_tasks.o (.text.CompetitionTasks_Init)
                  00003634    00000118     car_control.o (.text.Car_BrakeHold)
                  0000374c    00000110     car_control.o (.text.Car_PidStep)
                  0000385c    0000010c     mpu6050.o (.text.MPU6050_Init)
                  00003968    00000104     driverlib.a : dl_timer.o (.text.DL_Timer_initFourCCPWMMode)
                  00003a6c    00000100     car_control.o (.text.Car_LinePidStep)
                  00003b6c    000000fc     driverlib.a : dl_timer.o (.text.DL_Timer_initTimerMode)
                  00003c68    000000f8     oled_ssd1306.o (.text.OLED_UpdateWindow)
                  00003d60    000000d8     libclang_rt.builtins.a : addsf3.S.obj (.text)
                  00003e38    000000d0     odometer.o (.text.Odometer_Service)
                  00003f08    000000c0     debug_uart.o (.text.UART1_IRQHandler)
                  00003fc8    000000b0     car_control.o (.text.Car_Init)
                  00004078    000000b0     mpu6050.o (.text.MPU6050_Calibrate)
                  00004128    000000b0     empty.o (.text.main)
                  000041d8    000000ac     ec11_encoder.o (.text.EC11_Task)
                  00004284    000000a8     oled_ssd1306.o (.text.OLED_DrawContinuousRaceTime)
                  0000432c    000000a4     ec11_encoder.o (.text.EC11_HandleABInterrupt)
                  000043d0    000000a2     libclang_rt.builtins.a : udivmoddi4.S.obj (.text)
                  00004472    00000002     startup_mspm0g350x_ticlang.o (.text.Default_Handler)
                  00004474    0000009c     mpu6050.o (.text.MPU6050_Task)
                  00004510    0000009a     libc.a : memcpy16.S.obj (.text:memcpy)
                  000045aa    00000002     oled_ssd1306.o (.text.OLED_DrawOdometer)
                  000045ac    0000008c     car_control.o (.text.Car_RightAngleAssistStop)
                  00004638    0000008c     ti_msp_dl_config.o (.text.SYSCFG_DL_PWM_0_init)
                  000046c4    0000008c     libclang_rt.builtins.a : mulsf3.S.obj (.text.__mulsf3)
                  00004750    00000084     ec11_encoder.o (.text.EC11_Init)
                  000047d4    00000082     libclang_rt.builtins.a : divsf3.S.obj (.text.__divsf3)
                  00004856    00000002                            : aeabi_div0.c.obj (.text.__aeabi_idiv0)
                  00004858    00000080     car_control.o (.text.GROUP1_IRQHandler)
                  000048d8    0000007c     odometer.o (.text.Odometer_Init)
                  00004954    0000007c     libc.a : copy_decompress_lzss.c.obj (.text:decompress:lzss)
                  000049d0    00000070     ti_msp_dl_config.o (.text.SYSCFG_DL_UART_DEBUG_init)
                  00004a40    0000006c     car_control.o (.text.Car_RightAngleSetTargets)
                  00004aac    00000062     libclang_rt.builtins.a : aeabi_fcmp.S.obj (.text.__aeabi_fcmp)
                  00004b0e    00000062     libc.a : memset16.S.obj (.text:memset)
                  00004b70    00000060     ti_msp_dl_config.o (.text.SYSCFG_DL_initPower)
                  00004bd0    0000005e     driverlib.a : dl_i2c.o (.text.DL_I2C_fillControllerTXFIFO)
                  00004c2e    00000002     libclang_rt.builtins.a : aeabi_div0.c.obj (.text.__aeabi_ldiv0)
                  00004c30    00000058     oled_ssd1306.o (.text.OLED_Task)
                  00004c88    00000056     libclang_rt.builtins.a : aeabi_idivmod.S.obj (.text.__aeabi_idivmod)
                  00004cde    00000002     --HOLE-- [fill = 0]
                  00004ce0    00000054     ti_msp_dl_config.o (.text.SYSCFG_DL_I2C_MPU_init)
                  00004d34    0000004c     ti_msp_dl_config.o (.text.SYSCFG_DL_QEI_0_init)
                  00004d80    00000048     driverlib.a : dl_uart.o (.text.DL_UART_init)
                  00004dc8    00000044     oled_ssd1306.o (.text.OLED_DrawLapList)
                  00004e0c    00000040     libclang_rt.builtins.a : aeabi_uidivmod.S.obj (.text.__aeabi_uidivmod)
                  00004e4c    0000003c     driverlib.a : dl_i2c.o (.text.DL_I2C_flushControllerTXFIFO)
                  00004e88    0000003c     ti_msp_dl_config.o (.text.SYSCFG_DL_init)
                  00004ec4    0000003c     libclang_rt.builtins.a : floatsisf.S.obj (.text.__floatsisf)
                  00004f00    0000003c                            : comparesf2.S.obj (.text.__gtsf2)
                  00004f3c    0000003c     libc.a : autoinit.c.obj (.text:__TI_auto_init_nobinit_nopinit)
                  00004f78    0000003a     libclang_rt.builtins.a : comparesf2.S.obj (.text.__eqsf2)
                  00004fb2    00000002     --HOLE-- [fill = 0]
                  00004fb4    0000003a                            : muldsi3.S.obj (.text.__muldsi3)
                  00004fee    00000002     --HOLE-- [fill = 0]
                  00004ff0    00000038     board_i2c.o (.text.Board_I2C_RecoverBus)
                  00005028    00000038     oled_ssd1306.o (.text.OLED_Init)
                  00005060    00000038     ti_msp_dl_config.o (.text.SYSCFG_DL_TIMER_CONTROL_init)
                  00005098    00000038     libclang_rt.builtins.a : fixsfsi.S.obj (.text.__fixsfsi)
                  000050d0    00000034     board_oled_i2c.o (.text.Board_OLED_I2C_Init)
                  00005104    00000030     driverlib.a : dl_i2c.o (.text.DL_I2C_flushControllerRXFIFO)
                  00005134    00000030     ti_msp_dl_config.o (.text.SYSCFG_DL_SYSCTL_init)
                  00005164    00000028     libclang_rt.builtins.a : floatunsisf.S.obj (.text.__floatunsisf)
                  0000518c    00000028     libc.a : boot_cortex_m.c.obj (.text:_c_int00_noargs)
                  000051b4    00000026     driverlib.a : dl_i2c.o (.text.DL_I2C_setClockConfig)
                  000051da    00000002     --HOLE-- [fill = 0]
                  000051dc    00000024     libclang_rt.builtins.a : muldi3.S.obj (.text.__muldi3)
                  00005200    00000020     car_control.o (.text.Car_StartLineFollow)
                  00005220    00000020     empty.o (.text.TIMG12_IRQHandler)
                  00005240    0000001e     oled_ssd1306.o (.text.OLED_DrawRaceTime)
                  0000525e    00000002     --HOLE-- [fill = 0]
                  00005260    0000001e     libclang_rt.builtins.a : ashldi3.S.obj (.text.__ashldi3)
                  0000527e    00000002     --HOLE-- [fill = 0]
                  00005280    0000001c     driverlib.a : dl_timer.o (.text.DL_Timer_setCaptCompUpdateMethod)
                  0000529c    0000001c                 : dl_timer.o (.text.DL_Timer_setClockConfig)
                  000052b8    0000001c     ec11_encoder.o (.text.EC11_GetDelta)
                  000052d4    0000001c     odometer.o (.text.Odometer_GetControlProgress)
                  000052f0    00000018     car_control.o (.text.Car_SetLineFollowBaseCounts)
                  00005308    00000018     driverlib.a : dl_timer.o (.text.DL_Timer_setCaptureCompareOutCtl)
                  00005320    00000016     board_i2c.o (.text.Board_I2C_WriteReg)
                  00005336    00000002     --HOLE-- [fill = 0]
                  00005338    00000014     libclang_rt.builtins.a : aeabi_uldivmod.S.obj (.text.__aeabi_uldivmod)
                  0000534c    00000012     driverlib.a : dl_uart.o (.text.DL_UART_setClockConfig)
                  0000535e    00000012     libc.a : copy_decompress_none.c.obj (.text:decompress:none)
                  00005370    00000010     driverlib.a : dl_timer.o (.text.DL_Timer_setCaptureCompareValue)
                  00005380    00000010     libc.a : copy_zero_init.c.obj (.text:decompress:ZI)
                  00005390    0000000c     libclang_rt.builtins.a : aeabi_memset.S.obj (.text.__aeabi_memclr)
                  0000539c    0000000a     driverlib.a : dl_common.o (.text.DL_Common_delayCycles)
                  000053a6    00000008     line_tracker.o (.text.LineTracker_Init)
                  000053ae    00000002     --HOLE-- [fill = 0]
                  000053b0    00000008     libclang_rt.builtins.a : aeabi_memcpy.S.obj (.text.__aeabi_memcpy)
                  000053b8    00000006     libc.a : exit.c.obj (.text:abort)
                  000053be    00000004     libsysbm.a : hostexit.c.obj (.text.HOSTexit)
                  000053c2    00000004     startup_mspm0g350x_ticlang.o (.text.Reset_Handler)
                  000053c6    00000004     libc.a : pre_init.c.obj (.text._system_pre_init)
                  000053ca    00000006     --HOLE-- [fill = 0]

.cinit     0    00005680    000000c8     
                  00005680    0000009f     (.cinit..data.load) [load image, compression = lzss]
                  0000571f    00000001     --HOLE-- [fill = 0]
                  00005720    0000000c     (__TI_handler_table)
                  0000572c    00000008     (.cinit..bss.load) [load image, compression = zero_init]
                  00005734    00000010     (__TI_cinit_table)
                  00005744    00000004     --HOLE-- [fill = 0]

.rodata    0    000053d0    000002b0     
                  000053d0    00000140     oled_ssd1306.o (.rodata.s_digit16)
                  00005510    00000100     oled_ssd1306.o (.rodata.s_chinese16)
                  00005610    0000001c     oled_ssd1306.o (.rodata.s_oled_init_cmds)
                  0000562c    00000014     ti_msp_dl_config.o (.rodata.gTIMER_CONTROLTimerConfig)
                  00005640    00000010     car_control.o (.rodata.cst16)
                  00005650    00000010     ec11_encoder.o (.rodata.cst16)
                  00005660    0000000a     ti_msp_dl_config.o (.rodata.gUART_DEBUGConfig)
                  0000566a    00000002     ti_msp_dl_config.o (.rodata.gI2C_MPUClockConfig)
                  0000566c    00000008     ti_msp_dl_config.o (.rodata.gPWM_0Config)
                  00005674    00000003     ti_msp_dl_config.o (.rodata.gPWM_0ClockConfig)
                  00005677    00000003     ti_msp_dl_config.o (.rodata.gQEI_0ClockConfig)
                  0000567a    00000003     ti_msp_dl_config.o (.rodata.gTIMER_CONTROLClockConfig)
                  0000567d    00000002     ti_msp_dl_config.o (.rodata.gUART_DEBUGClockConfig)
                  0000567f    00000001     --HOLE-- [fill = 0]

.init_array 
*          0    00000000    00000000     UNINITIALIZED

.binit     0    00000000    00000000     

.bss       0    20200000    00000dac     UNINITIALIZED
                  20200000    000007ce     competition_tasks.o (.bss.s_lap_centiseconds)
                  202007ce    00000002     --HOLE--
                  202007d0    00000400     oled_ssd1306.o (.bss.s_buffer)
                  20200bd0    000000bc     (.common:gPWM_0Backup)
                  20200c8c    000000a0     (.common:gQEI_0Backup)
                  20200d2c    00000080     debug_uart.o (.bss.s_rx_buffer)

.data      0    20200dac    000001ef     UNINITIALIZED
                  20200dac    00000110     car_control.o (.data.g_car)
                  20200ebc    0000001c     mpu6050.o (.data.g_mpu6050)
                  20200ed8    00000018     line_tracker.o (.data.g_line)
                  20200ef0    00000010     competition_tasks.o (.data.g_competition_task_status)
                  20200f00    00000010     ec11_encoder.o (.data.g_ec11)
                  20200f10    00000008     oled_ssd1306.o (.data.g_oled)
                  20200f18    00000004     car_control.o (.data.s_approach_fused_distance)
                  20200f1c    00000004     ec11_encoder.o (.data.s_button_debounce_start_tick)
                  20200f20    00000004     ec11_encoder.o (.data.s_button_press_tick)
                  20200f24    00000004     competition_tasks.o (.data.s_continuous_key_debounce_tick)
                  20200f28    00000004     competition_tasks.o (.data.s_continuous_key_press_tick)
                  20200f2c    00000004     odometer.o (.data.s_control_progress)
                  20200f30    00000004     competition_tasks.o (.data.s_finish_seen_tick)
                  20200f34    00000004     competition_tasks.o (.data.s_key_debounce_tick)
                  20200f38    00000004     competition_tasks.o (.data.s_key_press_tick)
                  20200f3c    00000004     competition_tasks.o (.data.s_lap_number)
                  20200f40    00000004     competition_tasks.o (.data.s_last_control_tick)
                  20200f44    00000004     competition_tasks.o (.data.s_last_display_tick)
                  20200f48    00000004     odometer.o (.data.s_last_display_tick)
                  20200f4c    00000004     competition_tasks.o (.data.s_last_lap_ticks)
                  20200f50    00000004     mpu6050.o (.data.s_last_sample_tick)
                  20200f54    00000004     oled_ssd1306.o (.data.s_last_service_tick)
                  20200f58    00000004     odometer.o (.data.s_left_counts)
                  20200f5c    00000004     odometer.o (.data.s_left_zero)
                  20200f60    00000004     competition_tasks.o (.data.s_motion_start_tick)
                  20200f64    00000004     odometer.o (.data.s_right_counts)
                  20200f68    00000004     car_control.o (.data.s_right_encoder_count)
                  20200f6c    00000004     odometer.o (.data.s_right_zero)
                  20200f70    00000002     competition_tasks.o (.data.s_lap_list_offset)
                  20200f72    00000002     competition_tasks.o (.data.s_max_lap_progress)
                  20200f74    00000002     debug_uart.o (.data.s_rx_head)
                  20200f76    00000002     debug_uart.o (.data.s_rx_tail)
                  20200f78    00000001     ec11_encoder.o (.data.s_ab_state)
                  20200f79    00000001     car_control.o (.data.s_approach_invalid_ticks)
                  20200f7a    00000001     car_control.o (.data.s_approach_left_stale_ticks)
                  20200f7b    00000001     car_control.o (.data.s_approach_locked_health)
                  20200f7c    00000001     car_control.o (.data.s_approach_mismatch_health)
                  20200f7d    00000001     car_control.o (.data.s_approach_mismatch_ticks)
                  20200f7e    00000001     car_control.o (.data.s_approach_right_stale_ticks)
                  20200f7f    00000001     ec11_encoder.o (.data.s_button_event)
                  20200f80    00000001     ec11_encoder.o (.data.s_button_last_raw)
                  20200f81    00000001     ec11_encoder.o (.data.s_button_long_reported)
                  20200f82    00000001     ec11_encoder.o (.data.s_button_stable)
                  20200f83    00000001     competition_tasks.o (.data.s_continuous_key_armed)
                  20200f84    00000001     competition_tasks.o (.data.s_continuous_key_last_raw)
                  20200f85    00000001     competition_tasks.o (.data.s_continuous_key_press_allowed)
                  20200f86    00000001     competition_tasks.o (.data.s_continuous_key_press_pending)
                  20200f87    00000001     competition_tasks.o (.data.s_continuous_key_stable)
                  20200f88    00000001     competition_tasks.o (.data.s_continuous_layout_dirty)
                  20200f89    00000001     competition_tasks.o (.data.s_continuous_mode)
                  20200f8a    00000001     competition_tasks.o (.data.s_display_dirty)
                  20200f8b    00000001     odometer.o (.data.s_display_dirty)
                  20200f8c    00000001     ec11_encoder.o (.data.s_edge_accumulator)
                  20200f8d    00000001     competition_tasks.o (.data.s_finish_confirm_count)
                  20200f8e    00000001     odometer.o (.data.s_frozen)
                  20200f8f    00000001     competition_tasks.o (.data.s_initialized)
                  20200f90    00000001     odometer.o (.data.s_initialized)
                  20200f91    00000001     competition_tasks.o (.data.s_key_armed)
                  20200f92    00000001     competition_tasks.o (.data.s_key_last_raw)
                  20200f93    00000001     competition_tasks.o (.data.s_key_press_allowed)
                  20200f94    00000001     competition_tasks.o (.data.s_key_press_pending)
                  20200f95    00000001     competition_tasks.o (.data.s_key_stable)
                  20200f96    00000001     competition_tasks.o (.data.s_lap_list_active)
                  20200f97    00000001     odometer.o (.data.s_last_state)
                  20200f98    00000001     competition_tasks.o (.data.s_leave_confirm_count)
                  20200f99    00000001     ec11_encoder.o (.data.s_pending_delta)
                  20200f9a    00000001     car_control.o (.data.s_right_encoder_state)

.stack     0    20207e00    00000200     UNINITIALIZED
                  20207e00    00000004     libc.a : boot_cortex_m.c.obj (.stack)
                  20207e04    000001fc     --HOLE--

__llvm_prf_cnts 
*          0    20200000    00000000     UNINITIALIZED

__llvm_prf_bits 
*          0    20200000    00000000     UNINITIALIZED

MODULE SUMMARY

       Module                         code    ro data   rw data
       ------                         ----    -------   -------
    .\
       car_control.o                  5940    16        287    
       oled_ssd1306.o                 3028    604       1036   
       competition_tasks.o            1948    0         2075   
       board_oled_i2c.o               2900    0         0      
       ti_msp_dl_config.o             980     51        348    
       board_i2c.o                    1022    0         0      
       odometer.o                     680     0         28     
       mpu6050.o                      600     0         32     
       ec11_encoder.o                 496     16        31     
       line_tracker.o                 432     0         24     
       debug_uart.o                   192     0         132    
       empty.o                        208     0         0      
       startup_mspm0g350x_ticlang.o   6       192       0      
    +--+------------------------------+-------+---------+---------+
       Total:                         18432   879       3993   
                                                               
    F:/TI/mspm0_sdk_2_10_00_04/source/ti/driverlib/lib/ticlang/m0p/mspm0g1x0x_g3x0x/driverlib.a
       dl_timer.o                     608     0         0      
       dl_i2c.o                       240     0         0      
       dl_uart.o                      90      0         0      
       dl_common.o                    10      0         0      
    +--+------------------------------+-------+---------+---------+
       Total:                         948     0         0      
                                                               
    F:\TI\ccstheia\ccs\tools\compiler\ti-cgt-armllvm_4.0.4.LTS\lib\armv6m-ti-none-eabi/c/libc.a
       memcpy16.S.obj                 154     0         0      
       copy_decompress_lzss.c.obj     124     0         0      
       memset16.S.obj                 98      0         0      
       autoinit.c.obj                 60      0         0      
       boot_cortex_m.c.obj            40      0         0      
       copy_decompress_none.c.obj     18      0         0      
       copy_zero_init.c.obj           16      0         0      
       exit.c.obj                     6       0         0      
       pre_init.c.obj                 4       0         0      
    +--+------------------------------+-------+---------+---------+
       Total:                         520     0         0      
                                                               
    F:\TI\ccstheia\ccs\tools\compiler\ti-cgt-armllvm_4.0.4.LTS\lib\armv6m-ti-none-eabi/c/libsysbm.a
       hostexit.c.obj                 4       0         0      
    +--+------------------------------+-------+---------+---------+
       Total:                         4       0         0      
                                                               
    F:\TI\ccstheia\ccs\tools\compiler\ti-cgt-armllvm_4.0.4.LTS\lib\armv6m-ti-none-eabi/libclang_rt.builtins.a
       addsf3.S.obj                   216     0         0      
       udivmoddi4.S.obj               162     0         0      
       mulsf3.S.obj                   140     0         0      
       divsf3.S.obj                   130     0         0      
       comparesf2.S.obj               118     0         0      
       aeabi_fcmp.S.obj               98      0         0      
       aeabi_idivmod.S.obj            86      0         0      
       aeabi_uidivmod.S.obj           64      0         0      
       floatsisf.S.obj                60      0         0      
       muldsi3.S.obj                  58      0         0      
       fixsfsi.S.obj                  56      0         0      
       floatunsisf.S.obj              40      0         0      
       muldi3.S.obj                   36      0         0      
       ashldi3.S.obj                  30      0         0      
       aeabi_uldivmod.S.obj           20      0         0      
       aeabi_memset.S.obj             12      0         0      
       aeabi_memcpy.S.obj             8       0         0      
       aeabi_div0.c.obj               4       0         0      
    +--+------------------------------+-------+---------+---------+
       Total:                         1338    0         0      
                                                               
       Stack:                         0       0         512    
       Linker Generated:              0       195       0      
    +--+------------------------------+-------+---------+---------+
       Grand Total:                   21242   1074      4505   


LINKER GENERATED COPY TABLES

__TI_cinit_table @ 00005734 records: 2, size/record: 8, table size: 16
	.data: load addr=00005680, load size=0000009f bytes, run addr=20200dac, run size=000001ef bytes, compression=lzss
	.bss: load addr=0000572c, load size=00000008 bytes, run addr=20200000, run size=00000dac bytes, compression=zero_init


LINKER GENERATED HANDLER TABLE

__TI_handler_table @ 00005720 records: 3, size/record: 4, table size: 12
	index: 0, handler: __TI_decompress_lzss
	index: 1, handler: __TI_decompress_none
	index: 2, handler: __TI_zero_init


GLOBAL SYMBOLS: SORTED ALPHABETICALLY BY Name 

address   name                            
-------   ----                            
00004473  ADC0_IRQHandler                 
00004473  ADC1_IRQHandler                 
00004473  AES_IRQHandler                  
00002871  Board_I2C_ReadRegs              
00005321  Board_I2C_WriteReg              
000050d1  Board_OLED_I2C_Init             
00001e35  Board_OLED_I2C_Write            
000053be  C$$EXIT                         
00004473  CANFD0_IRQHandler               
00003635  Car_BrakeHold                   
000000c1  Car_ControlStep                 
00003fc9  Car_Init                        
000052f1  Car_SetLineFollowBaseCounts     
00005201  Car_StartLineFollow             
00002fc1  Car_Stop                        
000010ed  CompetitionTasks_ControlStep    
00003505  CompetitionTasks_Init           
00002e3d  CompetitionTasks_Service        
00004473  DAC0_IRQHandler                 
0000539d  DL_Common_delayCycles           
00004bd1  DL_I2C_fillControllerTXFIFO     
00005105  DL_I2C_flushControllerRXFIFO    
00004e4d  DL_I2C_flushControllerTXFIFO    
000051b5  DL_I2C_setClockConfig           
00003969  DL_Timer_initFourCCPWMMode      
00003b6d  DL_Timer_initTimerMode          
00005281  DL_Timer_setCaptCompUpdateMethod
00005309  DL_Timer_setCaptureCompareOutCtl
00005371  DL_Timer_setCaptureCompareValue 
0000529d  DL_Timer_setClockConfig         
00004d81  DL_UART_init                    
0000534d  DL_UART_setClockConfig          
00004473  DMA_IRQHandler                  
00004473  Default_Handler                 
000052b9  EC11_GetDelta                   
0000432d  EC11_HandleABInterrupt          
00004751  EC11_Init                       
000041d9  EC11_Task                       
00004473  GROUP0_IRQHandler               
00004859  GROUP1_IRQHandler               
000053bf  HOSTexit                        
00004473  HardFault_Handler               
00004473  I2C0_IRQHandler                 
00004473  I2C1_IRQHandler                 
000053a7  LineTracker_Init                
00002c95  LineTracker_Update              
00004079  MPU6050_Calibrate               
0000385d  MPU6050_Init                    
00004475  MPU6050_Task                    
00004473  NMI_Handler                     
00004285  OLED_DrawContinuousRaceTime     
00004dc9  OLED_DrawLapList                
000045ab  OLED_DrawOdometer               
00005241  OLED_DrawRaceTime               
00005029  OLED_Init                       
00004c31  OLED_Task                       
00003291  Odometer_ControlStep            
000052d5  Odometer_GetControlProgress     
000048d9  Odometer_Init                   
00003e39  Odometer_Service                
00004473  PendSV_Handler                  
00004473  RTC_IRQHandler                  
000053c3  Reset_Handler                   
00004473  SPI0_IRQHandler                 
00004473  SPI1_IRQHandler                 
00004473  SVC_Handler                     
000033d1  SYSCFG_DL_GPIO_init             
00004ce1  SYSCFG_DL_I2C_MPU_init          
00004639  SYSCFG_DL_PWM_0_init            
00004d35  SYSCFG_DL_QEI_0_init            
00005135  SYSCFG_DL_SYSCTL_init           
00005061  SYSCFG_DL_TIMER_CONTROL_init    
000049d1  SYSCFG_DL_UART_DEBUG_init       
00004e89  SYSCFG_DL_init                  
00004b71  SYSCFG_DL_initPower             
00004473  SysTick_Handler                 
00004473  TIMA0_IRQHandler                
00004473  TIMA1_IRQHandler                
00004473  TIMG0_IRQHandler                
00005221  TIMG12_IRQHandler               
00004473  TIMG6_IRQHandler                
00004473  TIMG7_IRQHandler                
00004473  TIMG8_IRQHandler                
00004473  UART0_IRQHandler                
00003f09  UART1_IRQHandler                
00004473  UART2_IRQHandler                
00004473  UART3_IRQHandler                
20208000  __STACK_END                     
00000200  __STACK_SIZE                    
00000000  __TI_ATRegion0_region_sz        
00000000  __TI_ATRegion0_src_addr         
00000000  __TI_ATRegion0_trg_addr         
00000000  __TI_ATRegion1_region_sz        
00000000  __TI_ATRegion1_src_addr         
00000000  __TI_ATRegion1_trg_addr         
00000000  __TI_ATRegion2_region_sz        
00000000  __TI_ATRegion2_src_addr         
00000000  __TI_ATRegion2_trg_addr         
00005734  __TI_CINIT_Base                 
00005744  __TI_CINIT_Limit                
00005744  __TI_CINIT_Warm                 
00005720  __TI_Handler_Table_Base         
0000572c  __TI_Handler_Table_Limit        
00004f3d  __TI_auto_init_nobinit_nopinit  
00004955  __TI_decompress_lzss            
0000535f  __TI_decompress_none            
ffffffff  __TI_pprof_out_hndl             
ffffffff  __TI_prof_data_size             
ffffffff  __TI_prof_data_start            
00000000  __TI_static_base__              
00005381  __TI_zero_init                  
00003d6b  __addsf3                        
00005099  __aeabi_f2iz                    
00003d6b  __aeabi_fadd                    
00004aad  __aeabi_fcmpeq                  
00004ae9  __aeabi_fcmpge                  
00004afd  __aeabi_fcmpgt                  
00004ad5  __aeabi_fcmple                  
00004ac1  __aeabi_fcmplt                  
000047d5  __aeabi_fdiv                    
000046c5  __aeabi_fmul                    
00003d61  __aeabi_fsub                    
00004ec5  __aeabi_i2f                     
00004c89  __aeabi_idiv                    
00004857  __aeabi_idiv0                   
00004c89  __aeabi_idivmod                 
00004c2f  __aeabi_ldiv0                   
00005261  __aeabi_llsl                    
000051dd  __aeabi_lmul                    
00005391  __aeabi_memclr                  
00005391  __aeabi_memclr4                 
00005391  __aeabi_memclr8                 
000053b1  __aeabi_memcpy                  
000053b1  __aeabi_memcpy4                 
000053b1  __aeabi_memcpy8                 
00005165  __aeabi_ui2f                    
00004e0d  __aeabi_uidiv                   
00004e0d  __aeabi_uidivmod                
00005339  __aeabi_uldivmod                
00005261  __ashldi3                       
ffffffff  __binit__                       
00004f79  __cmpsf2                        
000047d5  __divsf3                        
00004f79  __eqsf2                         
00005099  __fixsfsi                       
00004ec5  __floatsisf                     
00005165  __floatunsisf                   
00004f01  __gesf2                         
00004f01  __gtsf2                         
00004f79  __lesf2                         
00004f79  __ltsf2                         
UNDEFED   __mpu_init                      
000051dd  __muldi3                        
00004fb5  __muldsi3                       
000046c5  __mulsf3                        
00004f79  __nesf2                         
20207e00  __stack                         
20200000  __start___llvm_prf_bits         
20200000  __start___llvm_prf_cnts         
20200000  __stop___llvm_prf_bits          
20200000  __stop___llvm_prf_cnts          
00003d61  __subsf3                        
000043d1  __udivmoddi4                    
0000518d  _c_int00_noargs                 
UNDEFED   _system_post_cinit              
000053c7  _system_pre_init                
000053b9  abort                           
ffffffff  binit                           
20200bd0  gPWM_0Backup                    
20200c8c  gQEI_0Backup                    
20200dac  g_car                           
20200ef0  g_competition_task_status       
20200f00  g_ec11                          
20200ed8  g_line                          
20200ebc  g_mpu6050                       
20200f10  g_oled                          
00000000  interruptVectors                
00004129  main                            
00004511  memcpy                          
00004b0f  memset                          


GLOBAL SYMBOLS: SORTED BY Symbol Address 

address   name                            
-------   ----                            
00000000  __TI_ATRegion0_region_sz        
00000000  __TI_ATRegion0_src_addr         
00000000  __TI_ATRegion0_trg_addr         
00000000  __TI_ATRegion1_region_sz        
00000000  __TI_ATRegion1_src_addr         
00000000  __TI_ATRegion1_trg_addr         
00000000  __TI_ATRegion2_region_sz        
00000000  __TI_ATRegion2_src_addr         
00000000  __TI_ATRegion2_trg_addr         
00000000  __TI_static_base__              
00000000  interruptVectors                
000000c1  Car_ControlStep                 
00000200  __STACK_SIZE                    
000010ed  CompetitionTasks_ControlStep    
00001e35  Board_OLED_I2C_Write            
00002871  Board_I2C_ReadRegs              
00002c95  LineTracker_Update              
00002e3d  CompetitionTasks_Service        
00002fc1  Car_Stop                        
00003291  Odometer_ControlStep            
000033d1  SYSCFG_DL_GPIO_init             
00003505  CompetitionTasks_Init           
00003635  Car_BrakeHold                   
0000385d  MPU6050_Init                    
00003969  DL_Timer_initFourCCPWMMode      
00003b6d  DL_Timer_initTimerMode          
00003d61  __aeabi_fsub                    
00003d61  __subsf3                        
00003d6b  __addsf3                        
00003d6b  __aeabi_fadd                    
00003e39  Odometer_Service                
00003f09  UART1_IRQHandler                
00003fc9  Car_Init                        
00004079  MPU6050_Calibrate               
00004129  main                            
000041d9  EC11_Task                       
00004285  OLED_DrawContinuousRaceTime     
0000432d  EC11_HandleABInterrupt          
000043d1  __udivmoddi4                    
00004473  ADC0_IRQHandler                 
00004473  ADC1_IRQHandler                 
00004473  AES_IRQHandler                  
00004473  CANFD0_IRQHandler               
00004473  DAC0_IRQHandler                 
00004473  DMA_IRQHandler                  
00004473  Default_Handler                 
00004473  GROUP0_IRQHandler               
00004473  HardFault_Handler               
00004473  I2C0_IRQHandler                 
00004473  I2C1_IRQHandler                 
00004473  NMI_Handler                     
00004473  PendSV_Handler                  
00004473  RTC_IRQHandler                  
00004473  SPI0_IRQHandler                 
00004473  SPI1_IRQHandler                 
00004473  SVC_Handler                     
00004473  SysTick_Handler                 
00004473  TIMA0_IRQHandler                
00004473  TIMA1_IRQHandler                
00004473  TIMG0_IRQHandler                
00004473  TIMG6_IRQHandler                
00004473  TIMG7_IRQHandler                
00004473  TIMG8_IRQHandler                
00004473  UART0_IRQHandler                
00004473  UART2_IRQHandler                
00004473  UART3_IRQHandler                
00004475  MPU6050_Task                    
00004511  memcpy                          
000045ab  OLED_DrawOdometer               
00004639  SYSCFG_DL_PWM_0_init            
000046c5  __aeabi_fmul                    
000046c5  __mulsf3                        
00004751  EC11_Init                       
000047d5  __aeabi_fdiv                    
000047d5  __divsf3                        
00004857  __aeabi_idiv0                   
00004859  GROUP1_IRQHandler               
000048d9  Odometer_Init                   
00004955  __TI_decompress_lzss            
000049d1  SYSCFG_DL_UART_DEBUG_init       
00004aad  __aeabi_fcmpeq                  
00004ac1  __aeabi_fcmplt                  
00004ad5  __aeabi_fcmple                  
00004ae9  __aeabi_fcmpge                  
00004afd  __aeabi_fcmpgt                  
00004b0f  memset                          
00004b71  SYSCFG_DL_initPower             
00004bd1  DL_I2C_fillControllerTXFIFO     
00004c2f  __aeabi_ldiv0                   
00004c31  OLED_Task                       
00004c89  __aeabi_idiv                    
00004c89  __aeabi_idivmod                 
00004ce1  SYSCFG_DL_I2C_MPU_init          
00004d35  SYSCFG_DL_QEI_0_init            
00004d81  DL_UART_init                    
00004dc9  OLED_DrawLapList                
00004e0d  __aeabi_uidiv                   
00004e0d  __aeabi_uidivmod                
00004e4d  DL_I2C_flushControllerTXFIFO    
00004e89  SYSCFG_DL_init                  
00004ec5  __aeabi_i2f                     
00004ec5  __floatsisf                     
00004f01  __gesf2                         
00004f01  __gtsf2                         
00004f3d  __TI_auto_init_nobinit_nopinit  
00004f79  __cmpsf2                        
00004f79  __eqsf2                         
00004f79  __lesf2                         
00004f79  __ltsf2                         
00004f79  __nesf2                         
00004fb5  __muldsi3                       
00005029  OLED_Init                       
00005061  SYSCFG_DL_TIMER_CONTROL_init    
00005099  __aeabi_f2iz                    
00005099  __fixsfsi                       
000050d1  Board_OLED_I2C_Init             
00005105  DL_I2C_flushControllerRXFIFO    
00005135  SYSCFG_DL_SYSCTL_init           
00005165  __aeabi_ui2f                    
00005165  __floatunsisf                   
0000518d  _c_int00_noargs                 
000051b5  DL_I2C_setClockConfig           
000051dd  __aeabi_lmul                    
000051dd  __muldi3                        
00005201  Car_StartLineFollow             
00005221  TIMG12_IRQHandler               
00005241  OLED_DrawRaceTime               
00005261  __aeabi_llsl                    
00005261  __ashldi3                       
00005281  DL_Timer_setCaptCompUpdateMethod
0000529d  DL_Timer_setClockConfig         
000052b9  EC11_GetDelta                   
000052d5  Odometer_GetControlProgress     
000052f1  Car_SetLineFollowBaseCounts     
00005309  DL_Timer_setCaptureCompareOutCtl
00005321  Board_I2C_WriteReg              
00005339  __aeabi_uldivmod                
0000534d  DL_UART_setClockConfig          
0000535f  __TI_decompress_none            
00005371  DL_Timer_setCaptureCompareValue 
00005381  __TI_zero_init                  
00005391  __aeabi_memclr                  
00005391  __aeabi_memclr4                 
00005391  __aeabi_memclr8                 
0000539d  DL_Common_delayCycles           
000053a7  LineTracker_Init                
000053b1  __aeabi_memcpy                  
000053b1  __aeabi_memcpy4                 
000053b1  __aeabi_memcpy8                 
000053b9  abort                           
000053be  C$$EXIT                         
000053bf  HOSTexit                        
000053c3  Reset_Handler                   
000053c7  _system_pre_init                
00005720  __TI_Handler_Table_Base         
0000572c  __TI_Handler_Table_Limit        
00005734  __TI_CINIT_Base                 
00005744  __TI_CINIT_Limit                
00005744  __TI_CINIT_Warm                 
20200000  __start___llvm_prf_bits         
20200000  __start___llvm_prf_cnts         
20200000  __stop___llvm_prf_bits          
20200000  __stop___llvm_prf_cnts          
20200bd0  gPWM_0Backup                    
20200c8c  gQEI_0Backup                    
20200dac  g_car                           
20200ebc  g_mpu6050                       
20200ed8  g_line                          
20200ef0  g_competition_task_status       
20200f00  g_ec11                          
20200f10  g_oled                          
20207e00  __stack                         
20208000  __STACK_END                     
ffffffff  __TI_pprof_out_hndl             
ffffffff  __TI_prof_data_size             
ffffffff  __TI_prof_data_start            
ffffffff  __binit__                       
ffffffff  binit                           
UNDEFED   __mpu_init                      
UNDEFED   _system_post_cinit              

[180 symbols]
