******************************************************************************
            TI ARM Clang Linker PC v4.0.4                      
******************************************************************************
>> Linked Mon Jul 27 08:32:48 2026

OUTPUT FILE NAME:   <TI_Car_3507_64.out>
ENTRY POINT SYMBOL: "_c_int00_noargs"  address: 00008c75


MEMORY CONFIGURATION

         name            origin    length      used     unused   attr    fill
----------------------  --------  ---------  --------  --------  ----  --------
  FLASH                 00000000   00020000  000093a0  00016c60  R  X
  SRAM                  20200000   00008000  000009ec  00007614  RW X
  BCR_CONFIG            41c00000   000000ff  00000000  000000ff  R   
  BSL_CONFIG            41c00100   00000080  00000000  00000080  R   


SEGMENT ALLOCATION MAP

run origin  load origin   length   init length attrs members
----------  ----------- ---------- ----------- ----- -------
00000000    00000000    000093a0   000093a0    r-x
  00000000    00000000    000000c0   000000c0    r-- .intvecs
  000000c0    000000c0    00008df8   00008df8    r-x .text
  00008eb8    00008eb8    00000420   00000420    r-- .rodata
  000092d8    000092d8    000000c8   000000c8    r-- .cinit
20200000    20200000    000007ec   00000000    rw-
  20200000    20200000    0000063c   00000000    rw- .bss
  2020063c    2020063c    000001b0   00000000    rw- .data
20207e00    20207e00    00000200   00000000    rw-
  20207e00    20207e00    00000200   00000000    rw- .stack


SECTION ALLOCATION MAP

 output                                  attributes/
section   page    origin      length       input sections
--------  ----  ----------  ----------   ----------------
.intvecs   0    00000000    000000c0     
                  00000000    000000c0     startup_mspm0g350x_ticlang.o (.intvecs)

.text      0    000000c0    00008df8     
                  000000c0    00001820     debug_uart.o (.text.Debug_UART_SendStatus)
                  000018e0    000016ac     debug_uart.o (.text.Debug_UART_ProcessRx)
                  00002f8c    00000764     car_control.o (.text.Car_ControlStep)
                  000036f0    00000674     car_control.o (.text.Car_RightAngleApproachStep)
                  00003d64    00000650     oled_ssd1306.o (.text.OLED_DrawProblemSelect)
                  000043b4    00000460     board_oled_i2c.o (.text.Board_OLED_I2C_RecoverBus)
                  00004814    0000039c     board_oled_i2c.o (.text.Board_OLED_I2C_Write)
                  00004bb0    00000324     board_oled_i2c.o (.text.Board_OLED_I2C_WriteByte)
                  00004ed4    00000288     car_control.o (.text.Car_RightAngleConsumeGyroSample)
                  0000515c    00000264     debug_uart.o (.text.Debug_UART_AppendFloat)
                  000053c0    00000260     board_i2c.o (.text.Board_I2C_ReadRegs)
                  00005620    00000248     debug_uart.o (.text.Debug_UART_ParseFloatList)
                  00005868    00000234     debug_uart.o (.text.Debug_UART_SendOkInt)
                  00005a9c    00000228     oled_ssd1306.o (.text.OLED_Update)
                  00005cc4    000001d4     debug_uart.o (.text.Debug_UART_ParseFloat)
                  00005e98    000001c0     debug_uart.o (.text.vofa_speed_send)
                  00006058    000001bc     oled_ssd1306.o (.text.OLED_TryInitialize)
                  00006214    000001bc     debug_uart.o (.text.vofa_line_send)
                  000063d0    000001ac     debug_uart.o (.text.vofa_gyro_send)
                  0000657c    000001a8     line_tracker.o (.text.LineTracker_Update)
                  00006724    00000198     car_control.o (.text.Car_RightAngleRecoveryStep)
                  000068bc    00000188     oled_ssd1306.o (.text.OLED_DrawProblemSelected)
                  00006a44    0000016c     debug_uart.o (.text.vofa_test_send)
                  00006bb0    00000150     board_i2c.o (.text.Board_I2C_WriteByteStream)
                  00006d00    00000128     ti_msp_dl_config.o (.text.SYSCFG_DL_GPIO_init)
                  00006e28    00000120     debug_uart.o (.text.Debug_UART_SendOkFloat)
                  00006f48    00000110     car_control.o (.text.Car_PidStep)
                  00007058    00000110     mpu6050.o (.text.MPU6050_Init)
                  00007168    00000104     car_control.o (.text.Car_Stop)
                  0000726c    00000104     driverlib.a : dl_timer.o (.text.DL_Timer_initFourCCPWMMode)
                  00007370    00000100     car_control.o (.text.Car_LinePidStep)
                  00007470    000000fc     driverlib.a : dl_timer.o (.text.DL_Timer_initTimerMode)
                  0000756c    000000e0     problem_menu.o (.text.ProblemMenu_Task)
                  0000764c    000000d8     libclang_rt.builtins.a : addsf3.S.obj (.text)
                  00007724    000000d0     car_control.o (.text.Car_RightAngleSpeedTarget)
                  000077f4    000000c0     debug_uart.o (.text.UART1_IRQHandler)
                  000078b4    000000bc     mpu6050.o (.text.MPU6050_Calibrate)
                  00007970    000000b8     empty.o (.text.main)
                  00007a28    000000b0     car_control.o (.text.Car_RightAngleSetPivotTarget)
                  00007ad8    000000ac     ec11_encoder.o (.text.EC11_Task)
                  00007b84    000000a8     mpu6050.o (.text.MPU6050_Task)
                  00007c2c    000000a4     car_control.o (.text.Car_StartLineFollow)
                  00007cd0    000000a4     debug_uart.o (.text.Debug_UART_CommandEquals)
                  00007d74    000000a4     ec11_encoder.o (.text.EC11_HandleABInterrupt)
                  00007e18    000000a0     debug_uart.o (.text.Debug_UART_Init)
                  00007eb8    0000009c     car_control.o (.text.Car_Init)
                  00007f54    0000009a     libc.a : memcpy16.S.obj (.text:memcpy)
                  00007fee    00000002     startup_mspm0g350x_ticlang.o (.text.Default_Handler)
                  00007ff0    00000098     debug_uart.o (.text.Debug_UART_GetArg)
                  00008088    00000090     car_control.o (.text.Car_RightAngleApproachStart)
                  00008118    0000008c     ti_msp_dl_config.o (.text.SYSCFG_DL_PWM_0_init)
                  000081a4    0000008c     libclang_rt.builtins.a : mulsf3.S.obj (.text.__mulsf3)
                  00008230    00000084     ec11_encoder.o (.text.EC11_Init)
                  000082b4    00000082     libclang_rt.builtins.a : divsf3.S.obj (.text.__divsf3)
                  00008336    00000002     competition_tasks.o (.text.Problem1_Exit)
                  00008338    00000080     car_control.o (.text.GROUP1_IRQHandler)
                  000083b8    0000007c     libc.a : copy_decompress_lzss.c.obj (.text:decompress:lzss)
                  00008434    00000070     ti_msp_dl_config.o (.text.SYSCFG_DL_UART_DEBUG_init)
                  000084a4    00000062     libclang_rt.builtins.a : aeabi_fcmp.S.obj (.text.__aeabi_fcmp)
                  00008506    00000062     libc.a : memset16.S.obj (.text:memset)
                  00008568    00000060     ti_msp_dl_config.o (.text.SYSCFG_DL_initPower)
                  000085c8    0000005e     driverlib.a : dl_i2c.o (.text.DL_I2C_fillControllerTXFIFO)
                  00008626    00000002     competition_tasks.o (.text.Problem1_Task)
                  00008628    0000005c     problem_menu.o (.text.ProblemMenu_Init)
                  00008684    00000058     debug_uart.o (.text.Debug_UART_Task)
                  000086dc    00000058     oled_ssd1306.o (.text.OLED_Task)
                  00008734    00000056     libclang_rt.builtins.a : aeabi_idivmod.S.obj (.text.__aeabi_idivmod)
                  0000878a    00000002     competition_tasks.o (.text.Problem2_Exit)
                  0000878c    00000054     ti_msp_dl_config.o (.text.SYSCFG_DL_I2C_MPU_init)
                  000087e0    00000050     car_control.o (.text.Car_RightAngleFaultStop)
                  00008830    0000004c     ti_msp_dl_config.o (.text.SYSCFG_DL_QEI_0_init)
                  0000887c    00000048     driverlib.a : dl_uart.o (.text.DL_UART_init)
                  000088c4    00000040     libclang_rt.builtins.a : aeabi_uidivmod.S.obj (.text.__aeabi_uidivmod)
                  00008904    0000003c     driverlib.a : dl_i2c.o (.text.DL_I2C_flushControllerTXFIFO)
                  00008940    0000003c     ti_msp_dl_config.o (.text.SYSCFG_DL_init)
                  0000897c    0000003c     libclang_rt.builtins.a : floatsisf.S.obj (.text.__floatsisf)
                  000089b8    0000003c                            : comparesf2.S.obj (.text.__gtsf2)
                  000089f4    0000003c     libc.a : autoinit.c.obj (.text:__TI_auto_init_nobinit_nopinit)
                  00008a30    0000003a     libclang_rt.builtins.a : comparesf2.S.obj (.text.__eqsf2)
                  00008a6a    00000002     competition_tasks.o (.text.Problem2_Task)
                  00008a6c    0000003a     libclang_rt.builtins.a : muldsi3.S.obj (.text.__muldsi3)
                  00008aa6    00000002     competition_tasks.o (.text.Problem3_Exit)
                  00008aa8    00000038     board_i2c.o (.text.Board_I2C_RecoverBus)
                  00008ae0    00000038     oled_ssd1306.o (.text.OLED_Init)
                  00008b18    00000038     ti_msp_dl_config.o (.text.SYSCFG_DL_TIMER_CONTROL_init)
                  00008b50    00000038     libclang_rt.builtins.a : fixsfsi.S.obj (.text.__fixsfsi)
                  00008b88    00000032                            : fixunssfsi.S.obj (.text.__fixunssfsi)
                  00008bba    00000002     competition_tasks.o (.text.Problem3_Task)
                  00008bbc    00000030     driverlib.a : dl_i2c.o (.text.DL_I2C_flushControllerRXFIFO)
                  00008bec    00000030                 : dl_uart.o (.text.DL_UART_transmitDataBlocking)
                  00008c1c    00000030     ti_msp_dl_config.o (.text.SYSCFG_DL_SYSCTL_init)
                  00008c4c    00000028     libclang_rt.builtins.a : floatunsisf.S.obj (.text.__floatunsisf)
                  00008c74    00000028     libc.a : boot_cortex_m.c.obj (.text:_c_int00_noargs)
                  00008c9c    00000026     driverlib.a : dl_i2c.o (.text.DL_I2C_setClockConfig)
                  00008cc2    00000002     competition_tasks.o (.text.Problem4_Exit)
                  00008cc4    00000024     competition_tasks.o (.text.CompetitionTasks_Exit)
                  00008ce8    00000020     competition_tasks.o (.text.CompetitionTasks_Enter)
                  00008d08    00000020     competition_tasks.o (.text.CompetitionTasks_Task)
                  00008d28    0000001c     board_oled_i2c.o (.text.Board_OLED_I2C_Init)
                  00008d44    0000001c     driverlib.a : dl_timer.o (.text.DL_Timer_setCaptCompUpdateMethod)
                  00008d60    0000001c                 : dl_timer.o (.text.DL_Timer_setClockConfig)
                  00008d7c    0000001c     ec11_encoder.o (.text.EC11_GetButtonEvent)
                  00008d98    0000001c     ec11_encoder.o (.text.EC11_GetDelta)
                  00008db4    00000018     driverlib.a : dl_timer.o (.text.DL_Timer_setCaptureCompareOutCtl)
                  00008dcc    00000018     empty.o (.text.TIMG12_IRQHandler)
                  00008de4    00000016     board_i2c.o (.text.Board_I2C_WriteReg)
                  00008dfa    00000012     driverlib.a : dl_uart.o (.text.DL_UART_setClockConfig)
                  00008e0c    00000012     libc.a : copy_decompress_none.c.obj (.text:decompress:none)
                  00008e1e    00000002     competition_tasks.o (.text.Problem4_Task)
                  00008e20    00000010     driverlib.a : dl_timer.o (.text.DL_Timer_setCaptureCompareValue)
                  00008e30    00000010     libc.a : copy_zero_init.c.obj (.text:decompress:ZI)
                  00008e40    0000000e     libclang_rt.builtins.a : aeabi_memset.S.obj (.text.__aeabi_memset)
                  00008e4e    00000002     competition_tasks.o (.text.Problem5_Exit)
                  00008e50    0000000c     libclang_rt.builtins.a : aeabi_memset.S.obj (.text.__aeabi_memclr)
                  00008e5c    0000000a     driverlib.a : dl_common.o (.text.DL_Common_delayCycles)
                  00008e66    00000008     line_tracker.o (.text.LineTracker_Init)
                  00008e6e    00000008     competition_tasks.o (.text.Problem1_Enter)
                  00008e76    00000008     competition_tasks.o (.text.Problem2_Enter)
                  00008e7e    00000008     competition_tasks.o (.text.Problem3_Enter)
                  00008e86    00000008     competition_tasks.o (.text.Problem4_Enter)
                  00008e8e    00000008     competition_tasks.o (.text.Problem5_Enter)
                  00008e96    00000002     competition_tasks.o (.text.Problem5_Task)
                  00008e98    00000008     libclang_rt.builtins.a : aeabi_memcpy.S.obj (.text.__aeabi_memcpy)
                  00008ea0    00000006     libc.a : exit.c.obj (.text:abort)
                  00008ea6    00000004     libsysbm.a : hostexit.c.obj (.text.HOSTexit)
                  00008eaa    00000004     startup_mspm0g350x_ticlang.o (.text.Reset_Handler)
                  00008eae    00000004     libc.a : pre_init.c.obj (.text._system_pre_init)
                  00008eb2    00000002     libclang_rt.builtins.a : aeabi_div0.c.obj (.text.__aeabi_idiv0)
                  00008eb4    00000004     --HOLE-- [fill = 0]

.cinit     0    000092d8    000000c8     
                  000092d8    0000009d     (.cinit..data.load) [load image, compression = lzss]
                  00009375    00000003     --HOLE-- [fill = 0]
                  00009378    0000000c     (__TI_handler_table)
                  00009384    00000008     (.cinit..bss.load) [load image, compression = zero_init]
                  0000938c    00000010     (__TI_cinit_table)
                  0000939c    00000004     --HOLE-- [fill = 0]

.rodata    0    00008eb8    00000420     
                  00008eb8    00000140     oled_ssd1306.o (.rodata.s_digit16)
                  00008ff8    000000c0     oled_ssd1306.o (.rodata.s_chinese16)
                  000090b8    00000078     oled_ssd1306.o (.rodata.s_menu_digit12)
                  00009130    00000030     oled_ssd1306.o (.rodata.s_menu_chinese12)
                  00009160    0000001c     oled_ssd1306.o (.rodata.s_oled_init_cmds)
                  0000917c    00000014     ti_msp_dl_config.o (.rodata.gTIMER_CONTROLTimerConfig)
                  00009190    00000014     competition_tasks.o (.rodata.s_enter_table)
                  000091a4    00000014     competition_tasks.o (.rodata.s_exit_table)
                  000091b8    00000014     competition_tasks.o (.rodata.s_task_table)
                  000091cc    00000011     debug_uart.o (.rodata.str1.6458327664208245438.1)
                  000091dd    00000010     car_control.o (.rodata.cst16)
                  000091ed    00000010     ec11_encoder.o (.rodata.cst16)
                  000091fd    00000001     --HOLE-- [fill = 0]
                  000091fe    0000000a     ti_msp_dl_config.o (.rodata.gUART_DEBUGConfig)
                  00009208    00000009     debug_uart.o (.rodata.str1.12858735334856686681.1)
                  00009211    00000009     debug_uart.o (.rodata.str1.402800920536087235.1)
                  0000921a    00000009     debug_uart.o (.rodata.str1.9871886773154595279.1)
                  00009223    00000001     --HOLE-- [fill = 0]
                  00009224    00000008     ti_msp_dl_config.o (.rodata.gPWM_0Config)
                  0000922c    00000008     debug_uart.o (.rodata.str1.11216194194454753251.1)
                  00009234    00000008     debug_uart.o (.rodata.str1.12497135275599074458.1)
                  0000923c    00000008     debug_uart.o (.rodata.str1.13116950401002096570.1)
                  00009244    00000008     debug_uart.o (.rodata.str1.15537960897562168936.1)
                  0000924c    00000008     debug_uart.o (.rodata.str1.2550248884874358827.1)
                  00009254    00000008     debug_uart.o (.rodata.str1.6115349477757457877.1)
                  0000925c    00000007     debug_uart.o (.rodata.str1.11127159389407494402.1)
                  00009263    00000007     debug_uart.o (.rodata.str1.15989200115357581723.1)
                  0000926a    00000007     debug_uart.o (.rodata.str1.17276799732225785065.1)
                  00009271    00000007     debug_uart.o (.rodata.str1.7094908962268454530.1)
                  00009278    00000006     debug_uart.o (.rodata.str1.13276830473278608211.1)
                  0000927e    00000006     debug_uart.o (.rodata.str1.13316212644771607044.1)
                  00009284    00000006     debug_uart.o (.rodata.str1.1432448451819883127.1)
                  0000928a    00000006     debug_uart.o (.rodata.str1.3746068638744227419.1)
                  00009290    00000005     debug_uart.o (.rodata.str1.13450742778052438634.1)
                  00009295    00000005     debug_uart.o (.rodata.str1.16381963267101565806.1)
                  0000929a    00000005     debug_uart.o (.rodata.str1.4842307917106963007.1)
                  0000929f    00000005     debug_uart.o (.rodata.str1.740724646930964178.1)
                  000092a4    00000005     debug_uart.o (.rodata.str1.8522134641051796514.1)
                  000092a9    00000005     debug_uart.o (.rodata.str1.9056856435488061599.1)
                  000092ae    00000003     ti_msp_dl_config.o (.rodata.gPWM_0ClockConfig)
                  000092b1    00000003     ti_msp_dl_config.o (.rodata.gQEI_0ClockConfig)
                  000092b4    00000003     ti_msp_dl_config.o (.rodata.gTIMER_CONTROLClockConfig)
                  000092b7    00000003     debug_uart.o (.rodata.str1.12874694364276345362.1)
                  000092ba    00000003     debug_uart.o (.rodata.str1.3299855054303412028.1)
                  000092bd    00000003     debug_uart.o (.rodata.str1.5678097850300819098.1)
                  000092c0    00000003     debug_uart.o (.rodata.str1.5752133939041076255.1)
                  000092c3    00000003     debug_uart.o (.rodata.str1.6094391537229473979.1)
                  000092c6    00000003     debug_uart.o (.rodata.str1.8346066712588484577.1)
                  000092c9    00000002     ti_msp_dl_config.o (.rodata.gI2C_MPUClockConfig)
                  000092cb    00000002     ti_msp_dl_config.o (.rodata.gUART_DEBUGClockConfig)
                  000092cd    00000002     debug_uart.o (.rodata.str1.13678368368045285259.1)
                  000092cf    00000002     debug_uart.o (.rodata.str1.15445407551556458809.1)
                  000092d1    00000002     debug_uart.o (.rodata.str1.5710605537803565424.1)
                  000092d3    00000002     debug_uart.o (.rodata.str1.5817733747436598827.1)
                  000092d5    00000003     --HOLE-- [fill = 0]

.init_array 
*          0    00000000    00000000     UNINITIALIZED

.binit     0    00000000    00000000     

.bss       0    20200000    0000063c     UNINITIALIZED
                  20200000    00000400     oled_ssd1306.o (.bss.s_buffer)
                  20200400    000000bc     (.common:gPWM_0Backup)
                  202004bc    000000a0     (.common:gQEI_0Backup)
                  2020055c    00000080     debug_uart.o (.bss.s_rx_buffer)
                  202005dc    00000060     debug_uart.o (.bss.s_line_buffer)

.data      0    2020063c    000001b0     UNINITIALIZED
                  2020063c    00000124     car_control.o (.data.g_car)
                  20200760    00000020     mpu6050.o (.data.g_mpu6050)
                  20200780    00000018     line_tracker.o (.data.g_line)
                  20200798    00000010     ec11_encoder.o (.data.g_ec11)
                  202007a8    00000008     oled_ssd1306.o (.data.g_oled)
                  202007b0    00000004     car_control.o (.data.s_approach_fused_distance)
                  202007b4    00000004     ec11_encoder.o (.data.s_button_debounce_start_tick)
                  202007b8    00000004     ec11_encoder.o (.data.s_button_press_tick)
                  202007bc    00000004     mpu6050.o (.data.s_last_sample_tick)
                  202007c0    00000004     oled_ssd1306.o (.data.s_last_service_tick)
                  202007c4    00000004     debug_uart.o (.data.s_last_vofa_tick)
                  202007c8    00000004     car_control.o (.data.s_right_encoder_count)
                  202007cc    00000004     debug_uart.o (.data.vofa_test_send.x)
                  202007d0    00000003     problem_menu.o (.data.g_problem_menu)
                  202007d3    00000001     ec11_encoder.o (.data.s_ab_state)
                  202007d4    00000002     debug_uart.o (.data.s_line_length)
                  202007d6    00000002     debug_uart.o (.data.s_rx_head)
                  202007d8    00000002     debug_uart.o (.data.s_rx_tail)
                  202007da    00000001     car_control.o (.data.s_approach_invalid_ticks)
                  202007db    00000001     car_control.o (.data.s_approach_left_stale_ticks)
                  202007dc    00000001     car_control.o (.data.s_approach_locked_health)
                  202007dd    00000001     car_control.o (.data.s_approach_mismatch_health)
                  202007de    00000001     car_control.o (.data.s_approach_mismatch_ticks)
                  202007df    00000001     car_control.o (.data.s_approach_right_stale_ticks)
                  202007e0    00000001     ec11_encoder.o (.data.s_button_event)
                  202007e1    00000001     ec11_encoder.o (.data.s_button_last_raw)
                  202007e2    00000001     ec11_encoder.o (.data.s_button_long_reported)
                  202007e3    00000001     ec11_encoder.o (.data.s_button_stable)
                  202007e4    00000001     ec11_encoder.o (.data.s_edge_accumulator)
                  202007e5    00000001     problem_menu.o (.data.s_last_drawn_problem)
                  202007e6    00000001     problem_menu.o (.data.s_last_drawn_state)
                  202007e7    00000001     debug_uart.o (.data.s_line_overflow)
                  202007e8    00000001     ec11_encoder.o (.data.s_pending_delta)
                  202007e9    00000001     car_control.o (.data.s_right_encoder_state)
                  202007ea    00000001     debug_uart.o (.data.s_vofa_mode)
                  202007eb    00000001     debug_uart.o (.data.s_vofa_stream_enabled)

.stack     0    20207e00    00000200     UNINITIALIZED
                  20207e00    00000004     libc.a : boot_cortex_m.c.obj (.stack)
                  20207e04    000001fc     --HOLE--

__llvm_prf_cnts 
*          0    20200000    00000000     UNINITIALIZED

__llvm_prf_bits 
*          0    20200000    00000000     UNINITIALIZED

MODULE SUMMARY

       Module                         code    ro data   rw data
       ------                         ----    -------   -------
    .\
       debug_uart.o                   16936   200       241    
       car_control.o                  6444    16        307    
       oled_ssd1306.o                 3148    708       1036   
       board_oled_i2c.o               2876    0         0      
       ti_msp_dl_config.o             968     51        348    
       board_i2c.o                    1022    0         0      
       mpu6050.o                      628     0         36     
       ec11_encoder.o                 524     16        31     
       line_tracker.o                 432     0         24     
       problem_menu.o                 316     0         5      
       competition_tasks.o            160     60        0      
       empty.o                        208     0         0      
       startup_mspm0g350x_ticlang.o   6       192       0      
    +--+------------------------------+-------+---------+---------+
       Total:                         33668   1243      2028   
                                                               
    F:/TI/mspm0_sdk_2_10_00_04/source/ti/driverlib/lib/ticlang/m0p/mspm0g1x0x_g3x0x/driverlib.a
       dl_timer.o                     608     0         0      
       dl_i2c.o                       240     0         0      
       dl_uart.o                      138     0         0      
       dl_common.o                    10      0         0      
    +--+------------------------------+-------+---------+---------+
       Total:                         996     0         0      
                                                               
    F:\TI\ccstheia\ccs\tools\compiler\ti-cgt-armllvm_4.0.4.LTS\lib\armv6m-ti-none-eabi/c/libc.a
       memcpy16.S.obj                 154     0         0      
       copy_decompress_lzss.c.obj     124     0         0      
       memset16.S.obj                 98      0         0      
       autoinit.c.obj                 60      0         0      
       boot_cortex_m.c.obj            40      0         0      
       copy_decompress_none.c.obj     18      0         0      
       copy_zero_init.c.obj           16      0         0      
       exit.c.obj                     6       0         0      
       pre_init.c.obj                 4       0         0      
    +--+------------------------------+-------+---------+---------+
       Total:                         520     0         0      
                                                               
    F:\TI\ccstheia\ccs\tools\compiler\ti-cgt-armllvm_4.0.4.LTS\lib\armv6m-ti-none-eabi/c/libsysbm.a
       hostexit.c.obj                 4       0         0      
    +--+------------------------------+-------+---------+---------+
       Total:                         4       0         0      
                                                               
    F:\TI\ccstheia\ccs\tools\compiler\ti-cgt-armllvm_4.0.4.LTS\lib\armv6m-ti-none-eabi/libclang_rt.builtins.a
       addsf3.S.obj                   216     0         0      
       mulsf3.S.obj                   140     0         0      
       divsf3.S.obj                   130     0         0      
       comparesf2.S.obj               118     0         0      
       aeabi_fcmp.S.obj               98      0         0      
       aeabi_idivmod.S.obj            86      0         0      
       aeabi_uidivmod.S.obj           64      0         0      
       floatsisf.S.obj                60      0         0      
       muldsi3.S.obj                  58      0         0      
       fixsfsi.S.obj                  56      0         0      
       fixunssfsi.S.obj               50      0         0      
       floatunsisf.S.obj              40      0         0      
       aeabi_memset.S.obj             26      0         0      
       aeabi_memcpy.S.obj             8       0         0      
       aeabi_div0.c.obj               2       0         0      
    +--+------------------------------+-------+---------+---------+
       Total:                         1152    0         0      
                                                               
       Stack:                         0       0         512    
       Linker Generated:              0       193       0      
    +--+------------------------------+-------+---------+---------+
       Grand Total:                   36340   1436      2540   


LINKER GENERATED COPY TABLES

__TI_cinit_table @ 0000938c records: 2, size/record: 8, table size: 16
	.data: load addr=000092d8, load size=0000009d bytes, run addr=2020063c, run size=000001b0 bytes, compression=lzss
	.bss: load addr=00009384, load size=00000008 bytes, run addr=20200000, run size=0000063c bytes, compression=zero_init


LINKER GENERATED HANDLER TABLE

__TI_handler_table @ 00009378 records: 3, size/record: 4, table size: 12
	index: 0, handler: __TI_decompress_lzss
	index: 1, handler: __TI_decompress_none
	index: 2, handler: __TI_zero_init


GLOBAL SYMBOLS: SORTED ALPHABETICALLY BY Name 

address   name                            
-------   ----                            
00007fef  ADC0_IRQHandler                 
00007fef  ADC1_IRQHandler                 
00007fef  AES_IRQHandler                  
000053c1  Board_I2C_ReadRegs              
00008de5  Board_I2C_WriteReg              
00008d29  Board_OLED_I2C_Init             
00004815  Board_OLED_I2C_Write            
00008ea6  C$$EXIT                         
00007fef  CANFD0_IRQHandler               
00002f8d  Car_ControlStep                 
00007eb9  Car_Init                        
00007c2d  Car_StartLineFollow             
00007169  Car_Stop                        
00008ce9  CompetitionTasks_Enter          
00008cc5  CompetitionTasks_Exit           
00008d09  CompetitionTasks_Task           
00007fef  DAC0_IRQHandler                 
00008e5d  DL_Common_delayCycles           
000085c9  DL_I2C_fillControllerTXFIFO     
00008bbd  DL_I2C_flushControllerRXFIFO    
00008905  DL_I2C_flushControllerTXFIFO    
00008c9d  DL_I2C_setClockConfig           
0000726d  DL_Timer_initFourCCPWMMode      
00007471  DL_Timer_initTimerMode          
00008d45  DL_Timer_setCaptCompUpdateMethod
00008db5  DL_Timer_setCaptureCompareOutCtl
00008e21  DL_Timer_setCaptureCompareValue 
00008d61  DL_Timer_setClockConfig         
0000887d  DL_UART_init                    
00008dfb  DL_UART_setClockConfig          
00008bed  DL_UART_transmitDataBlocking    
00007fef  DMA_IRQHandler                  
00007e19  Debug_UART_Init                 
000018e1  Debug_UART_ProcessRx            
00008685  Debug_UART_Task                 
00007fef  Default_Handler                 
00008d7d  EC11_GetButtonEvent             
00008d99  EC11_GetDelta                   
00007d75  EC11_HandleABInterrupt          
00008231  EC11_Init                       
00007ad9  EC11_Task                       
00007fef  GROUP0_IRQHandler               
00008339  GROUP1_IRQHandler               
00008ea7  HOSTexit                        
00007fef  HardFault_Handler               
00007fef  I2C0_IRQHandler                 
00007fef  I2C1_IRQHandler                 
00008e67  LineTracker_Init                
0000657d  LineTracker_Update              
000078b5  MPU6050_Calibrate               
00007059  MPU6050_Init                    
00007b85  MPU6050_Task                    
00007fef  NMI_Handler                     
00003d65  OLED_DrawProblemSelect          
000068bd  OLED_DrawProblemSelected        
00008ae1  OLED_Init                       
000086dd  OLED_Task                       
00005a9d  OLED_Update                     
00007fef  PendSV_Handler                  
00008629  ProblemMenu_Init                
0000756d  ProblemMenu_Task                
00007fef  RTC_IRQHandler                  
00008eab  Reset_Handler                   
00007fef  SPI0_IRQHandler                 
00007fef  SPI1_IRQHandler                 
00007fef  SVC_Handler                     
00006d01  SYSCFG_DL_GPIO_init             
0000878d  SYSCFG_DL_I2C_MPU_init          
00008119  SYSCFG_DL_PWM_0_init            
00008831  SYSCFG_DL_QEI_0_init            
00008c1d  SYSCFG_DL_SYSCTL_init           
00008b19  SYSCFG_DL_TIMER_CONTROL_init    
00008435  SYSCFG_DL_UART_DEBUG_init       
00008941  SYSCFG_DL_init                  
00008569  SYSCFG_DL_initPower             
00007fef  SysTick_Handler                 
00007fef  TIMA0_IRQHandler                
00007fef  TIMA1_IRQHandler                
00007fef  TIMG0_IRQHandler                
00008dcd  TIMG12_IRQHandler               
00007fef  TIMG6_IRQHandler                
00007fef  TIMG7_IRQHandler                
00007fef  TIMG8_IRQHandler                
00007fef  UART0_IRQHandler                
000077f5  UART1_IRQHandler                
00007fef  UART2_IRQHandler                
00007fef  UART3_IRQHandler                
20208000  __STACK_END                     
00000200  __STACK_SIZE                    
00000000  __TI_ATRegion0_region_sz        
00000000  __TI_ATRegion0_src_addr         
00000000  __TI_ATRegion0_trg_addr         
00000000  __TI_ATRegion1_region_sz        
00000000  __TI_ATRegion1_src_addr         
00000000  __TI_ATRegion1_trg_addr         
00000000  __TI_ATRegion2_region_sz        
00000000  __TI_ATRegion2_src_addr         
00000000  __TI_ATRegion2_trg_addr         
0000938c  __TI_CINIT_Base                 
0000939c  __TI_CINIT_Limit                
0000939c  __TI_CINIT_Warm                 
00009378  __TI_Handler_Table_Base         
00009384  __TI_Handler_Table_Limit        
000089f5  __TI_auto_init_nobinit_nopinit  
000083b9  __TI_decompress_lzss            
00008e0d  __TI_decompress_none            
ffffffff  __TI_pprof_out_hndl             
ffffffff  __TI_prof_data_size             
ffffffff  __TI_prof_data_start            
00000000  __TI_static_base__              
00008e31  __TI_zero_init                  
00007657  __addsf3                        
00008b51  __aeabi_f2iz                    
00008b89  __aeabi_f2uiz                   
00007657  __aeabi_fadd                    
000084a5  __aeabi_fcmpeq                  
000084e1  __aeabi_fcmpge                  
000084f5  __aeabi_fcmpgt                  
000084cd  __aeabi_fcmple                  
000084b9  __aeabi_fcmplt                  
000082b5  __aeabi_fdiv                    
000081a5  __aeabi_fmul                    
0000764d  __aeabi_fsub                    
0000897d  __aeabi_i2f                     
00008735  __aeabi_idiv                    
00008eb3  __aeabi_idiv0                   
00008735  __aeabi_idivmod                 
00008e51  __aeabi_memclr                  
00008e51  __aeabi_memclr4                 
00008e51  __aeabi_memclr8                 
00008e99  __aeabi_memcpy                  
00008e99  __aeabi_memcpy4                 
00008e99  __aeabi_memcpy8                 
00008e41  __aeabi_memset                  
00008e41  __aeabi_memset4                 
00008e41  __aeabi_memset8                 
00008c4d  __aeabi_ui2f                    
000088c5  __aeabi_uidiv                   
000088c5  __aeabi_uidivmod                
ffffffff  __binit__                       
00008a31  __cmpsf2                        
000082b5  __divsf3                        
00008a31  __eqsf2                         
00008b51  __fixsfsi                       
00008b89  __fixunssfsi                    
0000897d  __floatsisf                     
00008c4d  __floatunsisf                   
000089b9  __gesf2                         
000089b9  __gtsf2                         
00008a31  __lesf2                         
00008a31  __ltsf2                         
UNDEFED   __mpu_init                      
00008a6d  __muldsi3                       
000081a5  __mulsf3                        
00008a31  __nesf2                         
20207e00  __stack                         
20200000  __start___llvm_prf_bits         
20200000  __start___llvm_prf_cnts         
20200000  __stop___llvm_prf_bits          
20200000  __stop___llvm_prf_cnts          
0000764d  __subsf3                        
00008c75  _c_int00_noargs                 
UNDEFED   _system_post_cinit              
00008eaf  _system_pre_init                
00008ea1  abort                           
ffffffff  binit                           
20200400  gPWM_0Backup                    
202004bc  gQEI_0Backup                    
2020063c  g_car                           
20200798  g_ec11                          
20200780  g_line                          
20200760  g_mpu6050                       
202007a8  g_oled                          
202007d0  g_problem_menu                  
00000000  interruptVectors                
00007971  main                            
00007f55  memcpy                          
00008507  memset                          
000063d1  vofa_gyro_send                  
00006215  vofa_line_send                  
00005e99  vofa_speed_send                 
00006a45  vofa_test_send                  


GLOBAL SYMBOLS: SORTED BY Symbol Address 

address   name                            
-------   ----                            
00000000  __TI_ATRegion0_region_sz        
00000000  __TI_ATRegion0_src_addr         
00000000  __TI_ATRegion0_trg_addr         
00000000  __TI_ATRegion1_region_sz        
00000000  __TI_ATRegion1_src_addr         
00000000  __TI_ATRegion1_trg_addr         
00000000  __TI_ATRegion2_region_sz        
00000000  __TI_ATRegion2_src_addr         
00000000  __TI_ATRegion2_trg_addr         
00000000  __TI_static_base__              
00000000  interruptVectors                
00000200  __STACK_SIZE                    
000018e1  Debug_UART_ProcessRx            
00002f8d  Car_ControlStep                 
00003d65  OLED_DrawProblemSelect          
00004815  Board_OLED_I2C_Write            
000053c1  Board_I2C_ReadRegs              
00005a9d  OLED_Update                     
00005e99  vofa_speed_send                 
00006215  vofa_line_send                  
000063d1  vofa_gyro_send                  
0000657d  LineTracker_Update              
000068bd  OLED_DrawProblemSelected        
00006a45  vofa_test_send                  
00006d01  SYSCFG_DL_GPIO_init             
00007059  MPU6050_Init                    
00007169  Car_Stop                        
0000726d  DL_Timer_initFourCCPWMMode      
00007471  DL_Timer_initTimerMode          
0000756d  ProblemMenu_Task                
0000764d  __aeabi_fsub                    
0000764d  __subsf3                        
00007657  __addsf3                        
00007657  __aeabi_fadd                    
000077f5  UART1_IRQHandler                
000078b5  MPU6050_Calibrate               
00007971  main                            
00007ad9  EC11_Task                       
00007b85  MPU6050_Task                    
00007c2d  Car_StartLineFollow             
00007d75  EC11_HandleABInterrupt          
00007e19  Debug_UART_Init                 
00007eb9  Car_Init                        
00007f55  memcpy                          
00007fef  ADC0_IRQHandler                 
00007fef  ADC1_IRQHandler                 
00007fef  AES_IRQHandler                  
00007fef  CANFD0_IRQHandler               
00007fef  DAC0_IRQHandler                 
00007fef  DMA_IRQHandler                  
00007fef  Default_Handler                 
00007fef  GROUP0_IRQHandler               
00007fef  HardFault_Handler               
00007fef  I2C0_IRQHandler                 
00007fef  I2C1_IRQHandler                 
00007fef  NMI_Handler                     
00007fef  PendSV_Handler                  
00007fef  RTC_IRQHandler                  
00007fef  SPI0_IRQHandler                 
00007fef  SPI1_IRQHandler                 
00007fef  SVC_Handler                     
00007fef  SysTick_Handler                 
00007fef  TIMA0_IRQHandler                
00007fef  TIMA1_IRQHandler                
00007fef  TIMG0_IRQHandler                
00007fef  TIMG6_IRQHandler                
00007fef  TIMG7_IRQHandler                
00007fef  TIMG8_IRQHandler                
00007fef  UART0_IRQHandler                
00007fef  UART2_IRQHandler                
00007fef  UART3_IRQHandler                
00008119  SYSCFG_DL_PWM_0_init            
000081a5  __aeabi_fmul                    
000081a5  __mulsf3                        
00008231  EC11_Init                       
000082b5  __aeabi_fdiv                    
000082b5  __divsf3                        
00008339  GROUP1_IRQHandler               
000083b9  __TI_decompress_lzss            
00008435  SYSCFG_DL_UART_DEBUG_init       
000084a5  __aeabi_fcmpeq                  
000084b9  __aeabi_fcmplt                  
000084cd  __aeabi_fcmple                  
000084e1  __aeabi_fcmpge                  
000084f5  __aeabi_fcmpgt                  
00008507  memset                          
00008569  SYSCFG_DL_initPower             
000085c9  DL_I2C_fillControllerTXFIFO     
00008629  ProblemMenu_Init                
00008685  Debug_UART_Task                 
000086dd  OLED_Task                       
00008735  __aeabi_idiv                    
00008735  __aeabi_idivmod                 
0000878d  SYSCFG_DL_I2C_MPU_init          
00008831  SYSCFG_DL_QEI_0_init            
0000887d  DL_UART_init                    
000088c5  __aeabi_uidiv                   
000088c5  __aeabi_uidivmod                
00008905  DL_I2C_flushControllerTXFIFO    
00008941  SYSCFG_DL_init                  
0000897d  __aeabi_i2f                     
0000897d  __floatsisf                     
000089b9  __gesf2                         
000089b9  __gtsf2                         
000089f5  __TI_auto_init_nobinit_nopinit  
00008a31  __cmpsf2                        
00008a31  __eqsf2                         
00008a31  __lesf2                         
00008a31  __ltsf2                         
00008a31  __nesf2                         
00008a6d  __muldsi3                       
00008ae1  OLED_Init                       
00008b19  SYSCFG_DL_TIMER_CONTROL_init    
00008b51  __aeabi_f2iz                    
00008b51  __fixsfsi                       
00008b89  __aeabi_f2uiz                   
00008b89  __fixunssfsi                    
00008bbd  DL_I2C_flushControllerRXFIFO    
00008bed  DL_UART_transmitDataBlocking    
00008c1d  SYSCFG_DL_SYSCTL_init           
00008c4d  __aeabi_ui2f                    
00008c4d  __floatunsisf                   
00008c75  _c_int00_noargs                 
00008c9d  DL_I2C_setClockConfig           
00008cc5  CompetitionTasks_Exit           
00008ce9  CompetitionTasks_Enter          
00008d09  CompetitionTasks_Task           
00008d29  Board_OLED_I2C_Init             
00008d45  DL_Timer_setCaptCompUpdateMethod
00008d61  DL_Timer_setClockConfig         
00008d7d  EC11_GetButtonEvent             
00008d99  EC11_GetDelta                   
00008db5  DL_Timer_setCaptureCompareOutCtl
00008dcd  TIMG12_IRQHandler               
00008de5  Board_I2C_WriteReg              
00008dfb  DL_UART_setClockConfig          
00008e0d  __TI_decompress_none            
00008e21  DL_Timer_setCaptureCompareValue 
00008e31  __TI_zero_init                  
00008e41  __aeabi_memset                  
00008e41  __aeabi_memset4                 
00008e41  __aeabi_memset8                 
00008e51  __aeabi_memclr                  
00008e51  __aeabi_memclr4                 
00008e51  __aeabi_memclr8                 
00008e5d  DL_Common_delayCycles           
00008e67  LineTracker_Init                
00008e99  __aeabi_memcpy                  
00008e99  __aeabi_memcpy4                 
00008e99  __aeabi_memcpy8                 
00008ea1  abort                           
00008ea6  C$$EXIT                         
00008ea7  HOSTexit                        
00008eab  Reset_Handler                   
00008eaf  _system_pre_init                
00008eb3  __aeabi_idiv0                   
00009378  __TI_Handler_Table_Base         
00009384  __TI_Handler_Table_Limit        
0000938c  __TI_CINIT_Base                 
0000939c  __TI_CINIT_Limit                
0000939c  __TI_CINIT_Warm                 
20200000  __start___llvm_prf_bits         
20200000  __start___llvm_prf_cnts         
20200000  __stop___llvm_prf_bits          
20200000  __stop___llvm_prf_cnts          
20200400  gPWM_0Backup                    
202004bc  gQEI_0Backup                    
2020063c  g_car                           
20200760  g_mpu6050                       
20200780  g_line                          
20200798  g_ec11                          
202007a8  g_oled                          
202007d0  g_problem_menu                  
20207e00  __stack                         
20208000  __STACK_END                     
ffffffff  __TI_pprof_out_hndl             
ffffffff  __TI_prof_data_size             
ffffffff  __TI_prof_data_start            
ffffffff  __binit__                       
ffffffff  binit                           
UNDEFED   __mpu_init                      
UNDEFED   _system_post_cinit              

[182 symbols]
