******************************************************************************
            TI ARM Clang Linker PC v4.0.4                      
******************************************************************************
>> Linked Thu Jul 30 22:33:42 2026

OUTPUT FILE NAME:   <TI_Car_3507_64.out>
ENTRY POINT SYMBOL: "_c_int00_noargs"  address: 00004791


MEMORY CONFIGURATION

         name            origin    length      used     unused   attr    fill
----------------------  --------  ---------  --------  --------  ----  --------
  FLASH                 00000000   00020000  00004c60  0001b3a0  R  X
  SRAM                  20200000   00008000  0000098e  00007672  RW X
  BCR_CONFIG            41c00000   000000ff  00000000  000000ff  R   
  BSL_CONFIG            41c00100   00000080  00000000  00000080  R   


SEGMENT ALLOCATION MAP

run origin  load origin   length   init length attrs members
----------  ----------- ---------- ----------- ----- -------
00000000    00000000    00004c60   00004c60    r-x
  00000000    00000000    000000c0   000000c0    r-- .intvecs
  000000c0    000000c0    000048d8   000048d8    r-x .text
  00004998    00004998    00000208   00000208    r-- .rodata
  00004ba0    00004ba0    000000c0   000000c0    r-- .cinit
20200000    20200000    0000078e   00000000    rw-
  20200000    20200000    000005dc   00000000    rw- .bss
  202005dc    202005dc    000001b2   00000000    rw- .data
20207e00    20207e00    00000200   00000000    rw-
  20207e00    20207e00    00000200   00000000    rw- .stack


SECTION ALLOCATION MAP

 output                                  attributes/
section   page    origin      length       input sections
--------  ----  ----------  ----------   ----------------
.intvecs   0    00000000    000000c0     
                  00000000    000000c0     startup_mspm0g350x_ticlang.o (.intvecs)

.text      0    000000c0    000048d8     
                  000000c0    00000a24     car_control.o (.text.Car_ControlStep)
                  00000ae4    00000608     car_control.o (.text.Car_RightAngleApproachStep)
                  000010ec    00000460     board_oled_i2c.o (.text.Board_OLED_I2C_RecoverBus)
                  0000154c    0000039c     board_oled_i2c.o (.text.Board_OLED_I2C_Write)
                  000018e8    00000324     board_oled_i2c.o (.text.Board_OLED_I2C_WriteByte)
                  00001c0c    0000028c     competition_tasks.o (.text.CompetitionTasks_ControlStep)
                  00001e98    00000274     oled_ssd1306.o (.text.OLED_DrawOdometer)
                  0000210c    00000260     board_i2c.o (.text.Board_I2C_ReadRegs)
                  0000236c    000001c4     oled_ssd1306.o (.text.OLED_TryInitialize)
                  00002530    000001a8     line_tracker.o (.text.LineTracker_Update)
                  000026d8    00000180     car_control.o (.text.Car_Stop)
                  00002858    00000150     board_i2c.o (.text.Board_I2C_WriteByteStream)
                  000029a8    00000140     odometer.o (.text.Odometer_ControlStep)
                  00002ae8    0000012c     oled_ssd1306.o (.text.OLED_DrawRaceTime)
                  00002c14    0000011c     ti_msp_dl_config.o (.text.SYSCFG_DL_GPIO_init)
                  00002d30    00000118     car_control.o (.text.Car_BrakeHold)
                  00002e48    00000110     car_control.o (.text.Car_PidStep)
                  00002f58    0000010c     mpu6050.o (.text.MPU6050_Init)
                  00003064    00000104     driverlib.a : dl_timer.o (.text.DL_Timer_initFourCCPWMMode)
                  00003168    00000100     car_control.o (.text.Car_LinePidStep)
                  00003268    000000fc     driverlib.a : dl_timer.o (.text.DL_Timer_initTimerMode)
                  00003364    000000f8     oled_ssd1306.o (.text.OLED_UpdateWindow)
                  0000345c    000000d8     libclang_rt.builtins.a : addsf3.S.obj (.text)
                  00003534    000000d4     oled_ssd1306.o (.text.OLED_DrawAscii)
                  00003608    000000d0     odometer.o (.text.Odometer_Service)
                  000036d8    000000c0     debug_uart.o (.text.UART1_IRQHandler)
                  00003798    000000bc     competition_tasks.o (.text.CompetitionTasks_Init)
                  00003854    000000b0     car_control.o (.text.Car_Init)
                  00003904    000000b0     mpu6050.o (.text.MPU6050_Calibrate)
                  000039b4    000000a2     libclang_rt.builtins.a : udivmoddi4.S.obj (.text)
                  00003a56    00000002     startup_mspm0g350x_ticlang.o (.text.Default_Handler)
                  00003a58    000000a0     empty.o (.text.main)
                  00003af8    0000009c     mpu6050.o (.text.MPU6050_Task)
                  00003b94    0000009a     libc.a : memcpy16.S.obj (.text:memcpy)
                  00003c2e    00000002     libclang_rt.builtins.a : aeabi_div0.c.obj (.text.__aeabi_idiv0)
                  00003c30    0000008c     car_control.o (.text.Car_RightAngleAssistStop)
                  00003cbc    0000008c     ti_msp_dl_config.o (.text.SYSCFG_DL_PWM_0_init)
                  00003d48    0000008c     libclang_rt.builtins.a : mulsf3.S.obj (.text.__mulsf3)
                  00003dd4    00000082                            : divsf3.S.obj (.text.__divsf3)
                  00003e56    00000002                            : aeabi_div0.c.obj (.text.__aeabi_ldiv0)
                  00003e58    0000007c     odometer.o (.text.Odometer_Init)
                  00003ed4    0000007c     libc.a : copy_decompress_lzss.c.obj (.text:decompress:lzss)
                  00003f50    00000070     competition_tasks.o (.text.CompetitionTasks_Service)
                  00003fc0    00000070     ti_msp_dl_config.o (.text.SYSCFG_DL_UART_DEBUG_init)
                  00004030    0000006c     car_control.o (.text.Car_RightAngleSetTargets)
                  0000409c    00000062     libclang_rt.builtins.a : aeabi_fcmp.S.obj (.text.__aeabi_fcmp)
                  000040fe    00000062     libc.a : memset16.S.obj (.text:memset)
                  00004160    00000060     ti_msp_dl_config.o (.text.SYSCFG_DL_initPower)
                  000041c0    0000005e     driverlib.a : dl_i2c.o (.text.DL_I2C_fillControllerTXFIFO)
                  0000421e    00000002     --HOLE-- [fill = 0]
                  00004220    00000058     car_control.o (.text.GROUP1_IRQHandler)
                  00004278    00000058     oled_ssd1306.o (.text.OLED_Task)
                  000042d0    00000056     libclang_rt.builtins.a : aeabi_idivmod.S.obj (.text.__aeabi_idivmod)
                  00004326    00000002     --HOLE-- [fill = 0]
                  00004328    00000054     ti_msp_dl_config.o (.text.SYSCFG_DL_I2C_MPU_init)
                  0000437c    0000004c     ti_msp_dl_config.o (.text.SYSCFG_DL_QEI_0_init)
                  000043c8    00000048     driverlib.a : dl_uart.o (.text.DL_UART_init)
                  00004410    00000040     libclang_rt.builtins.a : aeabi_uidivmod.S.obj (.text.__aeabi_uidivmod)
                  00004450    0000003c     driverlib.a : dl_i2c.o (.text.DL_I2C_flushControllerTXFIFO)
                  0000448c    0000003c     ti_msp_dl_config.o (.text.SYSCFG_DL_init)
                  000044c8    0000003c     libclang_rt.builtins.a : floatsisf.S.obj (.text.__floatsisf)
                  00004504    0000003c                            : comparesf2.S.obj (.text.__gtsf2)
                  00004540    0000003c     libc.a : autoinit.c.obj (.text:__TI_auto_init_nobinit_nopinit)
                  0000457c    0000003a     libclang_rt.builtins.a : comparesf2.S.obj (.text.__eqsf2)
                  000045b6    00000002     --HOLE-- [fill = 0]
                  000045b8    0000003a                            : muldsi3.S.obj (.text.__muldsi3)
                  000045f2    00000002     --HOLE-- [fill = 0]
                  000045f4    00000038     board_i2c.o (.text.Board_I2C_RecoverBus)
                  0000462c    00000038     oled_ssd1306.o (.text.OLED_Init)
                  00004664    00000038     ti_msp_dl_config.o (.text.SYSCFG_DL_TIMER_CONTROL_init)
                  0000469c    00000038     libclang_rt.builtins.a : fixsfsi.S.obj (.text.__fixsfsi)
                  000046d4    00000034     board_oled_i2c.o (.text.Board_OLED_I2C_Init)
                  00004708    00000030     driverlib.a : dl_i2c.o (.text.DL_I2C_flushControllerRXFIFO)
                  00004738    00000030     ti_msp_dl_config.o (.text.SYSCFG_DL_SYSCTL_init)
                  00004768    00000028     libclang_rt.builtins.a : floatunsisf.S.obj (.text.__floatunsisf)
                  00004790    00000028     libc.a : boot_cortex_m.c.obj (.text:_c_int00_noargs)
                  000047b8    00000026     driverlib.a : dl_i2c.o (.text.DL_I2C_setClockConfig)
                  000047de    00000002     --HOLE-- [fill = 0]
                  000047e0    00000024     libclang_rt.builtins.a : muldi3.S.obj (.text.__muldi3)
                  00004804    00000020     car_control.o (.text.Car_StartLineFollow)
                  00004824    00000020     empty.o (.text.TIMG12_IRQHandler)
                  00004844    0000001e     libclang_rt.builtins.a : ashldi3.S.obj (.text.__ashldi3)
                  00004862    00000002     --HOLE-- [fill = 0]
                  00004864    0000001c     driverlib.a : dl_timer.o (.text.DL_Timer_setCaptCompUpdateMethod)
                  00004880    0000001c                 : dl_timer.o (.text.DL_Timer_setClockConfig)
                  0000489c    0000001c     odometer.o (.text.Odometer_GetControlProgress)
                  000048b8    00000018     car_control.o (.text.Car_SetLineFollowBaseCounts)
                  000048d0    00000018     driverlib.a : dl_timer.o (.text.DL_Timer_setCaptureCompareOutCtl)
                  000048e8    00000016     board_i2c.o (.text.Board_I2C_WriteReg)
                  000048fe    00000002     --HOLE-- [fill = 0]
                  00004900    00000014     libclang_rt.builtins.a : aeabi_uldivmod.S.obj (.text.__aeabi_uldivmod)
                  00004914    00000012     driverlib.a : dl_uart.o (.text.DL_UART_setClockConfig)
                  00004926    00000012     libc.a : copy_decompress_none.c.obj (.text:decompress:none)
                  00004938    00000010     driverlib.a : dl_timer.o (.text.DL_Timer_setCaptureCompareValue)
                  00004948    00000010     libc.a : copy_zero_init.c.obj (.text:decompress:ZI)
                  00004958    0000000c     libclang_rt.builtins.a : aeabi_memset.S.obj (.text.__aeabi_memclr)
                  00004964    0000000a     driverlib.a : dl_common.o (.text.DL_Common_delayCycles)
                  0000496e    00000008     line_tracker.o (.text.LineTracker_Init)
                  00004976    00000002     --HOLE-- [fill = 0]
                  00004978    00000008     libclang_rt.builtins.a : aeabi_memcpy.S.obj (.text.__aeabi_memcpy)
                  00004980    00000006     libc.a : exit.c.obj (.text:abort)
                  00004986    00000004     libsysbm.a : hostexit.c.obj (.text.HOSTexit)
                  0000498a    00000004     startup_mspm0g350x_ticlang.o (.text.Reset_Handler)
                  0000498e    00000004     libc.a : pre_init.c.obj (.text._system_pre_init)
                  00004992    00000006     --HOLE-- [fill = 0]

.cinit     0    00004ba0    000000c0     
                  00004ba0    00000097     (.cinit..data.load) [load image, compression = lzss]
                  00004c37    00000001     --HOLE-- [fill = 0]
                  00004c38    0000000c     (__TI_handler_table)
                  00004c44    00000008     (.cinit..bss.load) [load image, compression = zero_init]
                  00004c4c    00000010     (__TI_cinit_table)
                  00004c5c    00000004     --HOLE-- [fill = 0]

.rodata    0    00004998    00000208     
                  00004998    00000140     oled_ssd1306.o (.rodata.s_digit16)
                  00004ad8    00000069     oled_ssd1306.o (.rodata.s_font5x7)
                  00004b41    0000001c     oled_ssd1306.o (.rodata.s_oled_init_cmds)
                  00004b5d    00000003     ti_msp_dl_config.o (.rodata.gPWM_0ClockConfig)
                  00004b60    00000014     ti_msp_dl_config.o (.rodata.gTIMER_CONTROLTimerConfig)
                  00004b74    00000010     car_control.o (.rodata.cst16)
                  00004b84    0000000a     ti_msp_dl_config.o (.rodata.gUART_DEBUGConfig)
                  00004b8e    00000002     ti_msp_dl_config.o (.rodata.gI2C_MPUClockConfig)
                  00004b90    00000008     ti_msp_dl_config.o (.rodata.gPWM_0Config)
                  00004b98    00000003     ti_msp_dl_config.o (.rodata.gQEI_0ClockConfig)
                  00004b9b    00000003     ti_msp_dl_config.o (.rodata.gTIMER_CONTROLClockConfig)
                  00004b9e    00000002     ti_msp_dl_config.o (.rodata.gUART_DEBUGClockConfig)

.init_array 
*          0    00000000    00000000     UNINITIALIZED

.binit     0    00000000    00000000     

.bss       0    20200000    000005dc     UNINITIALIZED
                  20200000    00000400     oled_ssd1306.o (.bss.s_buffer)
                  20200400    000000bc     (.common:gPWM_0Backup)
                  202004bc    000000a0     (.common:gQEI_0Backup)
                  2020055c    00000080     debug_uart.o (.bss.s_rx_buffer)

.data      0    202005dc    000001b2     UNINITIALIZED
                  202005dc    00000110     car_control.o (.data.g_car)
                  202006ec    0000001c     mpu6050.o (.data.g_mpu6050)
                  20200708    00000018     line_tracker.o (.data.g_line)
                  20200720    00000010     competition_tasks.o (.data.g_competition_task_status)
                  20200730    00000008     oled_ssd1306.o (.data.g_oled)
                  20200738    00000004     car_control.o (.data.s_approach_fused_distance)
                  2020073c    00000004     odometer.o (.data.s_control_progress)
                  20200740    00000004     competition_tasks.o (.data.s_key_debounce_tick)
                  20200744    00000004     competition_tasks.o (.data.s_key_press_tick)
                  20200748    00000004     competition_tasks.o (.data.s_last_control_tick)
                  2020074c    00000004     competition_tasks.o (.data.s_last_display_tick)
                  20200750    00000004     odometer.o (.data.s_last_display_tick)
                  20200754    00000004     mpu6050.o (.data.s_last_sample_tick)
                  20200758    00000004     oled_ssd1306.o (.data.s_last_service_tick)
                  2020075c    00000004     odometer.o (.data.s_left_counts)
                  20200760    00000004     odometer.o (.data.s_left_zero)
                  20200764    00000004     competition_tasks.o (.data.s_motion_start_tick)
                  20200768    00000004     odometer.o (.data.s_right_counts)
                  2020076c    00000004     car_control.o (.data.s_right_encoder_count)
                  20200770    00000004     odometer.o (.data.s_right_zero)
                  20200774    00000002     competition_tasks.o (.data.s_max_lap_progress)
                  20200776    00000002     debug_uart.o (.data.s_rx_head)
                  20200778    00000002     debug_uart.o (.data.s_rx_tail)
                  2020077a    00000001     car_control.o (.data.s_approach_invalid_ticks)
                  2020077b    00000001     car_control.o (.data.s_approach_left_stale_ticks)
                  2020077c    00000001     car_control.o (.data.s_approach_locked_health)
                  2020077d    00000001     car_control.o (.data.s_approach_mismatch_health)
                  2020077e    00000001     car_control.o (.data.s_approach_mismatch_ticks)
                  2020077f    00000001     car_control.o (.data.s_approach_right_stale_ticks)
                  20200780    00000001     competition_tasks.o (.data.s_display_dirty)
                  20200781    00000001     odometer.o (.data.s_display_dirty)
                  20200782    00000001     competition_tasks.o (.data.s_finish_confirm_count)
                  20200783    00000001     odometer.o (.data.s_frozen)
                  20200784    00000001     competition_tasks.o (.data.s_initialized)
                  20200785    00000001     odometer.o (.data.s_initialized)
                  20200786    00000001     competition_tasks.o (.data.s_key_armed)
                  20200787    00000001     competition_tasks.o (.data.s_key_last_raw)
                  20200788    00000001     competition_tasks.o (.data.s_key_press_allowed)
                  20200789    00000001     competition_tasks.o (.data.s_key_press_pending)
                  2020078a    00000001     competition_tasks.o (.data.s_key_stable)
                  2020078b    00000001     odometer.o (.data.s_last_state)
                  2020078c    00000001     competition_tasks.o (.data.s_leave_confirm_count)
                  2020078d    00000001     car_control.o (.data.s_right_encoder_state)

.stack     0    20207e00    00000200     UNINITIALIZED
                  20207e00    00000004     libc.a : boot_cortex_m.c.obj (.stack)
                  20207e04    000001fc     --HOLE--

__llvm_prf_cnts 
*          0    20200000    00000000     UNINITIALIZED

__llvm_prf_bits 
*          0    20200000    00000000     UNINITIALIZED

MODULE SUMMARY

       Module                         code    ro data   rw data
       ------                         ----    -------   -------
    .\
       car_control.o                  5900    16        287    
       oled_ssd1306.o                 1984    453       1036   
       board_oled_i2c.o               2900    0         0      
       ti_msp_dl_config.o             956     51        348    
       board_i2c.o                    1022    0         0      
       competition_tasks.o            952     0         47     
       odometer.o                     680     0         28     
       mpu6050.o                      600     0         32     
       line_tracker.o                 432     0         24     
       debug_uart.o                   192     0         132    
       startup_mspm0g350x_ticlang.o   6       192       0      
       empty.o                        192     0         0      
    +--+------------------------------+-------+---------+---------+
       Total:                         15816   712       1934   
                                                               
    F:/TI/mspm0_sdk_2_10_00_04/source/ti/driverlib/lib/ticlang/m0p/mspm0g1x0x_g3x0x/driverlib.a
       dl_timer.o                     608     0         0      
       dl_i2c.o                       240     0         0      
       dl_uart.o                      90      0         0      
       dl_common.o                    10      0         0      
    +--+------------------------------+-------+---------+---------+
       Total:                         948     0         0      
                                                               
    F:\TI\ccstheia\ccs\tools\compiler\ti-cgt-armllvm_4.0.4.LTS\lib\armv6m-ti-none-eabi/c/libc.a
       memcpy16.S.obj                 154     0         0      
       copy_decompress_lzss.c.obj     124     0         0      
       memset16.S.obj                 98      0         0      
       autoinit.c.obj                 60      0         0      
       boot_cortex_m.c.obj            40      0         0      
       copy_decompress_none.c.obj     18      0         0      
       copy_zero_init.c.obj           16      0         0      
       exit.c.obj                     6       0         0      
       pre_init.c.obj                 4       0         0      
    +--+------------------------------+-------+---------+---------+
       Total:                         520     0         0      
                                                               
    F:\TI\ccstheia\ccs\tools\compiler\ti-cgt-armllvm_4.0.4.LTS\lib\armv6m-ti-none-eabi/c/libsysbm.a
       hostexit.c.obj                 4       0         0      
    +--+------------------------------+-------+---------+---------+
       Total:                         4       0         0      
                                                               
    F:\TI\ccstheia\ccs\tools\compiler\ti-cgt-armllvm_4.0.4.LTS\lib\armv6m-ti-none-eabi/libclang_rt.builtins.a
       addsf3.S.obj                   216     0         0      
       udivmoddi4.S.obj               162     0         0      
       mulsf3.S.obj                   140     0         0      
       divsf3.S.obj                   130     0         0      
       comparesf2.S.obj               118     0         0      
       aeabi_fcmp.S.obj               98      0         0      
       aeabi_idivmod.S.obj            86      0         0      
       aeabi_uidivmod.S.obj           64      0         0      
       floatsisf.S.obj                60      0         0      
       muldsi3.S.obj                  58      0         0      
       fixsfsi.S.obj                  56      0         0      
       floatunsisf.S.obj              40      0         0      
       muldi3.S.obj                   36      0         0      
       ashldi3.S.obj                  30      0         0      
       aeabi_uldivmod.S.obj           20      0         0      
       aeabi_memset.S.obj             12      0         0      
       aeabi_memcpy.S.obj             8       0         0      
       aeabi_div0.c.obj               4       0         0      
    +--+------------------------------+-------+---------+---------+
       Total:                         1338    0         0      
                                                               
       Stack:                         0       0         512    
       Linker Generated:              0       187       0      
    +--+------------------------------+-------+---------+---------+
       Grand Total:                   18626   899       2446   


LINKER GENERATED COPY TABLES

__TI_cinit_table @ 00004c4c records: 2, size/record: 8, table size: 16
	.data: load addr=00004ba0, load size=00000097 bytes, run addr=202005dc, run size=000001b2 bytes, compression=lzss
	.bss: load addr=00004c44, load size=00000008 bytes, run addr=20200000, run size=000005dc bytes, compression=zero_init


LINKER GENERATED HANDLER TABLE

__TI_handler_table @ 00004c38 records: 3, size/record: 4, table size: 12
	index: 0, handler: __TI_decompress_lzss
	index: 1, handler: __TI_decompress_none
	index: 2, handler: __TI_zero_init


GLOBAL SYMBOLS: SORTED ALPHABETICALLY BY Name 

address   name                            
-------   ----                            
00003a57  ADC0_IRQHandler                 
00003a57  ADC1_IRQHandler                 
00003a57  AES_IRQHandler                  
0000210d  Board_I2C_ReadRegs              
000048e9  Board_I2C_WriteReg              
000046d5  Board_OLED_I2C_Init             
0000154d  Board_OLED_I2C_Write            
00004986  C$$EXIT                         
00003a57  CANFD0_IRQHandler               
00002d31  Car_BrakeHold                   
000000c1  Car_ControlStep                 
00003855  Car_Init                        
000048b9  Car_SetLineFollowBaseCounts     
00004805  Car_StartLineFollow             
000026d9  Car_Stop                        
00001c0d  CompetitionTasks_ControlStep    
00003799  CompetitionTasks_Init           
00003f51  CompetitionTasks_Service        
00003a57  DAC0_IRQHandler                 
00004965  DL_Common_delayCycles           
000041c1  DL_I2C_fillControllerTXFIFO     
00004709  DL_I2C_flushControllerRXFIFO    
00004451  DL_I2C_flushControllerTXFIFO    
000047b9  DL_I2C_setClockConfig           
00003065  DL_Timer_initFourCCPWMMode      
00003269  DL_Timer_initTimerMode          
00004865  DL_Timer_setCaptCompUpdateMethod
000048d1  DL_Timer_setCaptureCompareOutCtl
00004939  DL_Timer_setCaptureCompareValue 
00004881  DL_Timer_setClockConfig         
000043c9  DL_UART_init                    
00004915  DL_UART_setClockConfig          
00003a57  DMA_IRQHandler                  
00003a57  Default_Handler                 
00003a57  GROUP0_IRQHandler               
00004221  GROUP1_IRQHandler               
00004987  HOSTexit                        
00003a57  HardFault_Handler               
00003a57  I2C0_IRQHandler                 
00003a57  I2C1_IRQHandler                 
0000496f  LineTracker_Init                
00002531  LineTracker_Update              
00003905  MPU6050_Calibrate               
00002f59  MPU6050_Init                    
00003af9  MPU6050_Task                    
00003a57  NMI_Handler                     
00003535  OLED_DrawAscii                  
00001e99  OLED_DrawOdometer               
00002ae9  OLED_DrawRaceTime               
0000462d  OLED_Init                       
00004279  OLED_Task                       
000029a9  Odometer_ControlStep            
0000489d  Odometer_GetControlProgress     
00003e59  Odometer_Init                   
00003609  Odometer_Service                
00003a57  PendSV_Handler                  
00003a57  RTC_IRQHandler                  
0000498b  Reset_Handler                   
00003a57  SPI0_IRQHandler                 
00003a57  SPI1_IRQHandler                 
00003a57  SVC_Handler                     
00002c15  SYSCFG_DL_GPIO_init             
00004329  SYSCFG_DL_I2C_MPU_init          
00003cbd  SYSCFG_DL_PWM_0_init            
0000437d  SYSCFG_DL_QEI_0_init            
00004739  SYSCFG_DL_SYSCTL_init           
00004665  SYSCFG_DL_TIMER_CONTROL_init    
00003fc1  SYSCFG_DL_UART_DEBUG_init       
0000448d  SYSCFG_DL_init                  
00004161  SYSCFG_DL_initPower             
00003a57  SysTick_Handler                 
00003a57  TIMA0_IRQHandler                
00003a57  TIMA1_IRQHandler                
00003a57  TIMG0_IRQHandler                
00004825  TIMG12_IRQHandler               
00003a57  TIMG6_IRQHandler                
00003a57  TIMG7_IRQHandler                
00003a57  TIMG8_IRQHandler                
00003a57  UART0_IRQHandler                
000036d9  UART1_IRQHandler                
00003a57  UART2_IRQHandler                
00003a57  UART3_IRQHandler                
20208000  __STACK_END                     
00000200  __STACK_SIZE                    
00000000  __TI_ATRegion0_region_sz        
00000000  __TI_ATRegion0_src_addr         
00000000  __TI_ATRegion0_trg_addr         
00000000  __TI_ATRegion1_region_sz        
00000000  __TI_ATRegion1_src_addr         
00000000  __TI_ATRegion1_trg_addr         
00000000  __TI_ATRegion2_region_sz        
00000000  __TI_ATRegion2_src_addr         
00000000  __TI_ATRegion2_trg_addr         
00004c4c  __TI_CINIT_Base                 
00004c5c  __TI_CINIT_Limit                
00004c5c  __TI_CINIT_Warm                 
00004c38  __TI_Handler_Table_Base         
00004c44  __TI_Handler_Table_Limit        
00004541  __TI_auto_init_nobinit_nopinit  
00003ed5  __TI_decompress_lzss            
00004927  __TI_decompress_none            
ffffffff  __TI_pprof_out_hndl             
ffffffff  __TI_prof_data_size             
ffffffff  __TI_prof_data_start            
00000000  __TI_static_base__              
00004949  __TI_zero_init                  
00003467  __addsf3                        
0000469d  __aeabi_f2iz                    
00003467  __aeabi_fadd                    
0000409d  __aeabi_fcmpeq                  
000040d9  __aeabi_fcmpge                  
000040ed  __aeabi_fcmpgt                  
000040c5  __aeabi_fcmple                  
000040b1  __aeabi_fcmplt                  
00003dd5  __aeabi_fdiv                    
00003d49  __aeabi_fmul                    
0000345d  __aeabi_fsub                    
000044c9  __aeabi_i2f                     
000042d1  __aeabi_idiv                    
00003c2f  __aeabi_idiv0                   
000042d1  __aeabi_idivmod                 
00003e57  __aeabi_ldiv0                   
00004845  __aeabi_llsl                    
000047e1  __aeabi_lmul                    
00004959  __aeabi_memclr                  
00004959  __aeabi_memclr4                 
00004959  __aeabi_memclr8                 
00004979  __aeabi_memcpy                  
00004979  __aeabi_memcpy4                 
00004979  __aeabi_memcpy8                 
00004769  __aeabi_ui2f                    
00004411  __aeabi_uidiv                   
00004411  __aeabi_uidivmod                
00004901  __aeabi_uldivmod                
00004845  __ashldi3                       
ffffffff  __binit__                       
0000457d  __cmpsf2                        
00003dd5  __divsf3                        
0000457d  __eqsf2                         
0000469d  __fixsfsi                       
000044c9  __floatsisf                     
00004769  __floatunsisf                   
00004505  __gesf2                         
00004505  __gtsf2                         
0000457d  __lesf2                         
0000457d  __ltsf2                         
UNDEFED   __mpu_init                      
000047e1  __muldi3                        
000045b9  __muldsi3                       
00003d49  __mulsf3                        
0000457d  __nesf2                         
20207e00  __stack                         
20200000  __start___llvm_prf_bits         
20200000  __start___llvm_prf_cnts         
20200000  __stop___llvm_prf_bits          
20200000  __stop___llvm_prf_cnts          
0000345d  __subsf3                        
000039b5  __udivmoddi4                    
00004791  _c_int00_noargs                 
UNDEFED   _system_post_cinit              
0000498f  _system_pre_init                
00004981  abort                           
ffffffff  binit                           
20200400  gPWM_0Backup                    
202004bc  gQEI_0Backup                    
202005dc  g_car                           
20200720  g_competition_task_status       
20200708  g_line                          
202006ec  g_mpu6050                       
20200730  g_oled                          
00000000  interruptVectors                
00003a59  main                            
00003b95  memcpy                          
000040ff  memset                          


GLOBAL SYMBOLS: SORTED BY Symbol Address 

address   name                            
-------   ----                            
00000000  __TI_ATRegion0_region_sz        
00000000  __TI_ATRegion0_src_addr         
00000000  __TI_ATRegion0_trg_addr         
00000000  __TI_ATRegion1_region_sz        
00000000  __TI_ATRegion1_src_addr         
00000000  __TI_ATRegion1_trg_addr         
00000000  __TI_ATRegion2_region_sz        
00000000  __TI_ATRegion2_src_addr         
00000000  __TI_ATRegion2_trg_addr         
00000000  __TI_static_base__              
00000000  interruptVectors                
000000c1  Car_ControlStep                 
00000200  __STACK_SIZE                    
0000154d  Board_OLED_I2C_Write            
00001c0d  CompetitionTasks_ControlStep    
00001e99  OLED_DrawOdometer               
0000210d  Board_I2C_ReadRegs              
00002531  LineTracker_Update              
000026d9  Car_Stop                        
000029a9  Odometer_ControlStep            
00002ae9  OLED_DrawRaceTime               
00002c15  SYSCFG_DL_GPIO_init             
00002d31  Car_BrakeHold                   
00002f59  MPU6050_Init                    
00003065  DL_Timer_initFourCCPWMMode      
00003269  DL_Timer_initTimerMode          
0000345d  __aeabi_fsub                    
0000345d  __subsf3                        
00003467  __addsf3                        
00003467  __aeabi_fadd                    
00003535  OLED_DrawAscii                  
00003609  Odometer_Service                
000036d9  UART1_IRQHandler                
00003799  CompetitionTasks_Init           
00003855  Car_Init                        
00003905  MPU6050_Calibrate               
000039b5  __udivmoddi4                    
00003a57  ADC0_IRQHandler                 
00003a57  ADC1_IRQHandler                 
00003a57  AES_IRQHandler                  
00003a57  CANFD0_IRQHandler               
00003a57  DAC0_IRQHandler                 
00003a57  DMA_IRQHandler                  
00003a57  Default_Handler                 
00003a57  GROUP0_IRQHandler               
00003a57  HardFault_Handler               
00003a57  I2C0_IRQHandler                 
00003a57  I2C1_IRQHandler                 
00003a57  NMI_Handler                     
00003a57  PendSV_Handler                  
00003a57  RTC_IRQHandler                  
00003a57  SPI0_IRQHandler                 
00003a57  SPI1_IRQHandler                 
00003a57  SVC_Handler                     
00003a57  SysTick_Handler                 
00003a57  TIMA0_IRQHandler                
00003a57  TIMA1_IRQHandler                
00003a57  TIMG0_IRQHandler                
00003a57  TIMG6_IRQHandler                
00003a57  TIMG7_IRQHandler                
00003a57  TIMG8_IRQHandler                
00003a57  UART0_IRQHandler                
00003a57  UART2_IRQHandler                
00003a57  UART3_IRQHandler                
00003a59  main                            
00003af9  MPU6050_Task                    
00003b95  memcpy                          
00003c2f  __aeabi_idiv0                   
00003cbd  SYSCFG_DL_PWM_0_init            
00003d49  __aeabi_fmul                    
00003d49  __mulsf3                        
00003dd5  __aeabi_fdiv                    
00003dd5  __divsf3                        
00003e57  __aeabi_ldiv0                   
00003e59  Odometer_Init                   
00003ed5  __TI_decompress_lzss            
00003f51  CompetitionTasks_Service        
00003fc1  SYSCFG_DL_UART_DEBUG_init       
0000409d  __aeabi_fcmpeq                  
000040b1  __aeabi_fcmplt                  
000040c5  __aeabi_fcmple                  
000040d9  __aeabi_fcmpge                  
000040ed  __aeabi_fcmpgt                  
000040ff  memset                          
00004161  SYSCFG_DL_initPower             
000041c1  DL_I2C_fillControllerTXFIFO     
00004221  GROUP1_IRQHandler               
00004279  OLED_Task                       
000042d1  __aeabi_idiv                    
000042d1  __aeabi_idivmod                 
00004329  SYSCFG_DL_I2C_MPU_init          
0000437d  SYSCFG_DL_QEI_0_init            
000043c9  DL_UART_init                    
00004411  __aeabi_uidiv                   
00004411  __aeabi_uidivmod                
00004451  DL_I2C_flushControllerTXFIFO    
0000448d  SYSCFG_DL_init                  
000044c9  __aeabi_i2f                     
000044c9  __floatsisf                     
00004505  __gesf2                         
00004505  __gtsf2                         
00004541  __TI_auto_init_nobinit_nopinit  
0000457d  __cmpsf2                        
0000457d  __eqsf2                         
0000457d  __lesf2                         
0000457d  __ltsf2                         
0000457d  __nesf2                         
000045b9  __muldsi3                       
0000462d  OLED_Init                       
00004665  SYSCFG_DL_TIMER_CONTROL_init    
0000469d  __aeabi_f2iz                    
0000469d  __fixsfsi                       
000046d5  Board_OLED_I2C_Init             
00004709  DL_I2C_flushControllerRXFIFO    
00004739  SYSCFG_DL_SYSCTL_init           
00004769  __aeabi_ui2f                    
00004769  __floatunsisf                   
00004791  _c_int00_noargs                 
000047b9  DL_I2C_setClockConfig           
000047e1  __aeabi_lmul                    
000047e1  __muldi3                        
00004805  Car_StartLineFollow             
00004825  TIMG12_IRQHandler               
00004845  __aeabi_llsl                    
00004845  __ashldi3                       
00004865  DL_Timer_setCaptCompUpdateMethod
00004881  DL_Timer_setClockConfig         
0000489d  Odometer_GetControlProgress     
000048b9  Car_SetLineFollowBaseCounts     
000048d1  DL_Timer_setCaptureCompareOutCtl
000048e9  Board_I2C_WriteReg              
00004901  __aeabi_uldivmod                
00004915  DL_UART_setClockConfig          
00004927  __TI_decompress_none            
00004939  DL_Timer_setCaptureCompareValue 
00004949  __TI_zero_init                  
00004959  __aeabi_memclr                  
00004959  __aeabi_memclr4                 
00004959  __aeabi_memclr8                 
00004965  DL_Common_delayCycles           
0000496f  LineTracker_Init                
00004979  __aeabi_memcpy                  
00004979  __aeabi_memcpy4                 
00004979  __aeabi_memcpy8                 
00004981  abort                           
00004986  C$$EXIT                         
00004987  HOSTexit                        
0000498b  Reset_Handler                   
0000498f  _system_pre_init                
00004c38  __TI_Handler_Table_Base         
00004c44  __TI_Handler_Table_Limit        
00004c4c  __TI_CINIT_Base                 
00004c5c  __TI_CINIT_Limit                
00004c5c  __TI_CINIT_Warm                 
20200000  __start___llvm_prf_bits         
20200000  __start___llvm_prf_cnts         
20200000  __stop___llvm_prf_bits          
20200000  __stop___llvm_prf_cnts          
20200400  gPWM_0Backup                    
202004bc  gQEI_0Backup                    
202005dc  g_car                           
202006ec  g_mpu6050                       
20200708  g_line                          
20200720  g_competition_task_status       
20200730  g_oled                          
20207e00  __stack                         
20208000  __STACK_END                     
ffffffff  __TI_pprof_out_hndl             
ffffffff  __TI_prof_data_size             
ffffffff  __TI_prof_data_start            
ffffffff  __binit__                       
ffffffff  binit                           
UNDEFED   __mpu_init                      
UNDEFED   _system_post_cinit              

[174 symbols]
