******************************************************************************
            TI ARM Clang Linker PC v4.0.4                      
******************************************************************************
>> Linked Fri Jul 31 09:13:43 2026

OUTPUT FILE NAME:   <TI_Car_3507_64.out>
ENTRY POINT SYMBOL: "_c_int00_noargs"  address: 00004d05


MEMORY CONFIGURATION

         name            origin    length      used     unused   attr    fill
----------------------  --------  ---------  --------  --------  ----  --------
  FLASH                 00000000   00020000  000052d8  0001ad28  R  X
  SRAM                  20200000   00008000  000009a8  00007658  RW X
  BCR_CONFIG            41c00000   000000ff  00000000  000000ff  R   
  BSL_CONFIG            41c00100   00000080  00000000  00000080  R   


SEGMENT ALLOCATION MAP

run origin  load origin   length   init length attrs members
----------  ----------- ---------- ----------- ----- -------
00000000    00000000    000052d8   000052d8    r-x
  00000000    00000000    000000c0   000000c0    r-- .intvecs
  000000c0    000000c0    00004e48   00004e48    r-x .text
  00004f08    00004f08    00000310   00000310    r-- .rodata
  00005218    00005218    000000c0   000000c0    r-- .cinit
20200000    20200000    000007a8   00000000    rw-
  20200000    20200000    000005dc   00000000    rw- .bss
  202005dc    202005dc    000001cc   00000000    rw- .data
20207e00    20207e00    00000200   00000000    rw-
  20207e00    20207e00    00000200   00000000    rw- .stack


SECTION ALLOCATION MAP

 output                                  attributes/
section   page    origin      length       input sections
--------  ----  ----------  ----------   ----------------
.intvecs   0    00000000    000000c0     
                  00000000    000000c0     startup_mspm0g350x_ticlang.o (.intvecs)

.text      0    000000c0    00004e48     
                  000000c0    00000a24     car_control.o (.text.Car_ControlStep)
                  00000ae4    00000608     car_control.o (.text.Car_RightAngleApproachStep)
                  000010ec    0000054c     oled_ssd1306.o (.text.OLED_DrawLapTime)
                  00001638    0000046c     competition_tasks.o (.text.CompetitionTasks_ControlStep)
                  00001aa4    00000460     board_oled_i2c.o (.text.Board_OLED_I2C_RecoverBus)
                  00001f04    0000039c     board_oled_i2c.o (.text.Board_OLED_I2C_Write)
                  000022a0    00000324     board_oled_i2c.o (.text.Board_OLED_I2C_WriteByte)
                  000025c4    00000260     board_i2c.o (.text.Board_I2C_ReadRegs)
                  00002824    000001c4     oled_ssd1306.o (.text.OLED_TryInitialize)
                  000029e8    000001a8     line_tracker.o (.text.LineTracker_Update)
                  00002b90    00000180     car_control.o (.text.Car_Stop)
                  00002d10    00000150     board_i2c.o (.text.Board_I2C_WriteByteStream)
                  00002e60    00000140     odometer.o (.text.Odometer_ControlStep)
                  00002fa0    00000134     oled_ssd1306.o (.text.OLED_DrawRaceTime)
                  000030d4    00000120     ti_msp_dl_config.o (.text.SYSCFG_DL_GPIO_init)
                  000031f4    00000118     car_control.o (.text.Car_BrakeHold)
                  0000330c    00000118     competition_tasks.o (.text.CompetitionTasks_Init)
                  00003424    00000110     car_control.o (.text.Car_PidStep)
                  00003534    0000010c     mpu6050.o (.text.MPU6050_Init)
                  00003640    00000104     driverlib.a : dl_timer.o (.text.DL_Timer_initFourCCPWMMode)
                  00003744    00000100     car_control.o (.text.Car_LinePidStep)
                  00003844    000000fc     driverlib.a : dl_timer.o (.text.DL_Timer_initTimerMode)
                  00003940    000000f8     oled_ssd1306.o (.text.OLED_UpdateWindow)
                  00003a38    000000d8     libclang_rt.builtins.a : addsf3.S.obj (.text)
                  00003b10    000000d4     oled_ssd1306.o (.text.OLED_DrawAscii)
                  00003be4    000000d0     odometer.o (.text.Odometer_Service)
                  00003cb4    000000c4     competition_tasks.o (.text.CompetitionTasks_Service)
                  00003d78    000000c0     debug_uart.o (.text.UART1_IRQHandler)
                  00003e38    000000b0     car_control.o (.text.Car_Init)
                  00003ee8    000000b0     mpu6050.o (.text.MPU6050_Calibrate)
                  00003f98    000000a2     libclang_rt.builtins.a : udivmoddi4.S.obj (.text)
                  0000403a    00000002     startup_mspm0g350x_ticlang.o (.text.Default_Handler)
                  0000403c    000000a0     empty.o (.text.main)
                  000040dc    0000009c     mpu6050.o (.text.MPU6050_Task)
                  00004178    0000009a     libc.a : memcpy16.S.obj (.text:memcpy)
                  00004212    00000002     oled_ssd1306.o (.text.OLED_DrawOdometer)
                  00004214    0000008c     car_control.o (.text.Car_RightAngleAssistStop)
                  000042a0    0000008c     ti_msp_dl_config.o (.text.SYSCFG_DL_PWM_0_init)
                  0000432c    0000008c     libclang_rt.builtins.a : mulsf3.S.obj (.text.__mulsf3)
                  000043b8    00000082                            : divsf3.S.obj (.text.__divsf3)
                  0000443a    00000002                            : aeabi_div0.c.obj (.text.__aeabi_idiv0)
                  0000443c    0000007c     odometer.o (.text.Odometer_Init)
                  000044b8    0000007c     libc.a : copy_decompress_lzss.c.obj (.text:decompress:lzss)
                  00004534    00000070     ti_msp_dl_config.o (.text.SYSCFG_DL_UART_DEBUG_init)
                  000045a4    0000006c     car_control.o (.text.Car_RightAngleSetTargets)
                  00004610    00000062     libclang_rt.builtins.a : aeabi_fcmp.S.obj (.text.__aeabi_fcmp)
                  00004672    00000062     libc.a : memset16.S.obj (.text:memset)
                  000046d4    00000060     ti_msp_dl_config.o (.text.SYSCFG_DL_initPower)
                  00004734    0000005e     driverlib.a : dl_i2c.o (.text.DL_I2C_fillControllerTXFIFO)
                  00004792    00000002     libclang_rt.builtins.a : aeabi_div0.c.obj (.text.__aeabi_ldiv0)
                  00004794    00000058     car_control.o (.text.GROUP1_IRQHandler)
                  000047ec    00000058     oled_ssd1306.o (.text.OLED_Task)
                  00004844    00000056     libclang_rt.builtins.a : aeabi_idivmod.S.obj (.text.__aeabi_idivmod)
                  0000489a    00000002     --HOLE-- [fill = 0]
                  0000489c    00000054     ti_msp_dl_config.o (.text.SYSCFG_DL_I2C_MPU_init)
                  000048f0    0000004c     ti_msp_dl_config.o (.text.SYSCFG_DL_QEI_0_init)
                  0000493c    00000048     driverlib.a : dl_uart.o (.text.DL_UART_init)
                  00004984    00000040     libclang_rt.builtins.a : aeabi_uidivmod.S.obj (.text.__aeabi_uidivmod)
                  000049c4    0000003c     driverlib.a : dl_i2c.o (.text.DL_I2C_flushControllerTXFIFO)
                  00004a00    0000003c     ti_msp_dl_config.o (.text.SYSCFG_DL_init)
                  00004a3c    0000003c     libclang_rt.builtins.a : floatsisf.S.obj (.text.__floatsisf)
                  00004a78    0000003c                            : comparesf2.S.obj (.text.__gtsf2)
                  00004ab4    0000003c     libc.a : autoinit.c.obj (.text:__TI_auto_init_nobinit_nopinit)
                  00004af0    0000003a     libclang_rt.builtins.a : comparesf2.S.obj (.text.__eqsf2)
                  00004b2a    00000002     --HOLE-- [fill = 0]
                  00004b2c    0000003a                            : muldsi3.S.obj (.text.__muldsi3)
                  00004b66    00000002     --HOLE-- [fill = 0]
                  00004b68    00000038     board_i2c.o (.text.Board_I2C_RecoverBus)
                  00004ba0    00000038     oled_ssd1306.o (.text.OLED_Init)
                  00004bd8    00000038     ti_msp_dl_config.o (.text.SYSCFG_DL_TIMER_CONTROL_init)
                  00004c10    00000038     libclang_rt.builtins.a : fixsfsi.S.obj (.text.__fixsfsi)
                  00004c48    00000034     board_oled_i2c.o (.text.Board_OLED_I2C_Init)
                  00004c7c    00000030     driverlib.a : dl_i2c.o (.text.DL_I2C_flushControllerRXFIFO)
                  00004cac    00000030     ti_msp_dl_config.o (.text.SYSCFG_DL_SYSCTL_init)
                  00004cdc    00000028     libclang_rt.builtins.a : floatunsisf.S.obj (.text.__floatunsisf)
                  00004d04    00000028     libc.a : boot_cortex_m.c.obj (.text:_c_int00_noargs)
                  00004d2c    00000026     driverlib.a : dl_i2c.o (.text.DL_I2C_setClockConfig)
                  00004d52    00000002     --HOLE-- [fill = 0]
                  00004d54    00000024     libclang_rt.builtins.a : muldi3.S.obj (.text.__muldi3)
                  00004d78    00000020     car_control.o (.text.Car_StartLineFollow)
                  00004d98    00000020     empty.o (.text.TIMG12_IRQHandler)
                  00004db8    0000001e     libclang_rt.builtins.a : ashldi3.S.obj (.text.__ashldi3)
                  00004dd6    00000002     --HOLE-- [fill = 0]
                  00004dd8    0000001c     driverlib.a : dl_timer.o (.text.DL_Timer_setCaptCompUpdateMethod)
                  00004df4    0000001c                 : dl_timer.o (.text.DL_Timer_setClockConfig)
                  00004e10    0000001c     odometer.o (.text.Odometer_GetControlProgress)
                  00004e2c    00000018     car_control.o (.text.Car_SetLineFollowBaseCounts)
                  00004e44    00000018     driverlib.a : dl_timer.o (.text.DL_Timer_setCaptureCompareOutCtl)
                  00004e5c    00000016     board_i2c.o (.text.Board_I2C_WriteReg)
                  00004e72    00000002     --HOLE-- [fill = 0]
                  00004e74    00000014     libclang_rt.builtins.a : aeabi_uldivmod.S.obj (.text.__aeabi_uldivmod)
                  00004e88    00000012     driverlib.a : dl_uart.o (.text.DL_UART_setClockConfig)
                  00004e9a    00000012     libc.a : copy_decompress_none.c.obj (.text:decompress:none)
                  00004eac    00000010     driverlib.a : dl_timer.o (.text.DL_Timer_setCaptureCompareValue)
                  00004ebc    00000010     libc.a : copy_zero_init.c.obj (.text:decompress:ZI)
                  00004ecc    0000000c     libclang_rt.builtins.a : aeabi_memset.S.obj (.text.__aeabi_memclr)
                  00004ed8    0000000a     driverlib.a : dl_common.o (.text.DL_Common_delayCycles)
                  00004ee2    00000008     line_tracker.o (.text.LineTracker_Init)
                  00004eea    00000002     --HOLE-- [fill = 0]
                  00004eec    00000008     libclang_rt.builtins.a : aeabi_memcpy.S.obj (.text.__aeabi_memcpy)
                  00004ef4    00000006     libc.a : exit.c.obj (.text:abort)
                  00004efa    00000004     libsysbm.a : hostexit.c.obj (.text.HOSTexit)
                  00004efe    00000004     startup_mspm0g350x_ticlang.o (.text.Reset_Handler)
                  00004f02    00000004     libc.a : pre_init.c.obj (.text._system_pre_init)
                  00004f06    00000002     --HOLE-- [fill = 0]

.cinit     0    00005218    000000c0     
                  00005218    00000099     (.cinit..data.load) [load image, compression = lzss]
                  000052b1    00000003     --HOLE-- [fill = 0]
                  000052b4    0000000c     (__TI_handler_table)
                  000052c0    00000008     (.cinit..bss.load) [load image, compression = zero_init]
                  000052c8    00000010     (__TI_cinit_table)

.rodata    0    00004f08    00000310     
                  00004f08    00000140     oled_ssd1306.o (.rodata.s_digit16)
                  00005048    00000100     oled_ssd1306.o (.rodata.s_chinese16)
                  00005148    00000069     oled_ssd1306.o (.rodata.s_font5x7)
                  000051b1    0000001c     oled_ssd1306.o (.rodata.s_oled_init_cmds)
                  000051cd    00000003     ti_msp_dl_config.o (.rodata.gPWM_0ClockConfig)
                  000051d0    00000014     ti_msp_dl_config.o (.rodata.gTIMER_CONTROLTimerConfig)
                  000051e4    00000010     car_control.o (.rodata.cst16)
                  000051f4    0000000a     ti_msp_dl_config.o (.rodata.gUART_DEBUGConfig)
                  000051fe    00000002     ti_msp_dl_config.o (.rodata.gI2C_MPUClockConfig)
                  00005200    00000008     ti_msp_dl_config.o (.rodata.gPWM_0Config)
                  00005208    00000003     ti_msp_dl_config.o (.rodata.gQEI_0ClockConfig)
                  0000520b    00000003     ti_msp_dl_config.o (.rodata.gTIMER_CONTROLClockConfig)
                  0000520e    00000002     ti_msp_dl_config.o (.rodata.gUART_DEBUGClockConfig)
                  00005210    00000002     oled_ssd1306.o (.rodata.str1.17912449882519859512.1)
                  00005212    00000006     --HOLE-- [fill = 0]

.init_array 
*          0    00000000    00000000     UNINITIALIZED

.binit     0    00000000    00000000     

.bss       0    20200000    000005dc     UNINITIALIZED
                  20200000    00000400     oled_ssd1306.o (.bss.s_buffer)
                  20200400    000000bc     (.common:gPWM_0Backup)
                  202004bc    000000a0     (.common:gQEI_0Backup)
                  2020055c    00000080     debug_uart.o (.bss.s_rx_buffer)

.data      0    202005dc    000001cc     UNINITIALIZED
                  202005dc    00000110     car_control.o (.data.g_car)
                  202006ec    0000001c     mpu6050.o (.data.g_mpu6050)
                  20200708    00000018     line_tracker.o (.data.g_line)
                  20200720    00000010     competition_tasks.o (.data.g_competition_task_status)
                  20200730    00000008     oled_ssd1306.o (.data.g_oled)
                  20200738    00000004     car_control.o (.data.s_approach_fused_distance)
                  2020073c    00000004     competition_tasks.o (.data.s_continuous_key_debounce_tick)
                  20200740    00000004     competition_tasks.o (.data.s_continuous_key_press_tick)
                  20200744    00000004     odometer.o (.data.s_control_progress)
                  20200748    00000004     competition_tasks.o (.data.s_finish_seen_tick)
                  2020074c    00000004     competition_tasks.o (.data.s_key_debounce_tick)
                  20200750    00000004     competition_tasks.o (.data.s_key_press_tick)
                  20200754    00000004     competition_tasks.o (.data.s_lap_number)
                  20200758    00000004     competition_tasks.o (.data.s_last_control_tick)
                  2020075c    00000004     competition_tasks.o (.data.s_last_display_tick)
                  20200760    00000004     odometer.o (.data.s_last_display_tick)
                  20200764    00000004     competition_tasks.o (.data.s_last_lap_ticks)
                  20200768    00000004     mpu6050.o (.data.s_last_sample_tick)
                  2020076c    00000004     oled_ssd1306.o (.data.s_last_service_tick)
                  20200770    00000004     odometer.o (.data.s_left_counts)
                  20200774    00000004     odometer.o (.data.s_left_zero)
                  20200778    00000004     competition_tasks.o (.data.s_motion_start_tick)
                  2020077c    00000004     odometer.o (.data.s_right_counts)
                  20200780    00000004     car_control.o (.data.s_right_encoder_count)
                  20200784    00000004     odometer.o (.data.s_right_zero)
                  20200788    00000002     competition_tasks.o (.data.s_max_lap_progress)
                  2020078a    00000002     debug_uart.o (.data.s_rx_head)
                  2020078c    00000002     debug_uart.o (.data.s_rx_tail)
                  2020078e    00000001     car_control.o (.data.s_approach_invalid_ticks)
                  2020078f    00000001     car_control.o (.data.s_approach_left_stale_ticks)
                  20200790    00000001     car_control.o (.data.s_approach_locked_health)
                  20200791    00000001     car_control.o (.data.s_approach_mismatch_health)
                  20200792    00000001     car_control.o (.data.s_approach_mismatch_ticks)
                  20200793    00000001     car_control.o (.data.s_approach_right_stale_ticks)
                  20200794    00000001     competition_tasks.o (.data.s_continuous_key_armed)
                  20200795    00000001     competition_tasks.o (.data.s_continuous_key_last_raw)
                  20200796    00000001     competition_tasks.o (.data.s_continuous_key_press_allowed)
                  20200797    00000001     competition_tasks.o (.data.s_continuous_key_press_pending)
                  20200798    00000001     competition_tasks.o (.data.s_continuous_key_stable)
                  20200799    00000001     competition_tasks.o (.data.s_continuous_mode)
                  2020079a    00000001     competition_tasks.o (.data.s_display_dirty)
                  2020079b    00000001     odometer.o (.data.s_display_dirty)
                  2020079c    00000001     competition_tasks.o (.data.s_finish_confirm_count)
                  2020079d    00000001     odometer.o (.data.s_frozen)
                  2020079e    00000001     competition_tasks.o (.data.s_initialized)
                  2020079f    00000001     odometer.o (.data.s_initialized)
                  202007a0    00000001     competition_tasks.o (.data.s_key_armed)
                  202007a1    00000001     competition_tasks.o (.data.s_key_last_raw)
                  202007a2    00000001     competition_tasks.o (.data.s_key_press_allowed)
                  202007a3    00000001     competition_tasks.o (.data.s_key_press_pending)
                  202007a4    00000001     competition_tasks.o (.data.s_key_stable)
                  202007a5    00000001     odometer.o (.data.s_last_state)
                  202007a6    00000001     competition_tasks.o (.data.s_leave_confirm_count)
                  202007a7    00000001     car_control.o (.data.s_right_encoder_state)

.stack     0    20207e00    00000200     UNINITIALIZED
                  20207e00    00000004     libc.a : boot_cortex_m.c.obj (.stack)
                  20207e04    000001fc     --HOLE--

__llvm_prf_cnts 
*          0    20200000    00000000     UNINITIALIZED

__llvm_prf_bits 
*          0    20200000    00000000     UNINITIALIZED

MODULE SUMMARY

       Module                         code    ro data   rw data
       ------                         ----    -------   -------
    .\
       car_control.o                  5900    16        287    
       oled_ssd1306.o                 2722    711       1036   
       board_oled_i2c.o               2900    0         0      
       competition_tasks.o            1608    0         73     
       ti_msp_dl_config.o             960     51        348    
       board_i2c.o                    1022    0         0      
       odometer.o                     680     0         28     
       mpu6050.o                      600     0         32     
       line_tracker.o                 432     0         24     
       debug_uart.o                   192     0         132    
       startup_mspm0g350x_ticlang.o   6       192       0      
       empty.o                        192     0         0      
    +--+------------------------------+-------+---------+---------+
       Total:                         17214   970       1960   
                                                               
    F:/TI/mspm0_sdk_2_10_00_04/source/ti/driverlib/lib/ticlang/m0p/mspm0g1x0x_g3x0x/driverlib.a
       dl_timer.o                     608     0         0      
       dl_i2c.o                       240     0         0      
       dl_uart.o                      90      0         0      
       dl_common.o                    10      0         0      
    +--+------------------------------+-------+---------+---------+
       Total:                         948     0         0      
                                                               
    F:\TI\ccstheia\ccs\tools\compiler\ti-cgt-armllvm_4.0.4.LTS\lib\armv6m-ti-none-eabi/c/libc.a
       memcpy16.S.obj                 154     0         0      
       copy_decompress_lzss.c.obj     124     0         0      
       memset16.S.obj                 98      0         0      
       autoinit.c.obj                 60      0         0      
       boot_cortex_m.c.obj            40      0         0      
       copy_decompress_none.c.obj     18      0         0      
       copy_zero_init.c.obj           16      0         0      
       exit.c.obj                     6       0         0      
       pre_init.c.obj                 4       0         0      
    +--+------------------------------+-------+---------+---------+
       Total:                         520     0         0      
                                                               
    F:\TI\ccstheia\ccs\tools\compiler\ti-cgt-armllvm_4.0.4.LTS\lib\armv6m-ti-none-eabi/c/libsysbm.a
       hostexit.c.obj                 4       0         0      
    +--+------------------------------+-------+---------+---------+
       Total:                         4       0         0      
                                                               
    F:\TI\ccstheia\ccs\tools\compiler\ti-cgt-armllvm_4.0.4.LTS\lib\armv6m-ti-none-eabi/libclang_rt.builtins.a
       addsf3.S.obj                   216     0         0      
       udivmoddi4.S.obj               162     0         0      
       mulsf3.S.obj                   140     0         0      
       divsf3.S.obj                   130     0         0      
       comparesf2.S.obj               118     0         0      
       aeabi_fcmp.S.obj               98      0         0      
       aeabi_idivmod.S.obj            86      0         0      
       aeabi_uidivmod.S.obj           64      0         0      
       floatsisf.S.obj                60      0         0      
       muldsi3.S.obj                  58      0         0      
       fixsfsi.S.obj                  56      0         0      
       floatunsisf.S.obj              40      0         0      
       muldi3.S.obj                   36      0         0      
       ashldi3.S.obj                  30      0         0      
       aeabi_uldivmod.S.obj           20      0         0      
       aeabi_memset.S.obj             12      0         0      
       aeabi_memcpy.S.obj             8       0         0      
       aeabi_div0.c.obj               4       0         0      
    +--+------------------------------+-------+---------+---------+
       Total:                         1338    0         0      
                                                               
       Stack:                         0       0         512    
       Linker Generated:              0       189       0      
    +--+------------------------------+-------+---------+---------+
       Grand Total:                   20024   1159      2472   


LINKER GENERATED COPY TABLES

__TI_cinit_table @ 000052c8 records: 2, size/record: 8, table size: 16
	.data: load addr=00005218, load size=00000099 bytes, run addr=202005dc, run size=000001cc bytes, compression=lzss
	.bss: load addr=000052c0, load size=00000008 bytes, run addr=20200000, run size=000005dc bytes, compression=zero_init


LINKER GENERATED HANDLER TABLE

__TI_handler_table @ 000052b4 records: 3, size/record: 4, table size: 12
	index: 0, handler: __TI_decompress_lzss
	index: 1, handler: __TI_decompress_none
	index: 2, handler: __TI_zero_init


GLOBAL SYMBOLS: SORTED ALPHABETICALLY BY Name 

address   name                            
-------   ----                            
0000403b  ADC0_IRQHandler                 
0000403b  ADC1_IRQHandler                 
0000403b  AES_IRQHandler                  
000025c5  Board_I2C_ReadRegs              
00004e5d  Board_I2C_WriteReg              
00004c49  Board_OLED_I2C_Init             
00001f05  Board_OLED_I2C_Write            
00004efa  C$$EXIT                         
0000403b  CANFD0_IRQHandler               
000031f5  Car_BrakeHold                   
000000c1  Car_ControlStep                 
00003e39  Car_Init                        
00004e2d  Car_SetLineFollowBaseCounts     
00004d79  Car_StartLineFollow             
00002b91  Car_Stop                        
00001639  CompetitionTasks_ControlStep    
0000330d  CompetitionTasks_Init           
00003cb5  CompetitionTasks_Service        
0000403b  DAC0_IRQHandler                 
00004ed9  DL_Common_delayCycles           
00004735  DL_I2C_fillControllerTXFIFO     
00004c7d  DL_I2C_flushControllerRXFIFO    
000049c5  DL_I2C_flushControllerTXFIFO    
00004d2d  DL_I2C_setClockConfig           
00003641  DL_Timer_initFourCCPWMMode      
00003845  DL_Timer_initTimerMode          
00004dd9  DL_Timer_setCaptCompUpdateMethod
00004e45  DL_Timer_setCaptureCompareOutCtl
00004ead  DL_Timer_setCaptureCompareValue 
00004df5  DL_Timer_setClockConfig         
0000493d  DL_UART_init                    
00004e89  DL_UART_setClockConfig          
0000403b  DMA_IRQHandler                  
0000403b  Default_Handler                 
0000403b  GROUP0_IRQHandler               
00004795  GROUP1_IRQHandler               
00004efb  HOSTexit                        
0000403b  HardFault_Handler               
0000403b  I2C0_IRQHandler                 
0000403b  I2C1_IRQHandler                 
00004ee3  LineTracker_Init                
000029e9  LineTracker_Update              
00003ee9  MPU6050_Calibrate               
00003535  MPU6050_Init                    
000040dd  MPU6050_Task                    
0000403b  NMI_Handler                     
00003b11  OLED_DrawAscii                  
000010ed  OLED_DrawLapTime                
00004213  OLED_DrawOdometer               
00002fa1  OLED_DrawRaceTime               
00004ba1  OLED_Init                       
000047ed  OLED_Task                       
00002e61  Odometer_ControlStep            
00004e11  Odometer_GetControlProgress     
0000443d  Odometer_Init                   
00003be5  Odometer_Service                
0000403b  PendSV_Handler                  
0000403b  RTC_IRQHandler                  
00004eff  Reset_Handler                   
0000403b  SPI0_IRQHandler                 
0000403b  SPI1_IRQHandler                 
0000403b  SVC_Handler                     
000030d5  SYSCFG_DL_GPIO_init             
0000489d  SYSCFG_DL_I2C_MPU_init          
000042a1  SYSCFG_DL_PWM_0_init            
000048f1  SYSCFG_DL_QEI_0_init            
00004cad  SYSCFG_DL_SYSCTL_init           
00004bd9  SYSCFG_DL_TIMER_CONTROL_init    
00004535  SYSCFG_DL_UART_DEBUG_init       
00004a01  SYSCFG_DL_init                  
000046d5  SYSCFG_DL_initPower             
0000403b  SysTick_Handler                 
0000403b  TIMA0_IRQHandler                
0000403b  TIMA1_IRQHandler                
0000403b  TIMG0_IRQHandler                
00004d99  TIMG12_IRQHandler               
0000403b  TIMG6_IRQHandler                
0000403b  TIMG7_IRQHandler                
0000403b  TIMG8_IRQHandler                
0000403b  UART0_IRQHandler                
00003d79  UART1_IRQHandler                
0000403b  UART2_IRQHandler                
0000403b  UART3_IRQHandler                
20208000  __STACK_END                     
00000200  __STACK_SIZE                    
00000000  __TI_ATRegion0_region_sz        
00000000  __TI_ATRegion0_src_addr         
00000000  __TI_ATRegion0_trg_addr         
00000000  __TI_ATRegion1_region_sz        
00000000  __TI_ATRegion1_src_addr         
00000000  __TI_ATRegion1_trg_addr         
00000000  __TI_ATRegion2_region_sz        
00000000  __TI_ATRegion2_src_addr         
00000000  __TI_ATRegion2_trg_addr         
000052c8  __TI_CINIT_Base                 
000052d8  __TI_CINIT_Limit                
000052d8  __TI_CINIT_Warm                 
000052b4  __TI_Handler_Table_Base         
000052c0  __TI_Handler_Table_Limit        
00004ab5  __TI_auto_init_nobinit_nopinit  
000044b9  __TI_decompress_lzss            
00004e9b  __TI_decompress_none            
ffffffff  __TI_pprof_out_hndl             
ffffffff  __TI_prof_data_size             
ffffffff  __TI_prof_data_start            
00000000  __TI_static_base__              
00004ebd  __TI_zero_init                  
00003a43  __addsf3                        
00004c11  __aeabi_f2iz                    
00003a43  __aeabi_fadd                    
00004611  __aeabi_fcmpeq                  
0000464d  __aeabi_fcmpge                  
00004661  __aeabi_fcmpgt                  
00004639  __aeabi_fcmple                  
00004625  __aeabi_fcmplt                  
000043b9  __aeabi_fdiv                    
0000432d  __aeabi_fmul                    
00003a39  __aeabi_fsub                    
00004a3d  __aeabi_i2f                     
00004845  __aeabi_idiv                    
0000443b  __aeabi_idiv0                   
00004845  __aeabi_idivmod                 
00004793  __aeabi_ldiv0                   
00004db9  __aeabi_llsl                    
00004d55  __aeabi_lmul                    
00004ecd  __aeabi_memclr                  
00004ecd  __aeabi_memclr4                 
00004ecd  __aeabi_memclr8                 
00004eed  __aeabi_memcpy                  
00004eed  __aeabi_memcpy4                 
00004eed  __aeabi_memcpy8                 
00004cdd  __aeabi_ui2f                    
00004985  __aeabi_uidiv                   
00004985  __aeabi_uidivmod                
00004e75  __aeabi_uldivmod                
00004db9  __ashldi3                       
ffffffff  __binit__                       
00004af1  __cmpsf2                        
000043b9  __divsf3                        
00004af1  __eqsf2                         
00004c11  __fixsfsi                       
00004a3d  __floatsisf                     
00004cdd  __floatunsisf                   
00004a79  __gesf2                         
00004a79  __gtsf2                         
00004af1  __lesf2                         
00004af1  __ltsf2                         
UNDEFED   __mpu_init                      
00004d55  __muldi3                        
00004b2d  __muldsi3                       
0000432d  __mulsf3                        
00004af1  __nesf2                         
20207e00  __stack                         
20200000  __start___llvm_prf_bits         
20200000  __start___llvm_prf_cnts         
20200000  __stop___llvm_prf_bits          
20200000  __stop___llvm_prf_cnts          
00003a39  __subsf3                        
00003f99  __udivmoddi4                    
00004d05  _c_int00_noargs                 
UNDEFED   _system_post_cinit              
00004f03  _system_pre_init                
00004ef5  abort                           
ffffffff  binit                           
20200400  gPWM_0Backup                    
202004bc  gQEI_0Backup                    
202005dc  g_car                           
20200720  g_competition_task_status       
20200708  g_line                          
202006ec  g_mpu6050                       
20200730  g_oled                          
00000000  interruptVectors                
0000403d  main                            
00004179  memcpy                          
00004673  memset                          


GLOBAL SYMBOLS: SORTED BY Symbol Address 

address   name                            
-------   ----                            
00000000  __TI_ATRegion0_region_sz        
00000000  __TI_ATRegion0_src_addr         
00000000  __TI_ATRegion0_trg_addr         
00000000  __TI_ATRegion1_region_sz        
00000000  __TI_ATRegion1_src_addr         
00000000  __TI_ATRegion1_trg_addr         
00000000  __TI_ATRegion2_region_sz        
00000000  __TI_ATRegion2_src_addr         
00000000  __TI_ATRegion2_trg_addr         
00000000  __TI_static_base__              
00000000  interruptVectors                
000000c1  Car_ControlStep                 
00000200  __STACK_SIZE                    
000010ed  OLED_DrawLapTime                
00001639  CompetitionTasks_ControlStep    
00001f05  Board_OLED_I2C_Write            
000025c5  Board_I2C_ReadRegs              
000029e9  LineTracker_Update              
00002b91  Car_Stop                        
00002e61  Odometer_ControlStep            
00002fa1  OLED_DrawRaceTime               
000030d5  SYSCFG_DL_GPIO_init             
000031f5  Car_BrakeHold                   
0000330d  CompetitionTasks_Init           
00003535  MPU6050_Init                    
00003641  DL_Timer_initFourCCPWMMode      
00003845  DL_Timer_initTimerMode          
00003a39  __aeabi_fsub                    
00003a39  __subsf3                        
00003a43  __addsf3                        
00003a43  __aeabi_fadd                    
00003b11  OLED_DrawAscii                  
00003be5  Odometer_Service                
00003cb5  CompetitionTasks_Service        
00003d79  UART1_IRQHandler                
00003e39  Car_Init                        
00003ee9  MPU6050_Calibrate               
00003f99  __udivmoddi4                    
0000403b  ADC0_IRQHandler                 
0000403b  ADC1_IRQHandler                 
0000403b  AES_IRQHandler                  
0000403b  CANFD0_IRQHandler               
0000403b  DAC0_IRQHandler                 
0000403b  DMA_IRQHandler                  
0000403b  Default_Handler                 
0000403b  GROUP0_IRQHandler               
0000403b  HardFault_Handler               
0000403b  I2C0_IRQHandler                 
0000403b  I2C1_IRQHandler                 
0000403b  NMI_Handler                     
0000403b  PendSV_Handler                  
0000403b  RTC_IRQHandler                  
0000403b  SPI0_IRQHandler                 
0000403b  SPI1_IRQHandler                 
0000403b  SVC_Handler                     
0000403b  SysTick_Handler                 
0000403b  TIMA0_IRQHandler                
0000403b  TIMA1_IRQHandler                
0000403b  TIMG0_IRQHandler                
0000403b  TIMG6_IRQHandler                
0000403b  TIMG7_IRQHandler                
0000403b  TIMG8_IRQHandler                
0000403b  UART0_IRQHandler                
0000403b  UART2_IRQHandler                
0000403b  UART3_IRQHandler                
0000403d  main                            
000040dd  MPU6050_Task                    
00004179  memcpy                          
00004213  OLED_DrawOdometer               
000042a1  SYSCFG_DL_PWM_0_init            
0000432d  __aeabi_fmul                    
0000432d  __mulsf3                        
000043b9  __aeabi_fdiv                    
000043b9  __divsf3                        
0000443b  __aeabi_idiv0                   
0000443d  Odometer_Init                   
000044b9  __TI_decompress_lzss            
00004535  SYSCFG_DL_UART_DEBUG_init       
00004611  __aeabi_fcmpeq                  
00004625  __aeabi_fcmplt                  
00004639  __aeabi_fcmple                  
0000464d  __aeabi_fcmpge                  
00004661  __aeabi_fcmpgt                  
00004673  memset                          
000046d5  SYSCFG_DL_initPower             
00004735  DL_I2C_fillControllerTXFIFO     
00004793  __aeabi_ldiv0                   
00004795  GROUP1_IRQHandler               
000047ed  OLED_Task                       
00004845  __aeabi_idiv                    
00004845  __aeabi_idivmod                 
0000489d  SYSCFG_DL_I2C_MPU_init          
000048f1  SYSCFG_DL_QEI_0_init            
0000493d  DL_UART_init                    
00004985  __aeabi_uidiv                   
00004985  __aeabi_uidivmod                
000049c5  DL_I2C_flushControllerTXFIFO    
00004a01  SYSCFG_DL_init                  
00004a3d  __aeabi_i2f                     
00004a3d  __floatsisf                     
00004a79  __gesf2                         
00004a79  __gtsf2                         
00004ab5  __TI_auto_init_nobinit_nopinit  
00004af1  __cmpsf2                        
00004af1  __eqsf2                         
00004af1  __lesf2                         
00004af1  __ltsf2                         
00004af1  __nesf2                         
00004b2d  __muldsi3                       
00004ba1  OLED_Init                       
00004bd9  SYSCFG_DL_TIMER_CONTROL_init    
00004c11  __aeabi_f2iz                    
00004c11  __fixsfsi                       
00004c49  Board_OLED_I2C_Init             
00004c7d  DL_I2C_flushControllerRXFIFO    
00004cad  SYSCFG_DL_SYSCTL_init           
00004cdd  __aeabi_ui2f                    
00004cdd  __floatunsisf                   
00004d05  _c_int00_noargs                 
00004d2d  DL_I2C_setClockConfig           
00004d55  __aeabi_lmul                    
00004d55  __muldi3                        
00004d79  Car_StartLineFollow             
00004d99  TIMG12_IRQHandler               
00004db9  __aeabi_llsl                    
00004db9  __ashldi3                       
00004dd9  DL_Timer_setCaptCompUpdateMethod
00004df5  DL_Timer_setClockConfig         
00004e11  Odometer_GetControlProgress     
00004e2d  Car_SetLineFollowBaseCounts     
00004e45  DL_Timer_setCaptureCompareOutCtl
00004e5d  Board_I2C_WriteReg              
00004e75  __aeabi_uldivmod                
00004e89  DL_UART_setClockConfig          
00004e9b  __TI_decompress_none            
00004ead  DL_Timer_setCaptureCompareValue 
00004ebd  __TI_zero_init                  
00004ecd  __aeabi_memclr                  
00004ecd  __aeabi_memclr4                 
00004ecd  __aeabi_memclr8                 
00004ed9  DL_Common_delayCycles           
00004ee3  LineTracker_Init                
00004eed  __aeabi_memcpy                  
00004eed  __aeabi_memcpy4                 
00004eed  __aeabi_memcpy8                 
00004ef5  abort                           
00004efa  C$$EXIT                         
00004efb  HOSTexit                        
00004eff  Reset_Handler                   
00004f03  _system_pre_init                
000052b4  __TI_Handler_Table_Base         
000052c0  __TI_Handler_Table_Limit        
000052c8  __TI_CINIT_Base                 
000052d8  __TI_CINIT_Limit                
000052d8  __TI_CINIT_Warm                 
20200000  __start___llvm_prf_bits         
20200000  __start___llvm_prf_cnts         
20200000  __stop___llvm_prf_bits          
20200000  __stop___llvm_prf_cnts          
20200400  gPWM_0Backup                    
202004bc  gQEI_0Backup                    
202005dc  g_car                           
202006ec  g_mpu6050                       
20200708  g_line                          
20200720  g_competition_task_status       
20200730  g_oled                          
20207e00  __stack                         
20208000  __STACK_END                     
ffffffff  __TI_pprof_out_hndl             
ffffffff  __TI_prof_data_size             
ffffffff  __TI_prof_data_start            
ffffffff  __binit__                       
ffffffff  binit                           
UNDEFED   __mpu_init                      
UNDEFED   _system_post_cinit              

[175 symbols]
