******************************************************************************
            TI ARM Clang Linker PC v4.0.4                      
******************************************************************************
>> Linked Thu Jul 30 20:17:13 2026

OUTPUT FILE NAME:   <TI_Car_3507_64.out>
ENTRY POINT SYMBOL: "_c_int00_noargs"  address: 000045e1


MEMORY CONFIGURATION

         name            origin    length      used     unused   attr    fill
----------------------  --------  ---------  --------  --------  ----  --------
  FLASH                 00000000   00020000  00004a78  0001b588  R  X
  SRAM                  20200000   00008000  00000984  0000767c  RW X
  BCR_CONFIG            41c00000   000000ff  00000000  000000ff  R   
  BSL_CONFIG            41c00100   00000080  00000000  00000080  R   


SEGMENT ALLOCATION MAP

run origin  load origin   length   init length attrs members
----------  ----------- ---------- ----------- ----- -------
00000000    00000000    00004a78   00004a78    r-x
  00000000    00000000    000000c0   000000c0    r-- .intvecs
  000000c0    000000c0    000046f0   000046f0    r-x .text
  000047b0    000047b0    00000208   00000208    r-- .rodata
  000049b8    000049b8    000000c0   000000c0    r-- .cinit
20200000    20200000    00000784   00000000    rw-
  20200000    20200000    000005dc   00000000    rw- .bss
  202005dc    202005dc    000001a8   00000000    rw- .data
20207e00    20207e00    00000200   00000000    rw-
  20207e00    20207e00    00000200   00000000    rw- .stack


SECTION ALLOCATION MAP

 output                                  attributes/
section   page    origin      length       input sections
--------  ----  ----------  ----------   ----------------
.intvecs   0    00000000    000000c0     
                  00000000    000000c0     startup_mspm0g350x_ticlang.o (.intvecs)

.text      0    000000c0    000046f0     
                  000000c0    000009b4     car_control.o (.text.Car_ControlStep)
                  00000a74    00000608     car_control.o (.text.Car_RightAngleApproachStep)
                  0000107c    00000460     board_oled_i2c.o (.text.Board_OLED_I2C_RecoverBus)
                  000014dc    0000039c     board_oled_i2c.o (.text.Board_OLED_I2C_Write)
                  00001878    00000324     board_oled_i2c.o (.text.Board_OLED_I2C_WriteByte)
                  00001b9c    00000274     oled_ssd1306.o (.text.OLED_DrawOdometer)
                  00001e10    00000260     board_i2c.o (.text.Board_I2C_ReadRegs)
                  00002070    000001d4     competition_tasks.o (.text.CompetitionTasks_ControlStep)
                  00002244    000001c4     oled_ssd1306.o (.text.OLED_TryInitialize)
                  00002408    000001a8     line_tracker.o (.text.LineTracker_Update)
                  000025b0    00000180     car_control.o (.text.Car_Stop)
                  00002730    00000150     board_i2c.o (.text.Board_I2C_WriteByteStream)
                  00002880    0000012c     oled_ssd1306.o (.text.OLED_DrawRaceTime)
                  000029ac    0000011c     ti_msp_dl_config.o (.text.SYSCFG_DL_GPIO_init)
                  00002ac8    00000118     car_control.o (.text.Car_BrakeHold)
                  00002be0    00000110     car_control.o (.text.Car_PidStep)
                  00002cf0    0000010c     mpu6050.o (.text.MPU6050_Init)
                  00002dfc    00000104     driverlib.a : dl_timer.o (.text.DL_Timer_initFourCCPWMMode)
                  00002f00    00000100     car_control.o (.text.Car_LinePidStep)
                  00003000    000000fc     driverlib.a : dl_timer.o (.text.DL_Timer_initTimerMode)
                  000030fc    000000f8     oled_ssd1306.o (.text.OLED_UpdateWindow)
                  000031f4    000000d8     libclang_rt.builtins.a : addsf3.S.obj (.text)
                  000032cc    000000d4     oled_ssd1306.o (.text.OLED_DrawAscii)
                  000033a0    000000d0     odometer.o (.text.Odometer_ControlStep)
                  00003470    000000d0     odometer.o (.text.Odometer_Service)
                  00003540    000000c0     debug_uart.o (.text.UART1_IRQHandler)
                  00003600    000000b0     car_control.o (.text.Car_Init)
                  000036b0    000000b0     mpu6050.o (.text.MPU6050_Calibrate)
                  00003760    000000ac     competition_tasks.o (.text.CompetitionTasks_Init)
                  0000380c    000000a2     libclang_rt.builtins.a : udivmoddi4.S.obj (.text)
                  000038ae    00000002     startup_mspm0g350x_ticlang.o (.text.Default_Handler)
                  000038b0    000000a0     empty.o (.text.main)
                  00003950    0000009c     mpu6050.o (.text.MPU6050_Task)
                  000039ec    0000009a     libc.a : memcpy16.S.obj (.text:memcpy)
                  00003a86    00000002     libclang_rt.builtins.a : aeabi_div0.c.obj (.text.__aeabi_idiv0)
                  00003a88    0000008c     car_control.o (.text.Car_RightAngleAssistStop)
                  00003b14    0000008c     ti_msp_dl_config.o (.text.SYSCFG_DL_PWM_0_init)
                  00003ba0    0000008c     libclang_rt.builtins.a : mulsf3.S.obj (.text.__mulsf3)
                  00003c2c    00000082                            : divsf3.S.obj (.text.__divsf3)
                  00003cae    00000002                            : aeabi_div0.c.obj (.text.__aeabi_ldiv0)
                  00003cb0    0000007c     libc.a : copy_decompress_lzss.c.obj (.text:decompress:lzss)
                  00003d2c    00000074     odometer.o (.text.Odometer_Init)
                  00003da0    00000070     competition_tasks.o (.text.CompetitionTasks_Service)
                  00003e10    00000070     ti_msp_dl_config.o (.text.SYSCFG_DL_UART_DEBUG_init)
                  00003e80    0000006c     car_control.o (.text.Car_RightAngleSetTargets)
                  00003eec    00000062     libclang_rt.builtins.a : aeabi_fcmp.S.obj (.text.__aeabi_fcmp)
                  00003f4e    00000062     libc.a : memset16.S.obj (.text:memset)
                  00003fb0    00000060     ti_msp_dl_config.o (.text.SYSCFG_DL_initPower)
                  00004010    0000005e     driverlib.a : dl_i2c.o (.text.DL_I2C_fillControllerTXFIFO)
                  0000406e    00000002     --HOLE-- [fill = 0]
                  00004070    00000058     car_control.o (.text.GROUP1_IRQHandler)
                  000040c8    00000058     oled_ssd1306.o (.text.OLED_Task)
                  00004120    00000056     libclang_rt.builtins.a : aeabi_idivmod.S.obj (.text.__aeabi_idivmod)
                  00004176    00000002     --HOLE-- [fill = 0]
                  00004178    00000054     ti_msp_dl_config.o (.text.SYSCFG_DL_I2C_MPU_init)
                  000041cc    0000004c     ti_msp_dl_config.o (.text.SYSCFG_DL_QEI_0_init)
                  00004218    00000048     driverlib.a : dl_uart.o (.text.DL_UART_init)
                  00004260    00000040     libclang_rt.builtins.a : aeabi_uidivmod.S.obj (.text.__aeabi_uidivmod)
                  000042a0    0000003c     driverlib.a : dl_i2c.o (.text.DL_I2C_flushControllerTXFIFO)
                  000042dc    0000003c     ti_msp_dl_config.o (.text.SYSCFG_DL_init)
                  00004318    0000003c     libclang_rt.builtins.a : floatsisf.S.obj (.text.__floatsisf)
                  00004354    0000003c                            : comparesf2.S.obj (.text.__gtsf2)
                  00004390    0000003c     libc.a : autoinit.c.obj (.text:__TI_auto_init_nobinit_nopinit)
                  000043cc    0000003a     libclang_rt.builtins.a : comparesf2.S.obj (.text.__eqsf2)
                  00004406    00000002     --HOLE-- [fill = 0]
                  00004408    0000003a                            : muldsi3.S.obj (.text.__muldsi3)
                  00004442    00000002     --HOLE-- [fill = 0]
                  00004444    00000038     board_i2c.o (.text.Board_I2C_RecoverBus)
                  0000447c    00000038     oled_ssd1306.o (.text.OLED_Init)
                  000044b4    00000038     ti_msp_dl_config.o (.text.SYSCFG_DL_TIMER_CONTROL_init)
                  000044ec    00000038     libclang_rt.builtins.a : fixsfsi.S.obj (.text.__fixsfsi)
                  00004524    00000034     board_oled_i2c.o (.text.Board_OLED_I2C_Init)
                  00004558    00000030     driverlib.a : dl_i2c.o (.text.DL_I2C_flushControllerRXFIFO)
                  00004588    00000030     ti_msp_dl_config.o (.text.SYSCFG_DL_SYSCTL_init)
                  000045b8    00000028     libclang_rt.builtins.a : floatunsisf.S.obj (.text.__floatunsisf)
                  000045e0    00000028     libc.a : boot_cortex_m.c.obj (.text:_c_int00_noargs)
                  00004608    00000026     driverlib.a : dl_i2c.o (.text.DL_I2C_setClockConfig)
                  0000462e    00000002     --HOLE-- [fill = 0]
                  00004630    00000024     libclang_rt.builtins.a : muldi3.S.obj (.text.__muldi3)
                  00004654    00000020     car_control.o (.text.Car_StartLineFollow)
                  00004674    00000020     empty.o (.text.TIMG12_IRQHandler)
                  00004694    0000001e     libclang_rt.builtins.a : ashldi3.S.obj (.text.__ashldi3)
                  000046b2    00000002     --HOLE-- [fill = 0]
                  000046b4    0000001c     driverlib.a : dl_timer.o (.text.DL_Timer_setCaptCompUpdateMethod)
                  000046d0    0000001c                 : dl_timer.o (.text.DL_Timer_setClockConfig)
                  000046ec    00000018                 : dl_timer.o (.text.DL_Timer_setCaptureCompareOutCtl)
                  00004704    00000016     board_i2c.o (.text.Board_I2C_WriteReg)
                  0000471a    00000002     --HOLE-- [fill = 0]
                  0000471c    00000014     libclang_rt.builtins.a : aeabi_uldivmod.S.obj (.text.__aeabi_uldivmod)
                  00004730    00000012     driverlib.a : dl_uart.o (.text.DL_UART_setClockConfig)
                  00004742    00000012     libc.a : copy_decompress_none.c.obj (.text:decompress:none)
                  00004754    00000010     driverlib.a : dl_timer.o (.text.DL_Timer_setCaptureCompareValue)
                  00004764    00000010     libc.a : copy_zero_init.c.obj (.text:decompress:ZI)
                  00004774    0000000c     libclang_rt.builtins.a : aeabi_memset.S.obj (.text.__aeabi_memclr)
                  00004780    0000000a     driverlib.a : dl_common.o (.text.DL_Common_delayCycles)
                  0000478a    00000008     line_tracker.o (.text.LineTracker_Init)
                  00004792    00000002     --HOLE-- [fill = 0]
                  00004794    00000008     libclang_rt.builtins.a : aeabi_memcpy.S.obj (.text.__aeabi_memcpy)
                  0000479c    00000006     libc.a : exit.c.obj (.text:abort)
                  000047a2    00000004     libsysbm.a : hostexit.c.obj (.text.HOSTexit)
                  000047a6    00000004     startup_mspm0g350x_ticlang.o (.text.Reset_Handler)
                  000047aa    00000004     libc.a : pre_init.c.obj (.text._system_pre_init)
                  000047ae    00000002     --HOLE-- [fill = 0]

.cinit     0    000049b8    000000c0     
                  000049b8    00000097     (.cinit..data.load) [load image, compression = lzss]
                  00004a4f    00000001     --HOLE-- [fill = 0]
                  00004a50    0000000c     (__TI_handler_table)
                  00004a5c    00000008     (.cinit..bss.load) [load image, compression = zero_init]
                  00004a64    00000010     (__TI_cinit_table)
                  00004a74    00000004     --HOLE-- [fill = 0]

.rodata    0    000047b0    00000208     
                  000047b0    00000140     oled_ssd1306.o (.rodata.s_digit16)
                  000048f0    00000069     oled_ssd1306.o (.rodata.s_font5x7)
                  00004959    0000001c     oled_ssd1306.o (.rodata.s_oled_init_cmds)
                  00004975    00000003     ti_msp_dl_config.o (.rodata.gPWM_0ClockConfig)
                  00004978    00000014     ti_msp_dl_config.o (.rodata.gTIMER_CONTROLTimerConfig)
                  0000498c    00000010     car_control.o (.rodata.cst16)
                  0000499c    0000000a     ti_msp_dl_config.o (.rodata.gUART_DEBUGConfig)
                  000049a6    00000002     ti_msp_dl_config.o (.rodata.gI2C_MPUClockConfig)
                  000049a8    00000008     ti_msp_dl_config.o (.rodata.gPWM_0Config)
                  000049b0    00000003     ti_msp_dl_config.o (.rodata.gQEI_0ClockConfig)
                  000049b3    00000003     ti_msp_dl_config.o (.rodata.gTIMER_CONTROLClockConfig)
                  000049b6    00000002     ti_msp_dl_config.o (.rodata.gUART_DEBUGClockConfig)

.init_array 
*          0    00000000    00000000     UNINITIALIZED

.binit     0    00000000    00000000     

.bss       0    20200000    000005dc     UNINITIALIZED
                  20200000    00000400     oled_ssd1306.o (.bss.s_buffer)
                  20200400    000000bc     (.common:gPWM_0Backup)
                  202004bc    000000a0     (.common:gQEI_0Backup)
                  2020055c    00000080     debug_uart.o (.bss.s_rx_buffer)

.data      0    202005dc    000001a8     UNINITIALIZED
                  202005dc    00000110     car_control.o (.data.g_car)
                  202006ec    0000001c     mpu6050.o (.data.g_mpu6050)
                  20200708    00000018     line_tracker.o (.data.g_line)
                  20200720    00000010     competition_tasks.o (.data.g_competition_task_status)
                  20200730    00000008     oled_ssd1306.o (.data.g_oled)
                  20200738    00000004     car_control.o (.data.s_approach_fused_distance)
                  2020073c    00000004     competition_tasks.o (.data.s_key_debounce_tick)
                  20200740    00000004     competition_tasks.o (.data.s_key_press_tick)
                  20200744    00000004     competition_tasks.o (.data.s_last_control_tick)
                  20200748    00000004     competition_tasks.o (.data.s_last_display_tick)
                  2020074c    00000004     odometer.o (.data.s_last_display_tick)
                  20200750    00000004     mpu6050.o (.data.s_last_sample_tick)
                  20200754    00000004     oled_ssd1306.o (.data.s_last_service_tick)
                  20200758    00000004     odometer.o (.data.s_left_counts)
                  2020075c    00000004     odometer.o (.data.s_left_zero)
                  20200760    00000004     odometer.o (.data.s_right_counts)
                  20200764    00000004     car_control.o (.data.s_right_encoder_count)
                  20200768    00000004     odometer.o (.data.s_right_zero)
                  2020076c    00000002     debug_uart.o (.data.s_rx_head)
                  2020076e    00000002     debug_uart.o (.data.s_rx_tail)
                  20200770    00000001     car_control.o (.data.s_approach_invalid_ticks)
                  20200771    00000001     car_control.o (.data.s_approach_left_stale_ticks)
                  20200772    00000001     car_control.o (.data.s_approach_locked_health)
                  20200773    00000001     car_control.o (.data.s_approach_mismatch_health)
                  20200774    00000001     car_control.o (.data.s_approach_mismatch_ticks)
                  20200775    00000001     car_control.o (.data.s_approach_right_stale_ticks)
                  20200776    00000001     competition_tasks.o (.data.s_display_dirty)
                  20200777    00000001     odometer.o (.data.s_display_dirty)
                  20200778    00000001     competition_tasks.o (.data.s_finish_confirm_count)
                  20200779    00000001     odometer.o (.data.s_frozen)
                  2020077a    00000001     competition_tasks.o (.data.s_initialized)
                  2020077b    00000001     odometer.o (.data.s_initialized)
                  2020077c    00000001     competition_tasks.o (.data.s_key_armed)
                  2020077d    00000001     competition_tasks.o (.data.s_key_last_raw)
                  2020077e    00000001     competition_tasks.o (.data.s_key_press_allowed)
                  2020077f    00000001     competition_tasks.o (.data.s_key_press_pending)
                  20200780    00000001     competition_tasks.o (.data.s_key_stable)
                  20200781    00000001     odometer.o (.data.s_last_state)
                  20200782    00000001     competition_tasks.o (.data.s_leave_confirm_count)
                  20200783    00000001     car_control.o (.data.s_right_encoder_state)

.stack     0    20207e00    00000200     UNINITIALIZED
                  20207e00    00000004     libc.a : boot_cortex_m.c.obj (.stack)
                  20207e04    000001fc     --HOLE--

__llvm_prf_cnts 
*          0    20200000    00000000     UNINITIALIZED

__llvm_prf_bits 
*          0    20200000    00000000     UNINITIALIZED

MODULE SUMMARY

       Module                         code    ro data   rw data
       ------                         ----    -------   -------
    .\
       car_control.o                  5764    16        287    
       oled_ssd1306.o                 1984    453       1036   
       board_oled_i2c.o               2900    0         0      
       ti_msp_dl_config.o             956     51        348    
       board_i2c.o                    1022    0         0      
       competition_tasks.o            752     0         41     
       mpu6050.o                      600     0         32     
       odometer.o                     532     0         24     
       line_tracker.o                 432     0         24     
       debug_uart.o                   192     0         132    
       startup_mspm0g350x_ticlang.o   6       192       0      
       empty.o                        192     0         0      
    +--+------------------------------+-------+---------+---------+
       Total:                         15332   712       1924   
                                                               
    F:/TI/mspm0_sdk_2_10_00_04/source/ti/driverlib/lib/ticlang/m0p/mspm0g1x0x_g3x0x/driverlib.a
       dl_timer.o                     608     0         0      
       dl_i2c.o                       240     0         0      
       dl_uart.o                      90      0         0      
       dl_common.o                    10      0         0      
    +--+------------------------------+-------+---------+---------+
       Total:                         948     0         0      
                                                               
    F:\TI\ccstheia\ccs\tools\compiler\ti-cgt-armllvm_4.0.4.LTS\lib\armv6m-ti-none-eabi/c/libc.a
       memcpy16.S.obj                 154     0         0      
       copy_decompress_lzss.c.obj     124     0         0      
       memset16.S.obj                 98      0         0      
       autoinit.c.obj                 60      0         0      
       boot_cortex_m.c.obj            40      0         0      
       copy_decompress_none.c.obj     18      0         0      
       copy_zero_init.c.obj           16      0         0      
       exit.c.obj                     6       0         0      
       pre_init.c.obj                 4       0         0      
    +--+------------------------------+-------+---------+---------+
       Total:                         520     0         0      
                                                               
    F:\TI\ccstheia\ccs\tools\compiler\ti-cgt-armllvm_4.0.4.LTS\lib\armv6m-ti-none-eabi/c/libsysbm.a
       hostexit.c.obj                 4       0         0      
    +--+------------------------------+-------+---------+---------+
       Total:                         4       0         0      
                                                               
    F:\TI\ccstheia\ccs\tools\compiler\ti-cgt-armllvm_4.0.4.LTS\lib\armv6m-ti-none-eabi/libclang_rt.builtins.a
       addsf3.S.obj                   216     0         0      
       udivmoddi4.S.obj               162     0         0      
       mulsf3.S.obj                   140     0         0      
       divsf3.S.obj                   130     0         0      
       comparesf2.S.obj               118     0         0      
       aeabi_fcmp.S.obj               98      0         0      
       aeabi_idivmod.S.obj            86      0         0      
       aeabi_uidivmod.S.obj           64      0         0      
       floatsisf.S.obj                60      0         0      
       muldsi3.S.obj                  58      0         0      
       fixsfsi.S.obj                  56      0         0      
       floatunsisf.S.obj              40      0         0      
       muldi3.S.obj                   36      0         0      
       ashldi3.S.obj                  30      0         0      
       aeabi_uldivmod.S.obj           20      0         0      
       aeabi_memset.S.obj             12      0         0      
       aeabi_memcpy.S.obj             8       0         0      
       aeabi_div0.c.obj               4       0         0      
    +--+------------------------------+-------+---------+---------+
       Total:                         1338    0         0      
                                                               
       Stack:                         0       0         512    
       Linker Generated:              0       187       0      
    +--+------------------------------+-------+---------+---------+
       Grand Total:                   18142   899       2436   


LINKER GENERATED COPY TABLES

__TI_cinit_table @ 00004a64 records: 2, size/record: 8, table size: 16
	.data: load addr=000049b8, load size=00000097 bytes, run addr=202005dc, run size=000001a8 bytes, compression=lzss
	.bss: load addr=00004a5c, load size=00000008 bytes, run addr=20200000, run size=000005dc bytes, compression=zero_init


LINKER GENERATED HANDLER TABLE

__TI_handler_table @ 00004a50 records: 3, size/record: 4, table size: 12
	index: 0, handler: __TI_decompress_lzss
	index: 1, handler: __TI_decompress_none
	index: 2, handler: __TI_zero_init


GLOBAL SYMBOLS: SORTED ALPHABETICALLY BY Name 

address   name                            
-------   ----                            
000038af  ADC0_IRQHandler                 
000038af  ADC1_IRQHandler                 
000038af  AES_IRQHandler                  
00001e11  Board_I2C_ReadRegs              
00004705  Board_I2C_WriteReg              
00004525  Board_OLED_I2C_Init             
000014dd  Board_OLED_I2C_Write            
000047a2  C$$EXIT                         
000038af  CANFD0_IRQHandler               
00002ac9  Car_BrakeHold                   
000000c1  Car_ControlStep                 
00003601  Car_Init                        
00004655  Car_StartLineFollow             
000025b1  Car_Stop                        
00002071  CompetitionTasks_ControlStep    
00003761  CompetitionTasks_Init           
00003da1  CompetitionTasks_Service        
000038af  DAC0_IRQHandler                 
00004781  DL_Common_delayCycles           
00004011  DL_I2C_fillControllerTXFIFO     
00004559  DL_I2C_flushControllerRXFIFO    
000042a1  DL_I2C_flushControllerTXFIFO    
00004609  DL_I2C_setClockConfig           
00002dfd  DL_Timer_initFourCCPWMMode      
00003001  DL_Timer_initTimerMode          
000046b5  DL_Timer_setCaptCompUpdateMethod
000046ed  DL_Timer_setCaptureCompareOutCtl
00004755  DL_Timer_setCaptureCompareValue 
000046d1  DL_Timer_setClockConfig         
00004219  DL_UART_init                    
00004731  DL_UART_setClockConfig          
000038af  DMA_IRQHandler                  
000038af  Default_Handler                 
000038af  GROUP0_IRQHandler               
00004071  GROUP1_IRQHandler               
000047a3  HOSTexit                        
000038af  HardFault_Handler               
000038af  I2C0_IRQHandler                 
000038af  I2C1_IRQHandler                 
0000478b  LineTracker_Init                
00002409  LineTracker_Update              
000036b1  MPU6050_Calibrate               
00002cf1  MPU6050_Init                    
00003951  MPU6050_Task                    
000038af  NMI_Handler                     
000032cd  OLED_DrawAscii                  
00001b9d  OLED_DrawOdometer               
00002881  OLED_DrawRaceTime               
0000447d  OLED_Init                       
000040c9  OLED_Task                       
000033a1  Odometer_ControlStep            
00003d2d  Odometer_Init                   
00003471  Odometer_Service                
000038af  PendSV_Handler                  
000038af  RTC_IRQHandler                  
000047a7  Reset_Handler                   
000038af  SPI0_IRQHandler                 
000038af  SPI1_IRQHandler                 
000038af  SVC_Handler                     
000029ad  SYSCFG_DL_GPIO_init             
00004179  SYSCFG_DL_I2C_MPU_init          
00003b15  SYSCFG_DL_PWM_0_init            
000041cd  SYSCFG_DL_QEI_0_init            
00004589  SYSCFG_DL_SYSCTL_init           
000044b5  SYSCFG_DL_TIMER_CONTROL_init    
00003e11  SYSCFG_DL_UART_DEBUG_init       
000042dd  SYSCFG_DL_init                  
00003fb1  SYSCFG_DL_initPower             
000038af  SysTick_Handler                 
000038af  TIMA0_IRQHandler                
000038af  TIMA1_IRQHandler                
000038af  TIMG0_IRQHandler                
00004675  TIMG12_IRQHandler               
000038af  TIMG6_IRQHandler                
000038af  TIMG7_IRQHandler                
000038af  TIMG8_IRQHandler                
000038af  UART0_IRQHandler                
00003541  UART1_IRQHandler                
000038af  UART2_IRQHandler                
000038af  UART3_IRQHandler                
20208000  __STACK_END                     
00000200  __STACK_SIZE                    
00000000  __TI_ATRegion0_region_sz        
00000000  __TI_ATRegion0_src_addr         
00000000  __TI_ATRegion0_trg_addr         
00000000  __TI_ATRegion1_region_sz        
00000000  __TI_ATRegion1_src_addr         
00000000  __TI_ATRegion1_trg_addr         
00000000  __TI_ATRegion2_region_sz        
00000000  __TI_ATRegion2_src_addr         
00000000  __TI_ATRegion2_trg_addr         
00004a64  __TI_CINIT_Base                 
00004a74  __TI_CINIT_Limit                
00004a74  __TI_CINIT_Warm                 
00004a50  __TI_Handler_Table_Base         
00004a5c  __TI_Handler_Table_Limit        
00004391  __TI_auto_init_nobinit_nopinit  
00003cb1  __TI_decompress_lzss            
00004743  __TI_decompress_none            
ffffffff  __TI_pprof_out_hndl             
ffffffff  __TI_prof_data_size             
ffffffff  __TI_prof_data_start            
00000000  __TI_static_base__              
00004765  __TI_zero_init                  
000031ff  __addsf3                        
000044ed  __aeabi_f2iz                    
000031ff  __aeabi_fadd                    
00003eed  __aeabi_fcmpeq                  
00003f29  __aeabi_fcmpge                  
00003f3d  __aeabi_fcmpgt                  
00003f15  __aeabi_fcmple                  
00003f01  __aeabi_fcmplt                  
00003c2d  __aeabi_fdiv                    
00003ba1  __aeabi_fmul                    
000031f5  __aeabi_fsub                    
00004319  __aeabi_i2f                     
00004121  __aeabi_idiv                    
00003a87  __aeabi_idiv0                   
00004121  __aeabi_idivmod                 
00003caf  __aeabi_ldiv0                   
00004695  __aeabi_llsl                    
00004631  __aeabi_lmul                    
00004775  __aeabi_memclr                  
00004775  __aeabi_memclr4                 
00004775  __aeabi_memclr8                 
00004795  __aeabi_memcpy                  
00004795  __aeabi_memcpy4                 
00004795  __aeabi_memcpy8                 
000045b9  __aeabi_ui2f                    
00004261  __aeabi_uidiv                   
00004261  __aeabi_uidivmod                
0000471d  __aeabi_uldivmod                
00004695  __ashldi3                       
ffffffff  __binit__                       
000043cd  __cmpsf2                        
00003c2d  __divsf3                        
000043cd  __eqsf2                         
000044ed  __fixsfsi                       
00004319  __floatsisf                     
000045b9  __floatunsisf                   
00004355  __gesf2                         
00004355  __gtsf2                         
000043cd  __lesf2                         
000043cd  __ltsf2                         
UNDEFED   __mpu_init                      
00004631  __muldi3                        
00004409  __muldsi3                       
00003ba1  __mulsf3                        
000043cd  __nesf2                         
20207e00  __stack                         
20200000  __start___llvm_prf_bits         
20200000  __start___llvm_prf_cnts         
20200000  __stop___llvm_prf_bits          
20200000  __stop___llvm_prf_cnts          
000031f5  __subsf3                        
0000380d  __udivmoddi4                    
000045e1  _c_int00_noargs                 
UNDEFED   _system_post_cinit              
000047ab  _system_pre_init                
0000479d  abort                           
ffffffff  binit                           
20200400  gPWM_0Backup                    
202004bc  gQEI_0Backup                    
202005dc  g_car                           
20200720  g_competition_task_status       
20200708  g_line                          
202006ec  g_mpu6050                       
20200730  g_oled                          
00000000  interruptVectors                
000038b1  main                            
000039ed  memcpy                          
00003f4f  memset                          


GLOBAL SYMBOLS: SORTED BY Symbol Address 

address   name                            
-------   ----                            
00000000  __TI_ATRegion0_region_sz        
00000000  __TI_ATRegion0_src_addr         
00000000  __TI_ATRegion0_trg_addr         
00000000  __TI_ATRegion1_region_sz        
00000000  __TI_ATRegion1_src_addr         
00000000  __TI_ATRegion1_trg_addr         
00000000  __TI_ATRegion2_region_sz        
00000000  __TI_ATRegion2_src_addr         
00000000  __TI_ATRegion2_trg_addr         
00000000  __TI_static_base__              
00000000  interruptVectors                
000000c1  Car_ControlStep                 
00000200  __STACK_SIZE                    
000014dd  Board_OLED_I2C_Write            
00001b9d  OLED_DrawOdometer               
00001e11  Board_I2C_ReadRegs              
00002071  CompetitionTasks_ControlStep    
00002409  LineTracker_Update              
000025b1  Car_Stop                        
00002881  OLED_DrawRaceTime               
000029ad  SYSCFG_DL_GPIO_init             
00002ac9  Car_BrakeHold                   
00002cf1  MPU6050_Init                    
00002dfd  DL_Timer_initFourCCPWMMode      
00003001  DL_Timer_initTimerMode          
000031f5  __aeabi_fsub                    
000031f5  __subsf3                        
000031ff  __addsf3                        
000031ff  __aeabi_fadd                    
000032cd  OLED_DrawAscii                  
000033a1  Odometer_ControlStep            
00003471  Odometer_Service                
00003541  UART1_IRQHandler                
00003601  Car_Init                        
000036b1  MPU6050_Calibrate               
00003761  CompetitionTasks_Init           
0000380d  __udivmoddi4                    
000038af  ADC0_IRQHandler                 
000038af  ADC1_IRQHandler                 
000038af  AES_IRQHandler                  
000038af  CANFD0_IRQHandler               
000038af  DAC0_IRQHandler                 
000038af  DMA_IRQHandler                  
000038af  Default_Handler                 
000038af  GROUP0_IRQHandler               
000038af  HardFault_Handler               
000038af  I2C0_IRQHandler                 
000038af  I2C1_IRQHandler                 
000038af  NMI_Handler                     
000038af  PendSV_Handler                  
000038af  RTC_IRQHandler                  
000038af  SPI0_IRQHandler                 
000038af  SPI1_IRQHandler                 
000038af  SVC_Handler                     
000038af  SysTick_Handler                 
000038af  TIMA0_IRQHandler                
000038af  TIMA1_IRQHandler                
000038af  TIMG0_IRQHandler                
000038af  TIMG6_IRQHandler                
000038af  TIMG7_IRQHandler                
000038af  TIMG8_IRQHandler                
000038af  UART0_IRQHandler                
000038af  UART2_IRQHandler                
000038af  UART3_IRQHandler                
000038b1  main                            
00003951  MPU6050_Task                    
000039ed  memcpy                          
00003a87  __aeabi_idiv0                   
00003b15  SYSCFG_DL_PWM_0_init            
00003ba1  __aeabi_fmul                    
00003ba1  __mulsf3                        
00003c2d  __aeabi_fdiv                    
00003c2d  __divsf3                        
00003caf  __aeabi_ldiv0                   
00003cb1  __TI_decompress_lzss            
00003d2d  Odometer_Init                   
00003da1  CompetitionTasks_Service        
00003e11  SYSCFG_DL_UART_DEBUG_init       
00003eed  __aeabi_fcmpeq                  
00003f01  __aeabi_fcmplt                  
00003f15  __aeabi_fcmple                  
00003f29  __aeabi_fcmpge                  
00003f3d  __aeabi_fcmpgt                  
00003f4f  memset                          
00003fb1  SYSCFG_DL_initPower             
00004011  DL_I2C_fillControllerTXFIFO     
00004071  GROUP1_IRQHandler               
000040c9  OLED_Task                       
00004121  __aeabi_idiv                    
00004121  __aeabi_idivmod                 
00004179  SYSCFG_DL_I2C_MPU_init          
000041cd  SYSCFG_DL_QEI_0_init            
00004219  DL_UART_init                    
00004261  __aeabi_uidiv                   
00004261  __aeabi_uidivmod                
000042a1  DL_I2C_flushControllerTXFIFO    
000042dd  SYSCFG_DL_init                  
00004319  __aeabi_i2f                     
00004319  __floatsisf                     
00004355  __gesf2                         
00004355  __gtsf2                         
00004391  __TI_auto_init_nobinit_nopinit  
000043cd  __cmpsf2                        
000043cd  __eqsf2                         
000043cd  __lesf2                         
000043cd  __ltsf2                         
000043cd  __nesf2                         
00004409  __muldsi3                       
0000447d  OLED_Init                       
000044b5  SYSCFG_DL_TIMER_CONTROL_init    
000044ed  __aeabi_f2iz                    
000044ed  __fixsfsi                       
00004525  Board_OLED_I2C_Init             
00004559  DL_I2C_flushControllerRXFIFO    
00004589  SYSCFG_DL_SYSCTL_init           
000045b9  __aeabi_ui2f                    
000045b9  __floatunsisf                   
000045e1  _c_int00_noargs                 
00004609  DL_I2C_setClockConfig           
00004631  __aeabi_lmul                    
00004631  __muldi3                        
00004655  Car_StartLineFollow             
00004675  TIMG12_IRQHandler               
00004695  __aeabi_llsl                    
00004695  __ashldi3                       
000046b5  DL_Timer_setCaptCompUpdateMethod
000046d1  DL_Timer_setClockConfig         
000046ed  DL_Timer_setCaptureCompareOutCtl
00004705  Board_I2C_WriteReg              
0000471d  __aeabi_uldivmod                
00004731  DL_UART_setClockConfig          
00004743  __TI_decompress_none            
00004755  DL_Timer_setCaptureCompareValue 
00004765  __TI_zero_init                  
00004775  __aeabi_memclr                  
00004775  __aeabi_memclr4                 
00004775  __aeabi_memclr8                 
00004781  DL_Common_delayCycles           
0000478b  LineTracker_Init                
00004795  __aeabi_memcpy                  
00004795  __aeabi_memcpy4                 
00004795  __aeabi_memcpy8                 
0000479d  abort                           
000047a2  C$$EXIT                         
000047a3  HOSTexit                        
000047a7  Reset_Handler                   
000047ab  _system_pre_init                
00004a50  __TI_Handler_Table_Base         
00004a5c  __TI_Handler_Table_Limit        
00004a64  __TI_CINIT_Base                 
00004a74  __TI_CINIT_Limit                
00004a74  __TI_CINIT_Warm                 
20200000  __start___llvm_prf_bits         
20200000  __start___llvm_prf_cnts         
20200000  __stop___llvm_prf_bits          
20200000  __stop___llvm_prf_cnts          
20200400  gPWM_0Backup                    
202004bc  gQEI_0Backup                    
202005dc  g_car                           
202006ec  g_mpu6050                       
20200708  g_line                          
20200720  g_competition_task_status       
20200730  g_oled                          
20207e00  __stack                         
20208000  __STACK_END                     
ffffffff  __TI_pprof_out_hndl             
ffffffff  __TI_prof_data_size             
ffffffff  __TI_prof_data_start            
ffffffff  __binit__                       
ffffffff  binit                           
UNDEFED   __mpu_init                      
UNDEFED   _system_post_cinit              

[172 symbols]
