******************************************************************************
            TI ARM Clang Linker PC v4.0.4                      
******************************************************************************
>> Linked Fri Jul 31 09:02:22 2026

OUTPUT FILE NAME:   <TI_Car_3507_64.out>
ENTRY POINT SYMBOL: "_c_int00_noargs"  address: 00004c91


MEMORY CONFIGURATION

         name            origin    length      used     unused   attr    fill
----------------------  --------  ---------  --------  --------  ----  --------
  FLASH                 00000000   00020000  00005268  0001ad98  R  X
  SRAM                  20200000   00008000  000009a8  00007658  RW X
  BCR_CONFIG            41c00000   000000ff  00000000  000000ff  R   
  BSL_CONFIG            41c00100   00000080  00000000  00000080  R   


SEGMENT ALLOCATION MAP

run origin  load origin   length   init length attrs members
----------  ----------- ---------- ----------- ----- -------
00000000    00000000    00005268   00005268    r-x
  00000000    00000000    000000c0   000000c0    r-- .intvecs
  000000c0    000000c0    00004dd8   00004dd8    r-x .text
  00004e98    00004e98    00000310   00000310    r-- .rodata
  000051a8    000051a8    000000c0   000000c0    r-- .cinit
20200000    20200000    000007a8   00000000    rw-
  20200000    20200000    000005dc   00000000    rw- .bss
  202005dc    202005dc    000001cc   00000000    rw- .data
20207e00    20207e00    00000200   00000000    rw-
  20207e00    20207e00    00000200   00000000    rw- .stack


SECTION ALLOCATION MAP

 output                                  attributes/
section   page    origin      length       input sections
--------  ----  ----------  ----------   ----------------
.intvecs   0    00000000    000000c0     
                  00000000    000000c0     startup_mspm0g350x_ticlang.o (.intvecs)

.text      0    000000c0    00004dd8     
                  000000c0    00000a24     car_control.o (.text.Car_ControlStep)
                  00000ae4    00000608     car_control.o (.text.Car_RightAngleApproachStep)
                  000010ec    0000054c     oled_ssd1306.o (.text.OLED_DrawLapTime)
                  00001638    00000460     board_oled_i2c.o (.text.Board_OLED_I2C_RecoverBus)
                  00001a98    00000400     competition_tasks.o (.text.CompetitionTasks_ControlStep)
                  00001e98    0000039c     board_oled_i2c.o (.text.Board_OLED_I2C_Write)
                  00002234    00000324     board_oled_i2c.o (.text.Board_OLED_I2C_WriteByte)
                  00002558    00000260     board_i2c.o (.text.Board_I2C_ReadRegs)
                  000027b8    000001c4     oled_ssd1306.o (.text.OLED_TryInitialize)
                  0000297c    000001a8     line_tracker.o (.text.LineTracker_Update)
                  00002b24    00000180     car_control.o (.text.Car_Stop)
                  00002ca4    00000150     board_i2c.o (.text.Board_I2C_WriteByteStream)
                  00002df4    00000140     odometer.o (.text.Odometer_ControlStep)
                  00002f34    00000134     oled_ssd1306.o (.text.OLED_DrawRaceTime)
                  00003068    00000120     ti_msp_dl_config.o (.text.SYSCFG_DL_GPIO_init)
                  00003188    00000118     car_control.o (.text.Car_BrakeHold)
                  000032a0    00000118     competition_tasks.o (.text.CompetitionTasks_Init)
                  000033b8    00000110     car_control.o (.text.Car_PidStep)
                  000034c8    0000010c     mpu6050.o (.text.MPU6050_Init)
                  000035d4    00000104     driverlib.a : dl_timer.o (.text.DL_Timer_initFourCCPWMMode)
                  000036d8    00000100     car_control.o (.text.Car_LinePidStep)
                  000037d8    000000fc     driverlib.a : dl_timer.o (.text.DL_Timer_initTimerMode)
                  000038d4    000000f8     oled_ssd1306.o (.text.OLED_UpdateWindow)
                  000039cc    000000d8     libclang_rt.builtins.a : addsf3.S.obj (.text)
                  00003aa4    000000d4     oled_ssd1306.o (.text.OLED_DrawAscii)
                  00003b78    000000d0     odometer.o (.text.Odometer_Service)
                  00003c48    000000c0     debug_uart.o (.text.UART1_IRQHandler)
                  00003d08    000000bc     competition_tasks.o (.text.CompetitionTasks_Service)
                  00003dc4    000000b0     car_control.o (.text.Car_Init)
                  00003e74    000000b0     mpu6050.o (.text.MPU6050_Calibrate)
                  00003f24    000000a2     libclang_rt.builtins.a : udivmoddi4.S.obj (.text)
                  00003fc6    00000002     startup_mspm0g350x_ticlang.o (.text.Default_Handler)
                  00003fc8    000000a0     empty.o (.text.main)
                  00004068    0000009c     mpu6050.o (.text.MPU6050_Task)
                  00004104    0000009a     libc.a : memcpy16.S.obj (.text:memcpy)
                  0000419e    00000002     oled_ssd1306.o (.text.OLED_DrawOdometer)
                  000041a0    0000008c     car_control.o (.text.Car_RightAngleAssistStop)
                  0000422c    0000008c     ti_msp_dl_config.o (.text.SYSCFG_DL_PWM_0_init)
                  000042b8    0000008c     libclang_rt.builtins.a : mulsf3.S.obj (.text.__mulsf3)
                  00004344    00000082                            : divsf3.S.obj (.text.__divsf3)
                  000043c6    00000002                            : aeabi_div0.c.obj (.text.__aeabi_idiv0)
                  000043c8    0000007c     odometer.o (.text.Odometer_Init)
                  00004444    0000007c     libc.a : copy_decompress_lzss.c.obj (.text:decompress:lzss)
                  000044c0    00000070     ti_msp_dl_config.o (.text.SYSCFG_DL_UART_DEBUG_init)
                  00004530    0000006c     car_control.o (.text.Car_RightAngleSetTargets)
                  0000459c    00000062     libclang_rt.builtins.a : aeabi_fcmp.S.obj (.text.__aeabi_fcmp)
                  000045fe    00000062     libc.a : memset16.S.obj (.text:memset)
                  00004660    00000060     ti_msp_dl_config.o (.text.SYSCFG_DL_initPower)
                  000046c0    0000005e     driverlib.a : dl_i2c.o (.text.DL_I2C_fillControllerTXFIFO)
                  0000471e    00000002     libclang_rt.builtins.a : aeabi_div0.c.obj (.text.__aeabi_ldiv0)
                  00004720    00000058     car_control.o (.text.GROUP1_IRQHandler)
                  00004778    00000058     oled_ssd1306.o (.text.OLED_Task)
                  000047d0    00000056     libclang_rt.builtins.a : aeabi_idivmod.S.obj (.text.__aeabi_idivmod)
                  00004826    00000002     --HOLE-- [fill = 0]
                  00004828    00000054     ti_msp_dl_config.o (.text.SYSCFG_DL_I2C_MPU_init)
                  0000487c    0000004c     ti_msp_dl_config.o (.text.SYSCFG_DL_QEI_0_init)
                  000048c8    00000048     driverlib.a : dl_uart.o (.text.DL_UART_init)
                  00004910    00000040     libclang_rt.builtins.a : aeabi_uidivmod.S.obj (.text.__aeabi_uidivmod)
                  00004950    0000003c     driverlib.a : dl_i2c.o (.text.DL_I2C_flushControllerTXFIFO)
                  0000498c    0000003c     ti_msp_dl_config.o (.text.SYSCFG_DL_init)
                  000049c8    0000003c     libclang_rt.builtins.a : floatsisf.S.obj (.text.__floatsisf)
                  00004a04    0000003c                            : comparesf2.S.obj (.text.__gtsf2)
                  00004a40    0000003c     libc.a : autoinit.c.obj (.text:__TI_auto_init_nobinit_nopinit)
                  00004a7c    0000003a     libclang_rt.builtins.a : comparesf2.S.obj (.text.__eqsf2)
                  00004ab6    00000002     --HOLE-- [fill = 0]
                  00004ab8    0000003a                            : muldsi3.S.obj (.text.__muldsi3)
                  00004af2    00000002     --HOLE-- [fill = 0]
                  00004af4    00000038     board_i2c.o (.text.Board_I2C_RecoverBus)
                  00004b2c    00000038     oled_ssd1306.o (.text.OLED_Init)
                  00004b64    00000038     ti_msp_dl_config.o (.text.SYSCFG_DL_TIMER_CONTROL_init)
                  00004b9c    00000038     libclang_rt.builtins.a : fixsfsi.S.obj (.text.__fixsfsi)
                  00004bd4    00000034     board_oled_i2c.o (.text.Board_OLED_I2C_Init)
                  00004c08    00000030     driverlib.a : dl_i2c.o (.text.DL_I2C_flushControllerRXFIFO)
                  00004c38    00000030     ti_msp_dl_config.o (.text.SYSCFG_DL_SYSCTL_init)
                  00004c68    00000028     libclang_rt.builtins.a : floatunsisf.S.obj (.text.__floatunsisf)
                  00004c90    00000028     libc.a : boot_cortex_m.c.obj (.text:_c_int00_noargs)
                  00004cb8    00000026     driverlib.a : dl_i2c.o (.text.DL_I2C_setClockConfig)
                  00004cde    00000002     --HOLE-- [fill = 0]
                  00004ce0    00000024     libclang_rt.builtins.a : muldi3.S.obj (.text.__muldi3)
                  00004d04    00000020     car_control.o (.text.Car_StartLineFollow)
                  00004d24    00000020     empty.o (.text.TIMG12_IRQHandler)
                  00004d44    0000001e     libclang_rt.builtins.a : ashldi3.S.obj (.text.__ashldi3)
                  00004d62    00000002     --HOLE-- [fill = 0]
                  00004d64    0000001c     driverlib.a : dl_timer.o (.text.DL_Timer_setCaptCompUpdateMethod)
                  00004d80    0000001c                 : dl_timer.o (.text.DL_Timer_setClockConfig)
                  00004d9c    0000001c     odometer.o (.text.Odometer_GetControlProgress)
                  00004db8    00000018     car_control.o (.text.Car_SetLineFollowBaseCounts)
                  00004dd0    00000018     driverlib.a : dl_timer.o (.text.DL_Timer_setCaptureCompareOutCtl)
                  00004de8    00000016     board_i2c.o (.text.Board_I2C_WriteReg)
                  00004dfe    00000002     --HOLE-- [fill = 0]
                  00004e00    00000014     libclang_rt.builtins.a : aeabi_uldivmod.S.obj (.text.__aeabi_uldivmod)
                  00004e14    00000012     driverlib.a : dl_uart.o (.text.DL_UART_setClockConfig)
                  00004e26    00000012     libc.a : copy_decompress_none.c.obj (.text:decompress:none)
                  00004e38    00000010     driverlib.a : dl_timer.o (.text.DL_Timer_setCaptureCompareValue)
                  00004e48    00000010     libc.a : copy_zero_init.c.obj (.text:decompress:ZI)
                  00004e58    0000000c     libclang_rt.builtins.a : aeabi_memset.S.obj (.text.__aeabi_memclr)
                  00004e64    0000000a     driverlib.a : dl_common.o (.text.DL_Common_delayCycles)
                  00004e6e    00000008     line_tracker.o (.text.LineTracker_Init)
                  00004e76    00000002     --HOLE-- [fill = 0]
                  00004e78    00000008     libclang_rt.builtins.a : aeabi_memcpy.S.obj (.text.__aeabi_memcpy)
                  00004e80    00000006     libc.a : exit.c.obj (.text:abort)
                  00004e86    00000004     libsysbm.a : hostexit.c.obj (.text.HOSTexit)
                  00004e8a    00000004     startup_mspm0g350x_ticlang.o (.text.Reset_Handler)
                  00004e8e    00000004     libc.a : pre_init.c.obj (.text._system_pre_init)
                  00004e92    00000006     --HOLE-- [fill = 0]

.cinit     0    000051a8    000000c0     
                  000051a8    00000099     (.cinit..data.load) [load image, compression = lzss]
                  00005241    00000003     --HOLE-- [fill = 0]
                  00005244    0000000c     (__TI_handler_table)
                  00005250    00000008     (.cinit..bss.load) [load image, compression = zero_init]
                  00005258    00000010     (__TI_cinit_table)

.rodata    0    00004e98    00000310     
                  00004e98    00000140     oled_ssd1306.o (.rodata.s_digit16)
                  00004fd8    00000100     oled_ssd1306.o (.rodata.s_chinese16)
                  000050d8    00000069     oled_ssd1306.o (.rodata.s_font5x7)
                  00005141    0000001c     oled_ssd1306.o (.rodata.s_oled_init_cmds)
                  0000515d    00000003     ti_msp_dl_config.o (.rodata.gPWM_0ClockConfig)
                  00005160    00000014     ti_msp_dl_config.o (.rodata.gTIMER_CONTROLTimerConfig)
                  00005174    00000010     car_control.o (.rodata.cst16)
                  00005184    0000000a     ti_msp_dl_config.o (.rodata.gUART_DEBUGConfig)
                  0000518e    00000002     ti_msp_dl_config.o (.rodata.gI2C_MPUClockConfig)
                  00005190    00000008     ti_msp_dl_config.o (.rodata.gPWM_0Config)
                  00005198    00000003     ti_msp_dl_config.o (.rodata.gQEI_0ClockConfig)
                  0000519b    00000003     ti_msp_dl_config.o (.rodata.gTIMER_CONTROLClockConfig)
                  0000519e    00000002     ti_msp_dl_config.o (.rodata.gUART_DEBUGClockConfig)
                  000051a0    00000002     oled_ssd1306.o (.rodata.str1.17912449882519859512.1)
                  000051a2    00000006     --HOLE-- [fill = 0]

.init_array 
*          0    00000000    00000000     UNINITIALIZED

.binit     0    00000000    00000000     

.bss       0    20200000    000005dc     UNINITIALIZED
                  20200000    00000400     oled_ssd1306.o (.bss.s_buffer)
                  20200400    000000bc     (.common:gPWM_0Backup)
                  202004bc    000000a0     (.common:gQEI_0Backup)
                  2020055c    00000080     debug_uart.o (.bss.s_rx_buffer)

.data      0    202005dc    000001cc     UNINITIALIZED
                  202005dc    00000110     car_control.o (.data.g_car)
                  202006ec    0000001c     mpu6050.o (.data.g_mpu6050)
                  20200708    00000018     line_tracker.o (.data.g_line)
                  20200720    00000010     competition_tasks.o (.data.g_competition_task_status)
                  20200730    00000008     oled_ssd1306.o (.data.g_oled)
                  20200738    00000004     car_control.o (.data.s_approach_fused_distance)
                  2020073c    00000004     competition_tasks.o (.data.s_continuous_key_debounce_tick)
                  20200740    00000004     competition_tasks.o (.data.s_continuous_key_press_tick)
                  20200744    00000004     odometer.o (.data.s_control_progress)
                  20200748    00000004     competition_tasks.o (.data.s_finish_seen_tick)
                  2020074c    00000004     competition_tasks.o (.data.s_key_debounce_tick)
                  20200750    00000004     competition_tasks.o (.data.s_key_press_tick)
                  20200754    00000004     competition_tasks.o (.data.s_lap_number)
                  20200758    00000004     competition_tasks.o (.data.s_last_control_tick)
                  2020075c    00000004     competition_tasks.o (.data.s_last_display_tick)
                  20200760    00000004     odometer.o (.data.s_last_display_tick)
                  20200764    00000004     competition_tasks.o (.data.s_last_lap_ticks)
                  20200768    00000004     mpu6050.o (.data.s_last_sample_tick)
                  2020076c    00000004     oled_ssd1306.o (.data.s_last_service_tick)
                  20200770    00000004     odometer.o (.data.s_left_counts)
                  20200774    00000004     odometer.o (.data.s_left_zero)
                  20200778    00000004     competition_tasks.o (.data.s_motion_start_tick)
                  2020077c    00000004     odometer.o (.data.s_right_counts)
                  20200780    00000004     car_control.o (.data.s_right_encoder_count)
                  20200784    00000004     odometer.o (.data.s_right_zero)
                  20200788    00000002     competition_tasks.o (.data.s_max_lap_progress)
                  2020078a    00000002     debug_uart.o (.data.s_rx_head)
                  2020078c    00000002     debug_uart.o (.data.s_rx_tail)
                  2020078e    00000001     car_control.o (.data.s_approach_invalid_ticks)
                  2020078f    00000001     car_control.o (.data.s_approach_left_stale_ticks)
                  20200790    00000001     car_control.o (.data.s_approach_locked_health)
                  20200791    00000001     car_control.o (.data.s_approach_mismatch_health)
                  20200792    00000001     car_control.o (.data.s_approach_mismatch_ticks)
                  20200793    00000001     car_control.o (.data.s_approach_right_stale_ticks)
                  20200794    00000001     competition_tasks.o (.data.s_continuous_key_armed)
                  20200795    00000001     competition_tasks.o (.data.s_continuous_key_last_raw)
                  20200796    00000001     competition_tasks.o (.data.s_continuous_key_press_allowed)
                  20200797    00000001     competition_tasks.o (.data.s_continuous_key_press_pending)
                  20200798    00000001     competition_tasks.o (.data.s_continuous_key_stable)
                  20200799    00000001     competition_tasks.o (.data.s_continuous_mode)
                  2020079a    00000001     competition_tasks.o (.data.s_display_dirty)
                  2020079b    00000001     odometer.o (.data.s_display_dirty)
                  2020079c    00000001     competition_tasks.o (.data.s_finish_confirm_count)
                  2020079d    00000001     odometer.o (.data.s_frozen)
                  2020079e    00000001     competition_tasks.o (.data.s_initialized)
                  2020079f    00000001     odometer.o (.data.s_initialized)
                  202007a0    00000001     competition_tasks.o (.data.s_key_armed)
                  202007a1    00000001     competition_tasks.o (.data.s_key_last_raw)
                  202007a2    00000001     competition_tasks.o (.data.s_key_press_allowed)
                  202007a3    00000001     competition_tasks.o (.data.s_key_press_pending)
                  202007a4    00000001     competition_tasks.o (.data.s_key_stable)
                  202007a5    00000001     odometer.o (.data.s_last_state)
                  202007a6    00000001     competition_tasks.o (.data.s_leave_confirm_count)
                  202007a7    00000001     car_control.o (.data.s_right_encoder_state)

.stack     0    20207e00    00000200     UNINITIALIZED
                  20207e00    00000004     libc.a : boot_cortex_m.c.obj (.stack)
                  20207e04    000001fc     --HOLE--

__llvm_prf_cnts 
*          0    20200000    00000000     UNINITIALIZED

__llvm_prf_bits 
*          0    20200000    00000000     UNINITIALIZED

MODULE SUMMARY

       Module                         code    ro data   rw data
       ------                         ----    -------   -------
    .\
       car_control.o                  5900    16        287    
       oled_ssd1306.o                 2722    711       1036   
       board_oled_i2c.o               2900    0         0      
       competition_tasks.o            1492    0         73     
       ti_msp_dl_config.o             960     51        348    
       board_i2c.o                    1022    0         0      
       odometer.o                     680     0         28     
       mpu6050.o                      600     0         32     
       line_tracker.o                 432     0         24     
       debug_uart.o                   192     0         132    
       startup_mspm0g350x_ticlang.o   6       192       0      
       empty.o                        192     0         0      
    +--+------------------------------+-------+---------+---------+
       Total:                         17098   970       1960   
                                                               
    F:/TI/mspm0_sdk_2_10_00_04/source/ti/driverlib/lib/ticlang/m0p/mspm0g1x0x_g3x0x/driverlib.a
       dl_timer.o                     608     0         0      
       dl_i2c.o                       240     0         0      
       dl_uart.o                      90      0         0      
       dl_common.o                    10      0         0      
    +--+------------------------------+-------+---------+---------+
       Total:                         948     0         0      
                                                               
    F:\TI\ccstheia\ccs\tools\compiler\ti-cgt-armllvm_4.0.4.LTS\lib\armv6m-ti-none-eabi/c/libc.a
       memcpy16.S.obj                 154     0         0      
       copy_decompress_lzss.c.obj     124     0         0      
       memset16.S.obj                 98      0         0      
       autoinit.c.obj                 60      0         0      
       boot_cortex_m.c.obj            40      0         0      
       copy_decompress_none.c.obj     18      0         0      
       copy_zero_init.c.obj           16      0         0      
       exit.c.obj                     6       0         0      
       pre_init.c.obj                 4       0         0      
    +--+------------------------------+-------+---------+---------+
       Total:                         520     0         0      
                                                               
    F:\TI\ccstheia\ccs\tools\compiler\ti-cgt-armllvm_4.0.4.LTS\lib\armv6m-ti-none-eabi/c/libsysbm.a
       hostexit.c.obj                 4       0         0      
    +--+------------------------------+-------+---------+---------+
       Total:                         4       0         0      
                                                               
    F:\TI\ccstheia\ccs\tools\compiler\ti-cgt-armllvm_4.0.4.LTS\lib\armv6m-ti-none-eabi/libclang_rt.builtins.a
       addsf3.S.obj                   216     0         0      
       udivmoddi4.S.obj               162     0         0      
       mulsf3.S.obj                   140     0         0      
       divsf3.S.obj                   130     0         0      
       comparesf2.S.obj               118     0         0      
       aeabi_fcmp.S.obj               98      0         0      
       aeabi_idivmod.S.obj            86      0         0      
       aeabi_uidivmod.S.obj           64      0         0      
       floatsisf.S.obj                60      0         0      
       muldsi3.S.obj                  58      0         0      
       fixsfsi.S.obj                  56      0         0      
       floatunsisf.S.obj              40      0         0      
       muldi3.S.obj                   36      0         0      
       ashldi3.S.obj                  30      0         0      
       aeabi_uldivmod.S.obj           20      0         0      
       aeabi_memset.S.obj             12      0         0      
       aeabi_memcpy.S.obj             8       0         0      
       aeabi_div0.c.obj               4       0         0      
    +--+------------------------------+-------+---------+---------+
       Total:                         1338    0         0      
                                                               
       Stack:                         0       0         512    
       Linker Generated:              0       189       0      
    +--+------------------------------+-------+---------+---------+
       Grand Total:                   19908   1159      2472   


LINKER GENERATED COPY TABLES

__TI_cinit_table @ 00005258 records: 2, size/record: 8, table size: 16
	.data: load addr=000051a8, load size=00000099 bytes, run addr=202005dc, run size=000001cc bytes, compression=lzss
	.bss: load addr=00005250, load size=00000008 bytes, run addr=20200000, run size=000005dc bytes, compression=zero_init


LINKER GENERATED HANDLER TABLE

__TI_handler_table @ 00005244 records: 3, size/record: 4, table size: 12
	index: 0, handler: __TI_decompress_lzss
	index: 1, handler: __TI_decompress_none
	index: 2, handler: __TI_zero_init


GLOBAL SYMBOLS: SORTED ALPHABETICALLY BY Name 

address   name                            
-------   ----                            
00003fc7  ADC0_IRQHandler                 
00003fc7  ADC1_IRQHandler                 
00003fc7  AES_IRQHandler                  
00002559  Board_I2C_ReadRegs              
00004de9  Board_I2C_WriteReg              
00004bd5  Board_OLED_I2C_Init             
00001e99  Board_OLED_I2C_Write            
00004e86  C$$EXIT                         
00003fc7  CANFD0_IRQHandler               
00003189  Car_BrakeHold                   
000000c1  Car_ControlStep                 
00003dc5  Car_Init                        
00004db9  Car_SetLineFollowBaseCounts     
00004d05  Car_StartLineFollow             
00002b25  Car_Stop                        
00001a99  CompetitionTasks_ControlStep    
000032a1  CompetitionTasks_Init           
00003d09  CompetitionTasks_Service        
00003fc7  DAC0_IRQHandler                 
00004e65  DL_Common_delayCycles           
000046c1  DL_I2C_fillControllerTXFIFO     
00004c09  DL_I2C_flushControllerRXFIFO    
00004951  DL_I2C_flushControllerTXFIFO    
00004cb9  DL_I2C_setClockConfig           
000035d5  DL_Timer_initFourCCPWMMode      
000037d9  DL_Timer_initTimerMode          
00004d65  DL_Timer_setCaptCompUpdateMethod
00004dd1  DL_Timer_setCaptureCompareOutCtl
00004e39  DL_Timer_setCaptureCompareValue 
00004d81  DL_Timer_setClockConfig         
000048c9  DL_UART_init                    
00004e15  DL_UART_setClockConfig          
00003fc7  DMA_IRQHandler                  
00003fc7  Default_Handler                 
00003fc7  GROUP0_IRQHandler               
00004721  GROUP1_IRQHandler               
00004e87  HOSTexit                        
00003fc7  HardFault_Handler               
00003fc7  I2C0_IRQHandler                 
00003fc7  I2C1_IRQHandler                 
00004e6f  LineTracker_Init                
0000297d  LineTracker_Update              
00003e75  MPU6050_Calibrate               
000034c9  MPU6050_Init                    
00004069  MPU6050_Task                    
00003fc7  NMI_Handler                     
00003aa5  OLED_DrawAscii                  
000010ed  OLED_DrawLapTime                
0000419f  OLED_DrawOdometer               
00002f35  OLED_DrawRaceTime               
00004b2d  OLED_Init                       
00004779  OLED_Task                       
00002df5  Odometer_ControlStep            
00004d9d  Odometer_GetControlProgress     
000043c9  Odometer_Init                   
00003b79  Odometer_Service                
00003fc7  PendSV_Handler                  
00003fc7  RTC_IRQHandler                  
00004e8b  Reset_Handler                   
00003fc7  SPI0_IRQHandler                 
00003fc7  SPI1_IRQHandler                 
00003fc7  SVC_Handler                     
00003069  SYSCFG_DL_GPIO_init             
00004829  SYSCFG_DL_I2C_MPU_init          
0000422d  SYSCFG_DL_PWM_0_init            
0000487d  SYSCFG_DL_QEI_0_init            
00004c39  SYSCFG_DL_SYSCTL_init           
00004b65  SYSCFG_DL_TIMER_CONTROL_init    
000044c1  SYSCFG_DL_UART_DEBUG_init       
0000498d  SYSCFG_DL_init                  
00004661  SYSCFG_DL_initPower             
00003fc7  SysTick_Handler                 
00003fc7  TIMA0_IRQHandler                
00003fc7  TIMA1_IRQHandler                
00003fc7  TIMG0_IRQHandler                
00004d25  TIMG12_IRQHandler               
00003fc7  TIMG6_IRQHandler                
00003fc7  TIMG7_IRQHandler                
00003fc7  TIMG8_IRQHandler                
00003fc7  UART0_IRQHandler                
00003c49  UART1_IRQHandler                
00003fc7  UART2_IRQHandler                
00003fc7  UART3_IRQHandler                
20208000  __STACK_END                     
00000200  __STACK_SIZE                    
00000000  __TI_ATRegion0_region_sz        
00000000  __TI_ATRegion0_src_addr         
00000000  __TI_ATRegion0_trg_addr         
00000000  __TI_ATRegion1_region_sz        
00000000  __TI_ATRegion1_src_addr         
00000000  __TI_ATRegion1_trg_addr         
00000000  __TI_ATRegion2_region_sz        
00000000  __TI_ATRegion2_src_addr         
00000000  __TI_ATRegion2_trg_addr         
00005258  __TI_CINIT_Base                 
00005268  __TI_CINIT_Limit                
00005268  __TI_CINIT_Warm                 
00005244  __TI_Handler_Table_Base         
00005250  __TI_Handler_Table_Limit        
00004a41  __TI_auto_init_nobinit_nopinit  
00004445  __TI_decompress_lzss            
00004e27  __TI_decompress_none            
ffffffff  __TI_pprof_out_hndl             
ffffffff  __TI_prof_data_size             
ffffffff  __TI_prof_data_start            
00000000  __TI_static_base__              
00004e49  __TI_zero_init                  
000039d7  __addsf3                        
00004b9d  __aeabi_f2iz                    
000039d7  __aeabi_fadd                    
0000459d  __aeabi_fcmpeq                  
000045d9  __aeabi_fcmpge                  
000045ed  __aeabi_fcmpgt                  
000045c5  __aeabi_fcmple                  
000045b1  __aeabi_fcmplt                  
00004345  __aeabi_fdiv                    
000042b9  __aeabi_fmul                    
000039cd  __aeabi_fsub                    
000049c9  __aeabi_i2f                     
000047d1  __aeabi_idiv                    
000043c7  __aeabi_idiv0                   
000047d1  __aeabi_idivmod                 
0000471f  __aeabi_ldiv0                   
00004d45  __aeabi_llsl                    
00004ce1  __aeabi_lmul                    
00004e59  __aeabi_memclr                  
00004e59  __aeabi_memclr4                 
00004e59  __aeabi_memclr8                 
00004e79  __aeabi_memcpy                  
00004e79  __aeabi_memcpy4                 
00004e79  __aeabi_memcpy8                 
00004c69  __aeabi_ui2f                    
00004911  __aeabi_uidiv                   
00004911  __aeabi_uidivmod                
00004e01  __aeabi_uldivmod                
00004d45  __ashldi3                       
ffffffff  __binit__                       
00004a7d  __cmpsf2                        
00004345  __divsf3                        
00004a7d  __eqsf2                         
00004b9d  __fixsfsi                       
000049c9  __floatsisf                     
00004c69  __floatunsisf                   
00004a05  __gesf2                         
00004a05  __gtsf2                         
00004a7d  __lesf2                         
00004a7d  __ltsf2                         
UNDEFED   __mpu_init                      
00004ce1  __muldi3                        
00004ab9  __muldsi3                       
000042b9  __mulsf3                        
00004a7d  __nesf2                         
20207e00  __stack                         
20200000  __start___llvm_prf_bits         
20200000  __start___llvm_prf_cnts         
20200000  __stop___llvm_prf_bits          
20200000  __stop___llvm_prf_cnts          
000039cd  __subsf3                        
00003f25  __udivmoddi4                    
00004c91  _c_int00_noargs                 
UNDEFED   _system_post_cinit              
00004e8f  _system_pre_init                
00004e81  abort                           
ffffffff  binit                           
20200400  gPWM_0Backup                    
202004bc  gQEI_0Backup                    
202005dc  g_car                           
20200720  g_competition_task_status       
20200708  g_line                          
202006ec  g_mpu6050                       
20200730  g_oled                          
00000000  interruptVectors                
00003fc9  main                            
00004105  memcpy                          
000045ff  memset                          


GLOBAL SYMBOLS: SORTED BY Symbol Address 

address   name                            
-------   ----                            
00000000  __TI_ATRegion0_region_sz        
00000000  __TI_ATRegion0_src_addr         
00000000  __TI_ATRegion0_trg_addr         
00000000  __TI_ATRegion1_region_sz        
00000000  __TI_ATRegion1_src_addr         
00000000  __TI_ATRegion1_trg_addr         
00000000  __TI_ATRegion2_region_sz        
00000000  __TI_ATRegion2_src_addr         
00000000  __TI_ATRegion2_trg_addr         
00000000  __TI_static_base__              
00000000  interruptVectors                
000000c1  Car_ControlStep                 
00000200  __STACK_SIZE                    
000010ed  OLED_DrawLapTime                
00001a99  CompetitionTasks_ControlStep    
00001e99  Board_OLED_I2C_Write            
00002559  Board_I2C_ReadRegs              
0000297d  LineTracker_Update              
00002b25  Car_Stop                        
00002df5  Odometer_ControlStep            
00002f35  OLED_DrawRaceTime               
00003069  SYSCFG_DL_GPIO_init             
00003189  Car_BrakeHold                   
000032a1  CompetitionTasks_Init           
000034c9  MPU6050_Init                    
000035d5  DL_Timer_initFourCCPWMMode      
000037d9  DL_Timer_initTimerMode          
000039cd  __aeabi_fsub                    
000039cd  __subsf3                        
000039d7  __addsf3                        
000039d7  __aeabi_fadd                    
00003aa5  OLED_DrawAscii                  
00003b79  Odometer_Service                
00003c49  UART1_IRQHandler                
00003d09  CompetitionTasks_Service        
00003dc5  Car_Init                        
00003e75  MPU6050_Calibrate               
00003f25  __udivmoddi4                    
00003fc7  ADC0_IRQHandler                 
00003fc7  ADC1_IRQHandler                 
00003fc7  AES_IRQHandler                  
00003fc7  CANFD0_IRQHandler               
00003fc7  DAC0_IRQHandler                 
00003fc7  DMA_IRQHandler                  
00003fc7  Default_Handler                 
00003fc7  GROUP0_IRQHandler               
00003fc7  HardFault_Handler               
00003fc7  I2C0_IRQHandler                 
00003fc7  I2C1_IRQHandler                 
00003fc7  NMI_Handler                     
00003fc7  PendSV_Handler                  
00003fc7  RTC_IRQHandler                  
00003fc7  SPI0_IRQHandler                 
00003fc7  SPI1_IRQHandler                 
00003fc7  SVC_Handler                     
00003fc7  SysTick_Handler                 
00003fc7  TIMA0_IRQHandler                
00003fc7  TIMA1_IRQHandler                
00003fc7  TIMG0_IRQHandler                
00003fc7  TIMG6_IRQHandler                
00003fc7  TIMG7_IRQHandler                
00003fc7  TIMG8_IRQHandler                
00003fc7  UART0_IRQHandler                
00003fc7  UART2_IRQHandler                
00003fc7  UART3_IRQHandler                
00003fc9  main                            
00004069  MPU6050_Task                    
00004105  memcpy                          
0000419f  OLED_DrawOdometer               
0000422d  SYSCFG_DL_PWM_0_init            
000042b9  __aeabi_fmul                    
000042b9  __mulsf3                        
00004345  __aeabi_fdiv                    
00004345  __divsf3                        
000043c7  __aeabi_idiv0                   
000043c9  Odometer_Init                   
00004445  __TI_decompress_lzss            
000044c1  SYSCFG_DL_UART_DEBUG_init       
0000459d  __aeabi_fcmpeq                  
000045b1  __aeabi_fcmplt                  
000045c5  __aeabi_fcmple                  
000045d9  __aeabi_fcmpge                  
000045ed  __aeabi_fcmpgt                  
000045ff  memset                          
00004661  SYSCFG_DL_initPower             
000046c1  DL_I2C_fillControllerTXFIFO     
0000471f  __aeabi_ldiv0                   
00004721  GROUP1_IRQHandler               
00004779  OLED_Task                       
000047d1  __aeabi_idiv                    
000047d1  __aeabi_idivmod                 
00004829  SYSCFG_DL_I2C_MPU_init          
0000487d  SYSCFG_DL_QEI_0_init            
000048c9  DL_UART_init                    
00004911  __aeabi_uidiv                   
00004911  __aeabi_uidivmod                
00004951  DL_I2C_flushControllerTXFIFO    
0000498d  SYSCFG_DL_init                  
000049c9  __aeabi_i2f                     
000049c9  __floatsisf                     
00004a05  __gesf2                         
00004a05  __gtsf2                         
00004a41  __TI_auto_init_nobinit_nopinit  
00004a7d  __cmpsf2                        
00004a7d  __eqsf2                         
00004a7d  __lesf2                         
00004a7d  __ltsf2                         
00004a7d  __nesf2                         
00004ab9  __muldsi3                       
00004b2d  OLED_Init                       
00004b65  SYSCFG_DL_TIMER_CONTROL_init    
00004b9d  __aeabi_f2iz                    
00004b9d  __fixsfsi                       
00004bd5  Board_OLED_I2C_Init             
00004c09  DL_I2C_flushControllerRXFIFO    
00004c39  SYSCFG_DL_SYSCTL_init           
00004c69  __aeabi_ui2f                    
00004c69  __floatunsisf                   
00004c91  _c_int00_noargs                 
00004cb9  DL_I2C_setClockConfig           
00004ce1  __aeabi_lmul                    
00004ce1  __muldi3                        
00004d05  Car_StartLineFollow             
00004d25  TIMG12_IRQHandler               
00004d45  __aeabi_llsl                    
00004d45  __ashldi3                       
00004d65  DL_Timer_setCaptCompUpdateMethod
00004d81  DL_Timer_setClockConfig         
00004d9d  Odometer_GetControlProgress     
00004db9  Car_SetLineFollowBaseCounts     
00004dd1  DL_Timer_setCaptureCompareOutCtl
00004de9  Board_I2C_WriteReg              
00004e01  __aeabi_uldivmod                
00004e15  DL_UART_setClockConfig          
00004e27  __TI_decompress_none            
00004e39  DL_Timer_setCaptureCompareValue 
00004e49  __TI_zero_init                  
00004e59  __aeabi_memclr                  
00004e59  __aeabi_memclr4                 
00004e59  __aeabi_memclr8                 
00004e65  DL_Common_delayCycles           
00004e6f  LineTracker_Init                
00004e79  __aeabi_memcpy                  
00004e79  __aeabi_memcpy4                 
00004e79  __aeabi_memcpy8                 
00004e81  abort                           
00004e86  C$$EXIT                         
00004e87  HOSTexit                        
00004e8b  Reset_Handler                   
00004e8f  _system_pre_init                
00005244  __TI_Handler_Table_Base         
00005250  __TI_Handler_Table_Limit        
00005258  __TI_CINIT_Base                 
00005268  __TI_CINIT_Limit                
00005268  __TI_CINIT_Warm                 
20200000  __start___llvm_prf_bits         
20200000  __start___llvm_prf_cnts         
20200000  __stop___llvm_prf_bits          
20200000  __stop___llvm_prf_cnts          
20200400  gPWM_0Backup                    
202004bc  gQEI_0Backup                    
202005dc  g_car                           
202006ec  g_mpu6050                       
20200708  g_line                          
20200720  g_competition_task_status       
20200730  g_oled                          
20207e00  __stack                         
20208000  __STACK_END                     
ffffffff  __TI_pprof_out_hndl             
ffffffff  __TI_prof_data_size             
ffffffff  __TI_prof_data_start            
ffffffff  __binit__                       
ffffffff  binit                           
UNDEFED   __mpu_init                      
UNDEFED   _system_post_cinit              

[175 symbols]
