<?xml version="1.0" encoding="ISO-8859-1" ?>
<link_info>
   <banner>TI ARM Clang Linker PC v4.0.4.LTS</banner>
   <copyright>Copyright (c) 1996-2018 Texas Instruments Incorporated</copyright>
   <command_line>F:\TI\ccstheia\ccs\tools\compiler\ti-cgt-armllvm_4.0.4.LTS\bin\tiarmlnk -IF:\TI\ccstheia\ccs\tools\compiler\ti-cgt-armllvm_4.0.4.LTS\lib -o TI_Car_3507_64.out -mTI_Car_3507_64.map -iF:/TI/mspm0_sdk_2_10_00_04/source -iC:/Users/Thorn/workspace_ccstheia/TI_Car_3507_64 -iC:/Users/Thorn/workspace_ccstheia/TI_Car_3507_64/Debug/syscfg -iF:/TI/ccstheia/ccs/tools/compiler/ti-cgt-armllvm_4.0.4.LTS/lib --diag_wrap=off --display_error_number --warn_sections --xml_link_info=TI_Car_3507_64_linkInfo.xml --rom_model ./board_i2c.o ./board_oled_i2c.o ./car_control.o ./competition_tasks.o ./debug_uart.o ./ec11_encoder.o ./empty.o ./ti_msp_dl_config.o ./startup_mspm0g350x_ticlang.o ./line_tracker.o ./mpu6050.o ./oled_ssd1306.o ./problem_menu.o -l./device_linker.cmd -ldevice.cmd.genlibs -llibc.a --start-group -llibc++.a -llibc++abi.a -llibc.a -llibsys.a -llibsysbm.a -llibclang_rt.builtins.a -llibclang_rt.profile.a --end-group --cg_opt_level=2</command_line>
   <link_time>0x6a6ab8db</link_time>
   <link_errors>0x0</link_errors>
   <output_file>C:\Users\Thorn\workspace_ccstheia\TI_Car_3507_64\Debug\TI_Car_3507_64.out</output_file>
   <entry_point>
      <name>_c_int00_noargs</name>
      <address>0x3fd5</address>
   </entry_point>
   <input_file_list>
      <input_file id="fl-1">
         <path>C:\Users\Thorn\workspace_ccstheia\TI_Car_3507_64\Debug\.\</path>
         <kind>object</kind>
         <file>board_i2c.o</file>
         <name>board_i2c.o</name>
      </input_file>
      <input_file id="fl-2">
         <path>C:\Users\Thorn\workspace_ccstheia\TI_Car_3507_64\Debug\.\</path>
         <kind>object</kind>
         <file>board_oled_i2c.o</file>
         <name>board_oled_i2c.o</name>
      </input_file>
      <input_file id="fl-3">
         <path>C:\Users\Thorn\workspace_ccstheia\TI_Car_3507_64\Debug\.\</path>
         <kind>object</kind>
         <file>car_control.o</file>
         <name>car_control.o</name>
      </input_file>
      <input_file id="fl-4">
         <path>C:\Users\Thorn\workspace_ccstheia\TI_Car_3507_64\Debug\.\</path>
         <kind>object</kind>
         <file>competition_tasks.o</file>
         <name>competition_tasks.o</name>
      </input_file>
      <input_file id="fl-5">
         <path>C:\Users\Thorn\workspace_ccstheia\TI_Car_3507_64\Debug\.\</path>
         <kind>object</kind>
         <file>debug_uart.o</file>
         <name>debug_uart.o</name>
      </input_file>
      <input_file id="fl-6">
         <path>C:\Users\Thorn\workspace_ccstheia\TI_Car_3507_64\Debug\.\</path>
         <kind>object</kind>
         <file>ec11_encoder.o</file>
         <name>ec11_encoder.o</name>
      </input_file>
      <input_file id="fl-7">
         <path>C:\Users\Thorn\workspace_ccstheia\TI_Car_3507_64\Debug\.\</path>
         <kind>object</kind>
         <file>empty.o</file>
         <name>empty.o</name>
      </input_file>
      <input_file id="fl-8">
         <path>C:\Users\Thorn\workspace_ccstheia\TI_Car_3507_64\Debug\.\</path>
         <kind>object</kind>
         <file>ti_msp_dl_config.o</file>
         <name>ti_msp_dl_config.o</name>
      </input_file>
      <input_file id="fl-9">
         <path>C:\Users\Thorn\workspace_ccstheia\TI_Car_3507_64\Debug\.\</path>
         <kind>object</kind>
         <file>startup_mspm0g350x_ticlang.o</file>
         <name>startup_mspm0g350x_ticlang.o</name>
      </input_file>
      <input_file id="fl-a">
         <path>C:\Users\Thorn\workspace_ccstheia\TI_Car_3507_64\Debug\.\</path>
         <kind>object</kind>
         <file>line_tracker.o</file>
         <name>line_tracker.o</name>
      </input_file>
      <input_file id="fl-b">
         <path>C:\Users\Thorn\workspace_ccstheia\TI_Car_3507_64\Debug\.\</path>
         <kind>object</kind>
         <file>mpu6050.o</file>
         <name>mpu6050.o</name>
      </input_file>
      <input_file id="fl-c">
         <path>C:\Users\Thorn\workspace_ccstheia\TI_Car_3507_64\Debug\.\</path>
         <kind>object</kind>
         <file>oled_ssd1306.o</file>
         <name>oled_ssd1306.o</name>
      </input_file>
      <input_file id="fl-d">
         <path>C:\Users\Thorn\workspace_ccstheia\TI_Car_3507_64\Debug\.\</path>
         <kind>object</kind>
         <file>problem_menu.o</file>
         <name>problem_menu.o</name>
      </input_file>
      <input_file id="fl-1a">
         <path>C:\Users\Thorn\workspace_ccstheia\TI_Car_3507_64\Debug\</path>
         <kind>object</kind>
         <file>&lt;internal&gt;</file>
         <name>&lt;internal&gt;</name>
      </input_file>
      <input_file id="fl-1b">
         <path>F:\TI\mspm0_sdk_2_10_00_04\source\ti\driverlib\lib\ticlang\m0p\mspm0g1x0x_g3x0x\</path>
         <kind>archive</kind>
         <file>driverlib.a</file>
         <name>dl_common.o</name>
      </input_file>
      <input_file id="fl-1c">
         <path>F:\TI\mspm0_sdk_2_10_00_04\source\ti\driverlib\lib\ticlang\m0p\mspm0g1x0x_g3x0x\</path>
         <kind>archive</kind>
         <file>driverlib.a</file>
         <name>dl_i2c.o</name>
      </input_file>
      <input_file id="fl-1d">
         <path>F:\TI\mspm0_sdk_2_10_00_04\source\ti\driverlib\lib\ticlang\m0p\mspm0g1x0x_g3x0x\</path>
         <kind>archive</kind>
         <file>driverlib.a</file>
         <name>dl_timer.o</name>
      </input_file>
      <input_file id="fl-1e">
         <path>F:\TI\mspm0_sdk_2_10_00_04\source\ti\driverlib\lib\ticlang\m0p\mspm0g1x0x_g3x0x\</path>
         <kind>archive</kind>
         <file>driverlib.a</file>
         <name>dl_uart.o</name>
      </input_file>
      <input_file id="fl-35">
         <path>F:\TI\ccstheia\ccs\tools\compiler\ti-cgt-armllvm_4.0.4.LTS\lib\armv6m-ti-none-eabi\c\</path>
         <kind>archive</kind>
         <file>libc.a</file>
         <name>boot_cortex_m.c.obj</name>
      </input_file>
      <input_file id="fl-36">
         <path>F:\TI\ccstheia\ccs\tools\compiler\ti-cgt-armllvm_4.0.4.LTS\lib\armv6m-ti-none-eabi\c\</path>
         <kind>archive</kind>
         <file>libc.a</file>
         <name>mathacl_init.c.obj</name>
      </input_file>
      <input_file id="fl-37">
         <path>F:\TI\ccstheia\ccs\tools\compiler\ti-cgt-armllvm_4.0.4.LTS\lib\armv6m-ti-none-eabi\c\</path>
         <kind>archive</kind>
         <file>libc.a</file>
         <name>autoinit.c.obj</name>
      </input_file>
      <input_file id="fl-38">
         <path>F:\TI\ccstheia\ccs\tools\compiler\ti-cgt-armllvm_4.0.4.LTS\lib\armv6m-ti-none-eabi\c\</path>
         <kind>archive</kind>
         <file>libc.a</file>
         <name>pre_init.c.obj</name>
      </input_file>
      <input_file id="fl-39">
         <path>F:\TI\ccstheia\ccs\tools\compiler\ti-cgt-armllvm_4.0.4.LTS\lib\armv6m-ti-none-eabi\c\</path>
         <kind>archive</kind>
         <file>libc.a</file>
         <name>cpy_tbl.c.obj</name>
      </input_file>
      <input_file id="fl-3a">
         <path>F:\TI\ccstheia\ccs\tools\compiler\ti-cgt-armllvm_4.0.4.LTS\lib\armv6m-ti-none-eabi\c\</path>
         <kind>archive</kind>
         <file>libc.a</file>
         <name>copy_zero_init.c.obj</name>
      </input_file>
      <input_file id="fl-3b">
         <path>F:\TI\ccstheia\ccs\tools\compiler\ti-cgt-armllvm_4.0.4.LTS\lib\armv6m-ti-none-eabi\c\</path>
         <kind>archive</kind>
         <file>libc.a</file>
         <name>copy_decompress_none.c.obj</name>
      </input_file>
      <input_file id="fl-3c">
         <path>F:\TI\ccstheia\ccs\tools\compiler\ti-cgt-armllvm_4.0.4.LTS\lib\armv6m-ti-none-eabi\c\</path>
         <kind>archive</kind>
         <file>libc.a</file>
         <name>copy_decompress_lzss.c.obj</name>
      </input_file>
      <input_file id="fl-3d">
         <path>F:\TI\ccstheia\ccs\tools\compiler\ti-cgt-armllvm_4.0.4.LTS\lib\armv6m-ti-none-eabi\c\</path>
         <kind>archive</kind>
         <file>libc.a</file>
         <name>exit.c.obj</name>
      </input_file>
      <input_file id="fl-3e">
         <path>F:\TI\ccstheia\ccs\tools\compiler\ti-cgt-armllvm_4.0.4.LTS\lib\armv6m-ti-none-eabi\c\</path>
         <kind>archive</kind>
         <file>libc.a</file>
         <name>_lock.c.obj</name>
      </input_file>
      <input_file id="fl-3f">
         <path>F:\TI\ccstheia\ccs\tools\compiler\ti-cgt-armllvm_4.0.4.LTS\lib\armv6m-ti-none-eabi\c\</path>
         <kind>archive</kind>
         <file>libc.a</file>
         <name>args_main.c.obj</name>
      </input_file>
      <input_file id="fl-df">
         <path>F:\TI\ccstheia\ccs\tools\compiler\ti-cgt-armllvm_4.0.4.LTS\lib\armv6m-ti-none-eabi\c\</path>
         <kind>archive</kind>
         <file>libsysbm.a</file>
         <name>hostexit.c.obj</name>
      </input_file>
      <input_file id="fl-e0">
         <path>F:\TI\ccstheia\ccs\tools\compiler\ti-cgt-armllvm_4.0.4.LTS\lib\armv6m-ti-none-eabi\</path>
         <kind>archive</kind>
         <file>libclang_rt.builtins.a</file>
         <name>addsf3.S.obj</name>
      </input_file>
      <input_file id="fl-e1">
         <path>F:\TI\ccstheia\ccs\tools\compiler\ti-cgt-armllvm_4.0.4.LTS\lib\armv6m-ti-none-eabi\</path>
         <kind>archive</kind>
         <file>libclang_rt.builtins.a</file>
         <name>mulsf3.S.obj</name>
      </input_file>
      <input_file id="fl-e2">
         <path>F:\TI\ccstheia\ccs\tools\compiler\ti-cgt-armllvm_4.0.4.LTS\lib\armv6m-ti-none-eabi\</path>
         <kind>archive</kind>
         <file>libclang_rt.builtins.a</file>
         <name>divsf3.S.obj</name>
      </input_file>
      <input_file id="fl-e3">
         <path>F:\TI\ccstheia\ccs\tools\compiler\ti-cgt-armllvm_4.0.4.LTS\lib\armv6m-ti-none-eabi\</path>
         <kind>archive</kind>
         <file>libclang_rt.builtins.a</file>
         <name>fixsfsi.S.obj</name>
      </input_file>
      <input_file id="fl-e4">
         <path>F:\TI\ccstheia\ccs\tools\compiler\ti-cgt-armllvm_4.0.4.LTS\lib\armv6m-ti-none-eabi\</path>
         <kind>archive</kind>
         <file>libclang_rt.builtins.a</file>
         <name>fixunssfsi.S.obj</name>
      </input_file>
      <input_file id="fl-e5">
         <path>F:\TI\ccstheia\ccs\tools\compiler\ti-cgt-armllvm_4.0.4.LTS\lib\armv6m-ti-none-eabi\</path>
         <kind>archive</kind>
         <file>libclang_rt.builtins.a</file>
         <name>floatsisf.S.obj</name>
      </input_file>
      <input_file id="fl-e6">
         <path>F:\TI\ccstheia\ccs\tools\compiler\ti-cgt-armllvm_4.0.4.LTS\lib\armv6m-ti-none-eabi\</path>
         <kind>archive</kind>
         <file>libclang_rt.builtins.a</file>
         <name>floatunsisf.S.obj</name>
      </input_file>
      <input_file id="fl-e7">
         <path>F:\TI\ccstheia\ccs\tools\compiler\ti-cgt-armllvm_4.0.4.LTS\lib\armv6m-ti-none-eabi\</path>
         <kind>archive</kind>
         <file>libclang_rt.builtins.a</file>
         <name>aeabi_fcmp.S.obj</name>
      </input_file>
      <input_file id="fl-e8">
         <path>F:\TI\ccstheia\ccs\tools\compiler\ti-cgt-armllvm_4.0.4.LTS\lib\armv6m-ti-none-eabi\</path>
         <kind>archive</kind>
         <file>libclang_rt.builtins.a</file>
         <name>aeabi_idivmod.S.obj</name>
      </input_file>
      <input_file id="fl-e9">
         <path>F:\TI\ccstheia\ccs\tools\compiler\ti-cgt-armllvm_4.0.4.LTS\lib\armv6m-ti-none-eabi\</path>
         <kind>archive</kind>
         <file>libclang_rt.builtins.a</file>
         <name>aeabi_memcpy.S.obj</name>
      </input_file>
      <input_file id="fl-ea">
         <path>F:\TI\ccstheia\ccs\tools\compiler\ti-cgt-armllvm_4.0.4.LTS\lib\armv6m-ti-none-eabi\</path>
         <kind>archive</kind>
         <file>libclang_rt.builtins.a</file>
         <name>aeabi_memset.S.obj</name>
      </input_file>
      <input_file id="fl-eb">
         <path>F:\TI\ccstheia\ccs\tools\compiler\ti-cgt-armllvm_4.0.4.LTS\lib\armv6m-ti-none-eabi\</path>
         <kind>archive</kind>
         <file>libclang_rt.builtins.a</file>
         <name>aeabi_uidivmod.S.obj</name>
      </input_file>
      <input_file id="fl-ec">
         <path>F:\TI\ccstheia\ccs\tools\compiler\ti-cgt-armllvm_4.0.4.LTS\lib\armv6m-ti-none-eabi\</path>
         <kind>archive</kind>
         <file>libclang_rt.builtins.a</file>
         <name>comparesf2.S.obj</name>
      </input_file>
      <input_file id="fl-ed">
         <path>F:\TI\ccstheia\ccs\tools\compiler\ti-cgt-armllvm_4.0.4.LTS\lib\armv6m-ti-none-eabi\</path>
         <kind>archive</kind>
         <file>libclang_rt.builtins.a</file>
         <name>muldsi3.S.obj</name>
      </input_file>
      <input_file id="fl-ee">
         <path>F:\TI\ccstheia\ccs\tools\compiler\ti-cgt-armllvm_4.0.4.LTS\lib\armv6m-ti-none-eabi\</path>
         <kind>archive</kind>
         <file>libclang_rt.builtins.a</file>
         <name>aeabi_div0.c.obj</name>
      </input_file>
      <input_file id="fl-ef">
         <path>F:\TI\ccstheia\ccs\tools\compiler\ti-cgt-armllvm_4.0.4.LTS\lib\armv6m-ti-none-eabi\c\</path>
         <kind>archive</kind>
         <file>libc.a</file>
         <name>memcpy16.S.obj</name>
      </input_file>
      <input_file id="fl-f0">
         <path>F:\TI\ccstheia\ccs\tools\compiler\ti-cgt-armllvm_4.0.4.LTS\lib\armv6m-ti-none-eabi\c\</path>
         <kind>archive</kind>
         <file>libc.a</file>
         <name>memset16.S.obj</name>
      </input_file>
   </input_file_list>
   <object_component_list>
      <object_component id="oc-18">
         <name>.intvecs</name>
         <load_address>0x0</load_address>
         <readonly>true</readonly>
         <run_address>0x0</run_address>
         <size>0xc0</size>
         <alignment>0x4</alignment>
         <input_file_ref idref="fl-9"/>
      </object_component>
      <object_component id="oc-71">
         <name>.text.Car_ControlStep</name>
         <load_address>0xc0</load_address>
         <readonly>true</readonly>
         <executable>true</executable>
         <run_address>0xc0</run_address>
         <size>0x9b4</size>
         <alignment>0x4</alignment>
         <input_file_ref idref="fl-3"/>
      </object_component>
      <object_component id="oc-ab">
         <name>.text.Car_RightAngleApproachStep</name>
         <load_address>0xa74</load_address>
         <readonly>true</readonly>
         <executable>true</executable>
         <run_address>0xa74</run_address>
         <size>0x608</size>
         <alignment>0x4</alignment>
         <input_file_ref idref="fl-3"/>
      </object_component>
      <object_component id="oc-197">
         <name>.text.Board_OLED_I2C_RecoverBus</name>
         <load_address>0x107c</load_address>
         <readonly>true</readonly>
         <executable>true</executable>
         <run_address>0x107c</run_address>
         <size>0x460</size>
         <alignment>0x4</alignment>
         <input_file_ref idref="fl-2"/>
      </object_component>
      <object_component id="oc-15f">
         <name>.text.Board_OLED_I2C_Write</name>
         <load_address>0x14dc</load_address>
         <readonly>true</readonly>
         <executable>true</executable>
         <run_address>0x14dc</run_address>
         <size>0x39c</size>
         <alignment>0x4</alignment>
         <input_file_ref idref="fl-2"/>
      </object_component>
      <object_component id="oc-1a8">
         <name>.text.Board_OLED_I2C_WriteByte</name>
         <load_address>0x1878</load_address>
         <readonly>true</readonly>
         <executable>true</executable>
         <run_address>0x1878</run_address>
         <size>0x324</size>
         <alignment>0x4</alignment>
         <input_file_ref idref="fl-2"/>
      </object_component>
      <object_component id="oc-150">
         <name>.text.Board_I2C_ReadRegs</name>
         <load_address>0x1b9c</load_address>
         <readonly>true</readonly>
         <executable>true</executable>
         <run_address>0x1b9c</run_address>
         <size>0x260</size>
         <alignment>0x4</alignment>
         <input_file_ref idref="fl-1"/>
      </object_component>
      <object_component id="oc-72">
         <name>.text.CompetitionTasks_ControlStep</name>
         <load_address>0x1dfc</load_address>
         <readonly>true</readonly>
         <executable>true</executable>
         <run_address>0x1dfc</run_address>
         <size>0x1d4</size>
         <alignment>0x4</alignment>
         <input_file_ref idref="fl-4"/>
      </object_component>
      <object_component id="oc-14a">
         <name>.text.OLED_TryInitialize</name>
         <load_address>0x1fd0</load_address>
         <readonly>true</readonly>
         <executable>true</executable>
         <run_address>0x1fd0</run_address>
         <size>0x1c4</size>
         <alignment>0x4</alignment>
         <input_file_ref idref="fl-c"/>
      </object_component>
      <object_component id="oc-92">
         <name>.text.LineTracker_Update</name>
         <load_address>0x2194</load_address>
         <readonly>true</readonly>
         <executable>true</executable>
         <run_address>0x2194</run_address>
         <size>0x1a8</size>
         <alignment>0x4</alignment>
         <input_file_ref idref="fl-a"/>
      </object_component>
      <object_component id="oc-124">
         <name>.text.Car_Stop</name>
         <load_address>0x233c</load_address>
         <readonly>true</readonly>
         <executable>true</executable>
         <run_address>0x233c</run_address>
         <size>0x180</size>
         <alignment>0x4</alignment>
         <input_file_ref idref="fl-3"/>
      </object_component>
      <object_component id="oc-1a5">
         <name>.text.Board_I2C_WriteByteStream</name>
         <load_address>0x24bc</load_address>
         <readonly>true</readonly>
         <executable>true</executable>
         <run_address>0x24bc</run_address>
         <size>0x150</size>
         <alignment>0x4</alignment>
         <input_file_ref idref="fl-1"/>
      </object_component>
      <object_component id="oc-159">
         <name>.text.OLED_DrawRaceTime</name>
         <load_address>0x260c</load_address>
         <readonly>true</readonly>
         <executable>true</executable>
         <run_address>0x260c</run_address>
         <size>0x130</size>
         <alignment>0x4</alignment>
         <input_file_ref idref="fl-c"/>
      </object_component>
      <object_component id="oc-135">
         <name>.text.SYSCFG_DL_GPIO_init</name>
         <load_address>0x273c</load_address>
         <readonly>true</readonly>
         <executable>true</executable>
         <run_address>0x273c</run_address>
         <size>0x11c</size>
         <alignment>0x4</alignment>
         <input_file_ref idref="fl-8"/>
      </object_component>
      <object_component id="oc-bf">
         <name>.text.Car_BrakeHold</name>
         <load_address>0x2858</load_address>
         <readonly>true</readonly>
         <executable>true</executable>
         <run_address>0x2858</run_address>
         <size>0x118</size>
         <alignment>0x4</alignment>
         <input_file_ref idref="fl-3"/>
      </object_component>
      <object_component id="oc-9a">
         <name>.text.Car_PidStep</name>
         <load_address>0x2970</load_address>
         <readonly>true</readonly>
         <executable>true</executable>
         <run_address>0x2970</run_address>
         <size>0x110</size>
         <alignment>0x4</alignment>
         <input_file_ref idref="fl-3"/>
      </object_component>
      <object_component id="oc-e6">
         <name>.text.MPU6050_Init</name>
         <load_address>0x2a80</load_address>
         <readonly>true</readonly>
         <executable>true</executable>
         <run_address>0x2a80</run_address>
         <size>0x10c</size>
         <alignment>0x4</alignment>
         <input_file_ref idref="fl-b"/>
      </object_component>
      <object_component id="oc-17e">
         <name>.text.DL_Timer_initFourCCPWMMode</name>
         <load_address>0x2b8c</load_address>
         <readonly>true</readonly>
         <executable>true</executable>
         <run_address>0x2b8c</run_address>
         <size>0x104</size>
         <alignment>0x4</alignment>
         <input_file_ref idref="fl-1d"/>
      </object_component>
      <object_component id="oc-99">
         <name>.text.Car_LinePidStep</name>
         <load_address>0x2c90</load_address>
         <readonly>true</readonly>
         <executable>true</executable>
         <run_address>0x2c90</run_address>
         <size>0x100</size>
         <alignment>0x4</alignment>
         <input_file_ref idref="fl-3"/>
      </object_component>
      <object_component id="oc-184">
         <name>.text.DL_Timer_initTimerMode</name>
         <load_address>0x2d90</load_address>
         <readonly>true</readonly>
         <executable>true</executable>
         <run_address>0x2d90</run_address>
         <size>0xfc</size>
         <alignment>0x4</alignment>
         <input_file_ref idref="fl-1d"/>
      </object_component>
      <object_component id="oc-19d">
         <name>.text.OLED_UpdateWindow</name>
         <load_address>0x2e8c</load_address>
         <readonly>true</readonly>
         <executable>true</executable>
         <run_address>0x2e8c</run_address>
         <size>0xf8</size>
         <alignment>0x4</alignment>
         <input_file_ref idref="fl-c"/>
      </object_component>
      <object_component id="oc-a7">
         <name>.text</name>
         <load_address>0x2f84</load_address>
         <readonly>true</readonly>
         <executable>true</executable>
         <run_address>0x2f84</run_address>
         <size>0xd8</size>
         <alignment>0x4</alignment>
         <input_file_ref idref="fl-e0"/>
      </object_component>
      <object_component id="oc-3a">
         <name>.text.UART1_IRQHandler</name>
         <load_address>0x305c</load_address>
         <readonly>true</readonly>
         <executable>true</executable>
         <run_address>0x305c</run_address>
         <size>0xc0</size>
         <alignment>0x4</alignment>
         <input_file_ref idref="fl-5"/>
      </object_component>
      <object_component id="oc-df">
         <name>.text.Car_Init</name>
         <load_address>0x311c</load_address>
         <readonly>true</readonly>
         <executable>true</executable>
         <run_address>0x311c</run_address>
         <size>0xb0</size>
         <alignment>0x4</alignment>
         <input_file_ref idref="fl-3"/>
      </object_component>
      <object_component id="oc-157">
         <name>.text.MPU6050_Calibrate</name>
         <load_address>0x31cc</load_address>
         <readonly>true</readonly>
         <executable>true</executable>
         <run_address>0x31cc</run_address>
         <size>0xb0</size>
         <alignment>0x4</alignment>
         <input_file_ref idref="fl-b"/>
      </object_component>
      <object_component id="oc-eb">
         <name>.text.CompetitionTasks_Init</name>
         <load_address>0x327c</load_address>
         <readonly>true</readonly>
         <executable>true</executable>
         <run_address>0x327c</run_address>
         <size>0xac</size>
         <alignment>0x4</alignment>
         <input_file_ref idref="fl-4"/>
      </object_component>
      <object_component id="oc-ec">
         <name>.text.MPU6050_Task</name>
         <load_address>0x3328</load_address>
         <readonly>true</readonly>
         <executable>true</executable>
         <run_address>0x3328</run_address>
         <size>0x9c</size>
         <alignment>0x4</alignment>
         <input_file_ref idref="fl-b"/>
      </object_component>
      <object_component id="oc-d4">
         <name>.text:memcpy</name>
         <load_address>0x33c4</load_address>
         <readonly>true</readonly>
         <executable>true</executable>
         <run_address>0x33c4</run_address>
         <size>0x9a</size>
         <alignment>0x1</alignment>
         <input_file_ref idref="fl-ef"/>
      </object_component>
      <object_component id="oc-33">
         <name>.text.Default_Handler</name>
         <load_address>0x345e</load_address>
         <readonly>true</readonly>
         <executable>true</executable>
         <run_address>0x345e</run_address>
         <size>0x2</size>
         <alignment>0x2</alignment>
         <input_file_ref idref="fl-9"/>
      </object_component>
      <object_component id="oc-87">
         <name>.text.main</name>
         <load_address>0x3460</load_address>
         <readonly>true</readonly>
         <executable>true</executable>
         <run_address>0x3460</run_address>
         <size>0x90</size>
         <alignment>0x4</alignment>
         <input_file_ref idref="fl-7"/>
      </object_component>
      <object_component id="oc-b7">
         <name>.text.Car_RightAngleAssistStop</name>
         <load_address>0x34f0</load_address>
         <readonly>true</readonly>
         <executable>true</executable>
         <run_address>0x34f0</run_address>
         <size>0x8c</size>
         <alignment>0x4</alignment>
         <input_file_ref idref="fl-3"/>
      </object_component>
      <object_component id="oc-138">
         <name>.text.SYSCFG_DL_PWM_0_init</name>
         <load_address>0x357c</load_address>
         <readonly>true</readonly>
         <executable>true</executable>
         <run_address>0x357c</run_address>
         <size>0x8c</size>
         <alignment>0x4</alignment>
         <input_file_ref idref="fl-8"/>
      </object_component>
      <object_component id="oc-9f">
         <name>.text.__mulsf3</name>
         <load_address>0x3608</load_address>
         <readonly>true</readonly>
         <executable>true</executable>
         <run_address>0x3608</run_address>
         <size>0x8c</size>
         <alignment>0x4</alignment>
         <input_file_ref idref="fl-e1"/>
      </object_component>
      <object_component id="oc-15b">
         <name>.text.__divsf3</name>
         <load_address>0x3694</load_address>
         <readonly>true</readonly>
         <executable>true</executable>
         <run_address>0x3694</run_address>
         <size>0x82</size>
         <alignment>0x4</alignment>
         <input_file_ref idref="fl-e2"/>
      </object_component>
      <object_component id="oc-171">
         <name>.text.__aeabi_idiv0</name>
         <load_address>0x3716</load_address>
         <readonly>true</readonly>
         <executable>true</executable>
         <run_address>0x3716</run_address>
         <size>0x2</size>
         <alignment>0x2</alignment>
         <input_file_ref idref="fl-ee"/>
      </object_component>
      <object_component id="oc-1c">
         <name>.text:decompress:lzss</name>
         <load_address>0x3718</load_address>
         <readonly>true</readonly>
         <executable>true</executable>
         <run_address>0x3718</run_address>
         <size>0x7c</size>
         <alignment>0x4</alignment>
         <input_file_ref idref="fl-3c"/>
      </object_component>
      <object_component id="oc-ed">
         <name>.text.CompetitionTasks_Service</name>
         <load_address>0x3794</load_address>
         <readonly>true</readonly>
         <executable>true</executable>
         <run_address>0x3794</run_address>
         <size>0x70</size>
         <alignment>0x4</alignment>
         <input_file_ref idref="fl-4"/>
      </object_component>
      <object_component id="oc-13c">
         <name>.text.SYSCFG_DL_UART_DEBUG_init</name>
         <load_address>0x3804</load_address>
         <readonly>true</readonly>
         <executable>true</executable>
         <run_address>0x3804</run_address>
         <size>0x70</size>
         <alignment>0x4</alignment>
         <input_file_ref idref="fl-8"/>
      </object_component>
      <object_component id="oc-b6">
         <name>.text.Car_RightAngleSetTargets</name>
         <load_address>0x3874</load_address>
         <readonly>true</readonly>
         <executable>true</executable>
         <run_address>0x3874</run_address>
         <size>0x6c</size>
         <alignment>0x4</alignment>
         <input_file_ref idref="fl-3"/>
      </object_component>
      <object_component id="oc-a3">
         <name>.text.__aeabi_fcmp</name>
         <load_address>0x38e0</load_address>
         <readonly>true</readonly>
         <executable>true</executable>
         <run_address>0x38e0</run_address>
         <size>0x62</size>
         <alignment>0x4</alignment>
         <input_file_ref idref="fl-e7"/>
      </object_component>
      <object_component id="oc-133">
         <name>.text:memset</name>
         <load_address>0x3942</load_address>
         <readonly>true</readonly>
         <executable>true</executable>
         <run_address>0x3942</run_address>
         <size>0x62</size>
         <alignment>0x1</alignment>
         <input_file_ref idref="fl-f0"/>
      </object_component>
      <object_component id="oc-134">
         <name>.text.SYSCFG_DL_initPower</name>
         <load_address>0x39a4</load_address>
         <readonly>true</readonly>
         <executable>true</executable>
         <run_address>0x39a4</run_address>
         <size>0x60</size>
         <alignment>0x4</alignment>
         <input_file_ref idref="fl-8"/>
      </object_component>
      <object_component id="oc-1a1">
         <name>.text.DL_I2C_fillControllerTXFIFO</name>
         <load_address>0x3a04</load_address>
         <readonly>true</readonly>
         <executable>true</executable>
         <run_address>0x3a04</run_address>
         <size>0x5e</size>
         <alignment>0x2</alignment>
         <input_file_ref idref="fl-1c"/>
      </object_component>
      <object_component id="oc-34">
         <name>.text.GROUP1_IRQHandler</name>
         <load_address>0x3a64</load_address>
         <readonly>true</readonly>
         <executable>true</executable>
         <run_address>0x3a64</run_address>
         <size>0x58</size>
         <alignment>0x4</alignment>
         <input_file_ref idref="fl-3"/>
      </object_component>
      <object_component id="oc-ee">
         <name>.text.OLED_Task</name>
         <load_address>0x3abc</load_address>
         <readonly>true</readonly>
         <executable>true</executable>
         <run_address>0x3abc</run_address>
         <size>0x58</size>
         <alignment>0x4</alignment>
         <input_file_ref idref="fl-c"/>
      </object_component>
      <object_component id="oc-108">
         <name>.text.__aeabi_idivmod</name>
         <load_address>0x3b14</load_address>
         <readonly>true</readonly>
         <executable>true</executable>
         <run_address>0x3b14</run_address>
         <size>0x56</size>
         <alignment>0x4</alignment>
         <input_file_ref idref="fl-e8"/>
      </object_component>
      <object_component id="oc-13b">
         <name>.text.SYSCFG_DL_I2C_MPU_init</name>
         <load_address>0x3b6c</load_address>
         <readonly>true</readonly>
         <executable>true</executable>
         <run_address>0x3b6c</run_address>
         <size>0x54</size>
         <alignment>0x4</alignment>
         <input_file_ref idref="fl-8"/>
      </object_component>
      <object_component id="oc-139">
         <name>.text.SYSCFG_DL_QEI_0_init</name>
         <load_address>0x3bc0</load_address>
         <readonly>true</readonly>
         <executable>true</executable>
         <run_address>0x3bc0</run_address>
         <size>0x4c</size>
         <alignment>0x4</alignment>
         <input_file_ref idref="fl-8"/>
      </object_component>
      <object_component id="oc-194">
         <name>.text.DL_UART_init</name>
         <load_address>0x3c0c</load_address>
         <readonly>true</readonly>
         <executable>true</executable>
         <run_address>0x3c0c</run_address>
         <size>0x48</size>
         <alignment>0x4</alignment>
         <input_file_ref idref="fl-1e"/>
      </object_component>
      <object_component id="oc-125">
         <name>.text.__aeabi_uidivmod</name>
         <load_address>0x3c54</load_address>
         <readonly>true</readonly>
         <executable>true</executable>
         <run_address>0x3c54</run_address>
         <size>0x40</size>
         <alignment>0x4</alignment>
         <input_file_ref idref="fl-eb"/>
      </object_component>
      <object_component id="oc-19f">
         <name>.text.DL_I2C_flushControllerTXFIFO</name>
         <load_address>0x3c94</load_address>
         <readonly>true</readonly>
         <executable>true</executable>
         <run_address>0x3c94</run_address>
         <size>0x3c</size>
         <alignment>0x4</alignment>
         <input_file_ref idref="fl-1c"/>
      </object_component>
      <object_component id="oc-d9">
         <name>.text.SYSCFG_DL_init</name>
         <load_address>0x3cd0</load_address>
         <readonly>true</readonly>
         <executable>true</executable>
         <run_address>0x3cd0</run_address>
         <size>0x3c</size>
         <alignment>0x4</alignment>
         <input_file_ref idref="fl-8"/>
      </object_component>
      <object_component id="oc-10e">
         <name>.text.__floatsisf</name>
         <load_address>0x3d0c</load_address>
         <readonly>true</readonly>
         <executable>true</executable>
         <run_address>0x3d0c</run_address>
         <size>0x3c</size>
         <alignment>0x4</alignment>
         <input_file_ref idref="fl-e5"/>
      </object_component>
      <object_component id="oc-121">
         <name>.text.__gtsf2</name>
         <load_address>0x3d48</load_address>
         <readonly>true</readonly>
         <executable>true</executable>
         <run_address>0x3d48</run_address>
         <size>0x3c</size>
         <alignment>0x4</alignment>
         <input_file_ref idref="fl-ec"/>
      </object_component>
      <object_component id="oc-f6">
         <name>.text:__TI_auto_init_nobinit_nopinit</name>
         <load_address>0x3d84</load_address>
         <readonly>true</readonly>
         <executable>true</executable>
         <run_address>0x3d84</run_address>
         <size>0x3c</size>
         <alignment>0x4</alignment>
         <input_file_ref idref="fl-37"/>
      </object_component>
      <object_component id="oc-11c">
         <name>.text.__eqsf2</name>
         <load_address>0x3dc0</load_address>
         <readonly>true</readonly>
         <executable>true</executable>
         <run_address>0x3dc0</run_address>
         <size>0x3a</size>
         <alignment>0x4</alignment>
         <input_file_ref idref="fl-ec"/>
      </object_component>
      <object_component id="oc-117">
         <name>.text.__muldsi3</name>
         <load_address>0x3dfc</load_address>
         <readonly>true</readonly>
         <executable>true</executable>
         <run_address>0x3dfc</run_address>
         <size>0x3a</size>
         <alignment>0x4</alignment>
         <input_file_ref idref="fl-ed"/>
      </object_component>
      <object_component id="oc-1a2">
         <name>.text.Board_I2C_RecoverBus</name>
         <load_address>0x3e38</load_address>
         <readonly>true</readonly>
         <executable>true</executable>
         <run_address>0x3e38</run_address>
         <size>0x38</size>
         <alignment>0x4</alignment>
         <input_file_ref idref="fl-1"/>
      </object_component>
      <object_component id="oc-e0">
         <name>.text.OLED_Init</name>
         <load_address>0x3e70</load_address>
         <readonly>true</readonly>
         <executable>true</executable>
         <run_address>0x3e70</run_address>
         <size>0x38</size>
         <alignment>0x4</alignment>
         <input_file_ref idref="fl-c"/>
      </object_component>
      <object_component id="oc-13a">
         <name>.text.SYSCFG_DL_TIMER_CONTROL_init</name>
         <load_address>0x3ea8</load_address>
         <readonly>true</readonly>
         <executable>true</executable>
         <run_address>0x3ea8</run_address>
         <size>0x38</size>
         <alignment>0x4</alignment>
         <input_file_ref idref="fl-8"/>
      </object_component>
      <object_component id="oc-112">
         <name>.text.__fixsfsi</name>
         <load_address>0x3ee0</load_address>
         <readonly>true</readonly>
         <executable>true</executable>
         <run_address>0x3ee0</run_address>
         <size>0x38</size>
         <alignment>0x4</alignment>
         <input_file_ref idref="fl-e3"/>
      </object_component>
      <object_component id="oc-141">
         <name>.text.Board_OLED_I2C_Init</name>
         <load_address>0x3f18</load_address>
         <readonly>true</readonly>
         <executable>true</executable>
         <run_address>0x3f18</run_address>
         <size>0x34</size>
         <alignment>0x4</alignment>
         <input_file_ref idref="fl-2"/>
      </object_component>
      <object_component id="oc-1a0">
         <name>.text.DL_I2C_flushControllerRXFIFO</name>
         <load_address>0x3f4c</load_address>
         <readonly>true</readonly>
         <executable>true</executable>
         <run_address>0x3f4c</run_address>
         <size>0x30</size>
         <alignment>0x4</alignment>
         <input_file_ref idref="fl-1c"/>
      </object_component>
      <object_component id="oc-136">
         <name>.text.SYSCFG_DL_SYSCTL_init</name>
         <load_address>0x3f7c</load_address>
         <readonly>true</readonly>
         <executable>true</executable>
         <run_address>0x3f7c</run_address>
         <size>0x30</size>
         <alignment>0x4</alignment>
         <input_file_ref idref="fl-8"/>
      </object_component>
      <object_component id="oc-9b">
         <name>.text.__floatunsisf</name>
         <load_address>0x3fac</load_address>
         <readonly>true</readonly>
         <executable>true</executable>
         <run_address>0x3fac</run_address>
         <size>0x28</size>
         <alignment>0x4</alignment>
         <input_file_ref idref="fl-e6"/>
      </object_component>
      <object_component id="oc-60">
         <name>.text:_c_int00_noargs</name>
         <load_address>0x3fd4</load_address>
         <readonly>true</readonly>
         <executable>true</executable>
         <run_address>0x3fd4</run_address>
         <size>0x28</size>
         <alignment>0x4</alignment>
         <input_file_ref idref="fl-35"/>
      </object_component>
      <object_component id="oc-187">
         <name>.text.DL_I2C_setClockConfig</name>
         <load_address>0x3ffc</load_address>
         <readonly>true</readonly>
         <executable>true</executable>
         <run_address>0x3ffc</run_address>
         <size>0x26</size>
         <alignment>0x2</alignment>
         <input_file_ref idref="fl-1c"/>
      </object_component>
      <object_component id="oc-be">
         <name>.text.Car_StartLineFollow</name>
         <load_address>0x4024</load_address>
         <readonly>true</readonly>
         <executable>true</executable>
         <run_address>0x4024</run_address>
         <size>0x20</size>
         <alignment>0x4</alignment>
         <input_file_ref idref="fl-3"/>
      </object_component>
      <object_component id="oc-180">
         <name>.text.DL_Timer_setCaptCompUpdateMethod</name>
         <load_address>0x4044</load_address>
         <readonly>true</readonly>
         <executable>true</executable>
         <run_address>0x4044</run_address>
         <size>0x1c</size>
         <alignment>0x4</alignment>
         <input_file_ref idref="fl-1d"/>
      </object_component>
      <object_component id="oc-17d">
         <name>.text.DL_Timer_setClockConfig</name>
         <load_address>0x4060</load_address>
         <readonly>true</readonly>
         <executable>true</executable>
         <run_address>0x4060</run_address>
         <size>0x1c</size>
         <alignment>0x4</alignment>
         <input_file_ref idref="fl-1d"/>
      </object_component>
      <object_component id="oc-40">
         <name>.text.TIMG12_IRQHandler</name>
         <load_address>0x407c</load_address>
         <readonly>true</readonly>
         <executable>true</executable>
         <run_address>0x407c</run_address>
         <size>0x1c</size>
         <alignment>0x4</alignment>
         <input_file_ref idref="fl-7"/>
      </object_component>
      <object_component id="oc-17f">
         <name>.text.DL_Timer_setCaptureCompareOutCtl</name>
         <load_address>0x4098</load_address>
         <readonly>true</readonly>
         <executable>true</executable>
         <run_address>0x4098</run_address>
         <size>0x18</size>
         <alignment>0x4</alignment>
         <input_file_ref idref="fl-1d"/>
      </object_component>
      <object_component id="oc-156">
         <name>.text.Board_I2C_WriteReg</name>
         <load_address>0x40b0</load_address>
         <readonly>true</readonly>
         <executable>true</executable>
         <run_address>0x40b0</run_address>
         <size>0x16</size>
         <alignment>0x2</alignment>
         <input_file_ref idref="fl-1"/>
      </object_component>
      <object_component id="oc-18e">
         <name>.text.DL_UART_setClockConfig</name>
         <load_address>0x40c6</load_address>
         <readonly>true</readonly>
         <executable>true</executable>
         <run_address>0x40c6</run_address>
         <size>0x12</size>
         <alignment>0x2</alignment>
         <input_file_ref idref="fl-1e"/>
      </object_component>
      <object_component id="oc-20">
         <name>.text:decompress:none</name>
         <load_address>0x40d8</load_address>
         <readonly>true</readonly>
         <executable>true</executable>
         <run_address>0x40d8</run_address>
         <size>0x12</size>
         <alignment>0x2</alignment>
         <input_file_ref idref="fl-3b"/>
      </object_component>
      <object_component id="oc-b8">
         <name>.text.DL_Timer_setCaptureCompareValue</name>
         <load_address>0x40ec</load_address>
         <readonly>true</readonly>
         <executable>true</executable>
         <run_address>0x40ec</run_address>
         <size>0x10</size>
         <alignment>0x4</alignment>
         <input_file_ref idref="fl-1d"/>
      </object_component>
      <object_component id="oc-5d">
         <name>.text:decompress:ZI</name>
         <load_address>0x40fc</load_address>
         <readonly>true</readonly>
         <executable>true</executable>
         <run_address>0x40fc</run_address>
         <size>0x10</size>
         <alignment>0x2</alignment>
         <input_file_ref idref="fl-3a"/>
      </object_component>
      <object_component id="oc-7e">
         <name>.text.__aeabi_memclr</name>
         <load_address>0x410c</load_address>
         <readonly>true</readonly>
         <executable>true</executable>
         <run_address>0x410c</run_address>
         <size>0xc</size>
         <alignment>0x4</alignment>
         <input_file_ref idref="fl-ea"/>
      </object_component>
      <object_component id="oc-146">
         <name>.text.DL_Common_delayCycles</name>
         <load_address>0x4118</load_address>
         <readonly>true</readonly>
         <executable>true</executable>
         <run_address>0x4118</run_address>
         <size>0xa</size>
         <alignment>0x2</alignment>
         <input_file_ref idref="fl-1b"/>
      </object_component>
      <object_component id="oc-de">
         <name>.text.LineTracker_Init</name>
         <load_address>0x4122</load_address>
         <readonly>true</readonly>
         <executable>true</executable>
         <run_address>0x4122</run_address>
         <size>0x8</size>
         <alignment>0x2</alignment>
         <input_file_ref idref="fl-a"/>
      </object_component>
      <object_component id="oc-50">
         <name>.text.__aeabi_memcpy</name>
         <load_address>0x412c</load_address>
         <readonly>true</readonly>
         <executable>true</executable>
         <run_address>0x412c</run_address>
         <size>0x8</size>
         <alignment>0x4</alignment>
         <input_file_ref idref="fl-e9"/>
      </object_component>
      <object_component id="oc-ef">
         <name>.text:abort</name>
         <load_address>0x4134</load_address>
         <readonly>true</readonly>
         <executable>true</executable>
         <run_address>0x4134</run_address>
         <size>0x6</size>
         <alignment>0x2</alignment>
         <input_file_ref idref="fl-3d"/>
      </object_component>
      <object_component id="oc-161">
         <name>.text.HOSTexit</name>
         <load_address>0x413a</load_address>
         <readonly>true</readonly>
         <executable>true</executable>
         <run_address>0x413a</run_address>
         <size>0x4</size>
         <alignment>0x2</alignment>
         <input_file_ref idref="fl-df"/>
      </object_component>
      <object_component id="oc-2f">
         <name>.text.Reset_Handler</name>
         <load_address>0x413e</load_address>
         <readonly>true</readonly>
         <executable>true</executable>
         <run_address>0x413e</run_address>
         <size>0x4</size>
         <alignment>0x2</alignment>
         <input_file_ref idref="fl-9"/>
      </object_component>
      <object_component id="oc-83">
         <name>.text._system_pre_init</name>
         <load_address>0x4142</load_address>
         <readonly>true</readonly>
         <executable>true</executable>
         <run_address>0x4142</run_address>
         <size>0x4</size>
         <alignment>0x2</alignment>
         <input_file_ref idref="fl-38"/>
      </object_component>
      <object_component id="oc-1fc">
         <name>.cinit..data.load</name>
         <load_address>0x42e8</load_address>
         <readonly>true</readonly>
         <run_address>0x42e8</run_address>
         <size>0x94</size>
         <alignment>0x1</alignment>
      </object_component>
      <object_component id="oc-1fa">
         <name>__TI_handler_table</name>
         <load_address>0x437c</load_address>
         <readonly>true</readonly>
         <run_address>0x437c</run_address>
         <size>0xc</size>
         <alignment>0x4</alignment>
      </object_component>
      <object_component id="oc-1fd">
         <name>.cinit..bss.load</name>
         <load_address>0x4388</load_address>
         <readonly>true</readonly>
         <run_address>0x4388</run_address>
         <size>0x8</size>
         <alignment>0x4</alignment>
      </object_component>
      <object_component id="oc-1fb">
         <name>__TI_cinit_table</name>
         <load_address>0x4390</load_address>
         <readonly>true</readonly>
         <run_address>0x4390</run_address>
         <size>0x10</size>
         <alignment>0x4</alignment>
      </object_component>
      <object_component id="oc-1a6">
         <name>.rodata.s_digit16</name>
         <load_address>0x4148</load_address>
         <readonly>true</readonly>
         <run_address>0x4148</run_address>
         <size>0x140</size>
         <alignment>0x1</alignment>
         <input_file_ref idref="fl-c"/>
      </object_component>
      <object_component id="oc-19e">
         <name>.rodata.s_oled_init_cmds</name>
         <load_address>0x4288</load_address>
         <readonly>true</readonly>
         <run_address>0x4288</run_address>
         <size>0x1c</size>
         <alignment>0x1</alignment>
         <input_file_ref idref="fl-c"/>
      </object_component>
      <object_component id="oc-186">
         <name>.rodata.gTIMER_CONTROLTimerConfig</name>
         <load_address>0x42a4</load_address>
         <readonly>true</readonly>
         <run_address>0x42a4</run_address>
         <size>0x14</size>
         <alignment>0x4</alignment>
         <input_file_ref idref="fl-8"/>
      </object_component>
      <object_component id="oc-68">
         <name>.rodata.cst16</name>
         <load_address>0x42b8</load_address>
         <readonly>true</readonly>
         <run_address>0x42b8</run_address>
         <size>0x10</size>
         <alignment>0x1</alignment>
         <input_file_ref idref="fl-3"/>
      </object_component>
      <object_component id="oc-196">
         <name>.rodata.gUART_DEBUGConfig</name>
         <load_address>0x42c8</load_address>
         <readonly>true</readonly>
         <run_address>0x42c8</run_address>
         <size>0xa</size>
         <alignment>0x2</alignment>
         <input_file_ref idref="fl-8"/>
      </object_component>
      <object_component id="oc-18d">
         <name>.rodata.gI2C_MPUClockConfig</name>
         <load_address>0x42d2</load_address>
         <readonly>true</readonly>
         <run_address>0x42d2</run_address>
         <size>0x2</size>
         <alignment>0x1</alignment>
         <input_file_ref idref="fl-8"/>
      </object_component>
      <object_component id="oc-182">
         <name>.rodata.gPWM_0Config</name>
         <load_address>0x42d4</load_address>
         <readonly>true</readonly>
         <run_address>0x42d4</run_address>
         <size>0x8</size>
         <alignment>0x4</alignment>
         <input_file_ref idref="fl-8"/>
      </object_component>
      <object_component id="oc-181">
         <name>.rodata.gPWM_0ClockConfig</name>
         <load_address>0x42dc</load_address>
         <readonly>true</readonly>
         <run_address>0x42dc</run_address>
         <size>0x3</size>
         <alignment>0x1</alignment>
         <input_file_ref idref="fl-8"/>
      </object_component>
      <object_component id="oc-183">
         <name>.rodata.gQEI_0ClockConfig</name>
         <load_address>0x42df</load_address>
         <readonly>true</readonly>
         <run_address>0x42df</run_address>
         <size>0x3</size>
         <alignment>0x1</alignment>
         <input_file_ref idref="fl-8"/>
      </object_component>
      <object_component id="oc-185">
         <name>.rodata.gTIMER_CONTROLClockConfig</name>
         <load_address>0x42e2</load_address>
         <readonly>true</readonly>
         <run_address>0x42e2</run_address>
         <size>0x3</size>
         <alignment>0x1</alignment>
         <input_file_ref idref="fl-8"/>
      </object_component>
      <object_component id="oc-195">
         <name>.rodata.gUART_DEBUGClockConfig</name>
         <load_address>0x42e5</load_address>
         <readonly>true</readonly>
         <run_address>0x42e5</run_address>
         <size>0x2</size>
         <alignment>0x1</alignment>
         <input_file_ref idref="fl-8"/>
      </object_component>
      <object_component id="oc-1c4">
         <name>.binit</name>
         <load_address>0x0</load_address>
         <readonly>true</readonly>
         <run_address>0x0</run_address>
         <size>0x0</size>
         <alignment>0x4</alignment>
      </object_component>
      <object_component id="oc-98">
         <name>.data.g_car</name>
         <load_address>0x202005dc</load_address>
         <readwrite>true</readwrite>
         <run_address>0x202005dc</run_address>
         <size>0x110</size>
         <alignment>0x4</alignment>
         <input_file_ref idref="fl-3"/>
      </object_component>
      <object_component id="oc-69">
         <name>.data.s_right_encoder_count</name>
         <load_address>0x20200754</load_address>
         <readwrite>true</readwrite>
         <run_address>0x20200754</run_address>
         <size>0x4</size>
         <alignment>0x4</alignment>
         <input_file_ref idref="fl-3"/>
      </object_component>
      <object_component id="oc-67">
         <name>.data.s_right_encoder_state</name>
         <load_address>0x2020076b</load_address>
         <readwrite>true</readwrite>
         <run_address>0x2020076b</run_address>
         <size>0x1</size>
         <alignment>0x1</alignment>
         <input_file_ref idref="fl-3"/>
      </object_component>
      <object_component id="oc-ad">
         <name>.data.s_approach_locked_health</name>
         <load_address>0x2020075e</load_address>
         <readwrite>true</readwrite>
         <run_address>0x2020075e</run_address>
         <size>0x1</size>
         <alignment>0x1</alignment>
         <input_file_ref idref="fl-3"/>
      </object_component>
      <object_component id="oc-ae">
         <name>.data.s_approach_mismatch_health</name>
         <load_address>0x2020075f</load_address>
         <readwrite>true</readwrite>
         <run_address>0x2020075f</run_address>
         <size>0x1</size>
         <alignment>0x1</alignment>
         <input_file_ref idref="fl-3"/>
      </object_component>
      <object_component id="oc-af">
         <name>.data.s_approach_invalid_ticks</name>
         <load_address>0x2020075c</load_address>
         <readwrite>true</readwrite>
         <run_address>0x2020075c</run_address>
         <size>0x1</size>
         <alignment>0x1</alignment>
         <input_file_ref idref="fl-3"/>
      </object_component>
      <object_component id="oc-b0">
         <name>.data.s_approach_left_stale_ticks</name>
         <load_address>0x2020075d</load_address>
         <readwrite>true</readwrite>
         <run_address>0x2020075d</run_address>
         <size>0x1</size>
         <alignment>0x1</alignment>
         <input_file_ref idref="fl-3"/>
      </object_component>
      <object_component id="oc-b1">
         <name>.data.s_approach_right_stale_ticks</name>
         <load_address>0x20200761</load_address>
         <readwrite>true</readwrite>
         <run_address>0x20200761</run_address>
         <size>0x1</size>
         <alignment>0x1</alignment>
         <input_file_ref idref="fl-3"/>
      </object_component>
      <object_component id="oc-b2">
         <name>.data.s_approach_mismatch_ticks</name>
         <load_address>0x20200760</load_address>
         <readwrite>true</readwrite>
         <run_address>0x20200760</run_address>
         <size>0x1</size>
         <alignment>0x1</alignment>
         <input_file_ref idref="fl-3"/>
      </object_component>
      <object_component id="oc-b3">
         <name>.data.s_approach_fused_distance</name>
         <load_address>0x20200738</load_address>
         <readwrite>true</readwrite>
         <run_address>0x20200738</run_address>
         <size>0x4</size>
         <alignment>0x4</alignment>
         <input_file_ref idref="fl-3"/>
      </object_component>
      <object_component id="oc-c7">
         <name>.data.g_competition_task_status</name>
         <load_address>0x20200720</load_address>
         <readwrite>true</readwrite>
         <run_address>0x20200720</run_address>
         <size>0x10</size>
         <alignment>0x4</alignment>
         <input_file_ref idref="fl-4"/>
      </object_component>
      <object_component id="oc-c0">
         <name>.data.s_initialized</name>
         <load_address>0x20200764</load_address>
         <readwrite>true</readwrite>
         <run_address>0x20200764</run_address>
         <size>0x1</size>
         <alignment>0x1</alignment>
         <input_file_ref idref="fl-4"/>
      </object_component>
      <object_component id="oc-c1">
         <name>.data.s_last_control_tick</name>
         <load_address>0x20200744</load_address>
         <readwrite>true</readwrite>
         <run_address>0x20200744</run_address>
         <size>0x4</size>
         <alignment>0x4</alignment>
         <input_file_ref idref="fl-4"/>
      </object_component>
      <object_component id="oc-15a">
         <name>.data.s_last_display_tick</name>
         <load_address>0x20200748</load_address>
         <readwrite>true</readwrite>
         <run_address>0x20200748</run_address>
         <size>0x4</size>
         <alignment>0x4</alignment>
         <input_file_ref idref="fl-4"/>
      </object_component>
      <object_component id="oc-c3">
         <name>.data.s_key_debounce_tick</name>
         <load_address>0x2020073c</load_address>
         <readwrite>true</readwrite>
         <run_address>0x2020073c</run_address>
         <size>0x4</size>
         <alignment>0x4</alignment>
         <input_file_ref idref="fl-4"/>
      </object_component>
      <object_component id="oc-c5">
         <name>.data.s_key_press_tick</name>
         <load_address>0x20200740</load_address>
         <readwrite>true</readwrite>
         <run_address>0x20200740</run_address>
         <size>0x4</size>
         <alignment>0x4</alignment>
         <input_file_ref idref="fl-4"/>
      </object_component>
      <object_component id="oc-c2">
         <name>.data.s_key_last_raw</name>
         <load_address>0x20200766</load_address>
         <readwrite>true</readwrite>
         <run_address>0x20200766</run_address>
         <size>0x1</size>
         <alignment>0x1</alignment>
         <input_file_ref idref="fl-4"/>
      </object_component>
      <object_component id="oc-c9">
         <name>.data.s_key_stable</name>
         <load_address>0x20200769</load_address>
         <readwrite>true</readwrite>
         <run_address>0x20200769</run_address>
         <size>0x1</size>
         <alignment>0x1</alignment>
         <input_file_ref idref="fl-4"/>
      </object_component>
      <object_component id="oc-c6">
         <name>.data.s_key_armed</name>
         <load_address>0x20200765</load_address>
         <readwrite>true</readwrite>
         <run_address>0x20200765</run_address>
         <size>0x1</size>
         <alignment>0x1</alignment>
         <input_file_ref idref="fl-4"/>
      </object_component>
      <object_component id="oc-c4">
         <name>.data.s_key_press_pending</name>
         <load_address>0x20200768</load_address>
         <readwrite>true</readwrite>
         <run_address>0x20200768</run_address>
         <size>0x1</size>
         <alignment>0x1</alignment>
         <input_file_ref idref="fl-4"/>
      </object_component>
      <object_component id="oc-c8">
         <name>.data.s_key_press_allowed</name>
         <load_address>0x20200767</load_address>
         <readwrite>true</readwrite>
         <run_address>0x20200767</run_address>
         <size>0x1</size>
         <alignment>0x1</alignment>
         <input_file_ref idref="fl-4"/>
      </object_component>
      <object_component id="oc-ca">
         <name>.data.s_leave_confirm_count</name>
         <load_address>0x2020076a</load_address>
         <readwrite>true</readwrite>
         <run_address>0x2020076a</run_address>
         <size>0x1</size>
         <alignment>0x1</alignment>
         <input_file_ref idref="fl-4"/>
      </object_component>
      <object_component id="oc-cb">
         <name>.data.s_finish_confirm_count</name>
         <load_address>0x20200763</load_address>
         <readwrite>true</readwrite>
         <run_address>0x20200763</run_address>
         <size>0x1</size>
         <alignment>0x1</alignment>
         <input_file_ref idref="fl-4"/>
      </object_component>
      <object_component id="oc-cc">
         <name>.data.s_display_dirty</name>
         <load_address>0x20200762</load_address>
         <readwrite>true</readwrite>
         <run_address>0x20200762</run_address>
         <size>0x1</size>
         <alignment>0x1</alignment>
         <input_file_ref idref="fl-4"/>
      </object_component>
      <object_component id="oc-6c">
         <name>.data.s_rx_head</name>
         <load_address>0x20200758</load_address>
         <readwrite>true</readwrite>
         <run_address>0x20200758</run_address>
         <size>0x2</size>
         <alignment>0x2</alignment>
         <input_file_ref idref="fl-5"/>
      </object_component>
      <object_component id="oc-6d">
         <name>.data.s_rx_tail</name>
         <load_address>0x2020075a</load_address>
         <readwrite>true</readwrite>
         <run_address>0x2020075a</run_address>
         <size>0x2</size>
         <alignment>0x2</alignment>
         <input_file_ref idref="fl-5"/>
      </object_component>
      <object_component id="oc-ac">
         <name>.data.g_line</name>
         <load_address>0x20200708</load_address>
         <readwrite>true</readwrite>
         <run_address>0x20200708</run_address>
         <size>0x18</size>
         <alignment>0x4</alignment>
         <input_file_ref idref="fl-a"/>
      </object_component>
      <object_component id="oc-b4">
         <name>.data.g_mpu6050</name>
         <load_address>0x202006ec</load_address>
         <readwrite>true</readwrite>
         <run_address>0x202006ec</run_address>
         <size>0x1c</size>
         <alignment>0x4</alignment>
         <input_file_ref idref="fl-b"/>
      </object_component>
      <object_component id="oc-158">
         <name>.data.s_last_sample_tick</name>
         <load_address>0x2020074c</load_address>
         <readwrite>true</readwrite>
         <run_address>0x2020074c</run_address>
         <size>0x4</size>
         <alignment>0x4</alignment>
         <input_file_ref idref="fl-b"/>
      </object_component>
      <object_component id="oc-14b">
         <name>.data.g_oled</name>
         <load_address>0x20200730</load_address>
         <readwrite>true</readwrite>
         <run_address>0x20200730</run_address>
         <size>0x8</size>
         <alignment>0x4</alignment>
         <input_file_ref idref="fl-c"/>
      </object_component>
      <object_component id="oc-14c">
         <name>.data.s_last_service_tick</name>
         <load_address>0x20200750</load_address>
         <readwrite>true</readwrite>
         <run_address>0x20200750</run_address>
         <size>0x4</size>
         <alignment>0x4</alignment>
         <input_file_ref idref="fl-c"/>
      </object_component>
      <object_component id="oc-6e">
         <name>.bss.s_rx_buffer</name>
         <uninitialized>true</uninitialized>
         <readwrite>true</readwrite>
         <run_address>0x2020055c</run_address>
         <size>0x80</size>
         <alignment>0x1</alignment>
         <input_file_ref idref="fl-5"/>
      </object_component>
      <object_component id="oc-14d">
         <name>.bss.s_buffer</name>
         <uninitialized>true</uninitialized>
         <readwrite>true</readwrite>
         <run_address>0x20200000</run_address>
         <size>0x400</size>
         <alignment>0x4</alignment>
         <input_file_ref idref="fl-c"/>
      </object_component>
      <object_component id="oc-13d">
         <name>.common:gPWM_0Backup</name>
         <uninitialized>true</uninitialized>
         <readwrite>true</readwrite>
         <run_address>0x20200400</run_address>
         <size>0xbc</size>
         <alignment>0x4</alignment>
      </object_component>
      <object_component id="oc-13e">
         <name>.common:gQEI_0Backup</name>
         <uninitialized>true</uninitialized>
         <readwrite>true</readwrite>
         <run_address>0x202004bc</run_address>
         <size>0xa0</size>
         <alignment>0x4</alignment>
      </object_component>
      <object_component id="oc-1a">
         <name>.stack</name>
         <uninitialized>true</uninitialized>
         <readwrite>true</readwrite>
         <run_address>0x20207e00</run_address>
         <size>0x4</size>
         <alignment>0x4</alignment>
         <input_file_ref idref="fl-35"/>
      </object_component>
      <object_component id="oc-1ff">
         <name>.stack</name>
         <uninitialized>true</uninitialized>
         <readwrite>true</readwrite>
         <run_address>0x20207e00</run_address>
         <size>0x0</size>
         <alignment>0x8</alignment>
      </object_component>
      <object_component id="oc-153">
         <name>.debug_loc</name>
         <load_address>0x0</load_address>
         <run_address>0x0</run_address>
         <size>0x973</size>
         <alignment>0x1</alignment>
         <input_file_ref idref="fl-1"/>
      </object_component>
      <object_component id="oc-160">
         <name>.debug_loc</name>
         <load_address>0x973</load_address>
         <run_address>0x973</run_address>
         <size>0x2d7</size>
         <alignment>0x1</alignment>
         <input_file_ref idref="fl-2"/>
      </object_component>
      <object_component id="oc-35">
         <name>.debug_loc</name>
         <load_address>0xc4a</load_address>
         <run_address>0xc4a</run_address>
         <size>0x17d9</size>
         <alignment>0x1</alignment>
         <input_file_ref idref="fl-3"/>
      </object_component>
      <object_component id="oc-73">
         <name>.debug_loc</name>
         <load_address>0x2423</load_address>
         <run_address>0x2423</run_address>
         <size>0x279</size>
         <alignment>0x1</alignment>
         <input_file_ref idref="fl-4"/>
      </object_component>
      <object_component id="oc-3b">
         <name>.debug_loc</name>
         <load_address>0x269c</load_address>
         <run_address>0x269c</run_address>
         <size>0x70de</size>
         <alignment>0x1</alignment>
         <input_file_ref idref="fl-5"/>
      </object_component>
      <object_component id="oc-137">
         <name>.debug_loc</name>
         <load_address>0x977a</load_address>
         <run_address>0x977a</run_address>
         <size>0x13f</size>
         <alignment>0x1</alignment>
         <input_file_ref idref="fl-8"/>
      </object_component>
      <object_component id="oc-93">
         <name>.debug_loc</name>
         <load_address>0x98b9</load_address>
         <run_address>0x98b9</run_address>
         <size>0x2ac</size>
         <alignment>0x1</alignment>
         <input_file_ref idref="fl-a"/>
      </object_component>
      <object_component id="oc-e9">
         <name>.debug_loc</name>
         <load_address>0x9b65</load_address>
         <run_address>0x9b65</run_address>
         <size>0x1f6</size>
         <alignment>0x1</alignment>
         <input_file_ref idref="fl-b"/>
      </object_component>
      <object_component id="oc-e2">
         <name>.debug_loc</name>
         <load_address>0x9d5b</load_address>
         <run_address>0x9d5b</run_address>
         <size>0xdd7</size>
         <alignment>0x1</alignment>
         <input_file_ref idref="fl-c"/>
      </object_component>
      <object_component id="oc-19c">
         <name>.debug_loc</name>
         <load_address>0xab32</load_address>
         <run_address>0xab32</run_address>
         <size>0x13</size>
         <alignment>0x1</alignment>
         <input_file_ref idref="fl-1b"/>
      </object_component>
      <object_component id="oc-188">
         <name>.debug_loc</name>
         <load_address>0xab45</load_address>
         <run_address>0xab45</run_address>
         <size>0x37a</size>
         <alignment>0x1</alignment>
         <input_file_ref idref="fl-1c"/>
      </object_component>
      <object_component id="oc-b9">
         <name>.debug_loc</name>
         <load_address>0xaebf</load_address>
         <run_address>0xaebf</run_address>
         <size>0x1a68</size>
         <alignment>0x1</alignment>
         <input_file_ref idref="fl-1d"/>
      </object_component>
      <object_component id="oc-18f">
         <name>.debug_loc</name>
         <load_address>0xc927</load_address>
         <run_address>0xc927</run_address>
         <size>0x7e4</size>
         <alignment>0x1</alignment>
         <input_file_ref idref="fl-1e"/>
      </object_component>
      <object_component id="oc-4b">
         <name>.debug_loc</name>
         <load_address>0xd10b</load_address>
         <run_address>0xd10b</run_address>
         <size>0xd8</size>
         <alignment>0x1</alignment>
         <input_file_ref idref="fl-35"/>
      </object_component>
      <object_component id="oc-fa">
         <name>.debug_loc</name>
         <load_address>0xd1e3</load_address>
         <run_address>0xd1e3</run_address>
         <size>0x424</size>
         <alignment>0x1</alignment>
         <input_file_ref idref="fl-37"/>
      </object_component>
      <object_component id="oc-5a">
         <name>.debug_loc</name>
         <load_address>0xd607</load_address>
         <run_address>0xd607</run_address>
         <size>0x16c</size>
         <alignment>0x1</alignment>
         <input_file_ref idref="fl-3a"/>
      </object_component>
      <object_component id="oc-56">
         <name>.debug_loc</name>
         <load_address>0xd773</load_address>
         <run_address>0xd773</run_address>
         <size>0x6f</size>
         <alignment>0x1</alignment>
         <input_file_ref idref="fl-3b"/>
      </object_component>
      <object_component id="oc-4e">
         <name>.debug_loc</name>
         <load_address>0xd7e2</load_address>
         <run_address>0xd7e2</run_address>
         <size>0x167</size>
         <alignment>0x1</alignment>
         <input_file_ref idref="fl-3c"/>
      </object_component>
      <object_component id="oc-f5">
         <name>.debug_loc</name>
         <load_address>0xd949</load_address>
         <run_address>0xd949</run_address>
         <size>0x26</size>
         <alignment>0x1</alignment>
         <input_file_ref idref="fl-3d"/>
      </object_component>
      <object_component id="oc-1b6">
         <name>.debug_loc</name>
         <load_address>0xd96f</load_address>
         <run_address>0xd96f</run_address>
         <size>0x20</size>
         <alignment>0x1</alignment>
         <input_file_ref idref="fl-ee"/>
      </object_component>
      <object_component id="oc-1a3">
         <name>.debug_abbrev</name>
         <load_address>0x0</load_address>
         <run_address>0x0</run_address>
         <size>0x278</size>
         <alignment>0x1</alignment>
         <input_file_ref idref="fl-1"/>
      </object_component>
      <object_component id="oc-198">
         <name>.debug_abbrev</name>
         <load_address>0x278</load_address>
         <run_address>0x278</run_address>
         <size>0x287</size>
         <alignment>0x1</alignment>
         <input_file_ref idref="fl-2"/>
      </object_component>
      <object_component id="oc-6a">
         <name>.debug_abbrev</name>
         <load_address>0x4ff</load_address>
         <run_address>0x4ff</run_address>
         <size>0x2f5</size>
         <alignment>0x1</alignment>
         <input_file_ref idref="fl-3"/>
      </object_component>
      <object_component id="oc-cd">
         <name>.debug_abbrev</name>
         <load_address>0x7f4</load_address>
         <run_address>0x7f4</run_address>
         <size>0x248</size>
         <alignment>0x1</alignment>
         <input_file_ref idref="fl-4"/>
      </object_component>
      <object_component id="oc-6f">
         <name>.debug_abbrev</name>
         <load_address>0xa3c</load_address>
         <run_address>0xa3c</run_address>
         <size>0x3b4</size>
         <alignment>0x1</alignment>
         <input_file_ref idref="fl-5"/>
      </object_component>
      <object_component id="oc-78">
         <name>.debug_abbrev</name>
         <load_address>0xdf0</load_address>
         <run_address>0xdf0</run_address>
         <size>0x132</size>
         <alignment>0x1</alignment>
         <input_file_ref idref="fl-7"/>
      </object_component>
      <object_component id="oc-13f">
         <name>.debug_abbrev</name>
         <load_address>0xf22</load_address>
         <run_address>0xf22</run_address>
         <size>0x20c</size>
         <alignment>0x1</alignment>
         <input_file_ref idref="fl-8"/>
      </object_component>
      <object_component id="oc-45">
         <name>.debug_abbrev</name>
         <load_address>0x112e</load_address>
         <run_address>0x112e</run_address>
         <size>0x6d</size>
         <alignment>0x1</alignment>
         <input_file_ref idref="fl-9"/>
      </object_component>
      <object_component id="oc-10c">
         <name>.debug_abbrev</name>
         <load_address>0x119b</load_address>
         <run_address>0x119b</run_address>
         <size>0x130</size>
         <alignment>0x1</alignment>
         <input_file_ref idref="fl-a"/>
      </object_component>
      <object_component id="oc-129">
         <name>.debug_abbrev</name>
         <load_address>0x12cb</load_address>
         <run_address>0x12cb</run_address>
         <size>0x161</size>
         <alignment>0x1</alignment>
         <input_file_ref idref="fl-b"/>
      </object_component>
      <object_component id="oc-14e">
         <name>.debug_abbrev</name>
         <load_address>0x142c</load_address>
         <run_address>0x142c</run_address>
         <size>0x23e</size>
         <alignment>0x1</alignment>
         <input_file_ref idref="fl-c"/>
      </object_component>
      <object_component id="oc-19a">
         <name>.debug_abbrev</name>
         <load_address>0x166a</load_address>
         <run_address>0x166a</run_address>
         <size>0x62</size>
         <alignment>0x1</alignment>
         <input_file_ref idref="fl-1b"/>
      </object_component>
      <object_component id="oc-1b7">
         <name>.debug_abbrev</name>
         <load_address>0x16cc</load_address>
         <run_address>0x16cc</run_address>
         <size>0x1e7</size>
         <alignment>0x1</alignment>
         <input_file_ref idref="fl-1c"/>
      </object_component>
      <object_component id="oc-12b">
         <name>.debug_abbrev</name>
         <load_address>0x18b3</load_address>
         <run_address>0x18b3</run_address>
         <size>0x286</size>
         <alignment>0x1</alignment>
         <input_file_ref idref="fl-1d"/>
      </object_component>
      <object_component id="oc-1b9">
         <name>.debug_abbrev</name>
         <load_address>0x1b39</load_address>
         <run_address>0x1b39</run_address>
         <size>0x29b</size>
         <alignment>0x1</alignment>
         <input_file_ref idref="fl-1e"/>
      </object_component>
      <object_component id="oc-47">
         <name>.debug_abbrev</name>
         <load_address>0x1dd4</load_address>
         <run_address>0x1dd4</run_address>
         <size>0xaf</size>
         <alignment>0x1</alignment>
         <input_file_ref idref="fl-35"/>
      </object_component>
      <object_component id="oc-16b">
         <name>.debug_abbrev</name>
         <load_address>0x1e83</load_address>
         <run_address>0x1e83</run_address>
         <size>0x170</size>
         <alignment>0x1</alignment>
         <input_file_ref idref="fl-37"/>
      </object_component>
      <object_component id="oc-d7">
         <name>.debug_abbrev</name>
         <load_address>0x1ff3</load_address>
         <run_address>0x1ff3</run_address>
         <size>0x39</size>
         <alignment>0x1</alignment>
         <input_file_ref idref="fl-38"/>
      </object_component>
      <object_component id="oc-7c">
         <name>.debug_abbrev</name>
         <load_address>0x202c</load_address>
         <run_address>0x202c</run_address>
         <size>0xc2</size>
         <alignment>0x1</alignment>
         <input_file_ref idref="fl-3a"/>
      </object_component>
      <object_component id="oc-54">
         <name>.debug_abbrev</name>
         <load_address>0x20ee</load_address>
         <run_address>0x20ee</run_address>
         <size>0x70</size>
         <alignment>0x1</alignment>
         <input_file_ref idref="fl-3b"/>
      </object_component>
      <object_component id="oc-4c">
         <name>.debug_abbrev</name>
         <load_address>0x215e</load_address>
         <run_address>0x215e</run_address>
         <size>0x8d</size>
         <alignment>0x1</alignment>
         <input_file_ref idref="fl-3c"/>
      </object_component>
      <object_component id="oc-165">
         <name>.debug_abbrev</name>
         <load_address>0x21eb</load_address>
         <run_address>0x21eb</run_address>
         <size>0x98</size>
         <alignment>0x1</alignment>
         <input_file_ref idref="fl-3d"/>
      </object_component>
      <object_component id="oc-1a9">
         <name>.debug_abbrev</name>
         <load_address>0x2283</load_address>
         <run_address>0x2283</run_address>
         <size>0x2c</size>
         <alignment>0x1</alignment>
         <input_file_ref idref="fl-df"/>
      </object_component>
      <object_component id="oc-123">
         <name>.debug_abbrev</name>
         <load_address>0x22af</load_address>
         <run_address>0x22af</run_address>
         <size>0x27</size>
         <alignment>0x1</alignment>
         <input_file_ref idref="fl-e0"/>
      </object_component>
      <object_component id="oc-11b">
         <name>.debug_abbrev</name>
         <load_address>0x22d6</load_address>
         <run_address>0x22d6</run_address>
         <size>0x27</size>
         <alignment>0x1</alignment>
         <input_file_ref idref="fl-e1"/>
      </object_component>
      <object_component id="oc-1a7">
         <name>.debug_abbrev</name>
         <load_address>0x22fd</load_address>
         <run_address>0x22fd</run_address>
         <size>0x27</size>
         <alignment>0x1</alignment>
         <input_file_ref idref="fl-e2"/>
      </object_component>
      <object_component id="oc-178">
         <name>.debug_abbrev</name>
         <load_address>0x2324</load_address>
         <run_address>0x2324</run_address>
         <size>0x27</size>
         <alignment>0x1</alignment>
         <input_file_ref idref="fl-e3"/>
      </object_component>
      <object_component id="oc-177">
         <name>.debug_abbrev</name>
         <load_address>0x234b</load_address>
         <run_address>0x234b</run_address>
         <size>0x27</size>
         <alignment>0x1</alignment>
         <input_file_ref idref="fl-e5"/>
      </object_component>
      <object_component id="oc-116">
         <name>.debug_abbrev</name>
         <load_address>0x2372</load_address>
         <run_address>0x2372</run_address>
         <size>0x27</size>
         <alignment>0x1</alignment>
         <input_file_ref idref="fl-e6"/>
      </object_component>
      <object_component id="oc-122">
         <name>.debug_abbrev</name>
         <load_address>0x2399</load_address>
         <run_address>0x2399</run_address>
         <size>0x27</size>
         <alignment>0x1</alignment>
         <input_file_ref idref="fl-e7"/>
      </object_component>
      <object_component id="oc-176">
         <name>.debug_abbrev</name>
         <load_address>0x23c0</load_address>
         <run_address>0x23c0</run_address>
         <size>0x27</size>
         <alignment>0x1</alignment>
         <input_file_ref idref="fl-e8"/>
      </object_component>
      <object_component id="oc-7b">
         <name>.debug_abbrev</name>
         <load_address>0x23e7</load_address>
         <run_address>0x23e7</run_address>
         <size>0x27</size>
         <alignment>0x1</alignment>
         <input_file_ref idref="fl-e9"/>
      </object_component>
      <object_component id="oc-d6">
         <name>.debug_abbrev</name>
         <load_address>0x240e</load_address>
         <run_address>0x240e</run_address>
         <size>0x25</size>
         <alignment>0x1</alignment>
         <input_file_ref idref="fl-ea"/>
      </object_component>
      <object_component id="oc-17b">
         <name>.debug_abbrev</name>
         <load_address>0x2433</load_address>
         <run_address>0x2433</run_address>
         <size>0x27</size>
         <alignment>0x1</alignment>
         <input_file_ref idref="fl-eb"/>
      </object_component>
      <object_component id="oc-17a">
         <name>.debug_abbrev</name>
         <load_address>0x245a</load_address>
         <run_address>0x245a</run_address>
         <size>0x25</size>
         <alignment>0x1</alignment>
         <input_file_ref idref="fl-ec"/>
      </object_component>
      <object_component id="oc-179">
         <name>.debug_abbrev</name>
         <load_address>0x247f</load_address>
         <run_address>0x247f</run_address>
         <size>0x27</size>
         <alignment>0x1</alignment>
         <input_file_ref idref="fl-ed"/>
      </object_component>
      <object_component id="oc-1b4">
         <name>.debug_abbrev</name>
         <load_address>0x24a6</load_address>
         <run_address>0x24a6</run_address>
         <size>0x59</size>
         <alignment>0x1</alignment>
         <input_file_ref idref="fl-ee"/>
      </object_component>
      <object_component id="oc-12d">
         <name>.debug_abbrev</name>
         <load_address>0x24ff</load_address>
         <run_address>0x24ff</run_address>
         <size>0x25</size>
         <alignment>0x1</alignment>
         <input_file_ref idref="fl-ef"/>
      </object_component>
      <object_component id="oc-17c">
         <name>.debug_abbrev</name>
         <load_address>0x2524</load_address>
         <run_address>0x2524</run_address>
         <size>0x25</size>
         <alignment>0x1</alignment>
         <input_file_ref idref="fl-f0"/>
      </object_component>
      <object_component id="oc-201">
         <name>.debug_abbrev</name>
         <load_address>0x2549</load_address>
[...]
      <symbol id="sm-f2">
         <name>UART1_IRQHandler</name>
         <value>0x305d</value>
         <object_component_ref idref="oc-3a"/>
      </symbol>
      <symbol id="sm-100">
         <name>main</name>
         <value>0x3461</value>
         <object_component_ref idref="oc-87"/>
      </symbol>
      <symbol id="sm-101">
         <name>TIMG12_IRQHandler</name>
         <value>0x407d</value>
         <object_component_ref idref="oc-40"/>
      </symbol>
      <symbol id="sm-134">
         <name>SYSCFG_DL_init</name>
         <value>0x3cd1</value>
         <object_component_ref idref="oc-d9"/>
      </symbol>
      <symbol id="sm-135">
         <name>SYSCFG_DL_initPower</name>
         <value>0x39a5</value>
         <object_component_ref idref="oc-134"/>
      </symbol>
      <symbol id="sm-136">
         <name>SYSCFG_DL_GPIO_init</name>
         <value>0x273d</value>
         <object_component_ref idref="oc-135"/>
      </symbol>
      <symbol id="sm-137">
         <name>SYSCFG_DL_SYSCTL_init</name>
         <value>0x3f7d</value>
         <object_component_ref idref="oc-136"/>
      </symbol>
      <symbol id="sm-138">
         <name>SYSCFG_DL_PWM_0_init</name>
         <value>0x357d</value>
         <object_component_ref idref="oc-138"/>
      </symbol>
      <symbol id="sm-139">
         <name>SYSCFG_DL_QEI_0_init</name>
         <value>0x3bc1</value>
         <object_component_ref idref="oc-139"/>
      </symbol>
      <symbol id="sm-13a">
         <name>SYSCFG_DL_TIMER_CONTROL_init</name>
         <value>0x3ea9</value>
         <object_component_ref idref="oc-13a"/>
      </symbol>
      <symbol id="sm-13b">
         <name>SYSCFG_DL_I2C_MPU_init</name>
         <value>0x3b6d</value>
         <object_component_ref idref="oc-13b"/>
      </symbol>
      <symbol id="sm-13c">
         <name>SYSCFG_DL_UART_DEBUG_init</name>
         <value>0x3805</value>
         <object_component_ref idref="oc-13c"/>
      </symbol>
      <symbol id="sm-13d">
         <name>gPWM_0Backup</name>
         <value>0x20200400</value>
      </symbol>
      <symbol id="sm-13e">
         <name>gQEI_0Backup</name>
         <value>0x202004bc</value>
      </symbol>
      <symbol id="sm-149">
         <name>Default_Handler</name>
         <value>0x345f</value>
         <object_component_ref idref="oc-33"/>
      </symbol>
      <symbol id="sm-14a">
         <name>Reset_Handler</name>
         <value>0x413f</value>
         <object_component_ref idref="oc-2f"/>
      </symbol>
      <symbol id="sm-14b">
         <name>interruptVectors</name>
         <value>0x0</value>
         <object_component_ref idref="oc-18"/>
      </symbol>
      <symbol id="sm-14c">
         <name>NMI_Handler</name>
         <value>0x345f</value>
         <object_component_ref idref="oc-33"/>
      </symbol>
      <symbol id="sm-14d">
         <name>HardFault_Handler</name>
         <value>0x345f</value>
         <object_component_ref idref="oc-33"/>
      </symbol>
      <symbol id="sm-14e">
         <name>SVC_Handler</name>
         <value>0x345f</value>
         <object_component_ref idref="oc-33"/>
      </symbol>
      <symbol id="sm-14f">
         <name>PendSV_Handler</name>
         <value>0x345f</value>
         <object_component_ref idref="oc-33"/>
      </symbol>
      <symbol id="sm-150">
         <name>SysTick_Handler</name>
         <value>0x345f</value>
         <object_component_ref idref="oc-33"/>
      </symbol>
      <symbol id="sm-151">
         <name>GROUP0_IRQHandler</name>
         <value>0x345f</value>
         <object_component_ref idref="oc-33"/>
      </symbol>
      <symbol id="sm-152">
         <name>TIMG8_IRQHandler</name>
         <value>0x345f</value>
         <object_component_ref idref="oc-33"/>
      </symbol>
      <symbol id="sm-153">
         <name>UART3_IRQHandler</name>
         <value>0x345f</value>
         <object_component_ref idref="oc-33"/>
      </symbol>
      <symbol id="sm-154">
         <name>ADC0_IRQHandler</name>
         <value>0x345f</value>
         <object_component_ref idref="oc-33"/>
      </symbol>
      <symbol id="sm-155">
         <name>ADC1_IRQHandler</name>
         <value>0x345f</value>
         <object_component_ref idref="oc-33"/>
      </symbol>
      <symbol id="sm-156">
         <name>CANFD0_IRQHandler</name>
         <value>0x345f</value>
         <object_component_ref idref="oc-33"/>
      </symbol>
      <symbol id="sm-157">
         <name>DAC0_IRQHandler</name>
         <value>0x345f</value>
         <object_component_ref idref="oc-33"/>
      </symbol>
      <symbol id="sm-158">
         <name>SPI0_IRQHandler</name>
         <value>0x345f</value>
         <object_component_ref idref="oc-33"/>
      </symbol>
      <symbol id="sm-159">
         <name>SPI1_IRQHandler</name>
         <value>0x345f</value>
         <object_component_ref idref="oc-33"/>
      </symbol>
      <symbol id="sm-15a">
         <name>UART2_IRQHandler</name>
         <value>0x345f</value>
         <object_component_ref idref="oc-33"/>
      </symbol>
      <symbol id="sm-15b">
         <name>UART0_IRQHandler</name>
         <value>0x345f</value>
         <object_component_ref idref="oc-33"/>
      </symbol>
      <symbol id="sm-15c">
         <name>TIMG0_IRQHandler</name>
         <value>0x345f</value>
         <object_component_ref idref="oc-33"/>
      </symbol>
      <symbol id="sm-15d">
         <name>TIMG6_IRQHandler</name>
         <value>0x345f</value>
         <object_component_ref idref="oc-33"/>
      </symbol>
      <symbol id="sm-15e">
         <name>TIMA0_IRQHandler</name>
         <value>0x345f</value>
         <object_component_ref idref="oc-33"/>
      </symbol>
      <symbol id="sm-15f">
         <name>TIMA1_IRQHandler</name>
         <value>0x345f</value>
         <object_component_ref idref="oc-33"/>
      </symbol>
      <symbol id="sm-160">
         <name>TIMG7_IRQHandler</name>
         <value>0x345f</value>
         <object_component_ref idref="oc-33"/>
      </symbol>
      <symbol id="sm-161">
         <name>I2C0_IRQHandler</name>
         <value>0x345f</value>
         <object_component_ref idref="oc-33"/>
      </symbol>
      <symbol id="sm-162">
         <name>I2C1_IRQHandler</name>
         <value>0x345f</value>
         <object_component_ref idref="oc-33"/>
      </symbol>
      <symbol id="sm-163">
         <name>AES_IRQHandler</name>
         <value>0x345f</value>
         <object_component_ref idref="oc-33"/>
      </symbol>
      <symbol id="sm-164">
         <name>RTC_IRQHandler</name>
         <value>0x345f</value>
         <object_component_ref idref="oc-33"/>
      </symbol>
      <symbol id="sm-165">
         <name>DMA_IRQHandler</name>
         <value>0x345f</value>
         <object_component_ref idref="oc-33"/>
      </symbol>
      <symbol id="sm-172">
         <name>LineTracker_Init</name>
         <value>0x4123</value>
         <object_component_ref idref="oc-de"/>
      </symbol>
      <symbol id="sm-173">
         <name>LineTracker_Update</name>
         <value>0x2195</value>
         <object_component_ref idref="oc-92"/>
      </symbol>
      <symbol id="sm-174">
         <name>g_line</name>
         <value>0x20200708</value>
         <object_component_ref idref="oc-ac"/>
      </symbol>
      <symbol id="sm-187">
         <name>MPU6050_Init</name>
         <value>0x2a81</value>
         <object_component_ref idref="oc-e6"/>
      </symbol>
      <symbol id="sm-188">
         <name>MPU6050_Calibrate</name>
         <value>0x31cd</value>
         <object_component_ref idref="oc-157"/>
      </symbol>
      <symbol id="sm-189">
         <name>g_mpu6050</name>
         <value>0x202006ec</value>
         <object_component_ref idref="oc-b4"/>
      </symbol>
      <symbol id="sm-18a">
         <name>MPU6050_Task</name>
         <value>0x3329</value>
         <object_component_ref idref="oc-ec"/>
      </symbol>
      <symbol id="sm-1ab">
         <name>OLED_Init</name>
         <value>0x3e71</value>
         <object_component_ref idref="oc-e0"/>
      </symbol>
      <symbol id="sm-1ac">
         <name>g_oled</name>
         <value>0x20200730</value>
         <object_component_ref idref="oc-14b"/>
      </symbol>
      <symbol id="sm-1ad">
         <name>OLED_Task</name>
         <value>0x3abd</value>
         <object_component_ref idref="oc-ee"/>
      </symbol>
      <symbol id="sm-1ae">
         <name>OLED_DrawRaceTime</name>
         <value>0x260d</value>
         <object_component_ref idref="oc-159"/>
      </symbol>
      <symbol id="sm-1b0">
         <name>__TI_ATRegion0_src_addr</name>
         <value>0x0</value>
      </symbol>
      <symbol id="sm-1b1">
         <name>__TI_ATRegion0_trg_addr</name>
         <value>0x0</value>
      </symbol>
      <symbol id="sm-1b2">
         <name>__TI_ATRegion0_region_sz</name>
         <value>0x0</value>
      </symbol>
      <symbol id="sm-1b3">
         <name>__TI_ATRegion1_src_addr</name>
         <value>0x0</value>
      </symbol>
      <symbol id="sm-1b4">
         <name>__TI_ATRegion1_trg_addr</name>
         <value>0x0</value>
      </symbol>
      <symbol id="sm-1b5">
         <name>__TI_ATRegion1_region_sz</name>
         <value>0x0</value>
      </symbol>
      <symbol id="sm-1b6">
         <name>__TI_ATRegion2_src_addr</name>
         <value>0x0</value>
      </symbol>
      <symbol id="sm-1b7">
         <name>__TI_ATRegion2_trg_addr</name>
         <value>0x0</value>
      </symbol>
      <symbol id="sm-1b8">
         <name>__TI_ATRegion2_region_sz</name>
         <value>0x0</value>
      </symbol>
      <symbol id="sm-1c1">
         <name>DL_Common_delayCycles</name>
         <value>0x4119</value>
         <object_component_ref idref="oc-146"/>
      </symbol>
      <symbol id="sm-1d3">
         <name>DL_I2C_setClockConfig</name>
         <value>0x3ffd</value>
         <object_component_ref idref="oc-187"/>
      </symbol>
      <symbol id="sm-1d4">
         <name>DL_I2C_fillControllerTXFIFO</name>
         <value>0x3a05</value>
         <object_component_ref idref="oc-1a1"/>
      </symbol>
      <symbol id="sm-1d5">
         <name>DL_I2C_flushControllerTXFIFO</name>
         <value>0x3c95</value>
         <object_component_ref idref="oc-19f"/>
      </symbol>
      <symbol id="sm-1d6">
         <name>DL_I2C_flushControllerRXFIFO</name>
         <value>0x3f4d</value>
         <object_component_ref idref="oc-1a0"/>
      </symbol>
      <symbol id="sm-1f2">
         <name>DL_Timer_setClockConfig</name>
         <value>0x4061</value>
         <object_component_ref idref="oc-17d"/>
      </symbol>
      <symbol id="sm-1f3">
         <name>DL_Timer_initTimerMode</name>
         <value>0x2d91</value>
         <object_component_ref idref="oc-184"/>
      </symbol>
      <symbol id="sm-1f4">
         <name>DL_Timer_setCaptureCompareValue</name>
         <value>0x40ed</value>
         <object_component_ref idref="oc-b8"/>
      </symbol>
      <symbol id="sm-1f5">
         <name>DL_Timer_setCaptCompUpdateMethod</name>
         <value>0x4045</value>
         <object_component_ref idref="oc-180"/>
      </symbol>
      <symbol id="sm-1f6">
         <name>DL_Timer_setCaptureCompareOutCtl</name>
         <value>0x4099</value>
         <object_component_ref idref="oc-17f"/>
      </symbol>
      <symbol id="sm-1f7">
         <name>DL_Timer_initFourCCPWMMode</name>
         <value>0x2b8d</value>
         <object_component_ref idref="oc-17e"/>
      </symbol>
      <symbol id="sm-204">
         <name>DL_UART_init</name>
         <value>0x3c0d</value>
         <object_component_ref idref="oc-194"/>
      </symbol>
      <symbol id="sm-205">
         <name>DL_UART_setClockConfig</name>
         <value>0x40c7</value>
         <object_component_ref idref="oc-18e"/>
      </symbol>
      <symbol id="sm-210">
         <name>_c_int00_noargs</name>
         <value>0x3fd5</value>
         <object_component_ref idref="oc-60"/>
      </symbol>
      <symbol id="sm-211">
         <name>__stack</name>
         <value>0x20207e00</value>
         <object_component_ref idref="oc-1a"/>
      </symbol>
      <symbol id="sm-21d">
         <name>__TI_auto_init_nobinit_nopinit</name>
         <value>0x3d85</value>
         <object_component_ref idref="oc-f6"/>
      </symbol>
      <symbol id="sm-225">
         <name>_system_pre_init</name>
         <value>0x4143</value>
         <object_component_ref idref="oc-83"/>
      </symbol>
      <symbol id="sm-230">
         <name>__TI_zero_init</name>
         <value>0x40fd</value>
         <object_component_ref idref="oc-5d"/>
      </symbol>
      <symbol id="sm-239">
         <name>__TI_decompress_none</name>
         <value>0x40d9</value>
         <object_component_ref idref="oc-20"/>
      </symbol>
      <symbol id="sm-244">
         <name>__TI_decompress_lzss</name>
         <value>0x3719</value>
         <object_component_ref idref="oc-1c"/>
      </symbol>
      <symbol id="sm-24e">
         <name>abort</name>
         <value>0x4135</value>
         <object_component_ref idref="oc-ef"/>
      </symbol>
      <symbol id="sm-258">
         <name>HOSTexit</name>
         <value>0x413b</value>
         <object_component_ref idref="oc-161"/>
      </symbol>
      <symbol id="sm-259">
         <name>C$$EXIT</name>
         <value>0x413a</value>
         <object_component_ref idref="oc-161"/>
      </symbol>
      <symbol id="sm-25f">
         <name>__aeabi_fadd</name>
         <value>0x2f8f</value>
         <object_component_ref idref="oc-a7"/>
      </symbol>
      <symbol id="sm-260">
         <name>__addsf3</name>
         <value>0x2f8f</value>
         <object_component_ref idref="oc-a7"/>
      </symbol>
      <symbol id="sm-261">
         <name>__aeabi_fsub</name>
         <value>0x2f85</value>
         <object_component_ref idref="oc-a7"/>
      </symbol>
      <symbol id="sm-262">
         <name>__subsf3</name>
         <value>0x2f85</value>
         <object_component_ref idref="oc-a7"/>
      </symbol>
      <symbol id="sm-268">
         <name>__aeabi_fmul</name>
         <value>0x3609</value>
         <object_component_ref idref="oc-9f"/>
      </symbol>
      <symbol id="sm-269">
         <name>__mulsf3</name>
         <value>0x3609</value>
         <object_component_ref idref="oc-9f"/>
      </symbol>
      <symbol id="sm-26f">
         <name>__aeabi_fdiv</name>
         <value>0x3695</value>
         <object_component_ref idref="oc-15b"/>
      </symbol>
      <symbol id="sm-270">
         <name>__divsf3</name>
         <value>0x3695</value>
         <object_component_ref idref="oc-15b"/>
      </symbol>
      <symbol id="sm-276">
         <name>__aeabi_f2iz</name>
         <value>0x3ee1</value>
         <object_component_ref idref="oc-112"/>
      </symbol>
      <symbol id="sm-277">
         <name>__fixsfsi</name>
         <value>0x3ee1</value>
         <object_component_ref idref="oc-112"/>
      </symbol>
      <symbol id="sm-27d">
         <name>__aeabi_i2f</name>
         <value>0x3d0d</value>
         <object_component_ref idref="oc-10e"/>
      </symbol>
      <symbol id="sm-27e">
         <name>__floatsisf</name>
         <value>0x3d0d</value>
         <object_component_ref idref="oc-10e"/>
      </symbol>
      <symbol id="sm-284">
         <name>__aeabi_ui2f</name>
         <value>0x3fad</value>
         <object_component_ref idref="oc-9b"/>
      </symbol>
      <symbol id="sm-285">
         <name>__floatunsisf</name>
         <value>0x3fad</value>
         <object_component_ref idref="oc-9b"/>
      </symbol>
      <symbol id="sm-28b">
         <name>__aeabi_fcmpeq</name>
         <value>0x38e1</value>
         <object_component_ref idref="oc-a3"/>
      </symbol>
      <symbol id="sm-28c">
         <name>__aeabi_fcmplt</name>
         <value>0x38f5</value>
         <object_component_ref idref="oc-a3"/>
      </symbol>
      <symbol id="sm-28d">
         <name>__aeabi_fcmple</name>
         <value>0x3909</value>
         <object_component_ref idref="oc-a3"/>
      </symbol>
      <symbol id="sm-28e">
         <name>__aeabi_fcmpge</name>
         <value>0x391d</value>
         <object_component_ref idref="oc-a3"/>
      </symbol>
      <symbol id="sm-28f">
         <name>__aeabi_fcmpgt</name>
         <value>0x3931</value>
         <object_component_ref idref="oc-a3"/>
      </symbol>
      <symbol id="sm-295">
         <name>__aeabi_idiv</name>
         <value>0x3b15</value>
         <object_component_ref idref="oc-108"/>
      </symbol>
      <symbol id="sm-296">
         <name>__aeabi_idivmod</name>
         <value>0x3b15</value>
         <object_component_ref idref="oc-108"/>
      </symbol>
      <symbol id="sm-29c">
         <name>__aeabi_memcpy</name>
         <value>0x412d</value>
         <object_component_ref idref="oc-50"/>
      </symbol>
      <symbol id="sm-29d">
         <name>__aeabi_memcpy4</name>
         <value>0x412d</value>
         <object_component_ref idref="oc-50"/>
      </symbol>
      <symbol id="sm-29e">
         <name>__aeabi_memcpy8</name>
         <value>0x412d</value>
         <object_component_ref idref="oc-50"/>
      </symbol>
      <symbol id="sm-2a5">
         <name>__aeabi_memclr</name>
         <value>0x410d</value>
         <object_component_ref idref="oc-7e"/>
      </symbol>
      <symbol id="sm-2a6">
         <name>__aeabi_memclr4</name>
         <value>0x410d</value>
         <object_component_ref idref="oc-7e"/>
      </symbol>
      <symbol id="sm-2a7">
         <name>__aeabi_memclr8</name>
         <value>0x410d</value>
         <object_component_ref idref="oc-7e"/>
      </symbol>
      <symbol id="sm-2ad">
         <name>__aeabi_uidiv</name>
         <value>0x3c55</value>
         <object_component_ref idref="oc-125"/>
      </symbol>
      <symbol id="sm-2ae">
         <name>__aeabi_uidivmod</name>
         <value>0x3c55</value>
         <object_component_ref idref="oc-125"/>
      </symbol>
      <symbol id="sm-2b7">
         <name>__eqsf2</name>
         <value>0x3dc1</value>
         <object_component_ref idref="oc-11c"/>
      </symbol>
      <symbol id="sm-2b8">
         <name>__lesf2</name>
         <value>0x3dc1</value>
         <object_component_ref idref="oc-11c"/>
      </symbol>
      <symbol id="sm-2b9">
         <name>__ltsf2</name>
         <value>0x3dc1</value>
         <object_component_ref idref="oc-11c"/>
      </symbol>
      <symbol id="sm-2ba">
         <name>__nesf2</name>
         <value>0x3dc1</value>
         <object_component_ref idref="oc-11c"/>
      </symbol>
      <symbol id="sm-2bb">
         <name>__cmpsf2</name>
         <value>0x3dc1</value>
         <object_component_ref idref="oc-11c"/>
      </symbol>
      <symbol id="sm-2bc">
         <name>__gtsf2</name>
         <value>0x3d49</value>
         <object_component_ref idref="oc-121"/>
      </symbol>
      <symbol id="sm-2bd">
         <name>__gesf2</name>
         <value>0x3d49</value>
         <object_component_ref idref="oc-121"/>
      </symbol>
      <symbol id="sm-2c3">
         <name>__muldsi3</name>
         <value>0x3dfd</value>
         <object_component_ref idref="oc-117"/>
      </symbol>
      <symbol id="sm-2cd">
         <name>__aeabi_idiv0</name>
         <value>0x3717</value>
         <object_component_ref idref="oc-171"/>
      </symbol>
      <symbol id="sm-2e6">
         <name>memcpy</name>
         <value>0x33c5</value>
         <object_component_ref idref="oc-d4"/>
      </symbol>
      <symbol id="sm-2f5">
         <name>memset</name>
         <value>0x3943</value>
         <object_component_ref idref="oc-133"/>
      </symbol>
      <symbol id="sm-2f6">
         <name>__TI_static_base__</name>
         <value>0x0</value>
      </symbol>
      <symbol id="sm-2f9">
         <name>__mpu_init</name>
         <value>0x0</value>
      </symbol>
      <symbol id="sm-2fa">
         <name>_system_post_cinit</name>
         <value>0x0</value>
      </symbol>
   </symbol_table>
   <title>Link successful</title>
</link_info>
